/home/kushalkhemani/research/myenv/lib/python3.12/site-packages/torch/cuda/__init__.py:58: FutureWarning: The pynvml package is deprecated. Please install nvidia-ml-py instead. If you did not install pynvml directly, please report this to the maintainers of the package that installed pynvml for you.
  import pynvml  # type: ignore[import]
Using the latest cached version of the dataset since knkarthick/samsum couldn't be found on the Hugging Face Hub (offline mode is enabled).
Found the latest cached dataset configuration 'default' at /home/kushalkhemani/.cache/huggingface/datasets/knkarthick___samsum/default/0.0.0/6b929ff10edec703164e3ddb2e94aae058c9ab5f (last modified on Thu Apr 30 10:11:02 2026).
`torch_dtype` is deprecated! Use `dtype` instead!
{
  "no_cache": {
    "mean_latency_ms": 19.854579156223906,
    "p50_latency_ms": 19.83878450027987,
    "p95_latency_ms": 23.88953769991531,
    "p99_latency_ms": 24.158551249984157,
    "p999_latency_ms": 24.246110225438315,
    "throughput_rps": 14.218181727775507,
    "service_throughput_rps": 50.36621487323369,
    "hit_rate": 0.0,
    "speculative_hits": 0,
    "speculative_hit_rate": 0.0,
    "speculative_precomputes": 0,
    "speculative_cost_ms": 0.0,
    "wasted_precomputes": 0,
    "wasted_compute_ms": 0.0,
    "wasted_compute_ratio": 0.0,
    "utility_proxy_ms": 0.0,
    "gpu_utilization_pct_mean": 24.3515625,
    "promotions": 0,
    "demotions": 0,
    "reuse_attempts": 0,
    "reuse_successes": 0,
    "reuse_failures": 0,
    "reuse_backend_fallbacks": 0,
    "store_attempts": 0,
    "store_successes": 0,
    "store_skips": 0,
    "bypassed_matches": 0,
    "requests_seen": 64,
    "reused_prefix_tokens_total": 0,
    "recompute_tokens_total": 17148,
    "estimated_tokens_saved_total": 0,
    "saved_latency_estimate_ms": 0.0,
    "store_latency_total_ms": 0.0,
    "full_prefill_latency_total_ms": 1270.69306599833,
    "avg_reused_prefix_tokens": 0.0,
    "reuse_success_rate": 0.0,
    "cache_active_final": false,
    "auto_disabled_reason": null,
    "speculative_overlap_ms": 0.0,
    "speculative_overlap_events": 0,
    "bootstrap_store_deferrals": 0,
    "speculative_useful_savings_ms": 0.0,
    "bypass_regret_ms_total": 0.0,
    "transfer_regret_ms_total": 0.0,
    "cache_disable_check_every": 8,
    "cache_disable_min_attempts": 8,
    "cache_disable_min_requests": 10,
    "cache_lookup_calls": 0,
    "cache_lookup_latency_total_ms": 0.0,
    "policy_planning_calls": 0,
    "policy_planning_latency_total_ms": 0.0,
    "semantic_query_calls": 0,
    "semantic_query_latency_total_ms": 0.0,
    "kv_materialization_calls": 0,
    "kv_materialization_latency_total_ms": 0.0,
    "backend_reuse_calls": 0,
    "backend_reuse_latency_total_ms": 0.0,
    "small_prefix_bypass_total": 0,
    "net_latency_saved_estimate_ms_total": 0.0,
    "utility_admission_enabled": false,
    "utility_admission_checks_total": 0,
    "utility_admission_admit_total": 0,
    "negative_utility_bypass_total": 0,
    "utility_expected_saved_ms_total": 0.0,
    "utility_expected_cost_ms_total": 0.0,
    "utility_net_ms_total": 0.0,
    "utility_bucket_129_256_observations": 31,
    "utility_bucket_129_256_full_ms_per_token": 0.1057322033202897,
    "utility_bucket_129_256_reuse_overhead_ms": 8.0,
    "utility_bucket_129_256_admitted": 0,
    "utility_bucket_129_256_negative_bypass": 0,
    "utility_bucket_257_512_observations": 33,
    "utility_bucket_257_512_full_ms_per_token": 0.06040833574905301,
    "utility_bucket_257_512_reuse_overhead_ms": 8.0,
    "utility_bucket_257_512_admitted": 0,
    "utility_bucket_257_512_negative_bypass": 0,
    "speedup_vs_no_cache_mean": 1.0,
    "speedup_vs_no_cache_p95": 1.0
  },
  "shadow_kv": {
    "mean_latency_ms": 21.95040415620042,
    "p50_latency_ms": 22.073430500086033,
    "p95_latency_ms": 26.861314799793945,
    "p99_latency_ms": 35.138331040047845,
    "p999_latency_ms": 44.90178300358601,
    "throughput_rps": 14.218590977348816,
    "service_throughput_rps": 45.55724773375191,
    "hit_rate": 0.984375,
    "speculative_hits": 63,
    "speculative_hit_rate": 1.0,
    "speculative_precomputes": 1,
    "speculative_cost_ms": 13.15264000049865,
    "wasted_precomputes": 0,
    "wasted_compute_ms": 0.0,
    "wasted_compute_ratio": 0.0,
    "utility_proxy_ms": 828.616320031415,
    "gpu_utilization_pct_mean": 21.796875,
    "promotions": 1,
    "demotions": 0,
    "reuse_attempts": 63,
    "reuse_successes": 63,
    "reuse_failures": 0,
    "reuse_backend_fallbacks": 0,
    "store_attempts": 1,
    "store_successes": 0,
    "store_skips": 1,
    "bypassed_matches": 0,
    "requests_seen": 64,
    "reused_prefix_tokens_total": 6174,
    "recompute_tokens_total": 10974,
    "estimated_tokens_saved_total": 6174,
    "saved_latency_estimate_ms": 3231.948957368887,
    "store_latency_total_ms": 0.0,
    "full_prefill_latency_total_ms": 13.441560000046593,
    "avg_reused_prefix_tokens": 98.0,
    "reuse_success_rate": 1.0,
    "cache_active_final": true,
    "auto_disabled_reason": null,
    "speculative_overlap_ms": 0.0,
    "speculative_overlap_events": 0,
    "bootstrap_store_deferrals": 1,
    "speculative_useful_savings_ms": 828.616320031415,
    "bypass_regret_ms_total": 0.0,
    "transfer_regret_ms_total": 0.0,
    "cache_disable_check_every": 8,
    "cache_disable_min_attempts": 8,
    "cache_disable_min_requests": 10,
    "cache_lookup_calls": 0,
    "cache_lookup_latency_total_ms": 0.0,
    "policy_planning_calls": 0,
    "policy_planning_latency_total_ms": 0.0,
    "semantic_query_calls": 0,
    "semantic_query_latency_total_ms": 0.0,
    "kv_materialization_calls": 1,
    "kv_materialization_latency_total_ms": 0.0,
    "backend_reuse_calls": 63,
    "backend_reuse_latency_total_ms": 1428.345045002061,
    "small_prefix_bypass_total": 0,
    "net_latency_saved_estimate_ms_total": 2745.8488355657064,
    "utility_admission_enabled": false,
    "utility_admission_checks_total": 0,
    "utility_admission_admit_total": 0,
    "negative_utility_bypass_total": 0,
    "utility_expected_saved_ms_total": 0.0,
    "utility_expected_cost_ms_total": 0.0,
    "utility_net_ms_total": 0.0,
    "speculation_cooldown_events": 0,
    "speculation_paused_ticks": 0,
    "speculation_enabled_final": true,
    "effective_speculative_k_final": 2,
    "recent_reuse_density_final": 0.4,
    "recent_hit_rate_final": 1.0,
    "utility_bucket_129_256_observations": 1,
    "utility_bucket_129_256_full_ms_per_token": 0.4951882033898831,
    "utility_bucket_129_256_reuse_overhead_ms": 8.0,
    "utility_bucket_129_256_admitted": 0,
    "utility_bucket_129_256_negative_bypass": 0,
    "utility_bucket_65_128_observations": 64,
    "utility_bucket_65_128_full_ms_per_token": 0.5068421224499973,
    "utility_bucket_65_128_reuse_overhead_ms": 10.883672251046258,
    "utility_bucket_65_128_admitted": 0,
    "utility_bucket_65_128_negative_bypass": 0,
    "speedup_vs_no_cache_mean": 0.9045199812694793,
    "speedup_vs_no_cache_p95": 0.8893659107147862
  },
  "shadow_kv_plus": {
    "mean_latency_ms": 20.07551360939175,
    "p50_latency_ms": 20.389941000303224,
    "p95_latency_ms": 22.85395534968302,
    "p99_latency_ms": 24.453118260175867,
    "p999_latency_ms": 25.274643426195787,
    "throughput_rps": 14.218868073397637,
    "service_throughput_rps": 49.81192608353387,
    "hit_rate": 0.984375,
    "speculative_hits": 0,
    "speculative_hit_rate": 0.0,
    "speculative_precomputes": 0,
    "speculative_cost_ms": 0.0,
    "wasted_precomputes": 0,
    "wasted_compute_ms": 0.0,
    "wasted_compute_ratio": 0.0,
    "utility_proxy_ms": 0.0,
    "gpu_utilization_pct_mean": 22.59375,
    "promotions": 1,
    "demotions": 0,
    "reuse_attempts": 63,
    "reuse_successes": 63,
    "reuse_failures": 0,
    "reuse_backend_fallbacks": 0,
    "store_attempts": 1,
    "store_successes": 1,
    "store_skips": 0,
    "bypassed_matches": 0,
    "requests_seen": 64,
    "reused_prefix_tokens_total": 6174,
    "recompute_tokens_total": 10974,
    "estimated_tokens_saved_total": 6174,
    "saved_latency_estimate_ms": 3242.8254123149623,
    "store_latency_total_ms": 0.0,
    "full_prefill_latency_total_ms": 13.558586999806721,
    "avg_reused_prefix_tokens": 98.0,
    "reuse_success_rate": 1.0,
    "cache_active_final": true,
    "auto_disabled_reason": null,
    "speculative_overlap_ms": 0.0,
    "speculative_overlap_events": 0,
    "bootstrap_store_deferrals": 0,
    "speculative_useful_savings_ms": 0.0,
    "bypass_regret_ms_total": 0.0,
    "transfer_regret_ms_total": 0.0,
    "cache_disable_check_every": 8,
    "cache_disable_min_attempts": 8,
    "cache_disable_min_requests": 10,
    "cache_lookup_calls": 0,
    "cache_lookup_latency_total_ms": 0.0,
    "policy_planning_calls": 64,
    "policy_planning_latency_total_ms": 2.5844449987744156,
    "semantic_query_calls": 0,
    "semantic_query_latency_total_ms": 0.0,
    "kv_materialization_calls": 1,
    "kv_materialization_latency_total_ms": 0.0,
    "backend_reuse_calls": 63,
    "backend_reuse_latency_total_ms": 1304.2932590037708,
    "small_prefix_bypass_total": 0,
    "net_latency_saved_estimate_ms_total": 2787.800876071997,
    "utility_admission_enabled": false,
    "utility_admission_checks_total": 0,
    "utility_admission_admit_total": 0,
    "negative_utility_bypass_total": 0,
    "utility_expected_saved_ms_total": 0.0,
    "utility_expected_cost_ms_total": 0.0,
    "utility_net_ms_total": 0.0,
    "speculation_cooldown_events": 0,
    "speculation_paused_ticks": 0,
    "speculation_enabled_final": true,
    "effective_speculative_k_final": 2,
    "recent_reuse_density_final": 0.399320882852292,
    "recent_hit_rate_final": 1.0,
    "semantic_ablation_mode": "safe",
    "policy_plans_total": 64,
    "policy_bypass_total": 1,
    "policy_exact_total": 63,
    "policy_semantic_partial_total": 0,
    "semantic_index_entries_final": 1,
    "semantic_queries_total": 0,
    "semantic_matches_total": 0,
    "semantic_partial_hits": 0,
    "semantic_partial_reused_tokens_total": 0,
    "semantic_opportunity_plans_total": 0,
    "semantic_opportunity_reused_tokens_total": 0,
    "semantic_opportunity_estimated_savings_ms": 0.0,
    "semantic_blocked_by_backend_total": 0,
    "fast_raw_bypass_total": 0,
    "raw_strategy": "strict_utility_gate",
    "raw_conservative_bypass_total": 0,
    "raw_observer_bypass_total": 0,
    "raw_reuse_evidence_strong_total": 0,
    "raw_reuse_evidence_weak_total": 0,
    "raw_graduated_total": 0,
    "raw_graduate_min_observations": 8,
    "raw_graduate_min_frequency": 0.35,
    "raw_graduate_min_prefix_len": 48,
    "semantic_queries_skipped_total": 64,
    "scaffold_bypass_store_successes": 1,
    "semantic_scaffold_store_successes": 0,
    "scaffold_only_attempts": 0,
    "scaffold_only_hits": 0,
    "early_layer_attempts": 0,
    "early_layer_hits": 0,
    "early_layer_reuse_ratio_sum": 0.0,
    "logit_guard_checks": 0,
    "logit_guard_passes": 0,
    "logit_guard_failures": 0,
    "logit_guard_distance_sum": 0.0,
    "logit_guard_threshold": 0.08,
    "semantic_guarded_hits": 0,
    "semantic_sandbox_checks": 0,
    "semantic_sandbox_passes": 0,
    "semantic_sandbox_failures": 0,
    "semantic_sandbox_divergence_sum": 0.0,
    "semantic_quality_divergence_sum": 0.0,
    "semantic_quality_divergence_events": 0,
    "layer_reuse_ratio_sum": 63.0,
    "layer_reuse_events": 63,
    "policy_expected_benefit_ms": 0.0,
    "policy_expected_cost_ms": 0.0,
    "policy_expected_waste_ms": 0.0,
    "policy_net_utility_ms": 6292.0,
    "opportunistic_prefill_store_successes": 1,
    "fast_exact_path_hits": 63,
    "utility_bucket_129_256_observations": 1,
    "utility_bucket_129_256_full_ms_per_token": 0.4953204372879172,
    "utility_bucket_129_256_reuse_overhead_ms": 8.0,
    "utility_bucket_129_256_admitted": 0,
    "utility_bucket_129_256_negative_bypass": 0,
    "utility_bucket_65_128_observations": 63,
    "utility_bucket_65_128_full_ms_per_token": 0.6,
    "utility_bucket_65_128_reuse_overhead_ms": 11.303573007708076,
    "utility_bucket_65_128_admitted": 0,
    "utility_bucket_65_128_negative_bypass": 0,
    "speedup_vs_no_cache_mean": 0.9889948293494975,
    "speedup_vs_no_cache_p95": 1.0453130468834426
  },
  "config": {
    "backend": "hf",
    "model": "gpt2",
    "device": "cuda",
    "dtype": "float16",
    "tensor_parallel_size": 1,
    "trust_remote_code": false,
    "disable_native_prefix_caching": false,
    "include_experimental": false,
    "engines": [
      "no_cache",
      "shadow_kv",
      "shadow_kv_plus"
    ],
    "include_runtime_baselines": false,
    "include_semantic_ablations": false,
    "policy_preset": "balanced",
    "enable_policy_tuning": false,
    "policy_tuning_requests": 24,
    "policy_tuning_presets": [
      "balanced",
      "aggressive_prefix",
      "aggressive_gpu"
    ],
    "policy_tuning_metric": "utility_adjusted_latency",
    "enable_policy_trace": false,
    "enable_decision_log": false,
    "config_path": "/home/kushalkhemani/research/shadowkv_p100/config/config.yaml",
    "semantic_index_diagnostics": false,
    "allow_unsafe_semantic_kv_reuse": false,
    "early_layer_reuse_ratio": 0.35,
    "logit_guard_threshold": 0.08,
    "min_reuse_prefix_tokens": null,
    "disable_utility_admission": false,
    "utility_min_net_saved_ms": null,
    "measure_energy": false,
    "gpu_index": 0,
    "idle_baseline_seconds": 0.0,
    "energy_output_csv": null,
    "workload": "public_dataset",
    "variant": "high_skew",
    "dataset": "samsum",
    "prompt_mode": "templated",
    "dataset_split": null,
    "n_requests": 64,
    "simulate_arrivals": true,
    "mean_inter_arrival_ms": 50.0,
    "max_arrival_sleep_ms": 500.0,
    "max_memory_mb": 64,
    "speculative_k": 2,
    "idle_threshold_ms": 30.0,
    "seed": 123,
    "output_dir": "/home/kushalkhemani/research/shadowkv_p100/results_p100_n64_3seed/gpt2/templated/seed_123/samsum",
    "resolved_prompt_mode": "templated",
    "shadowkv_policy_calibration": {
      "profile_lengths": [
        8,
        16,
        32,
        48,
        64,
        96
      ],
      "profile_latencies_ms": [
        11.795232000395117,
        11.741676000156076,
        11.401141499845835,
        11.76351250001062,
        11.71447200044895,
        12.127593000059278
      ],
      "profile_ms_per_token": [
        1.4744040000493897,
        0.7338547500097548,
        0.35628567187018234,
        0.24507317708355458,
        0.18303862500701484,
        0.1263290937506175
      ],
      "token_benefit_ms": 0.6,
      "speculation_penalty_ms": 2.280228299969167,
      "prefill_ms_per_token": 0.6,
      "fixed_prefill_overhead_ms": 2.280228299969167,
      "kv_mb_per_token": 0.03515625,
      "policy_preset": "balanced"
    },
    "shadowkv_policy_kwargs": {
      "min_frequency": 0.08,
      "prefill_ms_per_token": 0.6,
      "fixed_prefill_overhead_ms": 2.280228299969167,
      "memory_penalty_per_mb": 0.75,
      "kv_mb_per_token": 0.03515625,
      "idle_cost_fraction": 0.55,
      "gpu_idle_cost_fraction": 0.3,
      "benefit_cost_ratio": 0.85,
      "max_admissions_per_idle": 4,
      "min_prefix_len": 16,
      "preferred_prefix_len": 80,
      "max_prefix_len": 224,
      "min_observations": 1,
      "min_expected_net_ms": 1.5,
      "min_recent_support": 0.01,
      "recent_support_weight": 0.6,
      "recent_streak_weight": 0.22,
      "observation_weight": 0.18,
      "global_frequency_weight": 0.22,
      "reuse_discount": 0.95,
      "min_utility_score": 0.02,
      "reuse_horizon_s": 1.4,
      "bootstrap_horizon_requests": 1.1,
      "branching_weight": 0.14
    },
    "policy_tuning_report": null,
    "resolved_model": "gpt2",
    "config_version": "shadowkv-policy-v1",
    "config_hash_sha256": "22ef8f32dd8dd01f08e85becac910d9c66eafb9b01b52aecca99949b2b3529df",
    "run_manifest_file": "/home/kushalkhemani/research/shadowkv_p100/results_p100_n64_3seed/gpt2/templated/seed_123/samsum/run_manifest.json",
    "policy_trace_file": null,
    "policy_trace_rows": 0,
    "decision_log_file": null
  },
  "capabilities": {
    "supports_external_kv": true,
    "supports_native_prefix_caching": false
  }
}
Saved to /home/kushalkhemani/research/shadowkv_p100/results_p100_n64_3seed/gpt2/templated/seed_123/samsum/benchmark_hf_gpt2_public_dataset_samsum_templated_cuda.json
Policy trace disabled. Re-run with --enable_policy_trace to emit policy_trace.jsonl.
