/home/kushalkhemani/research/myenv/lib/python3.12/site-packages/torch/cuda/__init__.py:58: FutureWarning: The pynvml package is deprecated. Please install nvidia-ml-py instead. If you did not install pynvml directly, please report this to the maintainers of the package that installed pynvml for you.
  import pynvml  # type: ignore[import]
Using the latest cached version of the dataset since OpenAssistant/oasst1 couldn't be found on the Hugging Face Hub (offline mode is enabled).
Found the latest cached dataset configuration 'default' at /home/kushalkhemani/.cache/huggingface/datasets/OpenAssistant___oasst1/default/0.0.0/fdf72ae0827c1cda404aff25b6603abec9e3399b (last modified on Thu Apr 30 10:10:20 2026).
`torch_dtype` is deprecated! Use `dtype` instead!
{
  "no_cache": {
    "mean_latency_ms": 19.398042453119047,
    "p50_latency_ms": 18.253532000244377,
    "p95_latency_ms": 35.55542025019341,
    "p99_latency_ms": 50.455204130103084,
    "p999_latency_ms": 50.499231112904454,
    "throughput_rps": 14.218618797659534,
    "service_throughput_rps": 51.55159353923407,
    "hit_rate": 0.0,
    "speculative_hits": 0,
    "speculative_hit_rate": 0.0,
    "speculative_precomputes": 0,
    "speculative_cost_ms": 0.0,
    "wasted_precomputes": 0,
    "wasted_compute_ms": 0.0,
    "wasted_compute_ratio": 0.0,
    "utility_proxy_ms": 0.0,
    "gpu_utilization_pct_mean": 21.203125,
    "promotions": 0,
    "demotions": 0,
    "reuse_attempts": 0,
    "reuse_successes": 0,
    "reuse_failures": 0,
    "reuse_backend_fallbacks": 0,
    "store_attempts": 0,
    "store_successes": 0,
    "store_skips": 0,
    "bypassed_matches": 0,
    "requests_seen": 64,
    "reused_prefix_tokens_total": 0,
    "recompute_tokens_total": 14652,
    "estimated_tokens_saved_total": 0,
    "saved_latency_estimate_ms": 0.0,
    "store_latency_total_ms": 0.0,
    "full_prefill_latency_total_ms": 1241.474716999619,
    "avg_reused_prefix_tokens": 0.0,
    "reuse_success_rate": 0.0,
    "cache_active_final": false,
    "auto_disabled_reason": null,
    "speculative_overlap_ms": 0.0,
    "speculative_overlap_events": 0,
    "bootstrap_store_deferrals": 0,
    "speculative_useful_savings_ms": 0.0,
    "bypass_regret_ms_total": 0.0,
    "transfer_regret_ms_total": 0.0,
    "cache_disable_check_every": 8,
    "cache_disable_min_attempts": 8,
    "cache_disable_min_requests": 10,
    "cache_lookup_calls": 0,
    "cache_lookup_latency_total_ms": 0.0,
    "policy_planning_calls": 0,
    "policy_planning_latency_total_ms": 0.0,
    "semantic_query_calls": 0,
    "semantic_query_latency_total_ms": 0.0,
    "kv_materialization_calls": 0,
    "kv_materialization_latency_total_ms": 0.0,
    "backend_reuse_calls": 0,
    "backend_reuse_latency_total_ms": 0.0,
    "small_prefix_bypass_total": 0,
    "net_latency_saved_estimate_ms_total": 0.0,
    "utility_admission_enabled": false,
    "utility_admission_checks_total": 0,
    "utility_admission_admit_total": 0,
    "negative_utility_bypass_total": 0,
    "utility_expected_saved_ms_total": 0.0,
    "utility_expected_cost_ms_total": 0.0,
    "utility_net_ms_total": 0.0,
    "utility_bucket_129_256_observations": 18,
    "utility_bucket_129_256_full_ms_per_token": 0.11767009688535009,
    "utility_bucket_129_256_reuse_overhead_ms": 8.0,
    "utility_bucket_129_256_admitted": 0,
    "utility_bucket_129_256_negative_bypass": 0,
    "utility_bucket_257_512_observations": 14,
    "utility_bucket_257_512_full_ms_per_token": 0.08394895338411099,
    "utility_bucket_257_512_reuse_overhead_ms": 8.0,
    "utility_bucket_257_512_admitted": 0,
    "utility_bucket_257_512_negative_bypass": 0,
    "utility_bucket_513_1024_observations": 4,
    "utility_bucket_513_1024_full_ms_per_token": 0.2749316583830055,
    "utility_bucket_513_1024_reuse_overhead_ms": 8.0,
    "utility_bucket_513_1024_admitted": 0,
    "utility_bucket_513_1024_negative_bypass": 0,
    "utility_bucket_65_128_observations": 28,
    "utility_bucket_65_128_full_ms_per_token": 0.16551063041237132,
    "utility_bucket_65_128_reuse_overhead_ms": 8.0,
    "utility_bucket_65_128_admitted": 0,
    "utility_bucket_65_128_negative_bypass": 0,
    "speedup_vs_no_cache_mean": 1.0,
    "speedup_vs_no_cache_p95": 1.0
  },
  "shadow_kv": {
    "mean_latency_ms": 18.99613629684893,
    "p50_latency_ms": 15.717551000079766,
    "p95_latency_ms": 43.981214850077734,
    "p99_latency_ms": 54.75102390968911,
    "p999_latency_ms": 61.61390289028947,
    "throughput_rps": 15.996119729259462,
    "service_throughput_rps": 52.64228390306293,
    "hit_rate": 0.84375,
    "speculative_hits": 0,
    "speculative_hit_rate": 0.0,
    "speculative_precomputes": 0,
    "speculative_cost_ms": 0.0,
    "wasted_precomputes": 0,
    "wasted_compute_ms": 0.0,
    "wasted_compute_ratio": 0.0,
    "utility_proxy_ms": 0.0,
    "gpu_utilization_pct_mean": 22.90625,
    "promotions": 4,
    "demotions": 0,
    "reuse_attempts": 56,
    "reuse_successes": 54,
    "reuse_failures": 0,
    "reuse_backend_fallbacks": 0,
    "store_attempts": 8,
    "store_successes": 4,
    "store_skips": 4,
    "bypassed_matches": 2,
    "requests_seen": 64,
    "reused_prefix_tokens_total": 1724,
    "recompute_tokens_total": 12928,
    "estimated_tokens_saved_total": 1724,
    "saved_latency_estimate_ms": 755.3701699946259,
    "store_latency_total_ms": 49.07926099940596,
    "full_prefill_latency_total_ms": 266.0505789990566,
    "avg_reused_prefix_tokens": 31.925925925925927,
    "reuse_success_rate": 1.0,
    "cache_active_final": true,
    "auto_disabled_reason": null,
    "speculative_overlap_ms": 0.0,
    "speculative_overlap_events": 0,
    "bootstrap_store_deferrals": 0,
    "speculative_useful_savings_ms": 0.0,
    "bypass_regret_ms_total": 0.0,
    "transfer_regret_ms_total": 22.9966040209518,
    "cache_disable_check_every": 8,
    "cache_disable_min_attempts": 8,
    "cache_disable_min_requests": 10,
    "cache_lookup_calls": 0,
    "cache_lookup_latency_total_ms": 0.0,
    "policy_planning_calls": 0,
    "policy_planning_latency_total_ms": 0.0,
    "semantic_query_calls": 0,
    "semantic_query_latency_total_ms": 0.0,
    "kv_materialization_calls": 4,
    "kv_materialization_latency_total_ms": 3.026653999768314,
    "backend_reuse_calls": 54,
    "backend_reuse_latency_total_ms": 919.8509619991455,
    "small_prefix_bypass_total": 0,
    "net_latency_saved_estimate_ms_total": 614.5420842649852,
    "utility_admission_enabled": false,
    "utility_admission_checks_total": 0,
    "utility_admission_admit_total": 0,
    "negative_utility_bypass_total": 0,
    "utility_expected_saved_ms_total": 0.0,
    "utility_expected_cost_ms_total": 0.0,
    "utility_net_ms_total": 0.0,
    "speculation_cooldown_events": 0,
    "speculation_paused_ticks": 72,
    "speculation_enabled_final": true,
    "effective_speculative_k_final": 2,
    "recent_reuse_density_final": 0.10920436817472699,
    "recent_hit_rate_final": 0.9166666666666666,
    "utility_bucket_0_64_observations": 58,
    "utility_bucket_0_64_full_ms_per_token": 0.46235850100570286,
    "utility_bucket_0_64_reuse_overhead_ms": 0.6851787733175398,
    "utility_bucket_0_64_admitted": 0,
    "utility_bucket_0_64_negative_bypass": 0,
    "utility_bucket_129_256_observations": 3,
    "utility_bucket_129_256_full_ms_per_token": 0.3432134934808746,
    "utility_bucket_129_256_reuse_overhead_ms": 8.0,
    "utility_bucket_129_256_admitted": 0,
    "utility_bucket_129_256_negative_bypass": 0,
    "utility_bucket_513_1024_observations": 4,
    "utility_bucket_513_1024_full_ms_per_token": 0.274860810358211,
    "utility_bucket_513_1024_reuse_overhead_ms": 8.0,
    "utility_bucket_513_1024_admitted": 0,
    "utility_bucket_513_1024_negative_bypass": 0,
    "utility_bucket_65_128_observations": 3,
    "utility_bucket_65_128_full_ms_per_token": 0.37171697028509226,
    "utility_bucket_65_128_reuse_overhead_ms": 8.0,
    "utility_bucket_65_128_admitted": 0,
    "utility_bucket_65_128_negative_bypass": 0,
    "speedup_vs_no_cache_mean": 1.0211572579807602,
    "speedup_vs_no_cache_p95": 0.8084228771623067
  },
  "shadow_kv_plus": {
    "mean_latency_ms": 20.088147812572288,
    "p50_latency_ms": 19.204077500035055,
    "p95_latency_ms": 35.69197105023242,
    "p99_latency_ms": 50.56923189025838,
    "p999_latency_ms": 50.76382458919761,
    "throughput_rps": 14.219095111428295,
    "service_throughput_rps": 49.78059746126241,
    "hit_rate": 0.0,
    "speculative_hits": 0,
    "speculative_hit_rate": 0.0,
    "speculative_precomputes": 0,
    "speculative_cost_ms": 0.0,
    "wasted_precomputes": 0,
    "wasted_compute_ms": 0.0,
    "wasted_compute_ratio": 0.0,
    "utility_proxy_ms": 0.0,
    "gpu_utilization_pct_mean": 23.296875,
    "promotions": 4,
    "demotions": 0,
    "reuse_attempts": 60,
    "reuse_successes": 0,
    "reuse_failures": 0,
    "reuse_backend_fallbacks": 0,
    "store_attempts": 4,
    "store_successes": 4,
    "store_skips": 0,
    "bypassed_matches": 60,
    "requests_seen": 64,
    "reused_prefix_tokens_total": 0,
    "recompute_tokens_total": 14652,
    "estimated_tokens_saved_total": 0,
    "saved_latency_estimate_ms": 0.0,
    "store_latency_total_ms": 0.0,
    "full_prefill_latency_total_ms": 1285.6414600046264,
    "avg_reused_prefix_tokens": 0.0,
    "reuse_success_rate": 0.0,
    "cache_active_final": false,
    "auto_disabled_reason": "scaffold_warmup_without_reuse",
    "speculative_overlap_ms": 0.0,
    "speculative_overlap_events": 0,
    "bootstrap_store_deferrals": 0,
    "speculative_useful_savings_ms": 0.0,
    "bypass_regret_ms_total": 0.0,
    "transfer_regret_ms_total": 0.0,
    "cache_disable_check_every": 8,
    "cache_disable_min_attempts": 8,
    "cache_disable_min_requests": 10,
    "cache_lookup_calls": 0,
    "cache_lookup_latency_total_ms": 0.0,
    "policy_planning_calls": 64,
    "policy_planning_latency_total_ms": 42.47222300045905,
    "semantic_query_calls": 64,
    "semantic_query_latency_total_ms": 37.08223200055727,
    "kv_materialization_calls": 4,
    "kv_materialization_latency_total_ms": 0.0,
    "backend_reuse_calls": 0,
    "backend_reuse_latency_total_ms": 0.0,
    "small_prefix_bypass_total": 0,
    "net_latency_saved_estimate_ms_total": 0.0,
    "utility_admission_enabled": false,
    "utility_admission_checks_total": 0,
    "utility_admission_admit_total": 0,
    "negative_utility_bypass_total": 0,
    "utility_expected_saved_ms_total": 0.0,
    "utility_expected_cost_ms_total": 0.0,
    "utility_net_ms_total": 0.0,
    "speculation_cooldown_events": 0,
    "speculation_paused_ticks": 0,
    "speculation_enabled_final": true,
    "effective_speculative_k_final": 1,
    "recent_reuse_density_final": 0.0,
    "recent_hit_rate_final": 0.0,
    "semantic_ablation_mode": "safe",
    "policy_plans_total": 64,
    "policy_bypass_total": 4,
    "policy_exact_total": 60,
    "policy_semantic_partial_total": 0,
    "semantic_index_entries_final": 4,
    "semantic_queries_total": 64,
    "semantic_matches_total": 250,
    "semantic_partial_hits": 0,
    "semantic_partial_reused_tokens_total": 0,
    "semantic_opportunity_plans_total": 0,
    "semantic_opportunity_reused_tokens_total": 0,
    "semantic_opportunity_estimated_savings_ms": 0.0,
    "semantic_blocked_by_backend_total": 0,
    "fast_raw_bypass_total": 0,
    "raw_strategy": "strict_utility_gate",
    "raw_conservative_bypass_total": 0,
    "raw_observer_bypass_total": 0,
    "raw_reuse_evidence_strong_total": 0,
    "raw_reuse_evidence_weak_total": 0,
    "raw_graduated_total": 0,
    "raw_graduate_min_observations": 8,
    "raw_graduate_min_frequency": 0.35,
    "raw_graduate_min_prefix_len": 48,
    "semantic_queries_skipped_total": 0,
    "scaffold_bypass_store_successes": 4,
    "semantic_scaffold_store_successes": 0,
    "scaffold_only_attempts": 0,
    "scaffold_only_hits": 0,
    "early_layer_attempts": 0,
    "early_layer_hits": 0,
    "early_layer_reuse_ratio_sum": 0.0,
    "logit_guard_checks": 0,
    "logit_guard_passes": 0,
    "logit_guard_failures": 0,
    "logit_guard_distance_sum": 0.0,
    "logit_guard_threshold": 0.08,
    "semantic_guarded_hits": 0,
    "semantic_sandbox_checks": 0,
    "semantic_sandbox_passes": 0,
    "semantic_sandbox_failures": 0,
    "semantic_sandbox_divergence_sum": 0.0,
    "semantic_quality_divergence_sum": 0.0,
    "semantic_quality_divergence_events": 0,
    "layer_reuse_ratio_sum": 60.732083307516305,
    "layer_reuse_events": 63,
    "policy_expected_benefit_ms": 5.418215673290899,
    "policy_expected_cost_ms": 56.56,
    "policy_expected_waste_ms": 1.8485100388521452,
    "policy_net_utility_ms": 5957.556308662385,
    "opportunistic_prefill_store_successes": 4,
    "fast_exact_path_hits": 60,
    "utility_bucket_129_256_observations": 18,
    "utility_bucket_129_256_full_ms_per_token": 0.11977714741683002,
    "utility_bucket_129_256_reuse_overhead_ms": 8.0,
    "utility_bucket_129_256_admitted": 0,
    "utility_bucket_129_256_negative_bypass": 0,
    "utility_bucket_257_512_observations": 14,
    "utility_bucket_257_512_full_ms_per_token": 0.08595561134001534,
    "utility_bucket_257_512_reuse_overhead_ms": 8.0,
    "utility_bucket_257_512_admitted": 0,
    "utility_bucket_257_512_negative_bypass": 0,
    "utility_bucket_513_1024_observations": 4,
    "utility_bucket_513_1024_full_ms_per_token": 0.2749968979977886,
    "utility_bucket_513_1024_reuse_overhead_ms": 8.0,
    "utility_bucket_513_1024_admitted": 0,
    "utility_bucket_513_1024_negative_bypass": 0,
    "utility_bucket_65_128_observations": 28,
    "utility_bucket_65_128_full_ms_per_token": 0.16522419679006042,
    "utility_bucket_65_128_reuse_overhead_ms": 8.0,
    "utility_bucket_65_128_admitted": 0,
    "utility_bucket_65_128_negative_bypass": 0,
    "speedup_vs_no_cache_mean": 0.9656461428951983,
    "speedup_vs_no_cache_p95": 0.9961741871905356
  },
  "config": {
    "backend": "hf",
    "model": "gpt2",
    "device": "cuda",
    "dtype": "float16",
    "tensor_parallel_size": 1,
    "trust_remote_code": false,
    "disable_native_prefix_caching": false,
    "include_experimental": false,
    "engines": [
      "no_cache",
      "shadow_kv",
      "shadow_kv_plus"
    ],
    "include_runtime_baselines": false,
    "include_semantic_ablations": false,
    "policy_preset": "balanced",
    "enable_policy_tuning": false,
    "policy_tuning_requests": 24,
    "policy_tuning_presets": [
      "balanced",
      "aggressive_prefix",
      "aggressive_gpu"
    ],
    "policy_tuning_metric": "utility_adjusted_latency",
    "enable_policy_trace": false,
    "enable_decision_log": false,
    "config_path": "/home/kushalkhemani/research/shadowkv_p100/config/config.yaml",
    "semantic_index_diagnostics": false,
    "allow_unsafe_semantic_kv_reuse": true,
    "early_layer_reuse_ratio": 0.35,
    "logit_guard_threshold": 0.08,
    "min_reuse_prefix_tokens": null,
    "disable_utility_admission": false,
    "utility_min_net_saved_ms": null,
    "measure_energy": false,
    "gpu_index": 0,
    "idle_baseline_seconds": 0.0,
    "energy_output_csv": null,
    "workload": "public_dataset",
    "variant": "high_skew",
    "dataset": "oasst1",
    "prompt_mode": "semantic",
    "dataset_split": null,
    "n_requests": 64,
    "simulate_arrivals": true,
    "mean_inter_arrival_ms": 50.0,
    "max_arrival_sleep_ms": 500.0,
    "max_memory_mb": 64,
    "speculative_k": 2,
    "idle_threshold_ms": 30.0,
    "seed": 123,
    "output_dir": "/home/kushalkhemani/research/shadowkv_p100/results_p100_n64_3seed/gpt2/semantic/seed_123/oasst1",
    "resolved_prompt_mode": "semantic",
    "shadowkv_policy_calibration": {
      "profile_lengths": [
        8,
        16,
        32,
        48,
        64,
        96
      ],
      "profile_latencies_ms": [
        11.81510450010137,
        11.76534699993681,
        11.40556349992039,
        11.725713000032556,
        11.688184999911755,
        12.047975999848859
      ],
      "profile_ms_per_token": [
        1.4768880625126712,
        0.7353341874960506,
        0.3564238593725122,
        0.24428568750067825,
        0.18262789062362117,
        0.1254997499984256
      ],
      "token_benefit_ms": 0.6,
      "speculation_penalty_ms": 2.281112699984078,
      "prefill_ms_per_token": 0.6,
      "fixed_prefill_overhead_ms": 2.281112699984078,
      "kv_mb_per_token": 0.03515625,
      "policy_preset": "balanced"
    },
    "shadowkv_policy_kwargs": {
      "min_frequency": 0.08,
      "prefill_ms_per_token": 0.6,
      "fixed_prefill_overhead_ms": 2.281112699984078,
      "memory_penalty_per_mb": 0.75,
      "kv_mb_per_token": 0.03515625,
      "idle_cost_fraction": 0.55,
      "gpu_idle_cost_fraction": 0.3,
      "benefit_cost_ratio": 0.85,
      "max_admissions_per_idle": 4,
      "min_prefix_len": 16,
      "preferred_prefix_len": 80,
      "max_prefix_len": 224,
      "min_observations": 1,
      "min_expected_net_ms": 1.5,
      "min_recent_support": 0.01,
      "recent_support_weight": 0.6,
      "recent_streak_weight": 0.22,
      "observation_weight": 0.18,
      "global_frequency_weight": 0.22,
      "reuse_discount": 0.95,
      "min_utility_score": 0.02,
      "reuse_horizon_s": 1.5,
      "bootstrap_horizon_requests": 1.2,
      "branching_weight": 0.14
    },
    "policy_tuning_report": null,
    "resolved_model": "gpt2",
    "config_version": "shadowkv-policy-v1",
    "config_hash_sha256": "22ef8f32dd8dd01f08e85becac910d9c66eafb9b01b52aecca99949b2b3529df",
    "run_manifest_file": "/home/kushalkhemani/research/shadowkv_p100/results_p100_n64_3seed/gpt2/semantic/seed_123/oasst1/run_manifest.json",
    "policy_trace_file": null,
    "policy_trace_rows": 0,
    "decision_log_file": null
  },
  "capabilities": {
    "supports_external_kv": true,
    "supports_native_prefix_caching": false
  }
}
Saved to /home/kushalkhemani/research/shadowkv_p100/results_p100_n64_3seed/gpt2/semantic/seed_123/oasst1/benchmark_hf_gpt2_public_dataset_oasst1_semantic_cuda.json
Policy trace disabled. Re-run with --enable_policy_trace to emit policy_trace.jsonl.
