/home/kushalkhemani/research/myenv/lib/python3.12/site-packages/torch/cuda/__init__.py:58: FutureWarning: The pynvml package is deprecated. Please install nvidia-ml-py instead. If you did not install pynvml directly, please report this to the maintainers of the package that installed pynvml for you.
  import pynvml  # type: ignore[import]
Using the latest cached version of the dataset since DeepPavlov/daily_dialog couldn't be found on the Hugging Face Hub (offline mode is enabled).
Found the latest cached dataset configuration 'default' at /home/kushalkhemani/.cache/huggingface/datasets/DeepPavlov___daily_dialog/default/0.0.0/12f30df52a776875c2e334d9d051fa67afd15756 (last modified on Thu Apr 30 10:08:47 2026).
`torch_dtype` is deprecated! Use `dtype` instead!
{
  "no_cache": {
    "mean_latency_ms": 66.22380062498223,
    "p50_latency_ms": 59.251185999983136,
    "p95_latency_ms": 103.19030034952448,
    "p99_latency_ms": 110.05461610932794,
    "p999_latency_ms": 119.63646421051007,
    "throughput_rps": 7.99834493747501,
    "service_throughput_rps": 15.100311225912343,
    "hit_rate": 0.0,
    "speculative_hits": 0,
    "speculative_hit_rate": 0.0,
    "speculative_precomputes": 0,
    "speculative_cost_ms": 0.0,
    "wasted_precomputes": 0,
    "wasted_compute_ms": 0.0,
    "wasted_compute_ratio": 0.0,
    "utility_proxy_ms": 0.0,
    "gpu_utilization_pct_mean": 54.7265625,
    "promotions": 0,
    "demotions": 0,
    "reuse_attempts": 0,
    "reuse_successes": 0,
    "reuse_failures": 0,
    "reuse_backend_fallbacks": 0,
    "store_attempts": 0,
    "store_successes": 0,
    "store_skips": 0,
    "bypassed_matches": 0,
    "requests_seen": 64,
    "reused_prefix_tokens_total": 0,
    "recompute_tokens_total": 10190,
    "estimated_tokens_saved_total": 0,
    "saved_latency_estimate_ms": 0.0,
    "store_latency_total_ms": 0.0,
    "full_prefill_latency_total_ms": 4238.323239998863,
    "avg_reused_prefix_tokens": 0.0,
    "reuse_success_rate": 0.0,
    "cache_active_final": false,
    "auto_disabled_reason": null,
    "speculative_overlap_ms": 0.0,
    "speculative_overlap_events": 0,
    "bootstrap_store_deferrals": 0,
    "speculative_useful_savings_ms": 0.0,
    "bypass_regret_ms_total": 0.0,
    "transfer_regret_ms_total": 0.0,
    "cache_disable_check_every": 8,
    "cache_disable_min_attempts": 8,
    "cache_disable_min_requests": 10,
    "cache_lookup_calls": 0,
    "cache_lookup_latency_total_ms": 0.0,
    "policy_planning_calls": 0,
    "policy_planning_latency_total_ms": 0.0,
    "semantic_query_calls": 0,
    "semantic_query_latency_total_ms": 0.0,
    "kv_materialization_calls": 0,
    "kv_materialization_latency_total_ms": 0.0,
    "backend_reuse_calls": 0,
    "backend_reuse_latency_total_ms": 0.0,
    "small_prefix_bypass_total": 0,
    "net_latency_saved_estimate_ms_total": 0.0,
    "utility_admission_enabled": false,
    "utility_admission_checks_total": 0,
    "utility_admission_admit_total": 0,
    "negative_utility_bypass_total": 0,
    "utility_expected_saved_ms_total": 0.0,
    "utility_expected_cost_ms_total": 0.0,
    "utility_net_ms_total": 0.0,
    "utility_bucket_129_256_observations": 37,
    "utility_bucket_129_256_full_ms_per_token": 0.4042357670881686,
    "utility_bucket_129_256_reuse_overhead_ms": 8.0,
    "utility_bucket_129_256_admitted": 0,
    "utility_bucket_129_256_negative_bypass": 0,
    "utility_bucket_257_512_observations": 5,
    "utility_bucket_257_512_full_ms_per_token": 0.4448950738516334,
    "utility_bucket_257_512_reuse_overhead_ms": 8.0,
    "utility_bucket_257_512_admitted": 0,
    "utility_bucket_257_512_negative_bypass": 0,
    "utility_bucket_65_128_observations": 22,
    "utility_bucket_65_128_full_ms_per_token": 0.49223999898132414,
    "utility_bucket_65_128_reuse_overhead_ms": 8.0,
    "utility_bucket_65_128_admitted": 0,
    "utility_bucket_65_128_negative_bypass": 0,
    "speedup_vs_no_cache_mean": 1.0,
    "speedup_vs_no_cache_p95": 1.0
  },
  "shadow_kv": {
    "mean_latency_ms": 59.36389540627829,
    "p50_latency_ms": 55.41788350001298,
    "p95_latency_ms": 95.40076134990159,
    "p99_latency_ms": 102.2228301502491,
    "p999_latency_ms": 111.28535841438595,
    "throughput_rps": 8.53225775123308,
    "service_throughput_rps": 16.84525574267218,
    "hit_rate": 0.921875,
    "speculative_hits": 45,
    "speculative_hit_rate": 0.7627118644067796,
    "speculative_precomputes": 3,
    "speculative_cost_ms": 109.51223900065088,
    "wasted_precomputes": 0,
    "wasted_compute_ms": 0.0,
    "wasted_compute_ratio": 0.0,
    "utility_proxy_ms": 1642.6835850097632,
    "gpu_utilization_pct_mean": 52.953125,
    "promotions": 4,
    "demotions": 0,
    "reuse_attempts": 59,
    "reuse_successes": 59,
    "reuse_failures": 0,
    "reuse_backend_fallbacks": 0,
    "store_attempts": 5,
    "store_successes": 1,
    "store_skips": 4,
    "bypassed_matches": 0,
    "requests_seen": 64,
    "reused_prefix_tokens_total": 2212,
    "recompute_tokens_total": 7978,
    "estimated_tokens_saved_total": 2212,
    "saved_latency_estimate_ms": 1214.1118005947412,
    "store_latency_total_ms": 33.72331199989276,
    "full_prefill_latency_total_ms": 289.2822769999839,
    "avg_reused_prefix_tokens": 37.49152542372882,
    "reuse_success_rate": 1.0,
    "cache_active_final": true,
    "auto_disabled_reason": null,
    "speculative_overlap_ms": 22.217374999854655,
    "speculative_overlap_events": 1,
    "bootstrap_store_deferrals": 4,
    "speculative_useful_savings_ms": 1642.6835850097632,
    "bypass_regret_ms_total": 0.0,
    "transfer_regret_ms_total": 0.0,
    "cache_disable_check_every": 8,
    "cache_disable_min_attempts": 8,
    "cache_disable_min_requests": 10,
    "cache_lookup_calls": 0,
    "cache_lookup_latency_total_ms": 0.0,
    "policy_planning_calls": 0,
    "policy_planning_latency_total_ms": 0.0,
    "semantic_query_calls": 0,
    "semantic_query_latency_total_ms": 0.0,
    "kv_materialization_calls": 4,
    "kv_materialization_latency_total_ms": 1.1587349999899743,
    "backend_reuse_calls": 59,
    "backend_reuse_latency_total_ms": 3500.878554998053,
    "small_prefix_bypass_total": 0,
    "net_latency_saved_estimate_ms_total": 1144.0895042648103,
    "utility_admission_enabled": false,
    "utility_admission_checks_total": 0,
    "utility_admission_admit_total": 0,
    "negative_utility_bypass_total": 0,
    "utility_expected_saved_ms_total": 0.0,
    "utility_expected_cost_ms_total": 0.0,
    "utility_net_ms_total": 0.0,
    "speculation_cooldown_events": 0,
    "speculation_paused_ticks": 27,
    "speculation_enabled_final": true,
    "effective_speculative_k_final": 2,
    "recent_reuse_density_final": 0.21994134897360704,
    "recent_hit_rate_final": 1.0,
    "utility_bucket_0_64_observations": 63,
    "utility_bucket_0_64_full_ms_per_token": 0.7897105674875202,
    "utility_bucket_0_64_reuse_overhead_ms": 0.1309293809727472,
    "utility_bucket_0_64_admitted": 0,
    "utility_bucket_0_64_negative_bypass": 0,
    "utility_bucket_129_256_observations": 3,
    "utility_bucket_129_256_full_ms_per_token": 0.5140570154104686,
    "utility_bucket_129_256_reuse_overhead_ms": 8.0,
    "utility_bucket_129_256_admitted": 0,
    "utility_bucket_129_256_negative_bypass": 0,
    "utility_bucket_65_128_observations": 2,
    "utility_bucket_65_128_full_ms_per_token": 0.5712609458905255,
    "utility_bucket_65_128_reuse_overhead_ms": 8.0,
    "utility_bucket_65_128_admitted": 0,
    "utility_bucket_65_128_negative_bypass": 0,
    "speedup_vs_no_cache_mean": 1.1155568577795594,
    "speedup_vs_no_cache_p95": 1.0816507005751577
  },
  "shadow_kv_plus": {
    "mean_latency_ms": 58.850447640551806,
    "p50_latency_ms": 55.51892749963372,
    "p95_latency_ms": 95.40310835027412,
    "p99_latency_ms": 102.24010493952842,
    "p999_latency_ms": 111.28781579337108,
    "throughput_rps": 8.532204900317085,
    "service_throughput_rps": 16.992224190168006,
    "hit_rate": 0.967741935483871,
    "speculative_hits": 30,
    "speculative_hit_rate": 0.5,
    "speculative_precomputes": 2,
    "speculative_cost_ms": 179.35991299873422,
    "wasted_precomputes": 0,
    "wasted_compute_ms": 0.0,
    "wasted_compute_ratio": 0.0,
    "utility_proxy_ms": 2690.3986949810133,
    "gpu_utilization_pct_mean": 51.640625,
    "promotions": 4,
    "demotions": 0,
    "reuse_attempts": 60,
    "reuse_successes": 62,
    "reuse_failures": 0,
    "reuse_backend_fallbacks": 0,
    "store_attempts": 2,
    "store_successes": 2,
    "store_skips": 0,
    "bypassed_matches": 0,
    "requests_seen": 64,
    "reused_prefix_tokens_total": 2328,
    "recompute_tokens_total": 7862,
    "estimated_tokens_saved_total": 2250,
    "saved_latency_estimate_ms": 2287.9681265177574,
    "store_latency_total_ms": 0.0,
    "full_prefill_latency_total_ms": 132.36892799977795,
    "avg_reused_prefix_tokens": 37.54838709677419,
    "reuse_success_rate": 1.0,
    "cache_active_final": true,
    "auto_disabled_reason": null,
    "speculative_overlap_ms": 162.02928600068844,
    "speculative_overlap_events": 2,
    "bootstrap_store_deferrals": 0,
    "speculative_useful_savings_ms": 2690.3986949810133,
    "bypass_regret_ms_total": 0.0,
    "transfer_regret_ms_total": 0.0,
    "cache_disable_check_every": 8,
    "cache_disable_min_attempts": 8,
    "cache_disable_min_requests": 10,
    "cache_lookup_calls": 0,
    "cache_lookup_latency_total_ms": 0.0,
    "policy_planning_calls": 64,
    "policy_planning_latency_total_ms": 22.61803099554527,
    "semantic_query_calls": 64,
    "semantic_query_latency_total_ms": 18.84765799604793,
    "kv_materialization_calls": 4,
    "kv_materialization_latency_total_ms": 0.0,
    "backend_reuse_calls": 60,
    "backend_reuse_latency_total_ms": 3568.882541005223,
    "small_prefix_bypass_total": 0,
    "net_latency_saved_estimate_ms_total": 2254.4845427585565,
    "utility_admission_enabled": false,
    "utility_admission_checks_total": 0,
    "utility_admission_admit_total": 0,
    "negative_utility_bypass_total": 0,
    "utility_expected_saved_ms_total": 0.0,
    "utility_expected_cost_ms_total": 0.0,
    "utility_net_ms_total": 0.0,
    "speculation_cooldown_events": 0,
    "speculation_paused_ticks": 34,
    "speculation_enabled_final": true,
    "effective_speculative_k_final": 2,
    "recent_reuse_density_final": 0.21994134897360704,
    "recent_hit_rate_final": 1.0,
    "semantic_ablation_mode": "safe",
    "policy_plans_total": 64,
    "policy_bypass_total": 2,
    "policy_exact_total": 60,
    "policy_semantic_partial_total": 2,
    "semantic_index_entries_final": 4,
    "semantic_queries_total": 64,
    "semantic_matches_total": 250,
    "semantic_partial_hits": 2,
    "semantic_partial_reused_tokens_total": 78,
    "semantic_opportunity_plans_total": 2,
    "semantic_opportunity_reused_tokens_total": 78,
    "semantic_opportunity_estimated_savings_ms": 11.629858675978134,
    "semantic_blocked_by_backend_total": 0,
    "fast_raw_bypass_total": 0,
    "raw_strategy": "strict_utility_gate",
    "raw_conservative_bypass_total": 0,
    "raw_observer_bypass_total": 0,
    "raw_reuse_evidence_strong_total": 0,
    "raw_reuse_evidence_weak_total": 0,
    "raw_graduated_total": 0,
    "raw_graduate_min_observations": 8,
    "raw_graduate_min_frequency": 0.35,
    "raw_graduate_min_prefix_len": 48,
    "semantic_queries_skipped_total": 0,
    "scaffold_bypass_store_successes": 2,
    "semantic_scaffold_store_successes": 0,
    "scaffold_only_attempts": 0,
    "scaffold_only_hits": 0,
    "early_layer_attempts": 0,
    "early_layer_hits": 0,
    "early_layer_reuse_ratio_sum": 0.0,
    "logit_guard_checks": 0,
    "logit_guard_passes": 0,
    "logit_guard_failures": 0,
    "logit_guard_distance_sum": 0.0,
    "logit_guard_threshold": 0.08,
    "semantic_guarded_hits": 0,
    "semantic_sandbox_checks": 0,
    "semantic_sandbox_passes": 0,
    "semantic_sandbox_failures": 0,
    "semantic_sandbox_divergence_sum": 0.0,
    "semantic_quality_divergence_sum": 0.04014941361335572,
    "semantic_quality_divergence_events": 2,
    "layer_reuse_ratio_sum": 60.76640082878271,
    "layer_reuse_events": 63,
    "policy_expected_benefit_ms": 46.45450306235692,
    "policy_expected_cost_ms": 34.18181753636076,
    "policy_expected_waste_ms": 2.326180611836816,
    "policy_net_utility_ms": 5998.9216651517045,
    "opportunistic_prefill_store_successes": 2,
    "fast_exact_path_hits": 60,
    "utility_bucket_0_64_observations": 64,
    "utility_bucket_0_64_full_ms_per_token": 1.323868357033064,
    "utility_bucket_0_64_reuse_overhead_ms": 1.0262704288185318e-05,
    "utility_bucket_0_64_admitted": 0,
    "utility_bucket_0_64_negative_bypass": 0,
    "utility_bucket_129_256_observations": 1,
    "utility_bucket_129_256_full_ms_per_token": 0.5689892954546667,
    "utility_bucket_129_256_reuse_overhead_ms": 8.0,
    "utility_bucket_129_256_admitted": 0,
    "utility_bucket_129_256_negative_bypass": 0,
    "utility_bucket_65_128_observations": 1,
    "utility_bucket_65_128_full_ms_per_token": 0.6058734923071759,
    "utility_bucket_65_128_reuse_overhead_ms": 8.0,
    "utility_bucket_65_128_admitted": 0,
    "utility_bucket_65_128_negative_bypass": 0,
    "speedup_vs_no_cache_mean": 1.1252896669446861,
    "speedup_vs_no_cache_p95": 1.0816240910166108
  },
  "config": {
    "backend": "hf",
    "model": "TinyLlama/TinyLlama-1.1B-Chat-v1.0",
    "device": "cuda",
    "dtype": "float16",
    "tensor_parallel_size": 1,
    "trust_remote_code": false,
    "disable_native_prefix_caching": false,
    "include_experimental": false,
    "engines": [
      "no_cache",
      "shadow_kv",
      "shadow_kv_plus"
    ],
    "include_runtime_baselines": false,
    "include_semantic_ablations": false,
    "policy_preset": "balanced",
    "enable_policy_tuning": false,
    "policy_tuning_requests": 24,
    "policy_tuning_presets": [
      "balanced",
      "aggressive_prefix",
      "aggressive_gpu"
    ],
    "policy_tuning_metric": "utility_adjusted_latency",
    "enable_policy_trace": false,
    "enable_decision_log": false,
    "config_path": "/home/kushalkhemani/research/shadowkv_p100/config/config.yaml",
    "semantic_index_diagnostics": false,
    "allow_unsafe_semantic_kv_reuse": true,
    "early_layer_reuse_ratio": 0.35,
    "logit_guard_threshold": 0.08,
    "min_reuse_prefix_tokens": null,
    "disable_utility_admission": false,
    "utility_min_net_saved_ms": null,
    "measure_energy": false,
    "gpu_index": 0,
    "idle_baseline_seconds": 0.0,
    "energy_output_csv": null,
    "workload": "public_dataset",
    "variant": "high_skew",
    "dataset": "daily_dialog",
    "prompt_mode": "semantic",
    "dataset_split": null,
    "n_requests": 64,
    "simulate_arrivals": true,
    "mean_inter_arrival_ms": 50.0,
    "max_arrival_sleep_ms": 500.0,
    "max_memory_mb": 64,
    "speculative_k": 2,
    "idle_threshold_ms": 30.0,
    "seed": 456,
    "output_dir": "/home/kushalkhemani/research/shadowkv_p100/results_p100_n64_3seed/TinyLlama_TinyLlama-1_1B-Chat-v1_0/semantic/seed_456/daily_dialog",
    "resolved_prompt_mode": "semantic",
    "shadowkv_policy_calibration": {
      "profile_lengths": [
        8,
        16,
        32,
        48,
        64,
        96
      ],
      "profile_latencies_ms": [
        37.48820049986534,
        38.464380499590334,
        31.189229500341753,
        32.672414499757,
        33.0279659997359,
        45.19824899989544
      ],
      "profile_ms_per_token": [
        4.686025062483168,
        2.404023781224396,
        0.9746634218856798,
        0.6806753020782708,
        0.5160619687458734,
        0.47081509374891084
      ],
      "token_benefit_ms": 0.6,
      "speculation_penalty_ms": 6.237845900068351,
      "prefill_ms_per_token": 0.6,
      "fixed_prefill_overhead_ms": 6.237845900068351,
      "kv_mb_per_token": 0.021484375,
      "policy_preset": "balanced"
    },
    "shadowkv_policy_kwargs": {
      "min_frequency": 0.08,
      "prefill_ms_per_token": 0.6,
      "fixed_prefill_overhead_ms": 6.237845900068351,
      "memory_penalty_per_mb": 0.75,
      "kv_mb_per_token": 0.021484375,
      "idle_cost_fraction": 0.55,
      "gpu_idle_cost_fraction": 0.3,
      "benefit_cost_ratio": 0.85,
      "max_admissions_per_idle": 4,
      "min_prefix_len": 16,
      "preferred_prefix_len": 80,
      "max_prefix_len": 224,
      "min_observations": 1,
      "min_expected_net_ms": 1.5,
      "min_recent_support": 0.01,
      "recent_support_weight": 0.6,
      "recent_streak_weight": 0.22,
      "observation_weight": 0.18,
      "global_frequency_weight": 0.22,
      "reuse_discount": 0.95,
      "min_utility_score": 0.02,
      "reuse_horizon_s": 1.5,
      "bootstrap_horizon_requests": 1.2,
      "branching_weight": 0.14
    },
    "policy_tuning_report": null,
    "resolved_model": "TinyLlama/TinyLlama-1.1B-Chat-v1.0",
    "config_version": "shadowkv-policy-v1",
    "config_hash_sha256": "22ef8f32dd8dd01f08e85becac910d9c66eafb9b01b52aecca99949b2b3529df",
    "run_manifest_file": "/home/kushalkhemani/research/shadowkv_p100/results_p100_n64_3seed/TinyLlama_TinyLlama-1_1B-Chat-v1_0/semantic/seed_456/daily_dialog/run_manifest.json",
    "policy_trace_file": null,
    "policy_trace_rows": 0,
    "decision_log_file": null
  },
  "capabilities": {
    "supports_external_kv": true,
    "supports_native_prefix_caching": false
  }
}
Saved to /home/kushalkhemani/research/shadowkv_p100/results_p100_n64_3seed/TinyLlama_TinyLlama-1_1B-Chat-v1_0/semantic/seed_456/daily_dialog/benchmark_hf_TinyLlama_TinyLlama-1.1B-Chat-v1.0_public_dataset_daily_dialog_semantic_cuda.json
Policy trace disabled. Re-run with --enable_policy_trace to emit policy_trace.jsonl.
