/home/kushalkhemani/research/myenv/lib/python3.12/site-packages/torch/cuda/__init__.py:58: FutureWarning: The pynvml package is deprecated. Please install nvidia-ml-py instead. If you did not install pynvml directly, please report this to the maintainers of the package that installed pynvml for you.
  import pynvml  # type: ignore[import]
Using the latest cached version of the dataset since databricks/databricks-dolly-15k couldn't be found on the Hugging Face Hub (offline mode is enabled).
Found the latest cached dataset configuration 'default' at /home/kushalkhemani/.cache/huggingface/datasets/databricks___databricks-dolly-15k/default/0.0.0/bdd27f4d94b9c1f951818a7da7fd7aeea5dbff1a (last modified on Thu Apr 30 10:09:31 2026).
`torch_dtype` is deprecated! Use `dtype` instead!
Loading checkpoint shards:   0%|          | 0/2 [00:00<?, ?it/s]Loading checkpoint shards:  50%|█████     | 1/2 [00:00<00:00,  1.53it/s]Loading checkpoint shards: 100%|██████████| 2/2 [00:00<00:00,  3.00it/s]
Loading checkpoint shards:   0%|          | 0/2 [00:00<?, ?it/s]Loading checkpoint shards:  50%|█████     | 1/2 [00:00<00:00,  1.57it/s]Loading checkpoint shards: 100%|██████████| 2/2 [00:00<00:00,  3.08it/s]
Loading checkpoint shards:   0%|          | 0/2 [00:00<?, ?it/s]Loading checkpoint shards:  50%|█████     | 1/2 [00:00<00:00,  1.56it/s]Loading checkpoint shards: 100%|██████████| 2/2 [00:00<00:00,  3.07it/s]
Loading checkpoint shards:   0%|          | 0/2 [00:00<?, ?it/s]Loading checkpoint shards:  50%|█████     | 1/2 [00:00<00:00,  1.56it/s]Loading checkpoint shards: 100%|██████████| 2/2 [00:00<00:00,  3.06it/s]
Loading checkpoint shards:   0%|          | 0/2 [00:00<?, ?it/s]Loading checkpoint shards:  50%|█████     | 1/2 [00:00<00:00,  1.54it/s]Loading checkpoint shards: 100%|██████████| 2/2 [00:00<00:00,  3.02it/s]
{
  "no_cache": {
    "mean_latency_ms": 123.37169603136999,
    "p50_latency_ms": 87.74682199964445,
    "p95_latency_ms": 271.2770929995713,
    "p99_latency_ms": 339.98803834907415,
    "p999_latency_ms": 408.5196585343116,
    "throughput_rps": 5.564206339691886,
    "service_throughput_rps": 8.105586874202716,
    "hit_rate": 0.0,
    "speculative_hits": 0,
    "speculative_hit_rate": 0.0,
    "speculative_precomputes": 0,
    "speculative_cost_ms": 0.0,
    "wasted_precomputes": 0,
    "wasted_compute_ms": 0.0,
    "wasted_compute_ratio": 0.0,
    "utility_proxy_ms": 0.0,
    "gpu_utilization_pct_mean": 73.3828125,
    "promotions": 0,
    "demotions": 0,
    "reuse_attempts": 0,
    "reuse_successes": 0,
    "reuse_failures": 0,
    "reuse_backend_fallbacks": 0,
    "store_attempts": 0,
    "store_successes": 0,
    "store_skips": 0,
    "bypassed_matches": 0,
    "requests_seen": 64,
    "reused_prefix_tokens_total": 0,
    "recompute_tokens_total": 7529,
    "estimated_tokens_saved_total": 0,
    "saved_latency_estimate_ms": 0.0,
    "store_latency_total_ms": 0.0,
    "full_prefill_latency_total_ms": 7895.7885460076795,
    "avg_reused_prefix_tokens": 0.0,
    "reuse_success_rate": 0.0,
    "cache_active_final": false,
    "auto_disabled_reason": null,
    "speculative_overlap_ms": 0.0,
    "speculative_overlap_events": 0,
    "bootstrap_store_deferrals": 0,
    "speculative_useful_savings_ms": 0.0,
    "bypass_regret_ms_total": 0.0,
    "transfer_regret_ms_total": 0.0,
    "cache_disable_check_every": 8,
    "cache_disable_min_attempts": 8,
    "cache_disable_min_requests": 10,
    "cache_lookup_calls": 0,
    "cache_lookup_latency_total_ms": 0.0,
    "policy_planning_calls": 0,
    "policy_planning_latency_total_ms": 0.0,
    "semantic_query_calls": 0,
    "semantic_query_latency_total_ms": 0.0,
    "kv_materialization_calls": 0,
    "kv_materialization_latency_total_ms": 0.0,
    "backend_reuse_calls": 0,
    "backend_reuse_latency_total_ms": 0.0,
    "small_prefix_bypass_total": 0,
    "net_latency_saved_estimate_ms_total": 0.0,
    "utility_admission_enabled": false,
    "utility_admission_checks_total": 0,
    "utility_admission_admit_total": 0,
    "negative_utility_bypass_total": 0,
    "utility_expected_saved_ms_total": 0.0,
    "utility_expected_cost_ms_total": 0.0,
    "utility_net_ms_total": 0.0,
    "utility_bucket_0_64_observations": 7,
    "utility_bucket_0_64_full_ms_per_token": 0.948865109469237,
    "utility_bucket_0_64_reuse_overhead_ms": 8.0,
    "utility_bucket_0_64_admitted": 0,
    "utility_bucket_0_64_negative_bypass": 0,
    "utility_bucket_129_256_observations": 7,
    "utility_bucket_129_256_full_ms_per_token": 0.8416084760871116,
    "utility_bucket_129_256_reuse_overhead_ms": 8.0,
    "utility_bucket_129_256_admitted": 0,
    "utility_bucket_129_256_negative_bypass": 0,
    "utility_bucket_257_512_observations": 8,
    "utility_bucket_257_512_full_ms_per_token": 0.9070827013685088,
    "utility_bucket_257_512_reuse_overhead_ms": 8.0,
    "utility_bucket_257_512_admitted": 0,
    "utility_bucket_257_512_negative_bypass": 0,
    "utility_bucket_65_128_observations": 42,
    "utility_bucket_65_128_full_ms_per_token": 1.1695395210889166,
    "utility_bucket_65_128_reuse_overhead_ms": 8.0,
    "utility_bucket_65_128_admitted": 0,
    "utility_bucket_65_128_negative_bypass": 0,
    "speedup_vs_no_cache_mean": 1.0,
    "speedup_vs_no_cache_p95": 1.0
  },
  "shadow_kv": {
    "mean_latency_ms": 108.071457671997,
    "p50_latency_ms": 68.47322549947421,
    "p95_latency_ms": 218.16830545085395,
    "p99_latency_ms": 335.4632874293745,
    "p999_latency_ms": 401.9806877419402,
    "throughput_rps": 6.398622514782866,
    "service_throughput_rps": 9.253136966423241,
    "hit_rate": 0.90625,
    "speculative_hits": 30,
    "speculative_hit_rate": 0.5172413793103449,
    "speculative_precomputes": 2,
    "speculative_cost_ms": 207.12664900020172,
    "wasted_precomputes": 0,
    "wasted_compute_ms": 0.0,
    "wasted_compute_ratio": 0.0,
    "utility_proxy_ms": 3106.899735003026,
    "gpu_utilization_pct_mean": 70.1328125,
    "promotions": 4,
    "demotions": 0,
    "reuse_attempts": 58,
    "reuse_successes": 58,
    "reuse_failures": 0,
    "reuse_backend_fallbacks": 0,
    "store_attempts": 6,
    "store_successes": 2,
    "store_skips": 4,
    "bypassed_matches": 0,
    "requests_seen": 64,
    "reused_prefix_tokens_total": 1565,
    "recompute_tokens_total": 5964,
    "estimated_tokens_saved_total": 1565,
    "saved_latency_estimate_ms": 2681.9390711705214,
    "store_latency_total_ms": 110.34474100233638,
    "full_prefill_latency_total_ms": 548.6691310015885,
    "avg_reused_prefix_tokens": 26.982758620689655,
    "reuse_success_rate": 1.0,
    "cache_active_final": true,
    "auto_disabled_reason": null,
    "speculative_overlap_ms": 140.64004699866928,
    "speculative_overlap_events": 1,
    "bootstrap_store_deferrals": 4,
    "speculative_useful_savings_ms": 3106.899735003026,
    "bypass_regret_ms_total": 0.0,
    "transfer_regret_ms_total": 0.0,
    "cache_disable_check_every": 8,
    "cache_disable_min_attempts": 8,
    "cache_disable_min_requests": 10,
    "cache_lookup_calls": 0,
    "cache_lookup_latency_total_ms": 0.0,
    "policy_planning_calls": 0,
    "policy_planning_latency_total_ms": 0.0,
    "semantic_query_calls": 0,
    "semantic_query_latency_total_ms": 0.0,
    "kv_materialization_calls": 4,
    "kv_materialization_latency_total_ms": 1.8258600011904491,
    "backend_reuse_calls": 58,
    "backend_reuse_latency_total_ms": 6281.4243090015225,
    "small_prefix_bypass_total": 0,
    "net_latency_saved_estimate_ms_total": 2614.4606908483606,
    "utility_admission_enabled": false,
    "utility_admission_checks_total": 0,
    "utility_admission_admit_total": 0,
    "negative_utility_bypass_total": 0,
    "utility_expected_saved_ms_total": 0.0,
    "utility_expected_cost_ms_total": 0.0,
    "utility_net_ms_total": 0.0,
    "speculation_cooldown_events": 0,
    "speculation_paused_ticks": 88,
    "speculation_enabled_final": true,
    "effective_speculative_k_final": 2,
    "recent_reuse_density_final": 0.3192118226600985,
    "recent_hit_rate_final": 1.0,
    "utility_bucket_0_64_observations": 62,
    "utility_bucket_0_64_full_ms_per_token": 1.923706944046121,
    "utility_bucket_0_64_reuse_overhead_ms": 3.560571306625803e-05,
    "utility_bucket_0_64_admitted": 0,
    "utility_bucket_0_64_negative_bypass": 0,
    "utility_bucket_65_128_observations": 6,
    "utility_bucket_65_128_full_ms_per_token": 1.137892789227732,
    "utility_bucket_65_128_reuse_overhead_ms": 8.0,
    "utility_bucket_65_128_admitted": 0,
    "utility_bucket_65_128_negative_bypass": 0,
    "speedup_vs_no_cache_mean": 1.1415752011582012,
    "speedup_vs_no_cache_p95": 1.2434303527222519
  },
  "shadow_kv_plus": {
    "mean_latency_ms": 105.42724314066731,
    "p50_latency_ms": 68.36168299923884,
    "p95_latency_ms": 217.76531874957072,
    "p99_latency_ms": 335.4836278806758,
    "p999_latency_ms": 401.97414388815434,
    "throughput_rps": 6.3988571199659745,
    "service_throughput_rps": 9.485214354564317,
    "hit_rate": 0.9672131147540983,
    "speculative_hits": 44,
    "speculative_hit_rate": 0.7457627118644068,
    "speculative_precomputes": 3,
    "speculative_cost_ms": 233.7653489976219,
    "wasted_precomputes": 0,
    "wasted_compute_ms": 0.0,
    "wasted_compute_ratio": 0.0,
    "utility_proxy_ms": 3403.7949919656967,
    "gpu_utilization_pct_mean": 70.3671875,
    "promotions": 4,
    "demotions": 0,
    "reuse_attempts": 59,
    "reuse_successes": 62,
    "reuse_failures": 0,
    "reuse_backend_fallbacks": 0,
    "store_attempts": 2,
    "store_successes": 1,
    "store_skips": 1,
    "bypassed_matches": 0,
    "requests_seen": 64,
    "reused_prefix_tokens_total": 1674,
    "recompute_tokens_total": 5855,
    "estimated_tokens_saved_total": 1593,
    "saved_latency_estimate_ms": 2728.235231895354,
    "store_latency_total_ms": 0.0,
    "full_prefill_latency_total_ms": 176.695779999136,
    "avg_reused_prefix_tokens": 27.0,
    "reuse_success_rate": 1.0,
    "cache_active_final": true,
    "auto_disabled_reason": null,
    "speculative_overlap_ms": 100.03507300098136,
    "speculative_overlap_events": 1,
    "bootstrap_store_deferrals": 1,
    "speculative_useful_savings_ms": 3403.7949919656967,
    "bypass_regret_ms_total": 0.0,
    "transfer_regret_ms_total": 0.0,
    "cache_disable_check_every": 8,
    "cache_disable_min_attempts": 8,
    "cache_disable_min_requests": 10,
    "cache_lookup_calls": 0,
    "cache_lookup_latency_total_ms": 0.0,
    "policy_planning_calls": 64,
    "policy_planning_latency_total_ms": 19.46285000849457,
    "semantic_query_calls": 64,
    "semantic_query_latency_total_ms": 15.742250992843765,
    "kv_materialization_calls": 4,
    "kv_materialization_latency_total_ms": 0.0,
    "backend_reuse_calls": 59,
    "backend_reuse_latency_total_ms": 6338.895132987091,
    "small_prefix_bypass_total": 0,
    "net_latency_saved_estimate_ms_total": 2613.756519004505,
    "utility_admission_enabled": false,
    "utility_admission_checks_total": 0,
    "utility_admission_admit_total": 0,
    "negative_utility_bypass_total": 0,
    "utility_expected_saved_ms_total": 0.0,
    "utility_expected_cost_ms_total": 0.0,
    "utility_net_ms_total": 0.0,
    "speculation_cooldown_events": 0,
    "speculation_paused_ticks": 92,
    "speculation_enabled_final": true,
    "effective_speculative_k_final": 2,
    "recent_reuse_density_final": 0.3192118226600985,
    "recent_hit_rate_final": 1.0,
    "semantic_ablation_mode": "safe",
    "policy_plans_total": 64,
    "policy_bypass_total": 1,
    "policy_exact_total": 59,
    "policy_semantic_partial_total": 4,
    "semantic_index_entries_final": 4,
    "semantic_queries_total": 64,
    "semantic_matches_total": 250,
    "semantic_partial_hits": 3,
    "semantic_partial_reused_tokens_total": 81,
    "semantic_opportunity_plans_total": 4,
    "semantic_opportunity_reused_tokens_total": 108,
    "semantic_opportunity_estimated_savings_ms": 45.580681221183724,
    "semantic_blocked_by_backend_total": 0,
    "fast_raw_bypass_total": 0,
    "raw_strategy": "strict_utility_gate",
    "raw_conservative_bypass_total": 0,
    "raw_observer_bypass_total": 0,
    "raw_reuse_evidence_strong_total": 0,
    "raw_reuse_evidence_weak_total": 0,
    "raw_graduated_total": 0,
    "raw_graduate_min_observations": 8,
    "raw_graduate_min_frequency": 0.35,
    "raw_graduate_min_prefix_len": 48,
    "semantic_queries_skipped_total": 0,
    "scaffold_bypass_store_successes": 1,
    "semantic_scaffold_store_successes": 0,
    "scaffold_only_attempts": 0,
    "scaffold_only_hits": 0,
    "early_layer_attempts": 0,
    "early_layer_hits": 0,
    "early_layer_reuse_ratio_sum": 0.0,
    "logit_guard_checks": 0,
    "logit_guard_passes": 0,
    "logit_guard_failures": 0,
    "logit_guard_distance_sum": 0.0,
    "logit_guard_threshold": 0.08,
    "semantic_guarded_hits": 0,
    "semantic_sandbox_checks": 0,
    "semantic_sandbox_passes": 0,
    "semantic_sandbox_failures": 0,
    "semantic_sandbox_divergence_sum": 0.0,
    "semantic_quality_divergence_sum": 0.06589982404122337,
    "semantic_quality_divergence_events": 3,
    "layer_reuse_ratio_sum": 60.11332229255103,
    "layer_reuse_events": 63,
    "policy_expected_benefit_ms": 99.54256354700016,
    "policy_expected_cost_ms": 53.96188232581645,
    "policy_expected_waste_ms": 4.406048249090496,
    "policy_net_utility_ms": 5922.730770082306,
    "opportunistic_prefill_store_successes": 1,
    "fast_exact_path_hits": 59,
    "utility_bucket_0_64_observations": 65,
    "utility_bucket_0_64_full_ms_per_token": 1.786566195327544,
    "utility_bucket_0_64_reuse_overhead_ms": 5.1849884807069705e-05,
    "utility_bucket_0_64_admitted": 0,
    "utility_bucket_0_64_negative_bypass": 0,
    "utility_bucket_65_128_observations": 2,
    "utility_bucket_65_128_full_ms_per_token": 0.8137004107400412,
    "utility_bucket_65_128_reuse_overhead_ms": 8.0,
    "utility_bucket_65_128_admitted": 0,
    "utility_bucket_65_128_negative_bypass": 0,
    "speedup_vs_no_cache_mean": 1.1702069821436962,
    "speedup_vs_no_cache_p95": 1.2457313889891666
  },
  "config": {
    "backend": "hf",
    "model": "google/gemma-2b-it",
    "device": "cuda",
    "dtype": "float16",
    "tensor_parallel_size": 1,
    "trust_remote_code": false,
    "disable_native_prefix_caching": false,
    "include_experimental": false,
    "engines": [
      "no_cache",
      "shadow_kv",
      "shadow_kv_plus"
    ],
    "include_runtime_baselines": false,
    "include_semantic_ablations": false,
    "policy_preset": "balanced",
    "enable_policy_tuning": false,
    "policy_tuning_requests": 24,
    "policy_tuning_presets": [
      "balanced",
      "aggressive_prefix",
      "aggressive_gpu"
    ],
    "policy_tuning_metric": "utility_adjusted_latency",
    "enable_policy_trace": false,
    "enable_decision_log": false,
    "config_path": "/home/kushalkhemani/research/shadowkv_p100/config/config.yaml",
    "semantic_index_diagnostics": false,
    "allow_unsafe_semantic_kv_reuse": true,
    "early_layer_reuse_ratio": 0.35,
    "logit_guard_threshold": 0.08,
    "min_reuse_prefix_tokens": null,
    "disable_utility_admission": false,
    "utility_min_net_saved_ms": null,
    "measure_energy": false,
    "gpu_index": 0,
    "idle_baseline_seconds": 0.0,
    "energy_output_csv": null,
    "workload": "public_dataset",
    "variant": "high_skew",
    "dataset": "dolly",
    "prompt_mode": "semantic",
    "dataset_split": null,
    "n_requests": 64,
    "simulate_arrivals": true,
    "mean_inter_arrival_ms": 50.0,
    "max_arrival_sleep_ms": 500.0,
    "max_memory_mb": 64,
    "speculative_k": 2,
    "idle_threshold_ms": 30.0,
    "seed": 42,
    "output_dir": "/home/kushalkhemani/research/shadowkv_p100/results_p100_n64_3seed/google_gemma-2b-it/semantic/seed_42/dolly",
    "resolved_prompt_mode": "semantic",
    "shadowkv_policy_calibration": {
      "profile_lengths": [
        8,
        16,
        32,
        48,
        64,
        96
      ],
      "profile_latencies_ms": [
        77.36237249901023,
        79.03830399845901,
        54.27258849977079,
        65.68205799976568,
        66.320091000307,
        88.61737649931456
      ],
      "profile_ms_per_token": [
        9.67029656237628,
        4.939893999903688,
        1.6960183906178372,
        1.3683762083284516,
        1.036251421879797,
        0.92309767186786
      ],
      "token_benefit_ms": 0.995928244657544,
      "speculation_penalty_ms": 10.854517699954158,
      "prefill_ms_per_token": 0.995928244657544,
      "fixed_prefill_overhead_ms": 10.854517699954158,
      "kv_mb_per_token": 0.017578125,
      "policy_preset": "balanced"
    },
    "shadowkv_policy_kwargs": {
      "min_frequency": 0.08,
      "prefill_ms_per_token": 0.995928244657544,
      "fixed_prefill_overhead_ms": 10.854517699954158,
      "memory_penalty_per_mb": 0.75,
      "kv_mb_per_token": 0.017578125,
      "idle_cost_fraction": 0.55,
      "gpu_idle_cost_fraction": 0.3,
      "benefit_cost_ratio": 0.85,
      "max_admissions_per_idle": 4,
      "min_prefix_len": 16,
      "preferred_prefix_len": 80,
      "max_prefix_len": 224,
      "min_observations": 1,
      "min_expected_net_ms": 2.48982061164386,
      "min_recent_support": 0.01,
      "recent_support_weight": 0.6,
      "recent_streak_weight": 0.22,
      "observation_weight": 0.18,
      "global_frequency_weight": 0.22,
      "reuse_discount": 0.95,
      "min_utility_score": 0.02,
      "reuse_horizon_s": 1.5,
      "bootstrap_horizon_requests": 1.2,
      "branching_weight": 0.14
    },
    "policy_tuning_report": null,
    "resolved_model": "google/gemma-2b-it",
    "config_version": "shadowkv-policy-v1",
    "config_hash_sha256": "22ef8f32dd8dd01f08e85becac910d9c66eafb9b01b52aecca99949b2b3529df",
    "run_manifest_file": "/home/kushalkhemani/research/shadowkv_p100/results_p100_n64_3seed/google_gemma-2b-it/semantic/seed_42/dolly/run_manifest.json",
    "policy_trace_file": null,
    "policy_trace_rows": 0,
    "decision_log_file": null
  },
  "capabilities": {
    "supports_external_kv": true,
    "supports_native_prefix_caching": false
  }
}
Saved to /home/kushalkhemani/research/shadowkv_p100/results_p100_n64_3seed/google_gemma-2b-it/semantic/seed_42/dolly/benchmark_hf_google_gemma-2b-it_public_dataset_dolly_semantic_cuda.json
Policy trace disabled. Re-run with --enable_policy_trace to emit policy_trace.jsonl.
