/home/kushalkhemani/research/myenv/lib/python3.12/site-packages/torch/cuda/__init__.py:58: FutureWarning: The pynvml package is deprecated. Please install nvidia-ml-py instead. If you did not install pynvml directly, please report this to the maintainers of the package that installed pynvml for you.
  import pynvml  # type: ignore[import]
Using the latest cached version of the dataset since knkarthick/samsum couldn't be found on the Hugging Face Hub (offline mode is enabled).
Found the latest cached dataset configuration 'default' at /home/kushalkhemani/.cache/huggingface/datasets/knkarthick___samsum/default/0.0.0/6b929ff10edec703164e3ddb2e94aae058c9ab5f (last modified on Thu Apr 30 10:11:02 2026).
`torch_dtype` is deprecated! Use `dtype` instead!
Loading checkpoint shards:   0%|          | 0/2 [00:00<?, ?it/s]Loading checkpoint shards:  50%|█████     | 1/2 [00:00<00:00,  1.54it/s]Loading checkpoint shards: 100%|██████████| 2/2 [00:00<00:00,  3.01it/s]
Loading checkpoint shards:   0%|          | 0/2 [00:00<?, ?it/s]Loading checkpoint shards:  50%|█████     | 1/2 [00:00<00:00,  1.56it/s]Loading checkpoint shards: 100%|██████████| 2/2 [00:00<00:00,  3.06it/s]
Loading checkpoint shards:   0%|          | 0/2 [00:00<?, ?it/s]Loading checkpoint shards:  50%|█████     | 1/2 [00:00<00:00,  1.56it/s]Loading checkpoint shards: 100%|██████████| 2/2 [00:00<00:00,  3.07it/s]
Loading checkpoint shards:   0%|          | 0/2 [00:00<?, ?it/s]Loading checkpoint shards:  50%|█████     | 1/2 [00:00<00:00,  1.52it/s]Loading checkpoint shards: 100%|██████████| 2/2 [00:00<00:00,  3.00it/s]
Loading checkpoint shards:   0%|          | 0/2 [00:00<?, ?it/s]Loading checkpoint shards:  50%|█████     | 1/2 [00:00<00:00,  1.52it/s]Loading checkpoint shards: 100%|██████████| 2/2 [00:00<00:00,  3.00it/s]
{
  "no_cache": {
    "mean_latency_ms": 191.69783643741312,
    "p50_latency_ms": 168.17197500040493,
    "p95_latency_ms": 313.98035889978917,
    "p99_latency_ms": 401.36394573964935,
    "p999_latency_ms": 401.84618037445034,
    "throughput_rps": 3.999268507295261,
    "service_throughput_rps": 5.216542964617585,
    "hit_rate": 0.0,
    "speculative_hits": 0,
    "speculative_hit_rate": 0.0,
    "speculative_precomputes": 0,
    "speculative_cost_ms": 0.0,
    "wasted_precomputes": 0,
    "wasted_compute_ms": 0.0,
    "wasted_compute_ratio": 0.0,
    "utility_proxy_ms": 0.0,
    "gpu_utilization_pct_mean": 83.75,
    "promotions": 0,
    "demotions": 0,
    "reuse_attempts": 0,
    "reuse_successes": 0,
    "reuse_failures": 0,
    "reuse_backend_fallbacks": 0,
    "store_attempts": 0,
    "store_successes": 0,
    "store_skips": 0,
    "bypassed_matches": 0,
    "requests_seen": 64,
    "reused_prefix_tokens_total": 0,
    "recompute_tokens_total": 12890,
    "estimated_tokens_saved_total": 0,
    "saved_latency_estimate_ms": 0.0,
    "store_latency_total_ms": 0.0,
    "full_prefill_latency_total_ms": 12268.66153199444,
    "avg_reused_prefix_tokens": 0.0,
    "reuse_success_rate": 0.0,
    "cache_active_final": false,
    "auto_disabled_reason": null,
    "speculative_overlap_ms": 0.0,
    "speculative_overlap_events": 0,
    "bootstrap_store_deferrals": 0,
    "speculative_useful_savings_ms": 0.0,
    "bypass_regret_ms_total": 0.0,
    "transfer_regret_ms_total": 0.0,
    "cache_disable_check_every": 8,
    "cache_disable_min_attempts": 8,
    "cache_disable_min_requests": 10,
    "cache_lookup_calls": 0,
    "cache_lookup_latency_total_ms": 0.0,
    "policy_planning_calls": 0,
    "policy_planning_latency_total_ms": 0.0,
    "semantic_query_calls": 0,
    "semantic_query_latency_total_ms": 0.0,
    "kv_materialization_calls": 0,
    "kv_materialization_latency_total_ms": 0.0,
    "backend_reuse_calls": 0,
    "backend_reuse_latency_total_ms": 0.0,
    "small_prefix_bypass_total": 0,
    "net_latency_saved_estimate_ms_total": 0.0,
    "utility_admission_enabled": false,
    "utility_admission_checks_total": 0,
    "utility_admission_admit_total": 0,
    "negative_utility_bypass_total": 0,
    "utility_expected_saved_ms_total": 0.0,
    "utility_expected_cost_ms_total": 0.0,
    "utility_net_ms_total": 0.0,
    "utility_bucket_129_256_observations": 30,
    "utility_bucket_129_256_full_ms_per_token": 0.9386708119485678,
    "utility_bucket_129_256_reuse_overhead_ms": 8.0,
    "utility_bucket_129_256_admitted": 0,
    "utility_bucket_129_256_negative_bypass": 0,
    "utility_bucket_257_512_observations": 17,
    "utility_bucket_257_512_full_ms_per_token": 0.916483903639598,
    "utility_bucket_257_512_reuse_overhead_ms": 8.0,
    "utility_bucket_257_512_admitted": 0,
    "utility_bucket_257_512_negative_bypass": 0,
    "utility_bucket_65_128_observations": 17,
    "utility_bucket_65_128_full_ms_per_token": 1.0300575276047141,
    "utility_bucket_65_128_reuse_overhead_ms": 8.0,
    "utility_bucket_65_128_admitted": 0,
    "utility_bucket_65_128_negative_bypass": 0,
    "speedup_vs_no_cache_mean": 1.0,
    "speedup_vs_no_cache_p95": 1.0
  },
  "shadow_kv": {
    "mean_latency_ms": 171.76542246883741,
    "p50_latency_ms": 159.246248999807,
    "p95_latency_ms": 300.1355797996439,
    "p99_latency_ms": 382.85063121989873,
    "p999_latency_ms": 398.889703821411,
    "throughput_rps": 4.413021163786246,
    "service_throughput_rps": 5.8218935198172685,
    "hit_rate": 0.90625,
    "speculative_hits": 30,
    "speculative_hit_rate": 0.5172413793103449,
    "speculative_precomputes": 2,
    "speculative_cost_ms": 394.21854299871484,
    "wasted_precomputes": 0,
    "wasted_compute_ms": 0.0,
    "wasted_compute_ratio": 0.0,
    "utility_proxy_ms": 5913.278144980723,
    "gpu_utilization_pct_mean": 81.6484375,
    "promotions": 4,
    "demotions": 0,
    "reuse_attempts": 58,
    "reuse_successes": 58,
    "reuse_failures": 0,
    "reuse_backend_fallbacks": 0,
    "store_attempts": 6,
    "store_successes": 2,
    "store_skips": 4,
    "bypassed_matches": 0,
    "requests_seen": 64,
    "reused_prefix_tokens_total": 1841,
    "recompute_tokens_total": 11049,
    "estimated_tokens_saved_total": 1841,
    "saved_latency_estimate_ms": 3491.0428355832864,
    "store_latency_total_ms": 121.84550500023761,
    "full_prefill_latency_total_ms": 1461.5000040012092,
    "avg_reused_prefix_tokens": 31.74137931034483,
    "reuse_success_rate": 1.0,
    "cache_active_final": true,
    "auto_disabled_reason": null,
    "speculative_overlap_ms": 324.7479809997458,
    "speculative_overlap_events": 1,
    "bootstrap_store_deferrals": 4,
    "speculative_useful_savings_ms": 5913.278144980723,
    "bypass_regret_ms_total": 0.0,
    "transfer_regret_ms_total": 0.0,
    "cache_disable_check_every": 8,
    "cache_disable_min_attempts": 8,
    "cache_disable_min_requests": 10,
    "cache_lookup_calls": 0,
    "cache_lookup_latency_total_ms": 0.0,
    "policy_planning_calls": 0,
    "policy_planning_latency_total_ms": 0.0,
    "semantic_query_calls": 0,
    "semantic_query_latency_total_ms": 0.0,
    "kv_materialization_calls": 4,
    "kv_materialization_latency_total_ms": 1.8839019976439886,
    "backend_reuse_calls": 58,
    "backend_reuse_latency_total_ms": 9433.578265001415,
    "small_prefix_bypass_total": 0,
    "net_latency_saved_estimate_ms_total": 3428.719227050124,
    "utility_admission_enabled": false,
    "utility_admission_checks_total": 0,
    "utility_admission_admit_total": 0,
    "negative_utility_bypass_total": 0,
    "utility_expected_saved_ms_total": 0.0,
    "utility_expected_cost_ms_total": 0.0,
    "utility_net_ms_total": 0.0,
    "speculation_cooldown_events": 0,
    "speculation_paused_ticks": 88,
    "speculation_enabled_final": true,
    "effective_speculative_k_final": 2,
    "recent_reuse_density_final": 0.16536458333333334,
    "recent_hit_rate_final": 1.0,
    "utility_bucket_0_64_observations": 62,
    "utility_bucket_0_64_full_ms_per_token": 2.563538707098077,
    "utility_bucket_0_64_reuse_overhead_ms": 3.251989727492369e-05,
    "utility_bucket_0_64_admitted": 0,
    "utility_bucket_0_64_negative_bypass": 0,
    "utility_bucket_129_256_observations": 3,
    "utility_bucket_129_256_full_ms_per_token": 0.7638733723304514,
    "utility_bucket_129_256_reuse_overhead_ms": 8.0,
    "utility_bucket_129_256_admitted": 0,
    "utility_bucket_129_256_negative_bypass": 0,
    "utility_bucket_257_512_observations": 3,
    "utility_bucket_257_512_full_ms_per_token": 0.8231020595104204,
    "utility_bucket_257_512_reuse_overhead_ms": 8.0,
    "utility_bucket_257_512_admitted": 0,
    "utility_bucket_257_512_negative_bypass": 0,
    "speedup_vs_no_cache_mean": 1.116044391717966,
    "speedup_vs_no_cache_p95": 1.0461284167288243
  },
  "shadow_kv_plus": {
    "mean_latency_ms": 167.2026611250601,
    "p50_latency_ms": 149.08386099978088,
    "p95_latency_ms": 299.2006822504663,
    "p99_latency_ms": 351.1980450507324,
    "p999_latency_ms": 396.1077138055302,
    "throughput_rps": 4.413011981457687,
    "service_throughput_rps": 5.980766055224712,
    "hit_rate": 0.9672131147540983,
    "speculative_hits": 29,
    "speculative_hit_rate": 0.4915254237288136,
    "speculative_precomputes": 2,
    "speculative_cost_ms": 152.24458699776733,
    "wasted_precomputes": 0,
    "wasted_compute_ms": 0.0,
    "wasted_compute_ratio": 0.0,
    "utility_proxy_ms": 2208.526695967521,
    "gpu_utilization_pct_mean": 78.953125,
    "promotions": 4,
    "demotions": 0,
    "reuse_attempts": 59,
    "reuse_successes": 62,
    "reuse_failures": 0,
    "reuse_backend_fallbacks": 0,
    "store_attempts": 2,
    "store_successes": 2,
    "store_skips": 0,
    "bypassed_matches": 0,
    "requests_seen": 64,
    "reused_prefix_tokens_total": 1970,
    "recompute_tokens_total": 10920,
    "estimated_tokens_saved_total": 1876,
    "saved_latency_estimate_ms": 2253.3225291552126,
    "store_latency_total_ms": 0.0,
    "full_prefill_latency_total_ms": 569.5305450008163,
    "avg_reused_prefix_tokens": 31.774193548387096,
    "reuse_success_rate": 1.0,
    "cache_active_final": true,
    "auto_disabled_reason": null,
    "speculative_overlap_ms": 9.293831999457325,
    "speculative_overlap_events": 1,
    "bootstrap_store_deferrals": 0,
    "speculative_useful_savings_ms": 2208.526695967521,
    "bypass_regret_ms_total": 0.0,
    "transfer_regret_ms_total": 0.0,
    "cache_disable_check_every": 8,
    "cache_disable_min_attempts": 8,
    "cache_disable_min_requests": 10,
    "cache_lookup_calls": 0,
    "cache_lookup_latency_total_ms": 0.0,
    "policy_planning_calls": 64,
    "policy_planning_latency_total_ms": 26.232888016238576,
    "semantic_query_calls": 64,
    "semantic_query_latency_total_ms": 22.124423003333504,
    "kv_materialization_calls": 4,
    "kv_materialization_latency_total_ms": 0.0,
    "backend_reuse_calls": 59,
    "backend_reuse_latency_total_ms": 9675.623929006179,
    "small_prefix_bypass_total": 0,
    "net_latency_saved_estimate_ms_total": 2211.2053629731713,
    "utility_admission_enabled": false,
    "utility_admission_checks_total": 0,
    "utility_admission_admit_total": 0,
    "negative_utility_bypass_total": 0,
    "utility_expected_saved_ms_total": 0.0,
    "utility_expected_cost_ms_total": 0.0,
    "utility_net_ms_total": 0.0,
    "speculation_cooldown_events": 0,
    "speculation_paused_ticks": 69,
    "speculation_enabled_final": true,
    "effective_speculative_k_final": 2,
    "recent_reuse_density_final": 0.16536458333333334,
    "recent_hit_rate_final": 1.0,
    "semantic_ablation_mode": "safe",
    "policy_plans_total": 64,
    "policy_bypass_total": 2,
    "policy_exact_total": 59,
    "policy_semantic_partial_total": 3,
    "semantic_index_entries_final": 4,
    "semantic_queries_total": 64,
    "semantic_matches_total": 250,
    "semantic_partial_hits": 3,
    "semantic_partial_reused_tokens_total": 94,
    "semantic_opportunity_plans_total": 3,
    "semantic_opportunity_reused_tokens_total": 94,
    "semantic_opportunity_estimated_savings_ms": 31.45451452109408,
    "semantic_blocked_by_backend_total": 0,
    "fast_raw_bypass_total": 0,
    "raw_strategy": "strict_utility_gate",
    "raw_conservative_bypass_total": 0,
    "raw_observer_bypass_total": 0,
    "raw_reuse_evidence_strong_total": 0,
    "raw_reuse_evidence_weak_total": 0,
    "raw_graduated_total": 0,
    "raw_graduate_min_observations": 8,
    "raw_graduate_min_frequency": 0.35,
    "raw_graduate_min_prefix_len": 48,
    "semantic_queries_skipped_total": 0,
    "scaffold_bypass_store_successes": 2,
    "semantic_scaffold_store_successes": 0,
    "scaffold_only_attempts": 0,
    "scaffold_only_hits": 0,
    "early_layer_attempts": 0,
    "early_layer_hits": 0,
    "early_layer_reuse_ratio_sum": 0.0,
    "logit_guard_checks": 0,
    "logit_guard_passes": 0,
    "logit_guard_failures": 0,
    "logit_guard_distance_sum": 0.0,
    "logit_guard_threshold": 0.08,
    "semantic_guarded_hits": 0,
    "semantic_sandbox_checks": 0,
    "semantic_sandbox_passes": 0,
    "semantic_sandbox_failures": 0,
    "semantic_sandbox_divergence_sum": 0.0,
    "semantic_quality_divergence_sum": 0.06580465377075988,
    "semantic_quality_divergence_events": 3,
    "layer_reuse_ratio_sum": 60.05756674747464,
    "layer_reuse_events": 63,
    "policy_expected_benefit_ms": 97.38503797062887,
    "policy_expected_cost_ms": 66.53533277949538,
    "policy_expected_waste_ms": 4.7228410465624675,
    "policy_net_utility_ms": 5913.044146811368,
    "opportunistic_prefill_store_successes": 2,
    "fast_exact_path_hits": 59,
    "utility_bucket_0_64_observations": 64,
    "utility_bucket_0_64_full_ms_per_token": 1.3134346573658222,
    "utility_bucket_0_64_reuse_overhead_ms": 1.438156853082312e-05,
    "utility_bucket_0_64_admitted": 0,
    "utility_bucket_0_64_negative_bypass": 0,
    "utility_bucket_129_256_observations": 1,
    "utility_bucket_129_256_full_ms_per_token": 0.6554509041669887,
    "utility_bucket_129_256_reuse_overhead_ms": 8.0,
    "utility_bucket_129_256_admitted": 0,
    "utility_bucket_129_256_negative_bypass": 0,
    "utility_bucket_257_512_observations": 1,
    "utility_bucket_257_512_full_ms_per_token": 0.687822630570211,
    "utility_bucket_257_512_reuse_overhead_ms": 8.0,
    "utility_bucket_257_512_admitted": 0,
    "utility_bucket_257_512_negative_bypass": 0,
    "speedup_vs_no_cache_mean": 1.1464999130248992,
    "speedup_vs_no_cache_p95": 1.0493972023665057
  },
  "config": {
    "backend": "hf",
    "model": "google/gemma-2b-it",
    "device": "cuda",
    "dtype": "float16",
    "tensor_parallel_size": 1,
    "trust_remote_code": false,
    "disable_native_prefix_caching": false,
    "include_experimental": false,
    "engines": [
      "no_cache",
      "shadow_kv",
      "shadow_kv_plus"
    ],
    "include_runtime_baselines": false,
    "include_semantic_ablations": false,
    "policy_preset": "balanced",
    "enable_policy_tuning": false,
    "policy_tuning_requests": 24,
    "policy_tuning_presets": [
      "balanced",
      "aggressive_prefix",
      "aggressive_gpu"
    ],
    "policy_tuning_metric": "utility_adjusted_latency",
    "enable_policy_trace": false,
    "enable_decision_log": false,
    "config_path": "/home/kushalkhemani/research/shadowkv_p100/config/config.yaml",
    "semantic_index_diagnostics": false,
    "allow_unsafe_semantic_kv_reuse": true,
    "early_layer_reuse_ratio": 0.35,
    "logit_guard_threshold": 0.08,
    "min_reuse_prefix_tokens": null,
    "disable_utility_admission": false,
    "utility_min_net_saved_ms": null,
    "measure_energy": false,
    "gpu_index": 0,
    "idle_baseline_seconds": 0.0,
    "energy_output_csv": null,
    "workload": "public_dataset",
    "variant": "high_skew",
    "dataset": "samsum",
    "prompt_mode": "semantic",
    "dataset_split": null,
    "n_requests": 64,
    "simulate_arrivals": true,
    "mean_inter_arrival_ms": 50.0,
    "max_arrival_sleep_ms": 500.0,
    "max_memory_mb": 64,
    "speculative_k": 2,
    "idle_threshold_ms": 30.0,
    "seed": 42,
    "output_dir": "/home/kushalkhemani/research/shadowkv_p100/results_p100_n64_3seed/google_gemma-2b-it/semantic/seed_42/samsum",
    "resolved_prompt_mode": "semantic",
    "shadowkv_policy_calibration": {
      "profile_lengths": [
        8,
        16,
        32,
        48,
        64,
        96
      ],
      "profile_latencies_ms": [
        77.4501895002686,
        79.13614949939074,
        54.398022999521345,
        65.90254600087064,
        66.41044200114266,
        88.32416299992474
      ],
      "profile_ms_per_token": [
        9.681273687533576,
        4.946009343711921,
        1.699938218735042,
        1.3729697083514718,
        1.037663156267854,
        0.9200433645825493
      ],
      "token_benefit_ms": 0.9986950763031172,
      "speculation_penalty_ms": 10.879604599904269,
      "prefill_ms_per_token": 0.9986950763031172,
      "fixed_prefill_overhead_ms": 10.879604599904269,
      "kv_mb_per_token": 0.017578125,
      "policy_preset": "balanced"
    },
    "shadowkv_policy_kwargs": {
      "min_frequency": 0.08,
      "prefill_ms_per_token": 0.9986950763031172,
      "fixed_prefill_overhead_ms": 10.879604599904269,
      "memory_penalty_per_mb": 0.75,
      "kv_mb_per_token": 0.017578125,
      "idle_cost_fraction": 0.55,
      "gpu_idle_cost_fraction": 0.3,
      "benefit_cost_ratio": 0.85,
      "max_admissions_per_idle": 4,
      "min_prefix_len": 16,
      "preferred_prefix_len": 80,
      "max_prefix_len": 224,
      "min_observations": 1,
      "min_expected_net_ms": 2.4967376907577927,
      "min_recent_support": 0.01,
      "recent_support_weight": 0.6,
      "recent_streak_weight": 0.22,
      "observation_weight": 0.18,
      "global_frequency_weight": 0.22,
      "reuse_discount": 0.95,
      "min_utility_score": 0.02,
      "reuse_horizon_s": 1.5,
      "bootstrap_horizon_requests": 1.2,
      "branching_weight": 0.14
    },
    "policy_tuning_report": null,
    "resolved_model": "google/gemma-2b-it",
    "config_version": "shadowkv-policy-v1",
    "config_hash_sha256": "22ef8f32dd8dd01f08e85becac910d9c66eafb9b01b52aecca99949b2b3529df",
    "run_manifest_file": "/home/kushalkhemani/research/shadowkv_p100/results_p100_n64_3seed/google_gemma-2b-it/semantic/seed_42/samsum/run_manifest.json",
    "policy_trace_file": null,
    "policy_trace_rows": 0,
    "decision_log_file": null
  },
  "capabilities": {
    "supports_external_kv": true,
    "supports_native_prefix_caching": false
  }
}
Saved to /home/kushalkhemani/research/shadowkv_p100/results_p100_n64_3seed/google_gemma-2b-it/semantic/seed_42/samsum/benchmark_hf_google_gemma-2b-it_public_dataset_samsum_semantic_cuda.json
Policy trace disabled. Re-run with --enable_policy_trace to emit policy_trace.jsonl.
