/usr/local/lib/python3.12/dist-packages/torch/cuda/__init__.py:61: FutureWarning: The pynvml package is deprecated. Please install nvidia-ml-py instead. If you did not install pynvml directly, please report this to the maintainers of the package that installed pynvml for you.
  import pynvml  # type: ignore[import]
[32;20m[2026-06-17 02:09:09,135] LMCache INFO:[0m  torch_dev=<module 'torch.cuda' from '/usr/local/lib/python3.12/dist-packages/torch/cuda/__init__.py'>, torch_device_type=cuda [3m(__init__.py:62:lmcache)[0m
[32;20m[2026-06-17 02:09:09,495] LMCache INFO:[0m Skipping backend lmcache.xpu_ops: predicate returned False [3m(__init__.py:94:lmcache)[0m
[32;20m[2026-06-17 02:09:09,497] LMCache INFO:[0m Using backend: lmcache.c_ops [3m(__init__.py:112:lmcache)[0m
[32;20m[2026-06-17 02:09:09,966] LMCache INFO:[0m multi_layer_block_kv_transfer mode: ptr [3m(base.py:94:lmcache.v1.multiprocess.transfer_context.base)[0m
[32;20m[2026-06-17 02:09:11,204] LMCache INFO:[0m Discovered API module: cache_api [3m(router_discovery.py:53:lmcache.v1.utils.router_discovery)[0m
[32;20m[2026-06-17 02:09:11,205] LMCache INFO:[0m Discovered API module: env_api [3m(router_discovery.py:53:lmcache.v1.utils.router_discovery)[0m
[32;20m[2026-06-17 02:09:11,205] LMCache INFO:[0m Discovered API module: loglevel_api [3m(router_discovery.py:53:lmcache.v1.utils.router_discovery)[0m
[32;20m[2026-06-17 02:09:11,206] LMCache INFO:[0m Discovered API module: metrics_api [3m(router_discovery.py:53:lmcache.v1.utils.router_discovery)[0m
[32;20m[2026-06-17 02:09:11,207] LMCache INFO:[0m Discovered API module: periodic_thread_api [3m(router_discovery.py:53:lmcache.v1.utils.router_discovery)[0m
[32;20m[2026-06-17 02:09:11,207] LMCache INFO:[0m Discovered API module: run_script_api [3m(router_discovery.py:53:lmcache.v1.utils.router_discovery)[0m
[32;20m[2026-06-17 02:09:11,207] LMCache INFO:[0m Discovered API module: thread_api [3m(router_discovery.py:53:lmcache.v1.utils.router_discovery)[0m
[32;20m[2026-06-17 02:09:11,209] LMCache INFO:[0m Discovered API module: common_api [3m(router_discovery.py:53:lmcache.v1.utils.router_discovery)[0m
[32;20m[2026-06-17 02:09:11,209] LMCache INFO:[0m Discovered API module: conf_api [3m(router_discovery.py:53:lmcache.v1.utils.router_discovery)[0m
[32;20m[2026-06-17 02:09:11,209] LMCache INFO:[0m Discovered API module: healthcheck_api [3m(router_discovery.py:53:lmcache.v1.utils.router_discovery)[0m
[32;20m[2026-06-17 02:09:11,210] LMCache INFO:[0m Discovered API module: quota_api [3m(router_discovery.py:53:lmcache.v1.utils.router_discovery)[0m
[32;20m[2026-06-17 02:09:11,212] LMCache INFO:[0m Discovered API module: reconfigure_api [3m(router_discovery.py:53:lmcache.v1.utils.router_discovery)[0m
[32;20m[2026-06-17 02:09:11,212] LMCache INFO:[0m Discovered API module: root_api [3m(router_discovery.py:53:lmcache.v1.utils.router_discovery)[0m
[32;20m[2026-06-17 02:09:11,213] LMCache INFO:[0m Discovered API module: status_api [3m(router_discovery.py:53:lmcache.v1.utils.router_discovery)[0m
[32;20m[2026-06-17 02:09:11,213] LMCache INFO:[0m Discovered API module: version_api [3m(router_discovery.py:53:lmcache.v1.utils.router_discovery)[0m
[32;20m[2026-06-17 02:09:11,220] LMCache INFO:[0m Starting LMCache HTTP server on http://127.0.0.1:8088 [3m(http_server.py:230:lmcache.v1.multiprocess.http_server)[0m
INFO:     Started server process [69]
INFO:     Waiting for application startup.
[32;20m[2026-06-17 02:09:11,422] LMCache INFO:[0m Starting LMCache HTTP server... (accelerator available: True) [3m(http_server.py:68:lmcache.v1.multiprocess.http_server)[0m
[32;20m[2026-06-17 02:09:11,430] LMCache INFO:[0m OTel MeterProvider initialised with Prometheus fallback (standalone metrics HTTP server disabled; /metrics must be exposed by the caller), resource={'telemetry.sdk.language': 'python', 'telemetry.sdk.name': 'opentelemetry', 'telemetry.sdk.version': '1.40.0', 'service.instance.id': '09e970ac-84c9-4743-9d9f-075a012966bb', 'service.name': 'unknown_service'} [3m(otel_init.py:114:lmcache.v1.mp_observability.otel_init)[0m
[32;20m[2026-06-17 02:09:11,430] LMCache INFO:[0m LookupHashLoggingSubscriber started: output_dir=/workspace/shadowkv/results_sglang_lmcache_shadowkv_3models_identical_blocks_3reps_2026-06-16/qwen25_15b/rep_2/xsum/rag/lmcache_no_native_radix/lmcache_lookup_hash, rotation_interval=21600s, rotation_max_size=104857600, max_files=100, existing_files=0 [3m(lookup_hash.py:113:lmcache.v1.mp_observability.subscribers.logging.lookup_hash)[0m
[32;20m[2026-06-17 02:09:11,431] LMCache INFO:[0m Checking if shm capacity is larger than L1 request [3m(server.py:265:lmcache.v1.multiprocess.server)[0m
[32;20m[2026-06-17 02:09:11,696] LMCache INFO:[0m Starting L1EvictionController... [3m(eviction_controller.py:53:lmcache.v1.distributed.storage_controllers.eviction_controller)[0m
[32;20m[2026-06-17 02:09:11,705] LMCache INFO:[0m Starting L2EvictionController... [3m(eviction_controller.py:229:lmcache.v1.distributed.storage_controllers.eviction_controller)[0m
[32;20m[2026-06-17 02:09:11,706] LMCache INFO:[0m Starting StoreController... [3m(store_controller.py:274:lmcache.v1.distributed.storage_controllers.store_controller)[0m
[32;20m[2026-06-17 02:09:11,706] LMCache INFO:[0m Starting PrefetchController... [3m(prefetch_controller.py:457:lmcache.v1.distributed.storage_controllers.prefetch_controller)[0m
[32;20m[2026-06-17 02:09:11,714] LMCache INFO:[0m Using blake3 hash function [3m(token_hasher.py:79:lmcache.v1.multiprocess.token_hasher)[0m
[32;20m[2026-06-17 02:09:11,723] LMCache INFO:[0m Computed NONE_HASH=b"~>\xff\x9e\xf7a:P4\x0e\xb1&w\xee\x03\xb8:\xc7Y\xfc\xba\x9b\xb3'\x05\xf0rH\xd5mG;" using hash function [3m(token_hasher.py:180:lmcache.v1.multiprocess.token_hasher)[0m
[32;20m[2026-06-17 02:09:11,723] LMCache INFO:[0m TokenHasher initialized: chunk_size=256, hash_algorithm=blake3 [3m(token_hasher.py:67:lmcache.v1.multiprocess.token_hasher)[0m
[32;20m[2026-06-17 02:09:11,732] LMCache INFO:[0m Supported transfer mode: auto [3m(server.py:184:lmcache.v1.multiprocess.server)[0m
[32;20m[2026-06-17 02:09:11,734] LMCache INFO:[0m LMCache ZMQ cache server is running on tcp://127.0.0.1:5555 [3m(server.py:320:lmcache.v1.multiprocess.server)[0m
[32;20m[2026-06-17 02:09:11,742] LMCache INFO:[0m LMCache cache server is running... [3m(server.py:335:lmcache.v1.multiprocess.server)[0m
[32;20m[2026-06-17 02:09:11,742] LMCache INFO:[0m LMCache HTTP server initialized [3m(http_server.py:159:lmcache.v1.multiprocess.http_server)[0m
INFO:     Application startup complete.
INFO:     Uvicorn running on http://127.0.0.1:8088 (Press CTRL+C to quit)
[32;20m[2026-06-17 02:09:12,429] LMCache INFO:[0m Checking memory allocator consistency [3m(memory_management.py:1738:lmcache.v1.memory_management)[0m
[32;20m[2026-06-17 02:09:12,429] LMCache INFO:[0m  - Total active allocations: 0 [3m(memory_management.py:1739:lmcache.v1.memory_management)[0m
[32;20m[2026-06-17 02:09:12,429] LMCache INFO:[0m  - Total allocated size: 0.0 MB [3m(memory_management.py:1740:lmcache.v1.memory_management)[0m
[32;20m[2026-06-17 02:09:12,429] LMCache INFO:[0m  - Total free size: 7168.0 MB [3m(memory_management.py:1747:lmcache.v1.memory_management)[0m
INFO:     127.0.0.1:35830 - "GET /status HTTP/1.1" 200 OK
[32;20m[2026-06-17 02:09:13,007] LMCache INFO:[0m LazyMemoryAllocator: Expanded 10240 MB pinned memory, now total is 11264 MB / 20480 MB (55.0%) [3m(lazy_memory_allocator.py:259:lmcache.v1.lazy_memory_allocator)[0m
[32;20m[2026-06-17 02:09:14,535] LMCache INFO:[0m LazyMemoryAllocator: Expanded 9216 MB pinned memory, now total is 20480 MB / 20480 MB (100.0%) [3m(lazy_memory_allocator.py:259:lmcache.v1.lazy_memory_allocator)[0m
[32;20m[2026-06-17 02:09:31,406] LMCache INFO:[0m list_depth: 2, tensor_dim: 4 [3m(utils.py:636:lmcache.v1.gpu_connector.utils)[0m
[32;20m[2026-06-17 02:09:31,407] LMCache INFO:[0m GPU KV Cache Dimensions: [2][28][2674511, 1, 2, 128] [3m(utils.py:647:lmcache.v1.gpu_connector.utils)[0m
[32;20m[2026-06-17 02:09:31,407] LMCache INFO:[0m GPU KV Format: 2 x NL x [NB, BS, NH, HS] [3m(utils.py:498:lmcache.v1.gpu_connector.utils)[0m
[32;20m[2026-06-17 02:09:31,407] LMCache INFO:[0m Currently used by:
  - SGLang MHA via MP daemon (4-D inner) [3m(utils.py:499:lmcache.v1.gpu_connector.utils)[0m
[32;20m[2026-06-17 02:09:31,409] LMCache INFO:[0m Group 0 first-layer tensor: layer_idx=0 shape=(2674511, 1, 2, 128) stride=(256, 256, 128, 1) is_contiguous=True dtype=torch.float16 device=cuda:0 storage_offset=0 numel=684674816 storage_nbytes=1369349632 padding_per_block=0 [3m(utils.py:1415:lmcache.v1.gpu_connector.utils)[0m
[32;20m[2026-06-17 02:09:31,409] LMCache INFO:[0m KV layer groups: ---
KernelGroupInfo(layers=28, indices=0-27, shape_desc=(kv=2, nl=28, nb=2674511, bs=1, nh=2, hs=128, element_size=2, block_stride_elems=0), dtype=torch.float16, tokens_per_block=1, slots_per_block=1, engine_group_idx=0, sw_size_tokens=-1)
--- [3m(kv_layer_groups.py:403:lmcache.v1.kv_layer_groups)[0m
[33;20m[2026-06-17 02:09:31,410] LMCache WARNING:[0m KVLayerGroupsManager.kv_layer_groups is deprecated: `kv_layer_groups` is an outdated alias for `kernel_groups` [3m(utils.py:733:lmcache.utils)[0m
/usr/local/lib/python3.12/dist-packages/cupy/_environment.py:670: UserWarning: 
--------------------------------------------------------------------------------

  CuPy may not function correctly because multiple CuPy packages are installed
  in your environment:

    cupy-cuda12x, cupy-cuda13x

  Follow these steps to resolve this issue:

    1. For all packages listed above, run the following command to remove all
       existing CuPy installations:

         $ pip uninstall <package_name>

      If you previously installed CuPy via conda, also run the following:

         $ conda uninstall cupy

    2. Install the appropriate CuPy package.
       Refer to the Installation Guide for detailed instructions.

         https://docs.cupy.dev/en/stable/install.html

--------------------------------------------------------------------------------

  warnings.warn(f'''
[32;20m[2026-06-17 02:09:31,450] LMCache INFO:[0m Registered KV cache for GPU ID 205 with 28 layers [3m(gpu_transfer.py:563:lmcache.v1.multiprocess.modules.gpu_transfer)[0m
[32;20m[2026-06-17 02:09:31,450] LMCache INFO:[0m Initialized cuda stream on device cuda:0 [3m(gpu_context.py:424:lmcache.v1.multiprocess.gpu_context)[0m
[32;20m[2026-06-17 02:09:45,337] LMCache INFO:[0m Stored 256 tokens in 0.002 seconds [3m(gpu_transfer.py:790:lmcache.v1.multiprocess.modules.gpu_transfer)[0m
[32;20m[2026-06-17 02:09:49,301] LMCache INFO:[0m Stored 256 tokens in 0.001 seconds [3m(gpu_transfer.py:790:lmcache.v1.multiprocess.modules.gpu_transfer)[0m
[32;20m[2026-06-17 02:09:49,321] LMCache INFO:[0m Stored 256 tokens in 0.000 seconds [3m(gpu_transfer.py:790:lmcache.v1.multiprocess.modules.gpu_transfer)[0m
[32;20m[2026-06-17 02:09:49,340] LMCache INFO:[0m Stored 256 tokens in 0.001 seconds [3m(gpu_transfer.py:790:lmcache.v1.multiprocess.modules.gpu_transfer)[0m
[32;20m[2026-06-17 02:09:49,358] LMCache INFO:[0m Stored 256 tokens in 0.000 seconds [3m(gpu_transfer.py:790:lmcache.v1.multiprocess.modules.gpu_transfer)[0m
[32;20m[2026-06-17 02:09:49,373] LMCache INFO:[0m Stored 256 tokens in 0.000 seconds [3m(gpu_transfer.py:790:lmcache.v1.multiprocess.modules.gpu_transfer)[0m
[32;20m[2026-06-17 02:09:49,388] LMCache INFO:[0m Stored 256 tokens in 0.001 seconds [3m(gpu_transfer.py:790:lmcache.v1.multiprocess.modules.gpu_transfer)[0m
[32;20m[2026-06-17 02:09:49,404] LMCache INFO:[0m Stored 256 tokens in 0.000 seconds [3m(gpu_transfer.py:790:lmcache.v1.multiprocess.modules.gpu_transfer)[0m
[32;20m[2026-06-17 02:09:54,430] LMCache INFO:[0m Prefetch request completed (L1+L2): 1/1 retained keys (1 L1, 0 L2) in 0.4 ms (external_request_id=f3e32ea1dc3b4508a565013c70b533ae, prefetch_request_id=-1) [3m(storage_manager.py:636:lmcache.v1.distributed.storage_manager)[0m
[32;20m[2026-06-17 02:09:54,432] LMCache INFO:[0m Retrieved 256 tokens in 0.001 seconds [3m(gpu_transfer.py:962:lmcache.v1.multiprocess.modules.gpu_transfer)[0m
[32;20m[2026-06-17 02:09:54,449] LMCache INFO:[0m Prefetch request completed (L1+L2): 1/1 retained keys (1 L1, 0 L2) in 0.2 ms (external_request_id=01688b55ca6e4d80816eb1b1d1bcc12e, prefetch_request_id=-1) [3m(storage_manager.py:636:lmcache.v1.distributed.storage_manager)[0m
[32;20m[2026-06-17 02:09:54,450] LMCache INFO:[0m Retrieved 256 tokens in 0.000 seconds [3m(gpu_transfer.py:962:lmcache.v1.multiprocess.modules.gpu_transfer)[0m
[32;20m[2026-06-17 02:09:54,463] LMCache INFO:[0m Prefetch request completed (L1+L2): 1/1 retained keys (1 L1, 0 L2) in 0.1 ms (external_request_id=fef03f622f344cf3bee9eb8733a4d9f6, prefetch_request_id=-1) [3m(storage_manager.py:636:lmcache.v1.distributed.storage_manager)[0m
[32;20m[2026-06-17 02:09:54,464] LMCache INFO:[0m Retrieved 256 tokens in 0.000 seconds [3m(gpu_transfer.py:962:lmcache.v1.multiprocess.modules.gpu_transfer)[0m
[32;20m[2026-06-17 02:09:54,476] LMCache INFO:[0m Prefetch request completed (L1+L2): 1/1 retained keys (1 L1, 0 L2) in 0.1 ms (external_request_id=33b61bc8f1414365a4e9b9ef572e723d, prefetch_request_id=-1) [3m(storage_manager.py:636:lmcache.v1.distributed.storage_manager)[0m
[32;20m[2026-06-17 02:09:54,477] LMCache INFO:[0m Retrieved 256 tokens in 0.000 seconds [3m(gpu_transfer.py:962:lmcache.v1.multiprocess.modules.gpu_transfer)[0m
[32;20m[2026-06-17 02:09:54,489] LMCache INFO:[0m Prefetch request completed (L1+L2): 1/1 retained keys (1 L1, 0 L2) in 0.1 ms (external_request_id=2dde8db340b149b08bae96e6c0a65dfa, prefetch_request_id=-1) [3m(storage_manager.py:636:lmcache.v1.distributed.storage_manager)[0m
[32;20m[2026-06-17 02:09:54,490] LMCache INFO:[0m Retrieved 256 tokens in 0.000 seconds [3m(gpu_transfer.py:962:lmcache.v1.multiprocess.modules.gpu_transfer)[0m
[32;20m[2026-06-17 02:09:54,503] LMCache INFO:[0m Prefetch request completed (L1+L2): 1/1 retained keys (1 L1, 0 L2) in 0.2 ms (external_request_id=28d542cbe1b7490bae9cb78dad1d4738, prefetch_request_id=-1) [3m(storage_manager.py:636:lmcache.v1.distributed.storage_manager)[0m
[32;20m[2026-06-17 02:09:54,503] LMCache INFO:[0m Retrieved 256 tokens in 0.000 seconds [3m(gpu_transfer.py:962:lmcache.v1.multiprocess.modules.gpu_transfer)[0m
[32;20m[2026-06-17 02:09:54,515] LMCache INFO:[0m Prefetch request completed (L1+L2): 1/1 retained keys (1 L1, 0 L2) in 0.1 ms (external_request_id=1c5b95c65935447b99bc5f7bb111e847, prefetch_request_id=-1) [3m(storage_manager.py:636:lmcache.v1.distributed.storage_manager)[0m
[32;20m[2026-06-17 02:09:54,516] LMCache INFO:[0m Retrieved 256 tokens in 0.000 seconds [3m(gpu_transfer.py:962:lmcache.v1.multiprocess.modules.gpu_transfer)[0m
[32;20m[2026-06-17 02:09:54,530] LMCache INFO:[0m Prefetch request completed (L1+L2): 1/1 retained keys (1 L1, 0 L2) in 0.2 ms (external_request_id=46bc4fb20f8c436ebc01318beda91fe2, prefetch_request_id=-1) [3m(storage_manager.py:636:lmcache.v1.distributed.storage_manager)[0m
[32;20m[2026-06-17 02:09:54,531] LMCache INFO:[0m Retrieved 256 tokens in 0.000 seconds [3m(gpu_transfer.py:962:lmcache.v1.multiprocess.modules.gpu_transfer)[0m
[32;20m[2026-06-17 02:09:54,556] LMCache INFO:[0m Stored 256 tokens in 0.000 seconds [3m(gpu_transfer.py:790:lmcache.v1.multiprocess.modules.gpu_transfer)[0m
[32;20m[2026-06-17 02:09:54,570] LMCache INFO:[0m Stored 256 tokens in 0.000 seconds [3m(gpu_transfer.py:790:lmcache.v1.multiprocess.modules.gpu_transfer)[0m
[32;20m[2026-06-17 02:09:54,587] LMCache INFO:[0m Stored 512 tokens in 0.000 seconds [3m(gpu_transfer.py:790:lmcache.v1.multiprocess.modules.gpu_transfer)[0m
[32;20m[2026-06-17 02:09:54,602] LMCache INFO:[0m Stored 256 tokens in 0.000 seconds [3m(gpu_transfer.py:790:lmcache.v1.multiprocess.modules.gpu_transfer)[0m
[32;20m[2026-06-17 02:09:54,615] LMCache INFO:[0m Stored 256 tokens in 0.001 seconds [3m(gpu_transfer.py:790:lmcache.v1.multiprocess.modules.gpu_transfer)[0m
[32;20m[2026-06-17 02:09:54,630] LMCache INFO:[0m Stored 256 tokens in 0.001 seconds [3m(gpu_transfer.py:790:lmcache.v1.multiprocess.modules.gpu_transfer)[0m
[32;20m[2026-06-17 02:09:54,644] LMCache INFO:[0m Stored 256 tokens in 0.001 seconds [3m(gpu_transfer.py:790:lmcache.v1.multiprocess.modules.gpu_transfer)[0m
[32;20m[2026-06-17 02:09:54,659] LMCache INFO:[0m Stored 256 tokens in 0.000 seconds [3m(gpu_transfer.py:790:lmcache.v1.multiprocess.modules.gpu_transfer)[0m
[32;20m[2026-06-17 02:09:54,672] LMCache INFO:[0m Stored 256 tokens in 0.000 seconds [3m(gpu_transfer.py:790:lmcache.v1.multiprocess.modules.gpu_transfer)[0m
[32;20m[2026-06-17 02:09:54,688] LMCache INFO:[0m Stored 256 tokens in 0.000 seconds [3m(gpu_transfer.py:790:lmcache.v1.multiprocess.modules.gpu_transfer)[0m
[32;20m[2026-06-17 02:09:54,703] LMCache INFO:[0m Stored 256 tokens in 0.000 seconds [3m(gpu_transfer.py:790:lmcache.v1.multiprocess.modules.gpu_transfer)[0m
[32;20m[2026-06-17 02:09:54,716] LMCache INFO:[0m Stored 256 tokens in 0.000 seconds [3m(gpu_transfer.py:790:lmcache.v1.multiprocess.modules.gpu_transfer)[0m
[32;20m[2026-06-17 02:09:54,729] LMCache INFO:[0m Stored 256 tokens in 0.000 seconds [3m(gpu_transfer.py:790:lmcache.v1.multiprocess.modules.gpu_transfer)[0m
[32;20m[2026-06-17 02:09:54,743] LMCache INFO:[0m Stored 256 tokens in 0.000 seconds [3m(gpu_transfer.py:790:lmcache.v1.multiprocess.modules.gpu_transfer)[0m
[32;20m[2026-06-17 02:09:54,757] LMCache INFO:[0m Stored 256 tokens in 0.000 seconds [3m(gpu_transfer.py:790:lmcache.v1.multiprocess.modules.gpu_transfer)[0m
[32;20m[2026-06-17 02:09:54,771] LMCache INFO:[0m Stored 256 tokens in 0.000 seconds [3m(gpu_transfer.py:790:lmcache.v1.multiprocess.modules.gpu_transfer)[0m
[32;20m[2026-06-17 02:09:54,786] LMCache INFO:[0m Stored 256 tokens in 0.000 seconds [3m(gpu_transfer.py:790:lmcache.v1.multiprocess.modules.gpu_transfer)[0m
[32;20m[2026-06-17 02:09:54,800] LMCache INFO:[0m Stored 256 tokens in 0.000 seconds [3m(gpu_transfer.py:790:lmcache.v1.multiprocess.modules.gpu_transfer)[0m
[32;20m[2026-06-17 02:09:54,815] LMCache INFO:[0m Stored 512 tokens in 0.001 seconds [3m(gpu_transfer.py:790:lmcache.v1.multiprocess.modules.gpu_transfer)[0m
[32;20m[2026-06-17 02:09:54,829] LMCache INFO:[0m Stored 256 tokens in 0.001 seconds [3m(gpu_transfer.py:790:lmcache.v1.multiprocess.modules.gpu_transfer)[0m
[32;20m[2026-06-17 02:09:54,843] LMCache INFO:[0m Stored 256 tokens in 0.000 seconds [3m(gpu_transfer.py:790:lmcache.v1.multiprocess.modules.gpu_transfer)[0m
[32;20m[2026-06-17 02:09:54,857] LMCache INFO:[0m Stored 512 tokens in 0.000 seconds [3m(gpu_transfer.py:790:lmcache.v1.multiprocess.modules.gpu_transfer)[0m
[32;20m[2026-06-17 02:09:54,871] LMCache INFO:[0m Stored 256 tokens in 0.001 seconds [3m(gpu_transfer.py:790:lmcache.v1.multiprocess.modules.gpu_transfer)[0m
[32;20m[2026-06-17 02:09:54,886] LMCache INFO:[0m Stored 512 tokens in 0.001 seconds [3m(gpu_transfer.py:790:lmcache.v1.multiprocess.modules.gpu_transfer)[0m
[32;20m[2026-06-17 02:09:54,900] LMCache INFO:[0m Stored 256 tokens in 0.000 seconds [3m(gpu_transfer.py:790:lmcache.v1.multiprocess.modules.gpu_transfer)[0m
[32;20m[2026-06-17 02:09:54,913] LMCache INFO:[0m Stored 256 tokens in 0.000 seconds [3m(gpu_transfer.py:790:lmcache.v1.multiprocess.modules.gpu_transfer)[0m
[32;20m[2026-06-17 02:09:54,929] LMCache INFO:[0m Stored 512 tokens in 0.000 seconds [3m(gpu_transfer.py:790:lmcache.v1.multiprocess.modules.gpu_transfer)[0m
[32;20m[2026-06-17 02:09:54,947] LMCache INFO:[0m Stored 256 tokens in 0.000 seconds [3m(gpu_transfer.py:790:lmcache.v1.multiprocess.modules.gpu_transfer)[0m
[32;20m[2026-06-17 02:09:54,963] LMCache INFO:[0m Stored 256 tokens in 0.000 seconds [3m(gpu_transfer.py:790:lmcache.v1.multiprocess.modules.gpu_transfer)[0m
[32;20m[2026-06-17 02:09:54,978] LMCache INFO:[0m Stored 256 tokens in 0.000 seconds [3m(gpu_transfer.py:790:lmcache.v1.multiprocess.modules.gpu_transfer)[0m
[32;20m[2026-06-17 02:09:54,994] LMCache INFO:[0m Stored 256 tokens in 0.000 seconds [3m(gpu_transfer.py:790:lmcache.v1.multiprocess.modules.gpu_transfer)[0m
[32;20m[2026-06-17 02:09:55,011] LMCache INFO:[0m Stored 256 tokens in 0.001 seconds [3m(gpu_transfer.py:790:lmcache.v1.multiprocess.modules.gpu_transfer)[0m
[32;20m[2026-06-17 02:09:55,027] LMCache INFO:[0m Stored 512 tokens in 0.000 seconds [3m(gpu_transfer.py:790:lmcache.v1.multiprocess.modules.gpu_transfer)[0m
[32;20m[2026-06-17 02:09:55,042] LMCache INFO:[0m Stored 256 tokens in 0.000 seconds [3m(gpu_transfer.py:790:lmcache.v1.multiprocess.modules.gpu_transfer)[0m
[32;20m[2026-06-17 02:09:55,057] LMCache INFO:[0m Stored 256 tokens in 0.000 seconds [3m(gpu_transfer.py:790:lmcache.v1.multiprocess.modules.gpu_transfer)[0m
[32;20m[2026-06-17 02:09:55,070] LMCache INFO:[0m Stored 256 tokens in 0.000 seconds [3m(gpu_transfer.py:790:lmcache.v1.multiprocess.modules.gpu_transfer)[0m
[32;20m[2026-06-17 02:09:55,087] LMCache INFO:[0m Stored 512 tokens in 0.000 seconds [3m(gpu_transfer.py:790:lmcache.v1.multiprocess.modules.gpu_transfer)[0m
[32;20m[2026-06-17 02:09:55,103] LMCache INFO:[0m Stored 256 tokens in 0.000 seconds [3m(gpu_transfer.py:790:lmcache.v1.multiprocess.modules.gpu_transfer)[0m
[32;20m[2026-06-17 02:09:55,117] LMCache INFO:[0m Stored 256 tokens in 0.000 seconds [3m(gpu_transfer.py:790:lmcache.v1.multiprocess.modules.gpu_transfer)[0m
[32;20m[2026-06-17 02:09:55,131] LMCache INFO:[0m Stored 256 tokens in 0.000 seconds [3m(gpu_transfer.py:790:lmcache.v1.multiprocess.modules.gpu_transfer)[0m
[32;20m[2026-06-17 02:09:55,145] LMCache INFO:[0m Stored 256 tokens in 0.000 seconds [3m(gpu_transfer.py:790:lmcache.v1.multiprocess.modules.gpu_transfer)[0m
[32;20m[2026-06-17 02:09:55,170] LMCache INFO:[0m Stored 256 tokens in 0.000 seconds [3m(gpu_transfer.py:790:lmcache.v1.multiprocess.modules.gpu_transfer)[0m
[32;20m[2026-06-17 02:09:55,183] LMCache INFO:[0m Stored 256 tokens in 0.000 seconds [3m(gpu_transfer.py:790:lmcache.v1.multiprocess.modules.gpu_transfer)[0m
[32;20m[2026-06-17 02:09:55,199] LMCache INFO:[0m Stored 256 tokens in 0.000 seconds [3m(gpu_transfer.py:790:lmcache.v1.multiprocess.modules.gpu_transfer)[0m
[32;20m[2026-06-17 02:09:55,213] LMCache INFO:[0m Stored 256 tokens in 0.000 seconds [3m(gpu_transfer.py:790:lmcache.v1.multiprocess.modules.gpu_transfer)[0m
[32;20m[2026-06-17 02:09:55,228] LMCache INFO:[0m Stored 256 tokens in 0.000 seconds [3m(gpu_transfer.py:790:lmcache.v1.multiprocess.modules.gpu_transfer)[0m
[32;20m[2026-06-17 02:09:55,242] LMCache INFO:[0m Stored 256 tokens in 0.000 seconds [3m(gpu_transfer.py:790:lmcache.v1.multiprocess.modules.gpu_transfer)[0m
[32;20m[2026-06-17 02:09:55,266] LMCache INFO:[0m Stored 256 tokens in 0.001 seconds [3m(gpu_transfer.py:790:lmcache.v1.multiprocess.modules.gpu_transfer)[0m
[32;20m[2026-06-17 02:09:55,281] LMCache INFO:[0m Stored 512 tokens in 0.001 seconds [3m(gpu_transfer.py:790:lmcache.v1.multiprocess.modules.gpu_transfer)[0m
[32;20m[2026-06-17 02:09:55,298] LMCache INFO:[0m Stored 256 tokens in 0.001 seconds [3m(gpu_transfer.py:790:lmcache.v1.multiprocess.modules.gpu_transfer)[0m
[32;20m[2026-06-17 02:09:55,315] LMCache INFO:[0m Stored 256 tokens in 0.000 seconds [3m(gpu_transfer.py:790:lmcache.v1.multiprocess.modules.gpu_transfer)[0m
[32;20m[2026-06-17 02:09:55,331] LMCache INFO:[0m Stored 512 tokens in 0.001 seconds [3m(gpu_transfer.py:790:lmcache.v1.multiprocess.modules.gpu_transfer)[0m
[32;20m[2026-06-17 02:09:55,346] LMCache INFO:[0m Stored 256 tokens in 0.001 seconds [3m(gpu_transfer.py:790:lmcache.v1.multiprocess.modules.gpu_transfer)[0m
[32;20m[2026-06-17 02:09:55,362] LMCache INFO:[0m Stored 256 tokens in 0.000 seconds [3m(gpu_transfer.py:790:lmcache.v1.multiprocess.modules.gpu_transfer)[0m
[32;20m[2026-06-17 02:09:55,378] LMCache INFO:[0m Stored 256 tokens in 0.000 seconds [3m(gpu_transfer.py:790:lmcache.v1.multiprocess.modules.gpu_transfer)[0m
[32;20m[2026-06-17 02:09:55,392] LMCache INFO:[0m Stored 256 tokens in 0.000 seconds [3m(gpu_transfer.py:790:lmcache.v1.multiprocess.modules.gpu_transfer)[0m
[32;20m[2026-06-17 02:09:55,407] LMCache INFO:[0m Stored 256 tokens in 0.001 seconds [3m(gpu_transfer.py:790:lmcache.v1.multiprocess.modules.gpu_transfer)[0m
[32;20m[2026-06-17 02:09:55,423] LMCache INFO:[0m Stored 512 tokens in 0.001 seconds [3m(gpu_transfer.py:790:lmcache.v1.multiprocess.modules.gpu_transfer)[0m
[32;20m[2026-06-17 02:09:55,437] LMCache INFO:[0m Stored 256 tokens in 0.000 seconds [3m(gpu_transfer.py:790:lmcache.v1.multiprocess.modules.gpu_transfer)[0m
[32;20m[2026-06-17 02:09:55,451] LMCache INFO:[0m Stored 256 tokens in 0.000 seconds [3m(gpu_transfer.py:790:lmcache.v1.multiprocess.modules.gpu_transfer)[0m
[32;20m[2026-06-17 02:09:55,465] LMCache INFO:[0m Stored 256 tokens in 0.000 seconds [3m(gpu_transfer.py:790:lmcache.v1.multiprocess.modules.gpu_transfer)[0m
[32;20m[2026-06-17 02:09:55,480] LMCache INFO:[0m Stored 256 tokens in 0.001 seconds [3m(gpu_transfer.py:790:lmcache.v1.multiprocess.modules.gpu_transfer)[0m
[32;20m[2026-06-17 02:09:55,495] LMCache INFO:[0m Stored 256 tokens in 0.000 seconds [3m(gpu_transfer.py:790:lmcache.v1.multiprocess.modules.gpu_transfer)[0m
[32;20m[2026-06-17 02:09:55,510] LMCache INFO:[0m Stored 256 tokens in 0.000 seconds [3m(gpu_transfer.py:790:lmcache.v1.multiprocess.modules.gpu_transfer)[0m
[32;20m[2026-06-17 02:09:55,525] LMCache INFO:[0m Stored 512 tokens in 0.001 seconds [3m(gpu_transfer.py:790:lmcache.v1.multiprocess.modules.gpu_transfer)[0m
[32;20m[2026-06-17 02:09:55,541] LMCache INFO:[0m Stored 512 tokens in 0.001 seconds [3m(gpu_transfer.py:790:lmcache.v1.multiprocess.modules.gpu_transfer)[0m
[32;20m[2026-06-17 02:09:55,556] LMCache INFO:[0m Stored 256 tokens in 0.000 seconds [3m(gpu_transfer.py:790:lmcache.v1.multiprocess.modules.gpu_transfer)[0m
[32;20m[2026-06-17 02:09:55,571] LMCache INFO:[0m Stored 256 tokens in 0.000 seconds [3m(gpu_transfer.py:790:lmcache.v1.multiprocess.modules.gpu_transfer)[0m
[32;20m[2026-06-17 02:09:55,597] LMCache INFO:[0m Stored 256 tokens in 0.001 seconds [3m(gpu_transfer.py:790:lmcache.v1.multiprocess.modules.gpu_transfer)[0m
[32;20m[2026-06-17 02:09:55,612] LMCache INFO:[0m Stored 256 tokens in 0.000 seconds [3m(gpu_transfer.py:790:lmcache.v1.multiprocess.modules.gpu_transfer)[0m
[32;20m[2026-06-17 02:09:55,627] LMCache INFO:[0m Stored 256 tokens in 0.000 seconds [3m(gpu_transfer.py:790:lmcache.v1.multiprocess.modules.gpu_transfer)[0m
[32;20m[2026-06-17 02:09:55,642] LMCache INFO:[0m Stored 256 tokens in 0.001 seconds [3m(gpu_transfer.py:790:lmcache.v1.multiprocess.modules.gpu_transfer)[0m
[32;20m[2026-06-17 02:09:55,658] LMCache INFO:[0m Stored 256 tokens in 0.001 seconds [3m(gpu_transfer.py:790:lmcache.v1.multiprocess.modules.gpu_transfer)[0m
[32;20m[2026-06-17 02:09:55,672] LMCache INFO:[0m Stored 256 tokens in 0.000 seconds [3m(gpu_transfer.py:790:lmcache.v1.multiprocess.modules.gpu_transfer)[0m
[32;20m[2026-06-17 02:09:55,685] LMCache INFO:[0m Stored 256 tokens in 0.001 seconds [3m(gpu_transfer.py:790:lmcache.v1.multiprocess.modules.gpu_transfer)[0m
[32;20m[2026-06-17 02:09:55,700] LMCache INFO:[0m Stored 256 tokens in 0.000 seconds [3m(gpu_transfer.py:790:lmcache.v1.multiprocess.modules.gpu_transfer)[0m
[32;20m[2026-06-17 02:09:55,715] LMCache INFO:[0m Stored 256 tokens in 0.000 seconds [3m(gpu_transfer.py:790:lmcache.v1.multiprocess.modules.gpu_transfer)[0m
[32;20m[2026-06-17 02:09:55,727] LMCache INFO:[0m Stored 256 tokens in 0.001 seconds [3m(gpu_transfer.py:790:lmcache.v1.multiprocess.modules.gpu_transfer)[0m
[32;20m[2026-06-17 02:09:55,744] LMCache INFO:[0m Stored 256 tokens in 0.000 seconds [3m(gpu_transfer.py:790:lmcache.v1.multiprocess.modules.gpu_transfer)[0m
[32;20m[2026-06-17 02:09:55,760] LMCache INFO:[0m Stored 256 tokens in 0.001 seconds [3m(gpu_transfer.py:790:lmcache.v1.multiprocess.modules.gpu_transfer)[0m
[32;20m[2026-06-17 02:09:55,774] LMCache INFO:[0m Stored 256 tokens in 0.000 seconds [3m(gpu_transfer.py:790:lmcache.v1.multiprocess.modules.gpu_transfer)[0m
[32;20m[2026-06-17 02:09:55,789] LMCache INFO:[0m Stored 512 tokens in 0.001 seconds [3m(gpu_transfer.py:790:lmcache.v1.multiprocess.modules.gpu_transfer)[0m
[32;20m[2026-06-17 02:09:55,804] LMCache INFO:[0m Stored 256 tokens in 0.001 seconds [3m(gpu_transfer.py:790:lmcache.v1.multiprocess.modules.gpu_transfer)[0m
[32;20m[2026-06-17 02:09:55,816] LMCache INFO:[0m Stored 256 tokens in 0.000 seconds [3m(gpu_transfer.py:790:lmcache.v1.multiprocess.modules.gpu_transfer)[0m
[32;20m[2026-06-17 02:09:55,831] LMCache INFO:[0m Stored 256 tokens in 0.000 seconds [3m(gpu_transfer.py:790:lmcache.v1.multiprocess.modules.gpu_transfer)[0m
[32;20m[2026-06-17 02:09:55,846] LMCache INFO:[0m Stored 256 tokens in 0.001 seconds [3m(gpu_transfer.py:790:lmcache.v1.multiprocess.modules.gpu_transfer)[0m
[32;20m[2026-06-17 02:09:55,859] LMCache INFO:[0m Stored 256 tokens in 0.000 seconds [3m(gpu_transfer.py:790:lmcache.v1.multiprocess.modules.gpu_transfer)[0m
[32;20m[2026-06-17 02:09:55,873] LMCache INFO:[0m Stored 256 tokens in 0.000 seconds [3m(gpu_transfer.py:790:lmcache.v1.multiprocess.modules.gpu_transfer)[0m
[32;20m[2026-06-17 02:09:55,898] LMCache INFO:[0m Stored 256 tokens in 0.000 seconds [3m(gpu_transfer.py:790:lmcache.v1.multiprocess.modules.gpu_transfer)[0m
[32;20m[2026-06-17 02:09:55,914] LMCache INFO:[0m Stored 256 tokens in 0.001 seconds [3m(gpu_transfer.py:790:lmcache.v1.multiprocess.modules.gpu_transfer)[0m
[32;20m[2026-06-17 02:09:55,929] LMCache INFO:[0m Stored 256 tokens in 0.000 seconds [3m(gpu_transfer.py:790:lmcache.v1.multiprocess.modules.gpu_transfer)[0m
[32;20m[2026-06-17 02:09:55,945] LMCache INFO:[0m Stored 256 tokens in 0.000 seconds [3m(gpu_transfer.py:790:lmcache.v1.multiprocess.modules.gpu_transfer)[0m
[32;20m[2026-06-17 02:09:55,961] LMCache INFO:[0m Stored 256 tokens in 0.000 seconds [3m(gpu_transfer.py:790:lmcache.v1.multiprocess.modules.gpu_transfer)[0m
[32;20m[2026-06-17 02:09:55,975] LMCache INFO:[0m Stored 256 tokens in 0.000 seconds [3m(gpu_transfer.py:790:lmcache.v1.multiprocess.modules.gpu_transfer)[0m
[32;20m[2026-06-17 02:09:55,989] LMCache INFO:[0m Stored 256 tokens in 0.001 seconds [3m(gpu_transfer.py:790:lmcache.v1.multiprocess.modules.gpu_transfer)[0m
[32;20m[2026-06-17 02:09:56,006] LMCache INFO:[0m Stored 256 tokens in 0.001 seconds [3m(gpu_transfer.py:790:lmcache.v1.multiprocess.modules.gpu_transfer)[0m
[32;20m[2026-06-17 02:09:56,021] LMCache INFO:[0m Stored 256 tokens in 0.001 seconds [3m(gpu_transfer.py:790:lmcache.v1.multiprocess.modules.gpu_transfer)[0m
[32;20m[2026-06-17 02:09:56,037] LMCache INFO:[0m Stored 512 tokens in 0.001 seconds [3m(gpu_transfer.py:790:lmcache.v1.multiprocess.modules.gpu_transfer)[0m
[32;20m[2026-06-17 02:09:56,053] LMCache INFO:[0m Stored 256 tokens in 0.001 seconds [3m(gpu_transfer.py:790:lmcache.v1.multiprocess.modules.gpu_transfer)[0m
[32;20m[2026-06-17 02:09:56,069] LMCache INFO:[0m Stored 512 tokens in 0.001 seconds [3m(gpu_transfer.py:790:lmcache.v1.multiprocess.modules.gpu_transfer)[0m
[32;20m[2026-06-17 02:09:56,082] LMCache INFO:[0m Stored 256 tokens in 0.000 seconds [3m(gpu_transfer.py:790:lmcache.v1.multiprocess.modules.gpu_transfer)[0m
[32;20m[2026-06-17 02:09:56,096] LMCache INFO:[0m Stored 256 tokens in 0.001 seconds [3m(gpu_transfer.py:790:lmcache.v1.multiprocess.modules.gpu_transfer)[0m
[32;20m[2026-06-17 02:09:56,112] LMCache INFO:[0m Stored 256 tokens in 0.001 seconds [3m(gpu_transfer.py:790:lmcache.v1.multiprocess.modules.gpu_transfer)[0m
[32;20m[2026-06-17 02:09:56,125] LMCache INFO:[0m Stored 256 tokens in 0.000 seconds [3m(gpu_transfer.py:790:lmcache.v1.multiprocess.modules.gpu_transfer)[0m
[32;20m[2026-06-17 02:09:56,151] LMCache INFO:[0m Stored 256 tokens in 0.001 seconds [3m(gpu_transfer.py:790:lmcache.v1.multiprocess.modules.gpu_transfer)[0m
[32;20m[2026-06-17 02:09:56,166] LMCache INFO:[0m Stored 256 tokens in 0.001 seconds [3m(gpu_transfer.py:790:lmcache.v1.multiprocess.modules.gpu_transfer)[0m
[32;20m[2026-06-17 02:09:56,180] LMCache INFO:[0m Stored 256 tokens in 0.000 seconds [3m(gpu_transfer.py:790:lmcache.v1.multiprocess.modules.gpu_transfer)[0m
[32;20m[2026-06-17 02:09:56,195] LMCache INFO:[0m Stored 256 tokens in 0.000 seconds [3m(gpu_transfer.py:790:lmcache.v1.multiprocess.modules.gpu_transfer)[0m
[32;20m[2026-06-17 02:09:56,210] LMCache INFO:[0m Stored 256 tokens in 0.001 seconds [3m(gpu_transfer.py:790:lmcache.v1.multiprocess.modules.gpu_transfer)[0m
[32;20m[2026-06-17 02:09:56,223] LMCache INFO:[0m Stored 256 tokens in 0.000 seconds [3m(gpu_transfer.py:790:lmcache.v1.multiprocess.modules.gpu_transfer)[0m
[32;20m[2026-06-17 02:09:56,238] LMCache INFO:[0m Stored 256 tokens in 0.000 seconds [3m(gpu_transfer.py:790:lmcache.v1.multiprocess.modules.gpu_transfer)[0m
[32;20m[2026-06-17 02:09:56,263] LMCache INFO:[0m Stored 256 tokens in 0.001 seconds [3m(gpu_transfer.py:790:lmcache.v1.multiprocess.modules.gpu_transfer)[0m
[32;20m[2026-06-17 02:09:56,287] LMCache INFO:[0m Stored 256 tokens in 0.000 seconds [3m(gpu_transfer.py:790:lmcache.v1.multiprocess.modules.gpu_transfer)[0m
[32;20m[2026-06-17 02:09:56,312] LMCache INFO:[0m Stored 256 tokens in 0.000 seconds [3m(gpu_transfer.py:790:lmcache.v1.multiprocess.modules.gpu_transfer)[0m
[32;20m[2026-06-17 02:09:56,326] LMCache INFO:[0m Stored 256 tokens in 0.000 seconds [3m(gpu_transfer.py:790:lmcache.v1.multiprocess.modules.gpu_transfer)[0m
[32;20m[2026-06-17 02:09:56,340] LMCache INFO:[0m Stored 256 tokens in 0.000 seconds [3m(gpu_transfer.py:790:lmcache.v1.multiprocess.modules.gpu_transfer)[0m
[32;20m[2026-06-17 02:09:56,354] LMCache INFO:[0m Stored 256 tokens in 0.000 seconds [3m(gpu_transfer.py:790:lmcache.v1.multiprocess.modules.gpu_transfer)[0m
[32;20m[2026-06-17 02:09:56,368] LMCache INFO:[0m Stored 256 tokens in 0.000 seconds [3m(gpu_transfer.py:790:lmcache.v1.multiprocess.modules.gpu_transfer)[0m
[32;20m[2026-06-17 02:09:56,383] LMCache INFO:[0m Stored 256 tokens in 0.001 seconds [3m(gpu_transfer.py:790:lmcache.v1.multiprocess.modules.gpu_transfer)[0m
[32;20m[2026-06-17 02:09:56,399] LMCache INFO:[0m Stored 256 tokens in 0.000 seconds [3m(gpu_transfer.py:790:lmcache.v1.multiprocess.modules.gpu_transfer)[0m
[32;20m[2026-06-17 02:09:56,428] LMCache INFO:[0m Stored 512 tokens in 0.001 seconds [3m(gpu_transfer.py:790:lmcache.v1.multiprocess.modules.gpu_transfer)[0m
[32;20m[2026-06-17 02:09:56,445] LMCache INFO:[0m Stored 256 tokens in 0.000 seconds [3m(gpu_transfer.py:790:lmcache.v1.multiprocess.modules.gpu_transfer)[0m
[32;20m[2026-06-17 02:09:56,461] LMCache INFO:[0m Stored 256 tokens in 0.001 seconds [3m(gpu_transfer.py:790:lmcache.v1.multiprocess.modules.gpu_transfer)[0m
[32;20m[2026-06-17 02:09:56,487] LMCache INFO:[0m Stored 256 tokens in 0.001 seconds [3m(gpu_transfer.py:790:lmcache.v1.multiprocess.modules.gpu_transfer)[0m
[32;20m[2026-06-17 02:09:56,513] LMCache INFO:[0m Stored 256 tokens in 0.000 seconds [3m(gpu_transfer.py:790:lmcache.v1.multiprocess.modules.gpu_transfer)[0m
[32;20m[2026-06-17 02:09:56,527] LMCache INFO:[0m Stored 256 tokens in 0.000 seconds [3m(gpu_transfer.py:790:lmcache.v1.multiprocess.modules.gpu_transfer)[0m
[32;20m[2026-06-17 02:09:56,541] LMCache INFO:[0m Stored 256 tokens in 0.000 seconds [3m(gpu_transfer.py:790:lmcache.v1.multiprocess.modules.gpu_transfer)[0m
[32;20m[2026-06-17 02:09:56,556] LMCache INFO:[0m Stored 256 tokens in 0.000 seconds [3m(gpu_transfer.py:790:lmcache.v1.multiprocess.modules.gpu_transfer)[0m
[32;20m[2026-06-17 02:09:56,571] LMCache INFO:[0m Stored 256 tokens in 0.000 seconds [3m(gpu_transfer.py:790:lmcache.v1.multiprocess.modules.gpu_transfer)[0m
[32;20m[2026-06-17 02:09:56,585] LMCache INFO:[0m Stored 256 tokens in 0.001 seconds [3m(gpu_transfer.py:790:lmcache.v1.multiprocess.modules.gpu_transfer)[0m
[32;20m[2026-06-17 02:09:56,600] LMCache INFO:[0m Stored 256 tokens in 0.000 seconds [3m(gpu_transfer.py:790:lmcache.v1.multiprocess.modules.gpu_transfer)[0m
[32;20m[2026-06-17 02:09:56,616] LMCache INFO:[0m Stored 256 tokens in 0.000 seconds [3m(gpu_transfer.py:790:lmcache.v1.multiprocess.modules.gpu_transfer)[0m
[32;20m[2026-06-17 02:09:56,632] LMCache INFO:[0m Stored 256 tokens in 0.000 seconds [3m(gpu_transfer.py:790:lmcache.v1.multiprocess.modules.gpu_transfer)[0m
[32;20m[2026-06-17 02:09:56,647] LMCache INFO:[0m Stored 256 tokens in 0.000 seconds [3m(gpu_transfer.py:790:lmcache.v1.multiprocess.modules.gpu_transfer)[0m
[32;20m[2026-06-17 02:09:56,660] LMCache INFO:[0m Stored 256 tokens in 0.000 seconds [3m(gpu_transfer.py:790:lmcache.v1.multiprocess.modules.gpu_transfer)[0m
[32;20m[2026-06-17 02:09:56,675] LMCache INFO:[0m Stored 256 tokens in 0.000 seconds [3m(gpu_transfer.py:790:lmcache.v1.multiprocess.modules.gpu_transfer)[0m
[32;20m[2026-06-17 02:09:56,692] LMCache INFO:[0m Stored 512 tokens in 0.001 seconds [3m(gpu_transfer.py:790:lmcache.v1.multiprocess.modules.gpu_transfer)[0m
[32;20m[2026-06-17 02:09:56,706] LMCache INFO:[0m Stored 256 tokens in 0.000 seconds [3m(gpu_transfer.py:790:lmcache.v1.multiprocess.modules.gpu_transfer)[0m
[32;20m[2026-06-17 02:09:56,723] LMCache INFO:[0m Stored 512 tokens in 0.000 seconds [3m(gpu_transfer.py:790:lmcache.v1.multiprocess.modules.gpu_transfer)[0m
[32;20m[2026-06-17 02:09:56,740] LMCache INFO:[0m Stored 256 tokens in 0.001 seconds [3m(gpu_transfer.py:790:lmcache.v1.multiprocess.modules.gpu_transfer)[0m
[32;20m[2026-06-17 02:09:56,755] LMCache INFO:[0m Stored 256 tokens in 0.001 seconds [3m(gpu_transfer.py:790:lmcache.v1.multiprocess.modules.gpu_transfer)[0m
[32;20m[2026-06-17 02:09:56,770] LMCache INFO:[0m Stored 512 tokens in 0.001 seconds [3m(gpu_transfer.py:790:lmcache.v1.multiprocess.modules.gpu_transfer)[0m
[32;20m[2026-06-17 02:09:56,785] LMCache INFO:[0m Stored 512 tokens in 0.000 seconds [3m(gpu_transfer.py:790:lmcache.v1.multiprocess.modules.gpu_transfer)[0m
[32;20m[2026-06-17 02:09:56,800] LMCache INFO:[0m Stored 512 tokens in 0.000 seconds [3m(gpu_transfer.py:790:lmcache.v1.multiprocess.modules.gpu_transfer)[0m
[32;20m[2026-06-17 02:09:56,814] LMCache INFO:[0m Stored 256 tokens in 0.000 seconds [3m(gpu_transfer.py:790:lmcache.v1.multiprocess.modules.gpu_transfer)[0m
[32;20m[2026-06-17 02:09:56,829] LMCache INFO:[0m Stored 256 tokens in 0.001 seconds [3m(gpu_transfer.py:790:lmcache.v1.multiprocess.modules.gpu_transfer)[0m
[32;20m[2026-06-17 02:09:56,844] LMCache INFO:[0m Stored 256 tokens in 0.001 seconds [3m(gpu_transfer.py:790:lmcache.v1.multiprocess.modules.gpu_transfer)[0m
[32;20m[2026-06-17 02:09:56,856] LMCache INFO:[0m Stored 256 tokens in 0.000 seconds [3m(gpu_transfer.py:790:lmcache.v1.multiprocess.modules.gpu_transfer)[0m
[32;20m[2026-06-17 02:09:56,882] LMCache INFO:[0m Stored 256 tokens in 0.001 seconds [3m(gpu_transfer.py:790:lmcache.v1.multiprocess.modules.gpu_transfer)[0m
[32;20m[2026-06-17 02:09:56,898] LMCache INFO:[0m Stored 256 tokens in 0.000 seconds [3m(gpu_transfer.py:790:lmcache.v1.multiprocess.modules.gpu_transfer)[0m
[32;20m[2026-06-17 02:09:56,913] LMCache INFO:[0m Stored 256 tokens in 0.000 seconds [3m(gpu_transfer.py:790:lmcache.v1.multiprocess.modules.gpu_transfer)[0m
[32;20m[2026-06-17 02:09:56,939] LMCache INFO:[0m Stored 256 tokens in 0.000 seconds [3m(gpu_transfer.py:790:lmcache.v1.multiprocess.modules.gpu_transfer)[0m
[32;20m[2026-06-17 02:09:56,954] LMCache INFO:[0m Stored 512 tokens in 0.000 seconds [3m(gpu_transfer.py:790:lmcache.v1.multiprocess.modules.gpu_transfer)[0m
[32;20m[2026-06-17 02:09:56,969] LMCache INFO:[0m Stored 256 tokens in 0.000 seconds [3m(gpu_transfer.py:790:lmcache.v1.multiprocess.modules.gpu_transfer)[0m
[32;20m[2026-06-17 02:09:56,983] LMCache INFO:[0m Stored 256 tokens in 0.000 seconds [3m(gpu_transfer.py:790:lmcache.v1.multiprocess.modules.gpu_transfer)[0m
[32;20m[2026-06-17 02:09:56,997] LMCache INFO:[0m Stored 256 tokens in 0.000 seconds [3m(gpu_transfer.py:790:lmcache.v1.multiprocess.modules.gpu_transfer)[0m
[32;20m[2026-06-17 02:09:57,013] LMCache INFO:[0m Stored 512 tokens in 0.001 seconds [3m(gpu_transfer.py:790:lmcache.v1.multiprocess.modules.gpu_transfer)[0m
[32;20m[2026-06-17 02:09:57,031] LMCache INFO:[0m Stored 256 tokens in 0.001 seconds [3m(gpu_transfer.py:790:lmcache.v1.multiprocess.modules.gpu_transfer)[0m
[32;20m[2026-06-17 02:09:57,056] LMCache INFO:[0m Stored 256 tokens in 0.001 seconds [3m(gpu_transfer.py:790:lmcache.v1.multiprocess.modules.gpu_transfer)[0m
[32;20m[2026-06-17 02:09:57,073] LMCache INFO:[0m Stored 512 tokens in 0.001 seconds [3m(gpu_transfer.py:790:lmcache.v1.multiprocess.modules.gpu_transfer)[0m
[32;20m[2026-06-17 02:09:57,090] LMCache INFO:[0m Stored 512 tokens in 0.001 seconds [3m(gpu_transfer.py:790:lmcache.v1.multiprocess.modules.gpu_transfer)[0m
[32;20m[2026-06-17 02:09:57,117] LMCache INFO:[0m Stored 256 tokens in 0.001 seconds [3m(gpu_transfer.py:790:lmcache.v1.multiprocess.modules.gpu_transfer)[0m
[32;20m[2026-06-17 02:09:57,131] LMCache INFO:[0m Stored 256 tokens in 0.000 seconds [3m(gpu_transfer.py:790:lmcache.v1.multiprocess.modules.gpu_transfer)[0m
[32;20m[2026-06-17 02:09:57,146] LMCache INFO:[0m Stored 256 tokens in 0.000 seconds [3m(gpu_transfer.py:790:lmcache.v1.multiprocess.modules.gpu_transfer)[0m
[32;20m[2026-06-17 02:09:57,162] LMCache INFO:[0m Stored 256 tokens in 0.001 seconds [3m(gpu_transfer.py:790:lmcache.v1.multiprocess.modules.gpu_transfer)[0m
[32;20m[2026-06-17 02:09:57,177] LMCache INFO:[0m Stored 256 tokens in 0.000 seconds [3m(gpu_transfer.py:790:lmcache.v1.multiprocess.modules.gpu_transfer)[0m
[32;20m[2026-06-17 02:09:57,191] LMCache INFO:[0m Stored 256 tokens in 0.000 seconds [3m(gpu_transfer.py:790:lmcache.v1.multiprocess.modules.gpu_transfer)[0m
[32;20m[2026-06-17 02:09:57,207] LMCache INFO:[0m Stored 256 tokens in 0.000 seconds [3m(gpu_transfer.py:790:lmcache.v1.multiprocess.modules.gpu_transfer)[0m
[32;20m[2026-06-17 02:09:57,234] LMCache INFO:[0m Stored 512 tokens in 0.001 seconds [3m(gpu_transfer.py:790:lmcache.v1.multiprocess.modules.gpu_transfer)[0m
[32;20m[2026-06-17 02:09:57,248] LMCache INFO:[0m Stored 256 tokens in 0.001 seconds [3m(gpu_transfer.py:790:lmcache.v1.multiprocess.modules.gpu_transfer)[0m
[32;20m[2026-06-17 02:09:57,263] LMCache INFO:[0m Stored 256 tokens in 0.000 seconds [3m(gpu_transfer.py:790:lmcache.v1.multiprocess.modules.gpu_transfer)[0m
[32;20m[2026-06-17 02:09:57,277] LMCache INFO:[0m Stored 256 tokens in 0.000 seconds [3m(gpu_transfer.py:790:lmcache.v1.multiprocess.modules.gpu_transfer)[0m
[32;20m[2026-06-17 02:09:57,305] LMCache INFO:[0m Stored 256 tokens in 0.001 seconds [3m(gpu_transfer.py:790:lmcache.v1.multiprocess.modules.gpu_transfer)[0m
[32;20m[2026-06-17 02:09:57,322] LMCache INFO:[0m Stored 512 tokens in 0.001 seconds [3m(gpu_transfer.py:790:lmcache.v1.multiprocess.modules.gpu_transfer)[0m
[32;20m[2026-06-17 02:09:57,338] LMCache INFO:[0m Stored 256 tokens in 0.000 seconds [3m(gpu_transfer.py:790:lmcache.v1.multiprocess.modules.gpu_transfer)[0m
[32;20m[2026-06-17 02:09:57,353] LMCache INFO:[0m Stored 256 tokens in 0.001 seconds [3m(gpu_transfer.py:790:lmcache.v1.multiprocess.modules.gpu_transfer)[0m
[32;20m[2026-06-17 02:09:57,368] LMCache INFO:[0m Stored 256 tokens in 0.001 seconds [3m(gpu_transfer.py:790:lmcache.v1.multiprocess.modules.gpu_transfer)[0m
[32;20m[2026-06-17 02:09:57,385] LMCache INFO:[0m Stored 256 tokens in 0.001 seconds [3m(gpu_transfer.py:790:lmcache.v1.multiprocess.modules.gpu_transfer)[0m
[32;20m[2026-06-17 02:09:57,400] LMCache INFO:[0m Stored 256 tokens in 0.000 seconds [3m(gpu_transfer.py:790:lmcache.v1.multiprocess.modules.gpu_transfer)[0m
[32;20m[2026-06-17 02:09:57,414] LMCache INFO:[0m Stored 256 tokens in 0.000 seconds [3m(gpu_transfer.py:790:lmcache.v1.multiprocess.modules.gpu_transfer)[0m
[32;20m[2026-06-17 02:09:57,429] LMCache INFO:[0m Stored 256 tokens in 0.000 seconds [3m(gpu_transfer.py:790:lmcache.v1.multiprocess.modules.gpu_transfer)[0m
[32;20m[2026-06-17 02:09:57,443] LMCache INFO:[0m Stored 256 tokens in 0.000 seconds [3m(gpu_transfer.py:790:lmcache.v1.multiprocess.modules.gpu_transfer)[0m
[32;20m[2026-06-17 02:09:57,458] LMCache INFO:[0m Stored 256 tokens in 0.000 seconds [3m(gpu_transfer.py:790:lmcache.v1.multiprocess.modules.gpu_transfer)[0m
[32;20m[2026-06-17 02:09:57,473] LMCache INFO:[0m Stored 256 tokens in 0.000 seconds [3m(gpu_transfer.py:790:lmcache.v1.multiprocess.modules.gpu_transfer)[0m
[32;20m[2026-06-17 02:09:57,489] LMCache INFO:[0m Stored 256 tokens in 0.001 seconds [3m(gpu_transfer.py:790:lmcache.v1.multiprocess.modules.gpu_transfer)[0m
[32;20m[2026-06-17 02:09:57,502] LMCache INFO:[0m Stored 256 tokens in 0.000 seconds [3m(gpu_transfer.py:790:lmcache.v1.multiprocess.modules.gpu_transfer)[0m
[32;20m[2026-06-17 02:09:57,518] LMCache INFO:[0m Stored 256 tokens in 0.001 seconds [3m(gpu_transfer.py:790:lmcache.v1.multiprocess.modules.gpu_transfer)[0m
[32;20m[2026-06-17 02:09:57,533] LMCache INFO:[0m Stored 256 tokens in 0.000 seconds [3m(gpu_transfer.py:790:lmcache.v1.multiprocess.modules.gpu_transfer)[0m
[32;20m[2026-06-17 02:09:57,549] LMCache INFO:[0m Stored 512 tokens in 0.001 seconds [3m(gpu_transfer.py:790:lmcache.v1.multiprocess.modules.gpu_transfer)[0m
[32;20m[2026-06-17 02:09:57,564] LMCache INFO:[0m Stored 256 tokens in 0.000 seconds [3m(gpu_transfer.py:790:lmcache.v1.multiprocess.modules.gpu_transfer)[0m
[32;20m[2026-06-17 02:09:57,589] LMCache INFO:[0m Stored 256 tokens in 0.000 seconds [3m(gpu_transfer.py:790:lmcache.v1.multiprocess.modules.gpu_transfer)[0m
[32;20m[2026-06-17 02:09:57,605] LMCache INFO:[0m Stored 256 tokens in 0.000 seconds [3m(gpu_transfer.py:790:lmcache.v1.multiprocess.modules.gpu_transfer)[0m
[32;20m[2026-06-17 02:09:57,620] LMCache INFO:[0m Stored 256 tokens in 0.000 seconds [3m(gpu_transfer.py:790:lmcache.v1.multiprocess.modules.gpu_transfer)[0m
[32;20m[2026-06-17 02:09:57,636] LMCache INFO:[0m Stored 512 tokens in 0.001 seconds [3m(gpu_transfer.py:790:lmcache.v1.multiprocess.modules.gpu_transfer)[0m
[32;20m[2026-06-17 02:09:57,651] LMCache INFO:[0m Stored 256 tokens in 0.000 seconds [3m(gpu_transfer.py:790:lmcache.v1.multiprocess.modules.gpu_transfer)[0m
[32;20m[2026-06-17 02:09:57,677] LMCache INFO:[0m Stored 256 tokens in 0.000 seconds [3m(gpu_transfer.py:790:lmcache.v1.multiprocess.modules.gpu_transfer)[0m
[32;20m[2026-06-17 02:09:57,691] LMCache INFO:[0m Stored 256 tokens in 0.001 seconds [3m(gpu_transfer.py:790:lmcache.v1.multiprocess.modules.gpu_transfer)[0m
[32;20m[2026-06-17 02:09:57,706] LMCache INFO:[0m Stored 256 tokens in 0.001 seconds [3m(gpu_transfer.py:790:lmcache.v1.multiprocess.modules.gpu_transfer)[0m
[32;20m[2026-06-17 02:09:57,721] LMCache INFO:[0m Stored 256 tokens in 0.001 seconds [3m(gpu_transfer.py:790:lmcache.v1.multiprocess.modules.gpu_transfer)[0m
[32;20m[2026-06-17 02:09:57,735] LMCache INFO:[0m Stored 256 tokens in 0.001 seconds [3m(gpu_transfer.py:790:lmcache.v1.multiprocess.modules.gpu_transfer)[0m
[32;20m[2026-06-17 02:09:57,753] LMCache INFO:[0m Stored 256 tokens in 0.001 seconds [3m(gpu_transfer.py:790:lmcache.v1.multiprocess.modules.gpu_transfer)[0m
[32;20m[2026-06-17 02:09:57,769] LMCache INFO:[0m Stored 256 tokens in 0.001 seconds [3m(gpu_transfer.py:790:lmcache.v1.multiprocess.modules.gpu_transfer)[0m
[32;20m[2026-06-17 02:09:57,785] LMCache INFO:[0m Stored 256 tokens in 0.001 seconds [3m(gpu_transfer.py:790:lmcache.v1.multiprocess.modules.gpu_transfer)[0m
[32;20m[2026-06-17 02:09:57,801] LMCache INFO:[0m Stored 256 tokens in 0.000 seconds [3m(gpu_transfer.py:790:lmcache.v1.multiprocess.modules.gpu_transfer)[0m
[32;20m[2026-06-17 02:09:57,814] LMCache INFO:[0m Stored 256 tokens in 0.001 seconds [3m(gpu_transfer.py:790:lmcache.v1.multiprocess.modules.gpu_transfer)[0m
[32;20m[2026-06-17 02:09:57,831] LMCache INFO:[0m Stored 256 tokens in 0.001 seconds [3m(gpu_transfer.py:790:lmcache.v1.multiprocess.modules.gpu_transfer)[0m
[32;20m[2026-06-17 02:09:57,856] LMCache INFO:[0m Stored 256 tokens in 0.001 seconds [3m(gpu_transfer.py:790:lmcache.v1.multiprocess.modules.gpu_transfer)[0m
[32;20m[2026-06-17 02:09:57,872] LMCache INFO:[0m Stored 256 tokens in 0.001 seconds [3m(gpu_transfer.py:790:lmcache.v1.multiprocess.modules.gpu_transfer)[0m
[32;20m[2026-06-17 02:09:57,888] LMCache INFO:[0m Stored 512 tokens in 0.001 seconds [3m(gpu_transfer.py:790:lmcache.v1.multiprocess.modules.gpu_transfer)[0m
[32;20m[2026-06-17 02:09:57,904] LMCache INFO:[0m Stored 256 tokens in 0.000 seconds [3m(gpu_transfer.py:790:lmcache.v1.multiprocess.modules.gpu_transfer)[0m
[32;20m[2026-06-17 02:09:57,920] LMCache INFO:[0m Stored 512 tokens in 0.001 seconds [3m(gpu_transfer.py:790:lmcache.v1.multiprocess.modules.gpu_transfer)[0m
[32;20m[2026-06-17 02:09:57,935] LMCache INFO:[0m Stored 256 tokens in 0.001 seconds [3m(gpu_transfer.py:790:lmcache.v1.multiprocess.modules.gpu_transfer)[0m
[32;20m[2026-06-17 02:09:57,949] LMCache INFO:[0m Stored 256 tokens in 0.000 seconds [3m(gpu_transfer.py:790:lmcache.v1.multiprocess.modules.gpu_transfer)[0m
[32;20m[2026-06-17 02:09:57,963] LMCache INFO:[0m Stored 256 tokens in 0.000 seconds [3m(gpu_transfer.py:790:lmcache.v1.multiprocess.modules.gpu_transfer)[0m
[32;20m[2026-06-17 02:09:57,980] LMCache INFO:[0m Stored 256 tokens in 0.001 seconds [3m(gpu_transfer.py:790:lmcache.v1.multiprocess.modules.gpu_transfer)[0m
[32;20m[2026-06-17 02:09:57,995] LMCache INFO:[0m Stored 256 tokens in 0.000 seconds [3m(gpu_transfer.py:790:lmcache.v1.multiprocess.modules.gpu_transfer)[0m
[32;20m[2026-06-17 02:09:58,011] LMCache INFO:[0m Stored 256 tokens in 0.000 seconds [3m(gpu_transfer.py:790:lmcache.v1.multiprocess.modules.gpu_transfer)[0m
[32;20m[2026-06-17 02:09:58,028] LMCache INFO:[0m Stored 512 tokens in 0.000 seconds [3m(gpu_transfer.py:790:lmcache.v1.multiprocess.modules.gpu_transfer)[0m
[32;20m[2026-06-17 02:09:58,043] LMCache INFO:[0m Stored 512 tokens in 0.000 seconds [3m(gpu_transfer.py:790:lmcache.v1.multiprocess.modules.gpu_transfer)[0m
[32;20m[2026-06-17 02:09:58,057] LMCache INFO:[0m Stored 256 tokens in 0.000 seconds [3m(gpu_transfer.py:790:lmcache.v1.multiprocess.modules.gpu_transfer)[0m
[32;20m[2026-06-17 02:09:58,071] LMCache INFO:[0m Stored 256 tokens in 0.001 seconds [3m(gpu_transfer.py:790:lmcache.v1.multiprocess.modules.gpu_transfer)[0m
[32;20m[2026-06-17 02:09:58,089] LMCache INFO:[0m Stored 256 tokens in 0.000 seconds [3m(gpu_transfer.py:790:lmcache.v1.multiprocess.modules.gpu_transfer)[0m
[32;20m[2026-06-17 02:09:58,105] LMCache INFO:[0m Stored 256 tokens in 0.000 seconds [3m(gpu_transfer.py:790:lmcache.v1.multiprocess.modules.gpu_transfer)[0m
[32;20m[2026-06-17 02:09:58,121] LMCache INFO:[0m Stored 256 tokens in 0.000 seconds [3m(gpu_transfer.py:790:lmcache.v1.multiprocess.modules.gpu_transfer)[0m
[32;20m[2026-06-17 02:09:58,137] LMCache INFO:[0m Stored 256 tokens in 0.001 seconds [3m(gpu_transfer.py:790:lmcache.v1.multiprocess.modules.gpu_transfer)[0m
[32;20m[2026-06-17 02:09:58,154] LMCache INFO:[0m Stored 512 tokens in 0.001 seconds [3m(gpu_transfer.py:790:lmcache.v1.multiprocess.modules.gpu_transfer)[0m
[32;20m[2026-06-17 02:09:58,170] LMCache INFO:[0m Stored 512 tokens in 0.001 seconds [3m(gpu_transfer.py:790:lmcache.v1.multiprocess.modules.gpu_transfer)[0m
[32;20m[2026-06-17 02:09:58,186] LMCache INFO:[0m Stored 256 tokens in 0.000 seconds [3m(gpu_transfer.py:790:lmcache.v1.multiprocess.modules.gpu_transfer)[0m
INFO:     Shutting down
INFO:     Waiting for application shutdown.
[32;20m[2026-06-17 02:09:58,325] LMCache INFO:[0m Shutting down LMCache HTTP server... [3m(http_server.py:164:lmcache.v1.multiprocess.http_server)[0m
[32;20m[2026-06-17 02:09:58,325] LMCache INFO:[0m LookupHashLoggingSubscriber closed [3m(lookup_hash.py:137:lmcache.v1.mp_observability.subscribers.logging.lookup_hash)[0m
[32;20m[2026-06-17 02:09:59,187] LMCache INFO:[0m LMCache HTTP server stopped [3m(http_server.py:186:lmcache.v1.multiprocess.http_server)[0m
INFO:     Application shutdown complete.
INFO:     Finished server process [69]
