2026-07-04 20:37:54  ================================================================================
2026-07-04 20:37:54  BLACKWELL SEMANTIC N128 ISOLATED START models=1 datasets=1 modes=1 engines=3 seeds=[42] jobs=3
2026-07-04 20:37:54  ================================================================================
2026-07-04 20:37:54  JOB 1/3 model=gpt2 dataset=ag_news mode=semantic engine=no_cache seed=42
2026-07-04 20:37:54  CMD  C:\shadowkv\.venv\Scripts\python.exe experiments/run_benchmark.py --backend hf --model gpt2 --device cuda --dtype float16 --workload public_dataset --dataset ag_news --prompt_mode semantic --n_requests 4 --mean_inter_arrival_ms 50.0 --max_arrival_sleep_ms 500.0 --max_memory_mb 512 --speculative_k 2 --idle_threshold_ms 30.0 --seed 42 --engines no_cache --policy_preset balanced --early_layer_reuse_ratio 0.35 --logit_guard_threshold 0.08 --gpu_index 0 --idle_baseline_seconds 5.0 --output_dir C:\shadowkv\incoming_p100\blackwell_semantic_dryrun_isolated\gpt2\semantic\seed_42\ag_news\no_cache --simulate_arrivals --allow_unsafe_semantic_kv_reuse
2026-07-04 20:37:54  JOB 2/3 model=gpt2 dataset=ag_news mode=semantic engine=shadow_kv seed=42
2026-07-04 20:37:54  CMD  C:\shadowkv\.venv\Scripts\python.exe experiments/run_benchmark.py --backend hf --model gpt2 --device cuda --dtype float16 --workload public_dataset --dataset ag_news --prompt_mode semantic --n_requests 4 --mean_inter_arrival_ms 50.0 --max_arrival_sleep_ms 500.0 --max_memory_mb 512 --speculative_k 2 --idle_threshold_ms 30.0 --seed 42 --engines shadow_kv --policy_preset balanced --early_layer_reuse_ratio 0.35 --logit_guard_threshold 0.08 --gpu_index 0 --idle_baseline_seconds 5.0 --output_dir C:\shadowkv\incoming_p100\blackwell_semantic_dryrun_isolated\gpt2\semantic\seed_42\ag_news\shadow_kv --simulate_arrivals --allow_unsafe_semantic_kv_reuse
2026-07-04 20:37:54  JOB 3/3 model=gpt2 dataset=ag_news mode=semantic engine=shadow_kv_plus seed=42
2026-07-04 20:37:54  CMD  C:\shadowkv\.venv\Scripts\python.exe experiments/run_benchmark.py --backend hf --model gpt2 --device cuda --dtype float16 --workload public_dataset --dataset ag_news --prompt_mode semantic --n_requests 4 --mean_inter_arrival_ms 50.0 --max_arrival_sleep_ms 500.0 --max_memory_mb 512 --speculative_k 2 --idle_threshold_ms 30.0 --seed 42 --engines shadow_kv_plus --policy_preset balanced --early_layer_reuse_ratio 0.35 --logit_guard_threshold 0.08 --gpu_index 0 --idle_baseline_seconds 5.0 --output_dir C:\shadowkv\incoming_p100\blackwell_semantic_dryrun_isolated\gpt2\semantic\seed_42\ag_news\shadow_kv_plus --simulate_arrivals --allow_unsafe_semantic_kv_reuse
2026-07-04 20:37:54  ================================================================================
2026-07-04 20:37:54  DONE elapsed=0.0s failed=0/3
2026-07-04 20:37:54  Saved C:\shadowkv\incoming_p100\blackwell_semantic_dryrun_isolated\all_results.csv
2026-07-04 20:37:54  Saved C:\shadowkv\incoming_p100\blackwell_semantic_dryrun_isolated\comparisons_vs_no_cache.csv
2026-07-04 20:37:54  ================================================================================
2026-07-04 20:38:32  ================================================================================
2026-07-04 20:38:32  BLACKWELL SEMANTIC N128 ISOLATED START models=1 datasets=1 modes=1 engines=3 seeds=[42] jobs=3
2026-07-04 20:38:32  ================================================================================
2026-07-04 20:38:32  JOB 1/3 model=gpt2 dataset=ag_news mode=semantic engine=no_cache seed=42
2026-07-04 20:38:32  CMD  C:\shadowkv\.venv\Scripts\python.exe experiments/run_benchmark.py --backend hf --model gpt2 --device cuda --dtype float16 --workload public_dataset --dataset ag_news --prompt_mode semantic --n_requests 4 --mean_inter_arrival_ms 50.0 --max_arrival_sleep_ms 500.0 --max_memory_mb 512 --speculative_k 2 --idle_threshold_ms 30.0 --seed 42 --engines no_cache --policy_preset balanced --early_layer_reuse_ratio 0.35 --logit_guard_threshold 0.08 --gpu_index 0 --idle_baseline_seconds 5.0 --output_dir C:\shadowkv\incoming_p100\blackwell_semantic_dryrun_isolated\gpt2\semantic\seed_42\ag_news\no_cache --simulate_arrivals --allow_unsafe_semantic_kv_reuse
2026-07-04 20:38:32  JOB 2/3 model=gpt2 dataset=ag_news mode=semantic engine=shadow_kv seed=42
2026-07-04 20:38:32  CMD  C:\shadowkv\.venv\Scripts\python.exe experiments/run_benchmark.py --backend hf --model gpt2 --device cuda --dtype float16 --workload public_dataset --dataset ag_news --prompt_mode semantic --n_requests 4 --mean_inter_arrival_ms 50.0 --max_arrival_sleep_ms 500.0 --max_memory_mb 512 --speculative_k 2 --idle_threshold_ms 30.0 --seed 42 --engines shadow_kv --policy_preset balanced --early_layer_reuse_ratio 0.35 --logit_guard_threshold 0.08 --gpu_index 0 --idle_baseline_seconds 5.0 --output_dir C:\shadowkv\incoming_p100\blackwell_semantic_dryrun_isolated\gpt2\semantic\seed_42\ag_news\shadow_kv --simulate_arrivals --allow_unsafe_semantic_kv_reuse
2026-07-04 20:38:32  JOB 3/3 model=gpt2 dataset=ag_news mode=semantic engine=shadow_kv_plus seed=42
2026-07-04 20:38:32  CMD  C:\shadowkv\.venv\Scripts\python.exe experiments/run_benchmark.py --backend hf --model gpt2 --device cuda --dtype float16 --workload public_dataset --dataset ag_news --prompt_mode semantic --n_requests 4 --mean_inter_arrival_ms 50.0 --max_arrival_sleep_ms 500.0 --max_memory_mb 512 --speculative_k 2 --idle_threshold_ms 30.0 --seed 42 --engines shadow_kv_plus --policy_preset balanced --early_layer_reuse_ratio 0.35 --logit_guard_threshold 0.08 --gpu_index 0 --idle_baseline_seconds 5.0 --output_dir C:\shadowkv\incoming_p100\blackwell_semantic_dryrun_isolated\gpt2\semantic\seed_42\ag_news\shadow_kv_plus --simulate_arrivals --allow_unsafe_semantic_kv_reuse
2026-07-04 20:38:32  ================================================================================
2026-07-04 20:38:32  DONE elapsed=0.0s failed=0/3
2026-07-04 20:38:32  Saved C:\shadowkv\incoming_p100\blackwell_semantic_dryrun_isolated\all_results.csv
2026-07-04 20:38:32  Saved C:\shadowkv\incoming_p100\blackwell_semantic_dryrun_isolated\comparisons_vs_no_cache.csv
2026-07-04 20:38:32  ================================================================================
