/usr/local/lib/python3.12/dist-packages/torch/cuda/__init__.py:61: FutureWarning: The pynvml package is deprecated. Please install nvidia-ml-py instead. If you did not install pynvml directly, please report this to the maintainers of the package that installed pynvml for you.
  import pynvml  # type: ignore[import]
(APIServer pid=1287) Warning: You are sending unauthenticated requests to the HF Hub. Please set a HF_TOKEN to enable higher rate limits and faster downloads.
/usr/local/lib/python3.12/dist-packages/torch/cuda/__init__.py:61: FutureWarning: The pynvml package is deprecated. Please install nvidia-ml-py instead. If you did not install pynvml directly, please report this to the maintainers of the package that installed pynvml for you.
  import pynvml  # type: ignore[import]
(EngineCore pid=1361) Loading safetensors checkpoint shards:   0% Completed | 0/1 [00:00<?, ?it/s]
(EngineCore pid=1361) Loading safetensors checkpoint shards: 100% Completed | 1/1 [00:00<00:00,  2.57it/s]
(EngineCore pid=1361) Loading safetensors checkpoint shards: 100% Completed | 1/1 [00:00<00:00,  2.57it/s]
(EngineCore pid=1361) 
(EngineCore pid=1361) 2026-07-04 03:23:30,479 - INFO - autotuner.py:457 - flashinfer.jit: [Autotuner]: Autotuning process starts ...
(EngineCore pid=1361) 2026-07-04 03:23:30,484 - INFO - autotuner.py:466 - flashinfer.jit: [Autotuner]: Autotuning process ends
(EngineCore pid=1361) Capturing CUDA graphs (mixed prefill-decode, PIECEWISE):   0%|          | 0/51 [00:00<?, ?it/s]Capturing CUDA graphs (mixed prefill-decode, PIECEWISE):  18%|█▊        | 9/51 [00:00<00:00, 85.92it/s]Capturing CUDA graphs (mixed prefill-decode, PIECEWISE):  37%|███▋      | 19/51 [00:00<00:00, 89.96it/s]Capturing CUDA graphs (mixed prefill-decode, PIECEWISE):  57%|█████▋    | 29/51 [00:00<00:00, 93.54it/s]Capturing CUDA graphs (mixed prefill-decode, PIECEWISE):  76%|███████▋  | 39/51 [00:00<00:00, 94.67it/s]Capturing CUDA graphs (mixed prefill-decode, PIECEWISE):  96%|█████████▌| 49/51 [00:00<00:00, 94.52it/s]Capturing CUDA graphs (mixed prefill-decode, PIECEWISE): 100%|██████████| 51/51 [00:00<00:00, 89.98it/s]
(EngineCore pid=1361) Capturing CUDA graphs (decode, FULL):   0%|          | 0/51 [00:00<?, ?it/s]Capturing CUDA graphs (decode, FULL):  18%|█▊        | 9/51 [00:00<00:00, 83.37it/s]Capturing CUDA graphs (decode, FULL):  37%|███▋      | 19/51 [00:00<00:00, 91.98it/s]Capturing CUDA graphs (decode, FULL):  59%|█████▉    | 30/51 [00:00<00:00, 99.99it/s]Capturing CUDA graphs (decode, FULL):  82%|████████▏ | 42/51 [00:00<00:00, 105.27it/s]Capturing CUDA graphs (decode, FULL): 100%|██████████| 51/51 [00:00<00:00, 103.65it/s]
(EngineCore pid=1361) Warning: You are sending unauthenticated requests to the HF Hub. Please set a HF_TOKEN to enable higher rate limits and faster downloads.
(APIServer pid=1287) INFO:     Started server process [1287]
(APIServer pid=1287) INFO:     Waiting for application startup.
(APIServer pid=1287) INFO:     Application startup complete.
[rank0]:[W704 03:23:42.484739010 ProcessGroupNCCL.cpp:1575] Warning: WARNING: destroy_process_group() was not called before program exit, which can leak resources. For more info, please see https://pytorch.org/docs/stable/distributed.html#shutdown (function operator())
(APIServer pid=1287) INFO:     Shutting down
(APIServer pid=1287) INFO:     Waiting for application shutdown.
(APIServer pid=1287) INFO:     Application shutdown complete.
(APIServer pid=1287) INFO:     Finished server process [1287]
