2026-07-15 01:44:28  ================================================================================
2026-07-15 01:44:28  BLACKWELL SEMANTIC N128 ISOLATED START models=1 datasets=1 modes=1 engines=11 seeds=[42] jobs=11
2026-07-15 01:44:28  ================================================================================
2026-07-15 01:44:28  JOB 1/11 model=google/gemma-4-31B-it dataset=ag_news mode=semantic engine=no_cache seed=42
2026-07-15 01:44:28  CMD  /usr/bin/python3 experiments/run_benchmark.py --backend hf --model google/gemma-4-31B-it --device cuda --dtype float16 --workload public_dataset --dataset ag_news --prompt_mode semantic --n_requests 16 --mean_inter_arrival_ms 50.0 --max_arrival_sleep_ms 500.0 --max_memory_mb 512 --speculative_k 2 --idle_threshold_ms 30.0 --seed 42 --engines no_cache --policy_preset balanced --early_layer_reuse_ratio 0.35 --logit_guard_threshold 0.08 --gpu_index 0 --idle_baseline_seconds 5.0 --output_dir results_smoke_gemma31_all_engines_longprefix_smoke_20260714/google_gemma-4-31B-it/semantic/seed_42/ag_news/no_cache --measure_energy --include_experimental --simulate_arrivals --allow_unsafe_semantic_kv_reuse --enable_policy_trace
2026-07-15 01:45:22       OK elapsed=53.7s
2026-07-15 01:45:22  JOB 2/11 model=google/gemma-4-31B-it dataset=ag_news mode=semantic engine=native_prefix_cache seed=42
2026-07-15 01:45:22  CMD  /usr/bin/python3 experiments/run_benchmark.py --backend hf --model google/gemma-4-31B-it --device cuda --dtype float16 --workload public_dataset --dataset ag_news --prompt_mode semantic --n_requests 16 --mean_inter_arrival_ms 50.0 --max_arrival_sleep_ms 500.0 --max_memory_mb 512 --speculative_k 2 --idle_threshold_ms 30.0 --seed 42 --engines native_prefix_cache --policy_preset balanced --early_layer_reuse_ratio 0.35 --logit_guard_threshold 0.08 --gpu_index 0 --idle_baseline_seconds 5.0 --output_dir results_smoke_gemma31_all_engines_longprefix_smoke_20260714/google_gemma-4-31B-it/semantic/seed_42/ag_news/native_prefix_cache --measure_energy --include_experimental --simulate_arrivals --allow_unsafe_semantic_kv_reuse --enable_policy_trace
2026-07-15 01:46:12       OK elapsed=50.0s
2026-07-15 01:46:12  JOB 3/11 model=google/gemma-4-31B-it dataset=ag_news mode=semantic engine=reactive_prefix_cache seed=42
2026-07-15 01:46:12  CMD  /usr/bin/python3 experiments/run_benchmark.py --backend hf --model google/gemma-4-31B-it --device cuda --dtype float16 --workload public_dataset --dataset ag_news --prompt_mode semantic --n_requests 16 --mean_inter_arrival_ms 50.0 --max_arrival_sleep_ms 500.0 --max_memory_mb 512 --speculative_k 2 --idle_threshold_ms 30.0 --seed 42 --engines reactive_prefix_cache --policy_preset balanced --early_layer_reuse_ratio 0.35 --logit_guard_threshold 0.08 --gpu_index 0 --idle_baseline_seconds 5.0 --output_dir results_smoke_gemma31_all_engines_longprefix_smoke_20260714/google_gemma-4-31B-it/semantic/seed_42/ag_news/reactive_prefix_cache --measure_energy --include_experimental --simulate_arrivals --allow_unsafe_semantic_kv_reuse --enable_policy_trace
2026-07-15 01:47:03       OK elapsed=50.5s
2026-07-15 01:47:03  JOB 4/11 model=google/gemma-4-31B-it dataset=ag_news mode=semantic engine=greedy_prefix_cache seed=42
2026-07-15 01:47:03  CMD  /usr/bin/python3 experiments/run_benchmark.py --backend hf --model google/gemma-4-31B-it --device cuda --dtype float16 --workload public_dataset --dataset ag_news --prompt_mode semantic --n_requests 16 --mean_inter_arrival_ms 50.0 --max_arrival_sleep_ms 500.0 --max_memory_mb 512 --speculative_k 2 --idle_threshold_ms 30.0 --seed 42 --engines greedy_prefix_cache --policy_preset balanced --early_layer_reuse_ratio 0.35 --logit_guard_threshold 0.08 --gpu_index 0 --idle_baseline_seconds 5.0 --output_dir results_smoke_gemma31_all_engines_longprefix_smoke_20260714/google_gemma-4-31B-it/semantic/seed_42/ag_news/greedy_prefix_cache --measure_energy --include_experimental --simulate_arrivals --allow_unsafe_semantic_kv_reuse --enable_policy_trace
2026-07-15 01:47:53       OK elapsed=50.7s
2026-07-15 01:47:53  JOB 5/11 model=google/gemma-4-31B-it dataset=ag_news mode=semantic engine=strict_reactive_prefix_cache seed=42
2026-07-15 01:47:53  CMD  /usr/bin/python3 experiments/run_benchmark.py --backend hf --model google/gemma-4-31B-it --device cuda --dtype float16 --workload public_dataset --dataset ag_news --prompt_mode semantic --n_requests 16 --mean_inter_arrival_ms 50.0 --max_arrival_sleep_ms 500.0 --max_memory_mb 512 --speculative_k 2 --idle_threshold_ms 30.0 --seed 42 --engines strict_reactive_prefix_cache --policy_preset balanced --early_layer_reuse_ratio 0.35 --logit_guard_threshold 0.08 --gpu_index 0 --idle_baseline_seconds 5.0 --output_dir results_smoke_gemma31_all_engines_longprefix_smoke_20260714/google_gemma-4-31B-it/semantic/seed_42/ag_news/strict_reactive_prefix_cache --measure_energy --include_experimental --simulate_arrivals --allow_unsafe_semantic_kv_reuse --enable_policy_trace
2026-07-15 01:48:44       OK elapsed=51.2s
2026-07-15 01:48:44  JOB 6/11 model=google/gemma-4-31B-it dataset=ag_news mode=semantic engine=frequency_speculative seed=42
2026-07-15 01:48:44  CMD  /usr/bin/python3 experiments/run_benchmark.py --backend hf --model google/gemma-4-31B-it --device cuda --dtype float16 --workload public_dataset --dataset ag_news --prompt_mode semantic --n_requests 16 --mean_inter_arrival_ms 50.0 --max_arrival_sleep_ms 500.0 --max_memory_mb 512 --speculative_k 2 --idle_threshold_ms 30.0 --seed 42 --engines frequency_speculative --policy_preset balanced --early_layer_reuse_ratio 0.35 --logit_guard_threshold 0.08 --gpu_index 0 --idle_baseline_seconds 5.0 --output_dir results_smoke_gemma31_all_engines_longprefix_smoke_20260714/google_gemma-4-31B-it/semantic/seed_42/ag_news/frequency_speculative --measure_energy --include_experimental --simulate_arrivals --allow_unsafe_semantic_kv_reuse --enable_policy_trace
2026-07-15 01:49:34       OK elapsed=50.0s
2026-07-15 01:49:34  JOB 7/11 model=google/gemma-4-31B-it dataset=ag_news mode=semantic engine=shadow_kv seed=42
2026-07-15 01:49:34  CMD  /usr/bin/python3 experiments/run_benchmark.py --backend hf --model google/gemma-4-31B-it --device cuda --dtype float16 --workload public_dataset --dataset ag_news --prompt_mode semantic --n_requests 16 --mean_inter_arrival_ms 50.0 --max_arrival_sleep_ms 500.0 --max_memory_mb 512 --speculative_k 2 --idle_threshold_ms 30.0 --seed 42 --engines shadow_kv --policy_preset balanced --early_layer_reuse_ratio 0.35 --logit_guard_threshold 0.08 --gpu_index 0 --idle_baseline_seconds 5.0 --output_dir results_smoke_gemma31_all_engines_longprefix_smoke_20260714/google_gemma-4-31B-it/semantic/seed_42/ag_news/shadow_kv --measure_energy --include_experimental --simulate_arrivals --allow_unsafe_semantic_kv_reuse --enable_policy_trace
2026-07-15 01:50:27       OK elapsed=52.1s
2026-07-15 01:50:27  JOB 8/11 model=google/gemma-4-31B-it dataset=ag_news mode=semantic engine=shadow_kv_plus seed=42
2026-07-15 01:50:27  CMD  /usr/bin/python3 experiments/run_benchmark.py --backend hf --model google/gemma-4-31B-it --device cuda --dtype float16 --workload public_dataset --dataset ag_news --prompt_mode semantic --n_requests 16 --mean_inter_arrival_ms 50.0 --max_arrival_sleep_ms 500.0 --max_memory_mb 512 --speculative_k 2 --idle_threshold_ms 30.0 --seed 42 --engines shadow_kv_plus --policy_preset balanced --early_layer_reuse_ratio 0.35 --logit_guard_threshold 0.08 --gpu_index 0 --idle_baseline_seconds 5.0 --output_dir results_smoke_gemma31_all_engines_longprefix_smoke_20260714/google_gemma-4-31B-it/semantic/seed_42/ag_news/shadow_kv_plus --measure_energy --include_experimental --simulate_arrivals --allow_unsafe_semantic_kv_reuse --enable_policy_trace
2026-07-15 01:51:19       OK elapsed=52.1s
2026-07-15 01:51:19  JOB 9/11 model=google/gemma-4-31B-it dataset=ag_news mode=semantic engine=shadow_kv_plus_lite seed=42
2026-07-15 01:51:19  CMD  /usr/bin/python3 experiments/run_benchmark.py --backend hf --model google/gemma-4-31B-it --device cuda --dtype float16 --workload public_dataset --dataset ag_news --prompt_mode semantic --n_requests 16 --mean_inter_arrival_ms 50.0 --max_arrival_sleep_ms 500.0 --max_memory_mb 512 --speculative_k 2 --idle_threshold_ms 30.0 --seed 42 --engines shadow_kv_plus_lite --policy_preset balanced --early_layer_reuse_ratio 0.35 --logit_guard_threshold 0.08 --gpu_index 0 --idle_baseline_seconds 5.0 --output_dir results_smoke_gemma31_all_engines_longprefix_smoke_20260714/google_gemma-4-31B-it/semantic/seed_42/ag_news/shadow_kv_plus_lite --measure_energy --include_experimental --simulate_arrivals --allow_unsafe_semantic_kv_reuse --enable_policy_trace
2026-07-15 01:52:10       OK elapsed=51.5s
2026-07-15 01:52:10  JOB 10/11 model=google/gemma-4-31B-it dataset=ag_news mode=semantic engine=shadow_kv_plus_best_latency seed=42
2026-07-15 01:52:10  CMD  /usr/bin/python3 experiments/run_benchmark.py --backend hf --model google/gemma-4-31B-it --device cuda --dtype float16 --workload public_dataset --dataset ag_news --prompt_mode semantic --n_requests 16 --mean_inter_arrival_ms 50.0 --max_arrival_sleep_ms 500.0 --max_memory_mb 512 --speculative_k 2 --idle_threshold_ms 30.0 --seed 42 --engines shadow_kv_plus_best_latency --policy_preset balanced --early_layer_reuse_ratio 0.35 --logit_guard_threshold 0.08 --gpu_index 0 --idle_baseline_seconds 5.0 --output_dir results_smoke_gemma31_all_engines_longprefix_smoke_20260714/google_gemma-4-31B-it/semantic/seed_42/ag_news/shadow_kv_plus_best_latency --measure_energy --include_experimental --simulate_arrivals --allow_unsafe_semantic_kv_reuse --enable_policy_trace
2026-07-15 01:53:00       OK elapsed=50.2s
2026-07-15 01:53:00  JOB 11/11 model=google/gemma-4-31B-it dataset=ag_news mode=semantic engine=shadow_kv_plus_raw_observer seed=42
2026-07-15 01:53:00  CMD  /usr/bin/python3 experiments/run_benchmark.py --backend hf --model google/gemma-4-31B-it --device cuda --dtype float16 --workload public_dataset --dataset ag_news --prompt_mode semantic --n_requests 16 --mean_inter_arrival_ms 50.0 --max_arrival_sleep_ms 500.0 --max_memory_mb 512 --speculative_k 2 --idle_threshold_ms 30.0 --seed 42 --engines shadow_kv_plus_raw_observer --policy_preset balanced --early_layer_reuse_ratio 0.35 --logit_guard_threshold 0.08 --gpu_index 0 --idle_baseline_seconds 5.0 --output_dir results_smoke_gemma31_all_engines_longprefix_smoke_20260714/google_gemma-4-31B-it/semantic/seed_42/ag_news/shadow_kv_plus_raw_observer --measure_energy --include_experimental --simulate_arrivals --allow_unsafe_semantic_kv_reuse --enable_policy_trace
2026-07-15 01:53:51       OK elapsed=50.8s
2026-07-15 01:53:51  ================================================================================
2026-07-15 01:53:51  DONE elapsed=563.0s failed=0/11
2026-07-15 01:53:51  Saved results_smoke_gemma31_all_engines_longprefix_smoke_20260714/all_results.csv
2026-07-15 01:53:51  Saved results_smoke_gemma31_all_engines_longprefix_smoke_20260714/comparisons_vs_no_cache.csv
2026-07-15 01:53:51  Saved results_smoke_gemma31_all_engines_longprefix_smoke_20260714/reuse_path_breakdown.csv
2026-07-15 01:53:51  ================================================================================
