/usr/local/lib/python3.12/dist-packages/torch/cuda/__init__.py:61: FutureWarning: The pynvml package is deprecated. Please install nvidia-ml-py instead. If you did not install pynvml directly, please report this to the maintainers of the package that installed pynvml for you.
  import pynvml  # type: ignore[import]
(APIServer pid=1555) Warning: You are sending unauthenticated requests to the HF Hub. Please set a HF_TOKEN to enable higher rate limits and faster downloads.
/usr/local/lib/python3.12/dist-packages/torch/cuda/__init__.py:61: FutureWarning: The pynvml package is deprecated. Please install nvidia-ml-py instead. If you did not install pynvml directly, please report this to the maintainers of the package that installed pynvml for you.
  import pynvml  # type: ignore[import]
(EngineCore pid=1629) Loading safetensors checkpoint shards:   0% Completed | 0/1 [00:00<?, ?it/s]
(EngineCore pid=1629) Loading safetensors checkpoint shards: 100% Completed | 1/1 [00:00<00:00,  1.80it/s]
(EngineCore pid=1629) Loading safetensors checkpoint shards: 100% Completed | 1/1 [00:00<00:00,  1.80it/s]
(EngineCore pid=1629) 
(EngineCore pid=1629) 2026-07-04 03:23:57,129 - INFO - autotuner.py:457 - flashinfer.jit: [Autotuner]: Autotuning process starts ...
(EngineCore pid=1629) 2026-07-04 03:23:57,133 - INFO - autotuner.py:466 - flashinfer.jit: [Autotuner]: Autotuning process ends
(EngineCore pid=1629) Capturing CUDA graphs (mixed prefill-decode, PIECEWISE):   0%|          | 0/51 [00:00<?, ?it/s]Capturing CUDA graphs (mixed prefill-decode, PIECEWISE):  18%|█▊        | 9/51 [00:00<00:00, 84.79it/s]Capturing CUDA graphs (mixed prefill-decode, PIECEWISE):  35%|███▌      | 18/51 [00:00<00:00, 87.36it/s]Capturing CUDA graphs (mixed prefill-decode, PIECEWISE):  55%|█████▍    | 28/51 [00:00<00:00, 91.80it/s]Capturing CUDA graphs (mixed prefill-decode, PIECEWISE):  75%|███████▍  | 38/51 [00:00<00:00, 93.69it/s]Capturing CUDA graphs (mixed prefill-decode, PIECEWISE):  94%|█████████▍| 48/51 [00:00<00:00, 95.21it/s]Capturing CUDA graphs (mixed prefill-decode, PIECEWISE): 100%|██████████| 51/51 [00:00<00:00, 89.61it/s]
(EngineCore pid=1629) Capturing CUDA graphs (decode, FULL):   0%|          | 0/51 [00:00<?, ?it/s]Capturing CUDA graphs (decode, FULL):  18%|█▊        | 9/51 [00:00<00:00, 87.38it/s]Capturing CUDA graphs (decode, FULL):  39%|███▉      | 20/51 [00:00<00:00, 97.37it/s]Capturing CUDA graphs (decode, FULL):  63%|██████▎   | 32/51 [00:00<00:00, 104.59it/s]Capturing CUDA graphs (decode, FULL):  86%|████████▋ | 44/51 [00:00<00:00, 107.75it/s]Capturing CUDA graphs (decode, FULL): 100%|██████████| 51/51 [00:00<00:00, 105.48it/s]
(EngineCore pid=1629) Warning: You are sending unauthenticated requests to the HF Hub. Please set a HF_TOKEN to enable higher rate limits and faster downloads.
(APIServer pid=1555) INFO:     Started server process [1555]
(APIServer pid=1555) INFO:     Waiting for application startup.
(APIServer pid=1555) INFO:     Application startup complete.
(APIServer pid=1555) INFO:     Shutting down
[rank0]:[W704 03:24:08.857274715 ProcessGroupNCCL.cpp:1575] Warning: WARNING: destroy_process_group() was not called before program exit, which can leak resources. For more info, please see https://pytorch.org/docs/stable/distributed.html#shutdown (function operator())
(APIServer pid=1555) INFO:     Waiting for application shutdown.
(APIServer pid=1555) INFO:     Application shutdown complete.
(APIServer pid=1555) INFO:     Finished server process [1555]
