/usr/local/lib/python3.12/dist-packages/torch/cuda/__init__.py:61: FutureWarning: The pynvml package is deprecated. Please install nvidia-ml-py instead. If you did not install pynvml directly, please report this to the maintainers of the package that installed pynvml for you.
  import pynvml  # type: ignore[import]
(APIServer pid=1019) Warning: You are sending unauthenticated requests to the HF Hub. Please set a HF_TOKEN to enable higher rate limits and faster downloads.
/usr/local/lib/python3.12/dist-packages/torch/cuda/__init__.py:61: FutureWarning: The pynvml package is deprecated. Please install nvidia-ml-py instead. If you did not install pynvml directly, please report this to the maintainers of the package that installed pynvml for you.
  import pynvml  # type: ignore[import]
(EngineCore pid=1093) Warning: You are sending unauthenticated requests to the HF Hub. Please set a HF_TOKEN to enable higher rate limits and faster downloads.
(EngineCore pid=1093) Loading safetensors checkpoint shards:   0% Completed | 0/1 [00:00<?, ?it/s]
(EngineCore pid=1093) Loading safetensors checkpoint shards: 100% Completed | 1/1 [00:00<00:00,  2.89it/s]
(EngineCore pid=1093) Loading safetensors checkpoint shards: 100% Completed | 1/1 [00:00<00:00,  2.89it/s]
(EngineCore pid=1093) 
(EngineCore pid=1093) 2026-07-04 03:23:03,314 - INFO - autotuner.py:457 - flashinfer.jit: [Autotuner]: Autotuning process starts ...
(EngineCore pid=1093) 2026-07-04 03:23:03,318 - INFO - autotuner.py:466 - flashinfer.jit: [Autotuner]: Autotuning process ends
(EngineCore pid=1093) Capturing CUDA graphs (mixed prefill-decode, PIECEWISE):   0%|          | 0/51 [00:00<?, ?it/s]Capturing CUDA graphs (mixed prefill-decode, PIECEWISE):  18%|█▊        | 9/51 [00:00<00:00, 85.76it/s]Capturing CUDA graphs (mixed prefill-decode, PIECEWISE):  37%|███▋      | 19/51 [00:00<00:00, 90.40it/s]Capturing CUDA graphs (mixed prefill-decode, PIECEWISE):  57%|█████▋    | 29/51 [00:00<00:00, 93.51it/s]Capturing CUDA graphs (mixed prefill-decode, PIECEWISE):  78%|███████▊  | 40/51 [00:00<00:00, 96.54it/s]Capturing CUDA graphs (mixed prefill-decode, PIECEWISE): 100%|██████████| 51/51 [00:00<00:00, 90.31it/s]Capturing CUDA graphs (mixed prefill-decode, PIECEWISE): 100%|██████████| 51/51 [00:00<00:00, 91.33it/s]
(EngineCore pid=1093) Capturing CUDA graphs (decode, FULL):   0%|          | 0/51 [00:00<?, ?it/s]Capturing CUDA graphs (decode, FULL):  18%|█▊        | 9/51 [00:00<00:00, 82.69it/s]Capturing CUDA graphs (decode, FULL):  39%|███▉      | 20/51 [00:00<00:00, 94.19it/s]Capturing CUDA graphs (decode, FULL):  61%|██████    | 31/51 [00:00<00:00, 101.07it/s]Capturing CUDA graphs (decode, FULL):  82%|████████▏ | 42/51 [00:00<00:00, 104.30it/s]Capturing CUDA graphs (decode, FULL): 100%|██████████| 51/51 [00:00<00:00, 103.17it/s]
(APIServer pid=1019) INFO:     Started server process [1019]
(APIServer pid=1019) INFO:     Waiting for application startup.
(APIServer pid=1019) INFO:     Application startup complete.
[rank0]:[W704 03:23:15.531904545 ProcessGroupNCCL.cpp:1575] Warning: WARNING: destroy_process_group() was not called before program exit, which can leak resources. For more info, please see https://pytorch.org/docs/stable/distributed.html#shutdown (function operator())
(APIServer pid=1019) INFO:     Shutting down
(APIServer pid=1019) INFO:     Waiting for application shutdown.
(APIServer pid=1019) INFO:     Application shutdown complete.
(APIServer pid=1019) INFO:     Finished server process [1019]
