/usr/local/lib/python3.12/dist-packages/torch/cuda/__init__.py:61: FutureWarning: The pynvml package is deprecated. Please install nvidia-ml-py instead. If you did not install pynvml directly, please report this to the maintainers of the package that installed pynvml for you.
  import pynvml  # type: ignore[import]
[32;20m[2026-06-14 19:10:22,233] LMCache INFO:[0m  torch_dev=<module 'torch.cuda' from '/usr/local/lib/python3.12/dist-packages/torch/cuda/__init__.py'>, torch_device_type=cuda [3m(__init__.py:62:lmcache)[0m
[32;20m[2026-06-14 19:10:22,558] LMCache INFO:[0m Skipping backend lmcache.xpu_ops: predicate returned False [3m(__init__.py:94:lmcache)[0m
[32;20m[2026-06-14 19:10:22,559] LMCache INFO:[0m Using backend: lmcache.c_ops [3m(__init__.py:112:lmcache)[0m
[32;20m[2026-06-14 19:10:23,009] LMCache INFO:[0m multi_layer_block_kv_transfer mode: ptr [3m(base.py:94:lmcache.v1.multiprocess.transfer_context.base)[0m
[32;20m[2026-06-14 19:10:24,217] LMCache INFO:[0m Discovered API module: cache_api [3m(router_discovery.py:53:lmcache.v1.utils.router_discovery)[0m
[32;20m[2026-06-14 19:10:24,218] LMCache INFO:[0m Discovered API module: env_api [3m(router_discovery.py:53:lmcache.v1.utils.router_discovery)[0m
[32;20m[2026-06-14 19:10:24,219] LMCache INFO:[0m Discovered API module: loglevel_api [3m(router_discovery.py:53:lmcache.v1.utils.router_discovery)[0m
[32;20m[2026-06-14 19:10:24,219] LMCache INFO:[0m Discovered API module: metrics_api [3m(router_discovery.py:53:lmcache.v1.utils.router_discovery)[0m
[32;20m[2026-06-14 19:10:24,220] LMCache INFO:[0m Discovered API module: periodic_thread_api [3m(router_discovery.py:53:lmcache.v1.utils.router_discovery)[0m
[32;20m[2026-06-14 19:10:24,220] LMCache INFO:[0m Discovered API module: run_script_api [3m(router_discovery.py:53:lmcache.v1.utils.router_discovery)[0m
[32;20m[2026-06-14 19:10:24,221] LMCache INFO:[0m Discovered API module: thread_api [3m(router_discovery.py:53:lmcache.v1.utils.router_discovery)[0m
[32;20m[2026-06-14 19:10:24,222] LMCache INFO:[0m Discovered API module: common_api [3m(router_discovery.py:53:lmcache.v1.utils.router_discovery)[0m
[32;20m[2026-06-14 19:10:24,222] LMCache INFO:[0m Discovered API module: conf_api [3m(router_discovery.py:53:lmcache.v1.utils.router_discovery)[0m
[32;20m[2026-06-14 19:10:24,223] LMCache INFO:[0m Discovered API module: healthcheck_api [3m(router_discovery.py:53:lmcache.v1.utils.router_discovery)[0m
[32;20m[2026-06-14 19:10:24,224] LMCache INFO:[0m Discovered API module: quota_api [3m(router_discovery.py:53:lmcache.v1.utils.router_discovery)[0m
[32;20m[2026-06-14 19:10:24,226] LMCache INFO:[0m Discovered API module: reconfigure_api [3m(router_discovery.py:53:lmcache.v1.utils.router_discovery)[0m
[32;20m[2026-06-14 19:10:24,226] LMCache INFO:[0m Discovered API module: root_api [3m(router_discovery.py:53:lmcache.v1.utils.router_discovery)[0m
[32;20m[2026-06-14 19:10:24,226] LMCache INFO:[0m Discovered API module: status_api [3m(router_discovery.py:53:lmcache.v1.utils.router_discovery)[0m
[32;20m[2026-06-14 19:10:24,227] LMCache INFO:[0m Discovered API module: version_api [3m(router_discovery.py:53:lmcache.v1.utils.router_discovery)[0m
[32;20m[2026-06-14 19:10:24,234] LMCache INFO:[0m Starting LMCache HTTP server on http://127.0.0.1:8088 [3m(http_server.py:230:lmcache.v1.multiprocess.http_server)[0m
INFO:     Started server process [69]
INFO:     Waiting for application startup.
[32;20m[2026-06-14 19:10:24,406] LMCache INFO:[0m Starting LMCache HTTP server... (accelerator available: True) [3m(http_server.py:68:lmcache.v1.multiprocess.http_server)[0m
[32;20m[2026-06-14 19:10:24,414] LMCache INFO:[0m OTel MeterProvider initialised with Prometheus fallback (standalone metrics HTTP server disabled; /metrics must be exposed by the caller), resource={'telemetry.sdk.language': 'python', 'telemetry.sdk.name': 'opentelemetry', 'telemetry.sdk.version': '1.40.0', 'service.instance.id': '2c13c18e-99a2-4868-a708-6c62475a147a', 'service.name': 'unknown_service'} [3m(otel_init.py:114:lmcache.v1.mp_observability.otel_init)[0m
[32;20m[2026-06-14 19:10:24,415] LMCache INFO:[0m LookupHashLoggingSubscriber started: output_dir=/workspace/shadowkv/results_lmcache_no_native_radix_qwen14b_matrix_2026-06-14/xsum/rag/lmcache_no_native_radix/lmcache_lookup_hash, rotation_interval=21600s, rotation_max_size=104857600, max_files=100, existing_files=0 [3m(lookup_hash.py:113:lmcache.v1.mp_observability.subscribers.logging.lookup_hash)[0m
[32;20m[2026-06-14 19:10:24,415] LMCache INFO:[0m Checking if shm capacity is larger than L1 request [3m(server.py:265:lmcache.v1.multiprocess.server)[0m
[32;20m[2026-06-14 19:10:24,692] LMCache INFO:[0m Starting L1EvictionController... [3m(eviction_controller.py:53:lmcache.v1.distributed.storage_controllers.eviction_controller)[0m
[32;20m[2026-06-14 19:10:24,705] LMCache INFO:[0m Starting L2EvictionController... [3m(eviction_controller.py:229:lmcache.v1.distributed.storage_controllers.eviction_controller)[0m
[32;20m[2026-06-14 19:10:24,705] LMCache INFO:[0m Starting StoreController... [3m(store_controller.py:274:lmcache.v1.distributed.storage_controllers.store_controller)[0m
[32;20m[2026-06-14 19:10:24,705] LMCache INFO:[0m Starting PrefetchController... [3m(prefetch_controller.py:457:lmcache.v1.distributed.storage_controllers.prefetch_controller)[0m
[32;20m[2026-06-14 19:10:24,706] LMCache INFO:[0m Using blake3 hash function [3m(token_hasher.py:79:lmcache.v1.multiprocess.token_hasher)[0m
[32;20m[2026-06-14 19:10:24,716] LMCache INFO:[0m Computed NONE_HASH=b"~>\xff\x9e\xf7a:P4\x0e\xb1&w\xee\x03\xb8:\xc7Y\xfc\xba\x9b\xb3'\x05\xf0rH\xd5mG;" using hash function [3m(token_hasher.py:180:lmcache.v1.multiprocess.token_hasher)[0m
[32;20m[2026-06-14 19:10:24,716] LMCache INFO:[0m TokenHasher initialized: chunk_size=256, hash_algorithm=blake3 [3m(token_hasher.py:67:lmcache.v1.multiprocess.token_hasher)[0m
[32;20m[2026-06-14 19:10:24,716] LMCache INFO:[0m Supported transfer mode: auto [3m(server.py:184:lmcache.v1.multiprocess.server)[0m
[32;20m[2026-06-14 19:10:24,718] LMCache INFO:[0m LMCache ZMQ cache server is running on tcp://127.0.0.1:5555 [3m(server.py:320:lmcache.v1.multiprocess.server)[0m
[32;20m[2026-06-14 19:10:24,726] LMCache INFO:[0m LMCache cache server is running... [3m(server.py:335:lmcache.v1.multiprocess.server)[0m
[32;20m[2026-06-14 19:10:24,726] LMCache INFO:[0m LMCache HTTP server initialized [3m(http_server.py:159:lmcache.v1.multiprocess.http_server)[0m
INFO:     Application startup complete.
INFO:     Uvicorn running on http://127.0.0.1:8088 (Press CTRL+C to quit)
[32;20m[2026-06-14 19:10:25,519] LMCache INFO:[0m Checking memory allocator consistency [3m(memory_management.py:1738:lmcache.v1.memory_management)[0m
[32;20m[2026-06-14 19:10:25,519] LMCache INFO:[0m  - Total active allocations: 0 [3m(memory_management.py:1739:lmcache.v1.memory_management)[0m
[32;20m[2026-06-14 19:10:25,519] LMCache INFO:[0m  - Total allocated size: 0.0 MB [3m(memory_management.py:1740:lmcache.v1.memory_management)[0m
[32;20m[2026-06-14 19:10:25,519] LMCache INFO:[0m  - Total free size: 7168.0 MB [3m(memory_management.py:1747:lmcache.v1.memory_management)[0m
INFO:     127.0.0.1:52800 - "GET /status HTTP/1.1" 200 OK
[32;20m[2026-06-14 19:10:25,918] LMCache INFO:[0m LazyMemoryAllocator: Expanded 10240 MB pinned memory, now total is 11264 MB / 20480 MB (55.0%) [3m(lazy_memory_allocator.py:259:lmcache.v1.lazy_memory_allocator)[0m
[32;20m[2026-06-14 19:10:26,916] LMCache INFO:[0m LazyMemoryAllocator: Expanded 9216 MB pinned memory, now total is 20480 MB / 20480 MB (100.0%) [3m(lazy_memory_allocator.py:259:lmcache.v1.lazy_memory_allocator)[0m
[32;20m[2026-06-14 19:10:53,165] LMCache INFO:[0m list_depth: 2, tensor_dim: 4 [3m(utils.py:636:lmcache.v1.gpu_connector.utils)[0m
[32;20m[2026-06-14 19:10:53,165] LMCache INFO:[0m GPU KV Cache Dimensions: [2][48][215277, 1, 8, 128] [3m(utils.py:647:lmcache.v1.gpu_connector.utils)[0m
[32;20m[2026-06-14 19:10:53,165] LMCache INFO:[0m GPU KV Format: 2 x NL x [NB, BS, NH, HS] [3m(utils.py:498:lmcache.v1.gpu_connector.utils)[0m
[32;20m[2026-06-14 19:10:53,165] LMCache INFO:[0m Currently used by:
  - SGLang MHA via MP daemon (4-D inner) [3m(utils.py:499:lmcache.v1.gpu_connector.utils)[0m
[32;20m[2026-06-14 19:10:53,169] LMCache INFO:[0m Group 0 first-layer tensor: layer_idx=0 shape=(215277, 1, 8, 128) stride=(1024, 1024, 128, 1) is_contiguous=True dtype=torch.float16 device=cuda:0 storage_offset=0 numel=220443648 storage_nbytes=440887296 padding_per_block=0 [3m(utils.py:1415:lmcache.v1.gpu_connector.utils)[0m
[32;20m[2026-06-14 19:10:53,169] LMCache INFO:[0m KV layer groups: ---
KernelGroupInfo(layers=48, indices=0-47, shape_desc=(kv=2, nl=48, nb=215277, bs=1, nh=8, hs=128, element_size=2, block_stride_elems=0), dtype=torch.float16, tokens_per_block=1, slots_per_block=1, engine_group_idx=0, sw_size_tokens=-1)
--- [3m(kv_layer_groups.py:403:lmcache.v1.kv_layer_groups)[0m
[33;20m[2026-06-14 19:10:53,169] LMCache WARNING:[0m KVLayerGroupsManager.kv_layer_groups is deprecated: `kv_layer_groups` is an outdated alias for `kernel_groups` [3m(utils.py:733:lmcache.utils)[0m
/usr/local/lib/python3.12/dist-packages/cupy/_environment.py:670: UserWarning: 
--------------------------------------------------------------------------------

  CuPy may not function correctly because multiple CuPy packages are installed
  in your environment:

    cupy-cuda12x, cupy-cuda13x

  Follow these steps to resolve this issue:

    1. For all packages listed above, run the following command to remove all
       existing CuPy installations:

         $ pip uninstall <package_name>

      If you previously installed CuPy via conda, also run the following:

         $ conda uninstall cupy

    2. Install the appropriate CuPy package.
       Refer to the Installation Guide for detailed instructions.

         https://docs.cupy.dev/en/stable/install.html

--------------------------------------------------------------------------------

  warnings.warn(f'''
[32;20m[2026-06-14 19:10:53,209] LMCache INFO:[0m Registered KV cache for GPU ID 205 with 48 layers [3m(gpu_transfer.py:563:lmcache.v1.multiprocess.modules.gpu_transfer)[0m
[32;20m[2026-06-14 19:10:53,209] LMCache INFO:[0m Initialized cuda stream on device cuda:0 [3m(gpu_context.py:424:lmcache.v1.multiprocess.gpu_context)[0m
[32;20m[2026-06-14 19:11:07,284] LMCache INFO:[0m Stored 256 tokens in 0.005 seconds [3m(gpu_transfer.py:790:lmcache.v1.multiprocess.modules.gpu_transfer)[0m
[32;20m[2026-06-14 19:11:11,242] LMCache INFO:[0m Stored 256 tokens in 0.001 seconds [3m(gpu_transfer.py:790:lmcache.v1.multiprocess.modules.gpu_transfer)[0m
[32;20m[2026-06-14 19:11:11,325] LMCache INFO:[0m Stored 512 tokens in 0.001 seconds [3m(gpu_transfer.py:790:lmcache.v1.multiprocess.modules.gpu_transfer)[0m
[32;20m[2026-06-14 19:11:11,410] LMCache INFO:[0m Stored 256 tokens in 0.001 seconds [3m(gpu_transfer.py:790:lmcache.v1.multiprocess.modules.gpu_transfer)[0m
[32;20m[2026-06-14 19:11:11,495] LMCache INFO:[0m Stored 256 tokens in 0.001 seconds [3m(gpu_transfer.py:790:lmcache.v1.multiprocess.modules.gpu_transfer)[0m
[32;20m[2026-06-14 19:11:11,563] LMCache INFO:[0m Stored 256 tokens in 0.001 seconds [3m(gpu_transfer.py:790:lmcache.v1.multiprocess.modules.gpu_transfer)[0m
[32;20m[2026-06-14 19:11:11,620] LMCache INFO:[0m Stored 256 tokens in 0.001 seconds [3m(gpu_transfer.py:790:lmcache.v1.multiprocess.modules.gpu_transfer)[0m
[32;20m[2026-06-14 19:11:11,674] LMCache INFO:[0m Stored 256 tokens in 0.001 seconds [3m(gpu_transfer.py:790:lmcache.v1.multiprocess.modules.gpu_transfer)[0m
[32;20m[2026-06-14 19:11:16,711] LMCache INFO:[0m Prefetch request completed (L1+L2): 1/1 retained keys (1 L1, 0 L2) in 0.4 ms (external_request_id=4d56b0c8a9784be69d8b332b1f94cdbf, prefetch_request_id=-1) [3m(storage_manager.py:636:lmcache.v1.distributed.storage_manager)[0m
[32;20m[2026-06-14 19:11:16,713] LMCache INFO:[0m Retrieved 256 tokens in 0.001 seconds [3m(gpu_transfer.py:962:lmcache.v1.multiprocess.modules.gpu_transfer)[0m
[32;20m[2026-06-14 19:11:16,764] LMCache INFO:[0m Prefetch request completed (L1+L2): 1/1 retained keys (1 L1, 0 L2) in 0.2 ms (external_request_id=0d807c28bea1404489ac3ab81cf3255f, prefetch_request_id=-1) [3m(storage_manager.py:636:lmcache.v1.distributed.storage_manager)[0m
[32;20m[2026-06-14 19:11:16,765] LMCache INFO:[0m Retrieved 256 tokens in 0.001 seconds [3m(gpu_transfer.py:962:lmcache.v1.multiprocess.modules.gpu_transfer)[0m
[32;20m[2026-06-14 19:11:16,815] LMCache INFO:[0m Prefetch request completed (L1+L2): 2/2 retained keys (2 L1, 0 L2) in 0.3 ms (external_request_id=fbbfef6a122f4c538a763e83eaa3dba8, prefetch_request_id=-1) [3m(storage_manager.py:636:lmcache.v1.distributed.storage_manager)[0m
[32;20m[2026-06-14 19:11:16,816] LMCache INFO:[0m Retrieved 512 tokens in 0.001 seconds [3m(gpu_transfer.py:962:lmcache.v1.multiprocess.modules.gpu_transfer)[0m
[32;20m[2026-06-14 19:11:16,862] LMCache INFO:[0m Prefetch request completed (L1+L2): 1/1 retained keys (1 L1, 0 L2) in 0.2 ms (external_request_id=bb8270c437304b5faec1030795179ded, prefetch_request_id=-1) [3m(storage_manager.py:636:lmcache.v1.distributed.storage_manager)[0m
[32;20m[2026-06-14 19:11:16,864] LMCache INFO:[0m Retrieved 256 tokens in 0.000 seconds [3m(gpu_transfer.py:962:lmcache.v1.multiprocess.modules.gpu_transfer)[0m
[32;20m[2026-06-14 19:11:16,914] LMCache INFO:[0m Prefetch request completed (L1+L2): 1/1 retained keys (1 L1, 0 L2) in 0.2 ms (external_request_id=5305ecfcfd054d05a3ae31851ab4f5c5, prefetch_request_id=-1) [3m(storage_manager.py:636:lmcache.v1.distributed.storage_manager)[0m
[32;20m[2026-06-14 19:11:16,915] LMCache INFO:[0m Retrieved 256 tokens in 0.001 seconds [3m(gpu_transfer.py:962:lmcache.v1.multiprocess.modules.gpu_transfer)[0m
[32;20m[2026-06-14 19:11:16,968] LMCache INFO:[0m Prefetch request completed (L1+L2): 1/1 retained keys (1 L1, 0 L2) in 1.1 ms (external_request_id=5804f59eee5847cc87ceb26344c6fac3, prefetch_request_id=-1) [3m(storage_manager.py:636:lmcache.v1.distributed.storage_manager)[0m
[32;20m[2026-06-14 19:11:16,969] LMCache INFO:[0m Retrieved 256 tokens in 0.000 seconds [3m(gpu_transfer.py:962:lmcache.v1.multiprocess.modules.gpu_transfer)[0m
[32;20m[2026-06-14 19:11:17,021] LMCache INFO:[0m Prefetch request completed (L1+L2): 1/1 retained keys (1 L1, 0 L2) in 0.2 ms (external_request_id=636a3320eace4d3cab3882c0a2b15756, prefetch_request_id=-1) [3m(storage_manager.py:636:lmcache.v1.distributed.storage_manager)[0m
[32;20m[2026-06-14 19:11:17,022] LMCache INFO:[0m Retrieved 256 tokens in 0.000 seconds [3m(gpu_transfer.py:962:lmcache.v1.multiprocess.modules.gpu_transfer)[0m
[32;20m[2026-06-14 19:11:17,069] LMCache INFO:[0m Prefetch request completed (L1+L2): 1/1 retained keys (1 L1, 0 L2) in 0.1 ms (external_request_id=4de993e3d8a24b11be895507d1b62e7c, prefetch_request_id=-1) [3m(storage_manager.py:636:lmcache.v1.distributed.storage_manager)[0m
[32;20m[2026-06-14 19:11:17,069] LMCache INFO:[0m Retrieved 256 tokens in 0.000 seconds [3m(gpu_transfer.py:962:lmcache.v1.multiprocess.modules.gpu_transfer)[0m
[32;20m[2026-06-14 19:11:17,176] LMCache INFO:[0m Stored 512 tokens in 0.001 seconds [3m(gpu_transfer.py:790:lmcache.v1.multiprocess.modules.gpu_transfer)[0m
[32;20m[2026-06-14 19:11:17,246] LMCache INFO:[0m Stored 256 tokens in 0.001 seconds [3m(gpu_transfer.py:790:lmcache.v1.multiprocess.modules.gpu_transfer)[0m
[32;20m[2026-06-14 19:11:17,311] LMCache INFO:[0m Stored 256 tokens in 0.001 seconds [3m(gpu_transfer.py:790:lmcache.v1.multiprocess.modules.gpu_transfer)[0m
[32;20m[2026-06-14 19:11:17,385] LMCache INFO:[0m Stored 512 tokens in 0.001 seconds [3m(gpu_transfer.py:790:lmcache.v1.multiprocess.modules.gpu_transfer)[0m
[32;20m[2026-06-14 19:11:17,499] LMCache INFO:[0m Stored 256 tokens in 0.001 seconds [3m(gpu_transfer.py:790:lmcache.v1.multiprocess.modules.gpu_transfer)[0m
[32;20m[2026-06-14 19:11:17,558] LMCache INFO:[0m Stored 256 tokens in 0.001 seconds [3m(gpu_transfer.py:790:lmcache.v1.multiprocess.modules.gpu_transfer)[0m
[32;20m[2026-06-14 19:11:17,624] LMCache INFO:[0m Stored 256 tokens in 0.001 seconds [3m(gpu_transfer.py:790:lmcache.v1.multiprocess.modules.gpu_transfer)[0m
[32;20m[2026-06-14 19:11:17,740] LMCache INFO:[0m Stored 256 tokens in 0.000 seconds [3m(gpu_transfer.py:790:lmcache.v1.multiprocess.modules.gpu_transfer)[0m
[32;20m[2026-06-14 19:11:17,806] LMCache INFO:[0m Stored 256 tokens in 0.000 seconds [3m(gpu_transfer.py:790:lmcache.v1.multiprocess.modules.gpu_transfer)[0m
[32;20m[2026-06-14 19:11:17,863] LMCache INFO:[0m Stored 256 tokens in 0.000 seconds [3m(gpu_transfer.py:790:lmcache.v1.multiprocess.modules.gpu_transfer)[0m
[32;20m[2026-06-14 19:11:17,978] LMCache INFO:[0m Stored 256 tokens in 0.000 seconds [3m(gpu_transfer.py:790:lmcache.v1.multiprocess.modules.gpu_transfer)[0m
[32;20m[2026-06-14 19:11:18,044] LMCache INFO:[0m Stored 256 tokens in 0.000 seconds [3m(gpu_transfer.py:790:lmcache.v1.multiprocess.modules.gpu_transfer)[0m
[32;20m[2026-06-14 19:11:18,102] LMCache INFO:[0m Stored 256 tokens in 0.001 seconds [3m(gpu_transfer.py:790:lmcache.v1.multiprocess.modules.gpu_transfer)[0m
[32;20m[2026-06-14 19:11:18,159] LMCache INFO:[0m Stored 256 tokens in 0.001 seconds [3m(gpu_transfer.py:790:lmcache.v1.multiprocess.modules.gpu_transfer)[0m
[32;20m[2026-06-14 19:11:18,222] LMCache INFO:[0m Stored 256 tokens in 0.001 seconds [3m(gpu_transfer.py:790:lmcache.v1.multiprocess.modules.gpu_transfer)[0m
[32;20m[2026-06-14 19:11:18,288] LMCache INFO:[0m Stored 256 tokens in 0.001 seconds [3m(gpu_transfer.py:790:lmcache.v1.multiprocess.modules.gpu_transfer)[0m
[32;20m[2026-06-14 19:11:18,355] LMCache INFO:[0m Stored 256 tokens in 0.001 seconds [3m(gpu_transfer.py:790:lmcache.v1.multiprocess.modules.gpu_transfer)[0m
[32;20m[2026-06-14 19:11:18,423] LMCache INFO:[0m Stored 256 tokens in 0.001 seconds [3m(gpu_transfer.py:790:lmcache.v1.multiprocess.modules.gpu_transfer)[0m
[32;20m[2026-06-14 19:11:18,487] LMCache INFO:[0m Stored 256 tokens in 0.001 seconds [3m(gpu_transfer.py:790:lmcache.v1.multiprocess.modules.gpu_transfer)[0m
[32;20m[2026-06-14 19:11:18,543] LMCache INFO:[0m Stored 256 tokens in 0.001 seconds [3m(gpu_transfer.py:790:lmcache.v1.multiprocess.modules.gpu_transfer)[0m
[32;20m[2026-06-14 19:11:18,599] LMCache INFO:[0m Stored 256 tokens in 0.001 seconds [3m(gpu_transfer.py:790:lmcache.v1.multiprocess.modules.gpu_transfer)[0m
[32;20m[2026-06-14 19:11:18,664] LMCache INFO:[0m Stored 256 tokens in 0.001 seconds [3m(gpu_transfer.py:790:lmcache.v1.multiprocess.modules.gpu_transfer)[0m
[32;20m[2026-06-14 19:11:18,729] LMCache INFO:[0m Stored 256 tokens in 0.001 seconds [3m(gpu_transfer.py:790:lmcache.v1.multiprocess.modules.gpu_transfer)[0m
[32;20m[2026-06-14 19:11:18,785] LMCache INFO:[0m Stored 256 tokens in 0.001 seconds [3m(gpu_transfer.py:790:lmcache.v1.multiprocess.modules.gpu_transfer)[0m
[32;20m[2026-06-14 19:11:18,850] LMCache INFO:[0m Stored 256 tokens in 0.001 seconds [3m(gpu_transfer.py:790:lmcache.v1.multiprocess.modules.gpu_transfer)[0m
[32;20m[2026-06-14 19:11:18,906] LMCache INFO:[0m Stored 256 tokens in 0.001 seconds [3m(gpu_transfer.py:790:lmcache.v1.multiprocess.modules.gpu_transfer)[0m
[32;20m[2026-06-14 19:11:18,973] LMCache INFO:[0m Stored 256 tokens in 0.001 seconds [3m(gpu_transfer.py:790:lmcache.v1.multiprocess.modules.gpu_transfer)[0m
[32;20m[2026-06-14 19:11:19,029] LMCache INFO:[0m Stored 256 tokens in 0.001 seconds [3m(gpu_transfer.py:790:lmcache.v1.multiprocess.modules.gpu_transfer)[0m
[32;20m[2026-06-14 19:11:19,095] LMCache INFO:[0m Stored 256 tokens in 0.001 seconds [3m(gpu_transfer.py:790:lmcache.v1.multiprocess.modules.gpu_transfer)[0m
[32;20m[2026-06-14 19:11:19,163] LMCache INFO:[0m Stored 256 tokens in 0.001 seconds [3m(gpu_transfer.py:790:lmcache.v1.multiprocess.modules.gpu_transfer)[0m
[32;20m[2026-06-14 19:11:19,228] LMCache INFO:[0m Stored 256 tokens in 0.001 seconds [3m(gpu_transfer.py:790:lmcache.v1.multiprocess.modules.gpu_transfer)[0m
[32;20m[2026-06-14 19:11:19,296] LMCache INFO:[0m Stored 256 tokens in 0.001 seconds [3m(gpu_transfer.py:790:lmcache.v1.multiprocess.modules.gpu_transfer)[0m
[32;20m[2026-06-14 19:11:19,361] LMCache INFO:[0m Stored 256 tokens in 0.001 seconds [3m(gpu_transfer.py:790:lmcache.v1.multiprocess.modules.gpu_transfer)[0m
[32;20m[2026-06-14 19:11:19,435] LMCache INFO:[0m Stored 512 tokens in 0.001 seconds [3m(gpu_transfer.py:790:lmcache.v1.multiprocess.modules.gpu_transfer)[0m
[32;20m[2026-06-14 19:11:19,507] LMCache INFO:[0m Stored 256 tokens in 0.001 seconds [3m(gpu_transfer.py:790:lmcache.v1.multiprocess.modules.gpu_transfer)[0m
[32;20m[2026-06-14 19:11:19,587] LMCache INFO:[0m Stored 512 tokens in 0.001 seconds [3m(gpu_transfer.py:790:lmcache.v1.multiprocess.modules.gpu_transfer)[0m
[32;20m[2026-06-14 19:11:19,654] LMCache INFO:[0m Stored 256 tokens in 0.001 seconds [3m(gpu_transfer.py:790:lmcache.v1.multiprocess.modules.gpu_transfer)[0m
[32;20m[2026-06-14 19:11:19,722] LMCache INFO:[0m Stored 256 tokens in 0.001 seconds [3m(gpu_transfer.py:790:lmcache.v1.multiprocess.modules.gpu_transfer)[0m
[32;20m[2026-06-14 19:11:19,789] LMCache INFO:[0m Stored 256 tokens in 0.001 seconds [3m(gpu_transfer.py:790:lmcache.v1.multiprocess.modules.gpu_transfer)[0m
[32;20m[2026-06-14 19:11:19,855] LMCache INFO:[0m Stored 256 tokens in 0.001 seconds [3m(gpu_transfer.py:790:lmcache.v1.multiprocess.modules.gpu_transfer)[0m
[32;20m[2026-06-14 19:11:19,931] LMCache INFO:[0m Stored 512 tokens in 0.001 seconds [3m(gpu_transfer.py:790:lmcache.v1.multiprocess.modules.gpu_transfer)[0m
[32;20m[2026-06-14 19:11:19,999] LMCache INFO:[0m Stored 256 tokens in 0.001 seconds [3m(gpu_transfer.py:790:lmcache.v1.multiprocess.modules.gpu_transfer)[0m
[32;20m[2026-06-14 19:11:20,072] LMCache INFO:[0m Stored 512 tokens in 0.001 seconds [3m(gpu_transfer.py:790:lmcache.v1.multiprocess.modules.gpu_transfer)[0m
[32;20m[2026-06-14 19:11:20,140] LMCache INFO:[0m Stored 256 tokens in 0.001 seconds [3m(gpu_transfer.py:790:lmcache.v1.multiprocess.modules.gpu_transfer)[0m
[32;20m[2026-06-14 19:11:20,207] LMCache INFO:[0m Stored 256 tokens in 0.001 seconds [3m(gpu_transfer.py:790:lmcache.v1.multiprocess.modules.gpu_transfer)[0m
[32;20m[2026-06-14 19:11:20,274] LMCache INFO:[0m Stored 256 tokens in 0.001 seconds [3m(gpu_transfer.py:790:lmcache.v1.multiprocess.modules.gpu_transfer)[0m
[32;20m[2026-06-14 19:11:20,341] LMCache INFO:[0m Stored 256 tokens in 0.001 seconds [3m(gpu_transfer.py:790:lmcache.v1.multiprocess.modules.gpu_transfer)[0m
[32;20m[2026-06-14 19:11:20,417] LMCache INFO:[0m Stored 512 tokens in 0.001 seconds [3m(gpu_transfer.py:790:lmcache.v1.multiprocess.modules.gpu_transfer)[0m
[32;20m[2026-06-14 19:11:20,484] LMCache INFO:[0m Stored 256 tokens in 0.001 seconds [3m(gpu_transfer.py:790:lmcache.v1.multiprocess.modules.gpu_transfer)[0m
[32;20m[2026-06-14 19:11:20,589] LMCache INFO:[0m Stored 256 tokens in 0.001 seconds [3m(gpu_transfer.py:790:lmcache.v1.multiprocess.modules.gpu_transfer)[0m
[32;20m[2026-06-14 19:11:20,656] LMCache INFO:[0m Stored 256 tokens in 0.001 seconds [3m(gpu_transfer.py:790:lmcache.v1.multiprocess.modules.gpu_transfer)[0m
[32;20m[2026-06-14 19:11:20,731] LMCache INFO:[0m Stored 512 tokens in 0.001 seconds [3m(gpu_transfer.py:790:lmcache.v1.multiprocess.modules.gpu_transfer)[0m
INFO:     Shutting down
INFO:     Waiting for application shutdown.
[32;20m[2026-06-14 19:11:20,928] LMCache INFO:[0m Shutting down LMCache HTTP server... [3m(http_server.py:164:lmcache.v1.multiprocess.http_server)[0m
[32;20m[2026-06-14 19:11:20,928] LMCache INFO:[0m LookupHashLoggingSubscriber closed [3m(lookup_hash.py:137:lmcache.v1.mp_observability.subscribers.logging.lookup_hash)[0m
[32;20m[2026-06-14 19:11:21,738] LMCache INFO:[0m LMCache HTTP server stopped [3m(http_server.py:186:lmcache.v1.multiprocess.http_server)[0m
INFO:     Application shutdown complete.
INFO:     Finished server process [69]
