/home/kushalkhemani/research/myenv/lib/python3.12/site-packages/torch/cuda/__init__.py:58: FutureWarning: The pynvml package is deprecated. Please install nvidia-ml-py instead. If you did not install pynvml directly, please report this to the maintainers of the package that installed pynvml for you.
  import pynvml  # type: ignore[import]
Using the latest cached version of the dataset since OpenAssistant/oasst1 couldn't be found on the Hugging Face Hub (offline mode is enabled).
Found the latest cached dataset configuration 'default' at /home/kushalkhemani/.cache/huggingface/datasets/OpenAssistant___oasst1/default/0.0.0/fdf72ae0827c1cda404aff25b6603abec9e3399b (last modified on Thu Apr 30 10:10:20 2026).
`torch_dtype` is deprecated! Use `dtype` instead!
Loading checkpoint shards:   0%|          | 0/2 [00:00<?, ?it/s]Loading checkpoint shards:  50%|█████     | 1/2 [00:00<00:00,  1.54it/s]Loading checkpoint shards: 100%|██████████| 2/2 [00:00<00:00,  3.01it/s]
Loading checkpoint shards:   0%|          | 0/2 [00:00<?, ?it/s]Loading checkpoint shards:  50%|█████     | 1/2 [00:00<00:00,  1.58it/s]Loading checkpoint shards: 100%|██████████| 2/2 [00:00<00:00,  3.10it/s]
Loading checkpoint shards:   0%|          | 0/2 [00:00<?, ?it/s]Loading checkpoint shards:  50%|█████     | 1/2 [00:00<00:00,  1.56it/s]Loading checkpoint shards: 100%|██████████| 2/2 [00:00<00:00,  3.06it/s]
Loading checkpoint shards:   0%|          | 0/2 [00:00<?, ?it/s]Loading checkpoint shards:  50%|█████     | 1/2 [00:00<00:00,  1.55it/s]Loading checkpoint shards: 100%|██████████| 2/2 [00:00<00:00,  3.05it/s]
Loading checkpoint shards:   0%|          | 0/2 [00:00<?, ?it/s]Loading checkpoint shards:  50%|█████     | 1/2 [00:00<00:00,  1.53it/s]Loading checkpoint shards: 100%|██████████| 2/2 [00:00<00:00,  3.01it/s]
{
  "no_cache": {
    "mean_latency_ms": 185.07539057833355,
    "p50_latency_ms": 146.5052445018955,
    "p95_latency_ms": 296.7025971500334,
    "p99_latency_ms": 336.49344321103825,
    "p999_latency_ms": 395.3853705240295,
    "throughput_rps": 3.9992681089409317,
    "service_throughput_rps": 5.403203510067687,
    "hit_rate": 0.0,
    "speculative_hits": 0,
    "speculative_hit_rate": 0.0,
    "speculative_precomputes": 0,
    "speculative_cost_ms": 0.0,
    "wasted_precomputes": 0,
    "wasted_compute_ms": 0.0,
    "wasted_compute_ratio": 0.0,
    "utility_proxy_ms": 0.0,
    "gpu_utilization_pct_mean": 82.3125,
    "promotions": 0,
    "demotions": 0,
    "reuse_attempts": 0,
    "reuse_successes": 0,
    "reuse_failures": 0,
    "reuse_backend_fallbacks": 0,
    "store_attempts": 0,
    "store_successes": 0,
    "store_skips": 0,
    "bypassed_matches": 0,
    "requests_seen": 64,
    "reused_prefix_tokens_total": 0,
    "recompute_tokens_total": 12392,
    "estimated_tokens_saved_total": 0,
    "saved_latency_estimate_ms": 0.0,
    "store_latency_total_ms": 0.0,
    "full_prefill_latency_total_ms": 11844.824997013347,
    "avg_reused_prefix_tokens": 0.0,
    "reuse_success_rate": 0.0,
    "cache_active_final": false,
    "auto_disabled_reason": null,
    "speculative_overlap_ms": 0.0,
    "speculative_overlap_events": 0,
    "bootstrap_store_deferrals": 0,
    "speculative_useful_savings_ms": 0.0,
    "bypass_regret_ms_total": 0.0,
    "transfer_regret_ms_total": 0.0,
    "cache_disable_check_every": 8,
    "cache_disable_min_attempts": 8,
    "cache_disable_min_requests": 10,
    "cache_lookup_calls": 0,
    "cache_lookup_latency_total_ms": 0.0,
    "policy_planning_calls": 0,
    "policy_planning_latency_total_ms": 0.0,
    "semantic_query_calls": 0,
    "semantic_query_latency_total_ms": 0.0,
    "kv_materialization_calls": 0,
    "kv_materialization_latency_total_ms": 0.0,
    "backend_reuse_calls": 0,
    "backend_reuse_latency_total_ms": 0.0,
    "small_prefix_bypass_total": 0,
    "net_latency_saved_estimate_ms_total": 0.0,
    "utility_admission_enabled": false,
    "utility_admission_checks_total": 0,
    "utility_admission_admit_total": 0,
    "negative_utility_bypass_total": 0,
    "utility_expected_saved_ms_total": 0.0,
    "utility_expected_cost_ms_total": 0.0,
    "utility_net_ms_total": 0.0,
    "utility_bucket_129_256_observations": 41,
    "utility_bucket_129_256_full_ms_per_token": 1.0061302777321681,
    "utility_bucket_129_256_reuse_overhead_ms": 8.0,
    "utility_bucket_129_256_admitted": 0,
    "utility_bucket_129_256_negative_bypass": 0,
    "utility_bucket_257_512_observations": 14,
    "utility_bucket_257_512_full_ms_per_token": 0.9390858406796269,
    "utility_bucket_257_512_reuse_overhead_ms": 8.0,
    "utility_bucket_257_512_admitted": 0,
    "utility_bucket_257_512_negative_bypass": 0,
    "utility_bucket_65_128_observations": 9,
    "utility_bucket_65_128_full_ms_per_token": 0.8665855343802905,
    "utility_bucket_65_128_reuse_overhead_ms": 8.0,
    "utility_bucket_65_128_admitted": 0,
    "utility_bucket_65_128_negative_bypass": 0,
    "speedup_vs_no_cache_mean": 1.0,
    "speedup_vs_no_cache_p95": 1.0
  },
  "shadow_kv": {
    "mean_latency_ms": 124.68812406240204,
    "p50_latency_ms": 91.22606500022812,
    "p95_latency_ms": 266.23898775269447,
    "p99_latency_ms": 291.0116748383007,
    "p999_latency_ms": 295.69567998362623,
    "throughput_rps": 5.332305068510428,
    "service_throughput_rps": 8.020009985069107,
    "hit_rate": 0.96875,
    "speculative_hits": 0,
    "speculative_hit_rate": 0.0,
    "speculative_precomputes": 1,
    "speculative_cost_ms": 90.39181900152471,
    "wasted_precomputes": 0,
    "wasted_compute_ms": 0.0,
    "wasted_compute_ratio": 0.0,
    "utility_proxy_ms": 0.0,
    "gpu_utilization_pct_mean": 74.5546875,
    "promotions": 2,
    "demotions": 0,
    "reuse_attempts": 62,
    "reuse_successes": 62,
    "reuse_failures": 0,
    "reuse_backend_fallbacks": 0,
    "store_attempts": 2,
    "store_successes": 1,
    "store_skips": 1,
    "bypassed_matches": 0,
    "requests_seen": 64,
    "reused_prefix_tokens_total": 4960,
    "recompute_tokens_total": 7432,
    "estimated_tokens_saved_total": 4960,
    "saved_latency_estimate_ms": 5261.513875169129,
    "store_latency_total_ms": 88.45439599826932,
    "full_prefill_latency_total_ms": 345.24701700138394,
    "avg_reused_prefix_tokens": 80.0,
    "reuse_success_rate": 1.0,
    "cache_active_final": true,
    "auto_disabled_reason": null,
    "speculative_overlap_ms": 66.8653649991029,
    "speculative_overlap_events": 1,
    "bootstrap_store_deferrals": 1,
    "speculative_useful_savings_ms": 0.0,
    "bypass_regret_ms_total": 0.0,
    "transfer_regret_ms_total": 0.0,
    "cache_disable_check_every": 8,
    "cache_disable_min_attempts": 8,
    "cache_disable_min_requests": 10,
    "cache_lookup_calls": 0,
    "cache_lookup_latency_total_ms": 0.0,
    "policy_planning_calls": 0,
    "policy_planning_latency_total_ms": 0.0,
    "semantic_query_calls": 0,
    "semantic_query_latency_total_ms": 0.0,
    "kv_materialization_calls": 2,
    "kv_materialization_latency_total_ms": 1.1275670003669802,
    "backend_reuse_calls": 62,
    "backend_reuse_latency_total_ms": 7572.514062972914,
    "small_prefix_bypass_total": 0,
    "net_latency_saved_estimate_ms_total": 4928.644351446007,
    "utility_admission_enabled": false,
    "utility_admission_checks_total": 0,
    "utility_admission_admit_total": 0,
    "negative_utility_bypass_total": 0,
    "utility_expected_saved_ms_total": 0.0,
    "utility_expected_cost_ms_total": 0.0,
    "utility_net_ms_total": 0.0,
    "speculation_cooldown_events": 0,
    "speculation_paused_ticks": 0,
    "speculation_enabled_final": true,
    "effective_speculative_k_final": 2,
    "recent_reuse_density_final": 0.4673807205452775,
    "recent_hit_rate_final": 1.0,
    "utility_bucket_129_256_observations": 2,
    "utility_bucket_129_256_full_ms_per_token": 0.8358355812345581,
    "utility_bucket_129_256_reuse_overhead_ms": 8.0,
    "utility_bucket_129_256_admitted": 0,
    "utility_bucket_129_256_negative_bypass": 0,
    "utility_bucket_65_128_observations": 64,
    "utility_bucket_65_128_full_ms_per_token": 0.7831007104978053,
    "utility_bucket_65_128_reuse_overhead_ms": 4.9696349345299105,
    "utility_bucket_65_128_admitted": 0,
    "utility_bucket_65_128_negative_bypass": 0,
    "speedup_vs_no_cache_mean": 1.4843064804288002,
    "speedup_vs_no_cache_p95": 1.114422044849555
  },
  "shadow_kv_plus": {
    "mean_latency_ms": 122.88758195336413,
    "p50_latency_ms": 92.39686199907737,
    "p95_latency_ms": 220.43459615197207,
    "p99_latency_ms": 284.9674086508821,
    "p999_latency_ms": 297.40934196641695,
    "throughput_rps": 5.332147361560584,
    "service_throughput_rps": 8.137518731384105,
    "hit_rate": 0.984375,
    "speculative_hits": 0,
    "speculative_hit_rate": 0.0,
    "speculative_precomputes": 0,
    "speculative_cost_ms": 0.0,
    "wasted_precomputes": 0,
    "wasted_compute_ms": 0.0,
    "wasted_compute_ratio": 0.0,
    "utility_proxy_ms": 0.0,
    "gpu_utilization_pct_mean": 71.3125,
    "promotions": 1,
    "demotions": 0,
    "reuse_attempts": 63,
    "reuse_successes": 63,
    "reuse_failures": 0,
    "reuse_backend_fallbacks": 0,
    "store_attempts": 1,
    "store_successes": 1,
    "store_skips": 0,
    "bypassed_matches": 0,
    "requests_seen": 64,
    "reused_prefix_tokens_total": 5040,
    "recompute_tokens_total": 7352,
    "estimated_tokens_saved_total": 5040,
    "saved_latency_estimate_ms": 5152.489050249709,
    "store_latency_total_ms": 0.0,
    "full_prefill_latency_total_ms": 147.21307199943112,
    "avg_reused_prefix_tokens": 80.0,
    "reuse_success_rate": 1.0,
    "cache_active_final": true,
    "auto_disabled_reason": null,
    "speculative_overlap_ms": 0.0,
    "speculative_overlap_events": 0,
    "bootstrap_store_deferrals": 0,
    "speculative_useful_savings_ms": 0.0,
    "bypass_regret_ms_total": 0.0,
    "transfer_regret_ms_total": 0.0,
    "cache_disable_check_every": 8,
    "cache_disable_min_attempts": 8,
    "cache_disable_min_requests": 10,
    "cache_lookup_calls": 0,
    "cache_lookup_latency_total_ms": 0.0,
    "policy_planning_calls": 64,
    "policy_planning_latency_total_ms": 2.154245023120893,
    "semantic_query_calls": 0,
    "semantic_query_latency_total_ms": 0.0,
    "kv_materialization_calls": 1,
    "kv_materialization_latency_total_ms": 0.0,
    "backend_reuse_calls": 63,
    "backend_reuse_latency_total_ms": 7748.349662007968,
    "small_prefix_bypass_total": 0,
    "net_latency_saved_estimate_ms_total": 4710.744962606972,
    "utility_admission_enabled": false,
    "utility_admission_checks_total": 0,
    "utility_admission_admit_total": 0,
    "negative_utility_bypass_total": 0,
    "utility_expected_saved_ms_total": 0.0,
    "utility_expected_cost_ms_total": 0.0,
    "utility_net_ms_total": 0.0,
    "speculation_cooldown_events": 0,
    "speculation_paused_ticks": 0,
    "speculation_enabled_final": true,
    "effective_speculative_k_final": 2,
    "recent_reuse_density_final": 0.4673807205452775,
    "recent_hit_rate_final": 1.0,
    "semantic_ablation_mode": "safe",
    "policy_plans_total": 64,
    "policy_bypass_total": 1,
    "policy_exact_total": 63,
    "policy_semantic_partial_total": 0,
    "semantic_index_entries_final": 1,
    "semantic_queries_total": 0,
    "semantic_matches_total": 0,
    "semantic_partial_hits": 0,
    "semantic_partial_reused_tokens_total": 0,
    "semantic_opportunity_plans_total": 0,
    "semantic_opportunity_reused_tokens_total": 0,
    "semantic_opportunity_estimated_savings_ms": 0.0,
    "semantic_blocked_by_backend_total": 0,
    "fast_raw_bypass_total": 0,
    "raw_strategy": "strict_utility_gate",
    "raw_conservative_bypass_total": 0,
    "raw_observer_bypass_total": 0,
    "raw_reuse_evidence_strong_total": 0,
    "raw_reuse_evidence_weak_total": 0,
    "raw_graduated_total": 0,
    "raw_graduate_min_observations": 8,
    "raw_graduate_min_frequency": 0.35,
    "raw_graduate_min_prefix_len": 48,
    "semantic_queries_skipped_total": 64,
    "scaffold_bypass_store_successes": 1,
    "semantic_scaffold_store_successes": 0,
    "scaffold_only_attempts": 0,
    "scaffold_only_hits": 0,
    "early_layer_attempts": 0,
    "early_layer_hits": 0,
    "early_layer_reuse_ratio_sum": 0.0,
    "logit_guard_checks": 0,
    "logit_guard_passes": 0,
    "logit_guard_failures": 0,
    "logit_guard_distance_sum": 0.0,
    "logit_guard_threshold": 0.08,
    "semantic_guarded_hits": 0,
    "semantic_sandbox_checks": 0,
    "semantic_sandbox_passes": 0,
    "semantic_sandbox_failures": 0,
    "semantic_sandbox_divergence_sum": 0.0,
    "semantic_quality_divergence_sum": 0.0,
    "semantic_quality_divergence_events": 0,
    "layer_reuse_ratio_sum": 63.0,
    "layer_reuse_events": 63,
    "policy_expected_benefit_ms": 0.0,
    "policy_expected_cost_ms": 0.0,
    "policy_expected_waste_ms": 0.0,
    "policy_net_utility_ms": 6292.0,
    "opportunistic_prefill_store_successes": 1,
    "fast_exact_path_hits": 63,
    "utility_bucket_129_256_observations": 1,
    "utility_bucket_129_256_full_ms_per_token": 0.7030501090900472,
    "utility_bucket_129_256_reuse_overhead_ms": 8.0,
    "utility_bucket_129_256_admitted": 0,
    "utility_bucket_129_256_negative_bypass": 0,
    "utility_bucket_65_128_observations": 63,
    "utility_bucket_65_128_full_ms_per_token": 0.6,
    "utility_bucket_65_128_reuse_overhead_ms": 6.885701965671062,
    "utility_bucket_65_128_admitted": 0,
    "utility_bucket_65_128_negative_bypass": 0,
    "speedup_vs_no_cache_mean": 1.5060544575494188,
    "speedup_vs_no_cache_p95": 1.3459892518208922
  },
  "config": {
    "backend": "hf",
    "model": "google/gemma-2b-it",
    "device": "cuda",
    "dtype": "float16",
    "tensor_parallel_size": 1,
    "trust_remote_code": false,
    "disable_native_prefix_caching": false,
    "include_experimental": false,
    "engines": [
      "no_cache",
      "shadow_kv",
      "shadow_kv_plus"
    ],
    "include_runtime_baselines": false,
    "include_semantic_ablations": false,
    "policy_preset": "balanced",
    "enable_policy_tuning": false,
    "policy_tuning_requests": 24,
    "policy_tuning_presets": [
      "balanced",
      "aggressive_prefix",
      "aggressive_gpu"
    ],
    "policy_tuning_metric": "utility_adjusted_latency",
    "enable_policy_trace": false,
    "enable_decision_log": false,
    "config_path": "/home/kushalkhemani/research/shadowkv_p100/config/config.yaml",
    "semantic_index_diagnostics": false,
    "allow_unsafe_semantic_kv_reuse": false,
    "early_layer_reuse_ratio": 0.35,
    "logit_guard_threshold": 0.08,
    "min_reuse_prefix_tokens": null,
    "disable_utility_admission": false,
    "utility_min_net_saved_ms": null,
    "measure_energy": false,
    "gpu_index": 0,
    "idle_baseline_seconds": 0.0,
    "energy_output_csv": null,
    "workload": "public_dataset",
    "variant": "high_skew",
    "dataset": "oasst1",
    "prompt_mode": "templated",
    "dataset_split": null,
    "n_requests": 64,
    "simulate_arrivals": true,
    "mean_inter_arrival_ms": 50.0,
    "max_arrival_sleep_ms": 500.0,
    "max_memory_mb": 64,
    "speculative_k": 2,
    "idle_threshold_ms": 30.0,
    "seed": 456,
    "output_dir": "/home/kushalkhemani/research/shadowkv_p100/results_p100_n64_3seed/google_gemma-2b-it/templated/seed_456/oasst1",
    "resolved_prompt_mode": "templated",
    "shadowkv_policy_calibration": {
      "profile_lengths": [
        8,
        16,
        32,
        48,
        64,
        96
      ],
      "profile_latencies_ms": [
        77.91665800141345,
        79.62665199920593,
        54.897761499887565,
        66.3327059992298,
        66.94993450037146,
        88.51504249832942
      ],
      "profile_ms_per_token": [
        9.739582250176682,
        4.976665749950371,
        1.7155550468714864,
        1.3819313749839541,
        1.046092726568304,
        0.9220316926909314
      ],
      "token_benefit_ms": 1.0066830871030181,
      "speculation_penalty_ms": 10.979552299977513,
      "prefill_ms_per_token": 1.0066830871030181,
      "fixed_prefill_overhead_ms": 10.979552299977513,
      "kv_mb_per_token": 0.017578125,
      "policy_preset": "balanced"
    },
    "shadowkv_policy_kwargs": {
      "min_frequency": 0.08,
      "prefill_ms_per_token": 1.0066830871030181,
      "fixed_prefill_overhead_ms": 10.979552299977513,
      "memory_penalty_per_mb": 0.75,
      "kv_mb_per_token": 0.017578125,
      "idle_cost_fraction": 0.55,
      "gpu_idle_cost_fraction": 0.3,
      "benefit_cost_ratio": 0.85,
      "max_admissions_per_idle": 4,
      "min_prefix_len": 16,
      "preferred_prefix_len": 80,
      "max_prefix_len": 224,
      "min_observations": 1,
      "min_expected_net_ms": 2.516707717757545,
      "min_recent_support": 0.01,
      "recent_support_weight": 0.6,
      "recent_streak_weight": 0.22,
      "observation_weight": 0.18,
      "global_frequency_weight": 0.22,
      "reuse_discount": 0.95,
      "min_utility_score": 0.02,
      "reuse_horizon_s": 1.4,
      "bootstrap_horizon_requests": 1.1,
      "branching_weight": 0.14
    },
    "policy_tuning_report": null,
    "resolved_model": "google/gemma-2b-it",
    "config_version": "shadowkv-policy-v1",
    "config_hash_sha256": "22ef8f32dd8dd01f08e85becac910d9c66eafb9b01b52aecca99949b2b3529df",
    "run_manifest_file": "/home/kushalkhemani/research/shadowkv_p100/results_p100_n64_3seed/google_gemma-2b-it/templated/seed_456/oasst1/run_manifest.json",
    "policy_trace_file": null,
    "policy_trace_rows": 0,
    "decision_log_file": null
  },
  "capabilities": {
    "supports_external_kv": true,
    "supports_native_prefix_caching": false
  }
}
Saved to /home/kushalkhemani/research/shadowkv_p100/results_p100_n64_3seed/google_gemma-2b-it/templated/seed_456/oasst1/benchmark_hf_google_gemma-2b-it_public_dataset_oasst1_templated_cuda.json
Policy trace disabled. Re-run with --enable_policy_trace to emit policy_trace.jsonl.
