/usr/local/lib/python3.12/dist-packages/torch/cuda/__init__.py:61: FutureWarning: The pynvml package is deprecated. Please install nvidia-ml-py instead. If you did not install pynvml directly, please report this to the maintainers of the package that installed pynvml for you.
  import pynvml  # type: ignore[import]
(APIServer pid=1823) Warning: You are sending unauthenticated requests to the HF Hub. Please set a HF_TOKEN to enable higher rate limits and faster downloads.
/usr/local/lib/python3.12/dist-packages/torch/cuda/__init__.py:61: FutureWarning: The pynvml package is deprecated. Please install nvidia-ml-py instead. If you did not install pynvml directly, please report this to the maintainers of the package that installed pynvml for you.
  import pynvml  # type: ignore[import]
(EngineCore pid=1897) Warning: You are sending unauthenticated requests to the HF Hub. Please set a HF_TOKEN to enable higher rate limits and faster downloads.
(EngineCore pid=1897) Loading safetensors checkpoint shards:   0% Completed | 0/1 [00:00<?, ?it/s]
(EngineCore pid=1897) Loading safetensors checkpoint shards: 100% Completed | 1/1 [00:00<00:00,  2.95it/s]
(EngineCore pid=1897) Loading safetensors checkpoint shards: 100% Completed | 1/1 [00:00<00:00,  2.95it/s]
(EngineCore pid=1897) 
(EngineCore pid=1897) 2026-07-04 03:24:23,050 - INFO - autotuner.py:457 - flashinfer.jit: [Autotuner]: Autotuning process starts ...
(EngineCore pid=1897) 2026-07-04 03:24:23,054 - INFO - autotuner.py:466 - flashinfer.jit: [Autotuner]: Autotuning process ends
(EngineCore pid=1897) Capturing CUDA graphs (mixed prefill-decode, PIECEWISE):   0%|          | 0/51 [00:00<?, ?it/s]Capturing CUDA graphs (mixed prefill-decode, PIECEWISE):  18%|█▊        | 9/51 [00:00<00:00, 86.54it/s]Capturing CUDA graphs (mixed prefill-decode, PIECEWISE):  37%|███▋      | 19/51 [00:00<00:00, 91.17it/s]Capturing CUDA graphs (mixed prefill-decode, PIECEWISE):  57%|█████▋    | 29/51 [00:00<00:00, 93.58it/s]Capturing CUDA graphs (mixed prefill-decode, PIECEWISE):  76%|███████▋  | 39/51 [00:00<00:00, 95.03it/s]Capturing CUDA graphs (mixed prefill-decode, PIECEWISE):  96%|█████████▌| 49/51 [00:00<00:00, 95.59it/s]Capturing CUDA graphs (mixed prefill-decode, PIECEWISE): 100%|██████████| 51/51 [00:00<00:00, 90.42it/s]
(EngineCore pid=1897) Capturing CUDA graphs (decode, FULL):   0%|          | 0/51 [00:00<?, ?it/s]Capturing CUDA graphs (decode, FULL):  18%|█▊        | 9/51 [00:00<00:00, 82.34it/s]Capturing CUDA graphs (decode, FULL):  37%|███▋      | 19/51 [00:00<00:00, 91.63it/s]Capturing CUDA graphs (decode, FULL):  57%|█████▋    | 29/51 [00:00<00:00, 93.90it/s]Capturing CUDA graphs (decode, FULL):  78%|███████▊  | 40/51 [00:00<00:00, 99.54it/s]Capturing CUDA graphs (decode, FULL): 100%|██████████| 51/51 [00:00<00:00, 102.61it/s]Capturing CUDA graphs (decode, FULL): 100%|██████████| 51/51 [00:00<00:00, 98.55it/s] 
(APIServer pid=1823) INFO:     Started server process [1823]
(APIServer pid=1823) INFO:     Waiting for application startup.
(APIServer pid=1823) INFO:     Application startup complete.
[rank0]:[W704 03:24:34.620072425 ProcessGroupNCCL.cpp:1575] Warning: WARNING: destroy_process_group() was not called before program exit, which can leak resources. For more info, please see https://pytorch.org/docs/stable/distributed.html#shutdown (function operator())
(APIServer pid=1823) INFO:     Shutting down
(APIServer pid=1823) INFO:     Waiting for application shutdown.
(APIServer pid=1823) INFO:     Application shutdown complete.
(APIServer pid=1823) INFO:     Finished server process [1823]
