/home/kushalkhemani/research/myenv/lib/python3.12/site-packages/torch/cuda/__init__.py:58: FutureWarning: The pynvml package is deprecated. Please install nvidia-ml-py instead. If you did not install pynvml directly, please report this to the maintainers of the package that installed pynvml for you.
  import pynvml  # type: ignore[import]
Using the latest cached version of the dataset since ag_news couldn't be found on the Hugging Face Hub (offline mode is enabled).
Found the latest cached dataset configuration 'default' at /home/kushalkhemani/.cache/huggingface/datasets/ag_news/default/0.0.0/eb185aade064a813bc0b7f42de02595523103ca4 (last modified on Thu Apr 30 10:05:43 2026).
`torch_dtype` is deprecated! Use `dtype` instead!
Loading checkpoint shards:   0%|          | 0/2 [00:00<?, ?it/s]Loading checkpoint shards:  50%|█████     | 1/2 [00:00<00:00,  1.55it/s]Loading checkpoint shards: 100%|██████████| 2/2 [00:00<00:00,  3.04it/s]
Loading checkpoint shards:   0%|          | 0/2 [00:00<?, ?it/s]Loading checkpoint shards:  50%|█████     | 1/2 [00:00<00:00,  1.56it/s]Loading checkpoint shards: 100%|██████████| 2/2 [00:00<00:00,  3.08it/s]
Loading checkpoint shards:   0%|          | 0/2 [00:00<?, ?it/s]Loading checkpoint shards:  50%|█████     | 1/2 [00:00<00:00,  1.56it/s]Loading checkpoint shards: 100%|██████████| 2/2 [00:00<00:00,  3.07it/s]
Loading checkpoint shards:   0%|          | 0/2 [00:00<?, ?it/s]Loading checkpoint shards:  50%|█████     | 1/2 [00:00<00:00,  1.54it/s]Loading checkpoint shards: 100%|██████████| 2/2 [00:00<00:00,  3.03it/s]
Loading checkpoint shards:   0%|          | 0/2 [00:00<?, ?it/s]Loading checkpoint shards:  50%|█████     | 1/2 [00:00<00:00,  1.54it/s]Loading checkpoint shards: 100%|██████████| 2/2 [00:00<00:00,  3.03it/s]
{
  "no_cache": {
    "mean_latency_ms": 104.78359289055561,
    "p50_latency_ms": 110.93475249799667,
    "p95_latency_ms": 111.6655167470526,
    "p99_latency_ms": 124.34370073944584,
    "p999_latency_ms": 143.50790497153156,
    "throughput_rps": 5.817021057014213,
    "service_throughput_rps": 9.543478825396646,
    "hit_rate": 0.0,
    "speculative_hits": 0,
    "speculative_hit_rate": 0.0,
    "speculative_precomputes": 0,
    "speculative_cost_ms": 0.0,
    "wasted_precomputes": 0,
    "wasted_compute_ms": 0.0,
    "wasted_compute_ratio": 0.0,
    "utility_proxy_ms": 0.0,
    "gpu_utilization_pct_mean": 65.8828125,
    "promotions": 0,
    "demotions": 0,
    "reuse_attempts": 0,
    "reuse_successes": 0,
    "reuse_failures": 0,
    "reuse_backend_fallbacks": 0,
    "store_attempts": 0,
    "store_successes": 0,
    "store_skips": 0,
    "bypassed_matches": 0,
    "requests_seen": 64,
    "reused_prefix_tokens_total": 0,
    "recompute_tokens_total": 6588,
    "estimated_tokens_saved_total": 0,
    "saved_latency_estimate_ms": 0.0,
    "store_latency_total_ms": 0.0,
    "full_prefill_latency_total_ms": 6706.149944995559,
    "avg_reused_prefix_tokens": 0.0,
    "reuse_success_rate": 0.0,
    "cache_active_final": false,
    "auto_disabled_reason": null,
    "speculative_overlap_ms": 0.0,
    "speculative_overlap_events": 0,
    "bootstrap_store_deferrals": 0,
    "speculative_useful_savings_ms": 0.0,
    "bypass_regret_ms_total": 0.0,
    "transfer_regret_ms_total": 0.0,
    "cache_disable_check_every": 8,
    "cache_disable_min_attempts": 8,
    "cache_disable_min_requests": 10,
    "cache_lookup_calls": 0,
    "cache_lookup_latency_total_ms": 0.0,
    "policy_planning_calls": 0,
    "policy_planning_latency_total_ms": 0.0,
    "semantic_query_calls": 0,
    "semantic_query_latency_total_ms": 0.0,
    "kv_materialization_calls": 0,
    "kv_materialization_latency_total_ms": 0.0,
    "backend_reuse_calls": 0,
    "backend_reuse_latency_total_ms": 0.0,
    "small_prefix_bypass_total": 0,
    "net_latency_saved_estimate_ms_total": 0.0,
    "utility_admission_enabled": false,
    "utility_admission_checks_total": 0,
    "utility_admission_admit_total": 0,
    "negative_utility_bypass_total": 0,
    "utility_expected_saved_ms_total": 0.0,
    "utility_expected_cost_ms_total": 0.0,
    "utility_net_ms_total": 0.0,
    "utility_bucket_129_256_observations": 1,
    "utility_bucket_129_256_full_ms_per_token": 0.7040573246112595,
    "utility_bucket_129_256_reuse_overhead_ms": 8.0,
    "utility_bucket_129_256_admitted": 0,
    "utility_bucket_129_256_negative_bypass": 0,
    "utility_bucket_65_128_observations": 63,
    "utility_bucket_65_128_full_ms_per_token": 0.9966504585237945,
    "utility_bucket_65_128_reuse_overhead_ms": 8.0,
    "utility_bucket_65_128_admitted": 0,
    "utility_bucket_65_128_negative_bypass": 0,
    "speedup_vs_no_cache_mean": 1.0,
    "speedup_vs_no_cache_p95": 1.0
  },
  "shadow_kv": {
    "mean_latency_ms": 90.1660655631531,
    "p50_latency_ms": 90.26868000000832,
    "p95_latency_ms": 113.00341994592598,
    "p99_latency_ms": 129.18739627206372,
    "p999_latency_ms": 141.4457497284494,
    "throughput_rps": 6.735401582240889,
    "service_throughput_rps": 11.090646949650823,
    "hit_rate": 0.921875,
    "speculative_hits": 45,
    "speculative_hit_rate": 0.7627118644067796,
    "speculative_precomputes": 3,
    "speculative_cost_ms": 207.99611799884588,
    "wasted_precomputes": 0,
    "wasted_compute_ms": 0.0,
    "wasted_compute_ratio": 0.0,
    "utility_proxy_ms": 3119.941769982688,
    "gpu_utilization_pct_mean": 62.2265625,
    "promotions": 4,
    "demotions": 0,
    "reuse_attempts": 59,
    "reuse_successes": 59,
    "reuse_failures": 0,
    "reuse_backend_fallbacks": 0,
    "store_attempts": 5,
    "store_successes": 1,
    "store_skips": 4,
    "bypassed_matches": 0,
    "requests_seen": 64,
    "reused_prefix_tokens_total": 1611,
    "recompute_tokens_total": 4977,
    "estimated_tokens_saved_total": 1611,
    "saved_latency_estimate_ms": 2328.16671247934,
    "store_latency_total_ms": 54.960741003014846,
    "full_prefill_latency_total_ms": 542.302950998419,
    "avg_reused_prefix_tokens": 27.305084745762713,
    "reuse_success_rate": 1.0,
    "cache_active_final": true,
    "auto_disabled_reason": null,
    "speculative_overlap_ms": 64.89034699916374,
    "speculative_overlap_events": 1,
    "bootstrap_store_deferrals": 4,
    "speculative_useful_savings_ms": 3119.941769982688,
    "bypass_regret_ms_total": 0.0,
    "transfer_regret_ms_total": 0.0,
    "cache_disable_check_every": 8,
    "cache_disable_min_attempts": 8,
    "cache_disable_min_requests": 10,
    "cache_lookup_calls": 0,
    "cache_lookup_latency_total_ms": 0.0,
    "policy_planning_calls": 0,
    "policy_planning_latency_total_ms": 0.0,
    "semantic_query_calls": 0,
    "semantic_query_latency_total_ms": 0.0,
    "kv_materialization_calls": 4,
    "kv_materialization_latency_total_ms": 0.9778560015547555,
    "backend_reuse_calls": 59,
    "backend_reuse_latency_total_ms": 5197.256231007486,
    "small_prefix_bypass_total": 0,
    "net_latency_saved_estimate_ms_total": 2288.166789104117,
    "utility_admission_enabled": false,
    "utility_admission_checks_total": 0,
    "utility_admission_admit_total": 0,
    "negative_utility_bypass_total": 0,
    "utility_expected_saved_ms_total": 0.0,
    "utility_expected_cost_ms_total": 0.0,
    "utility_net_ms_total": 0.0,
    "speculation_cooldown_events": 0,
    "speculation_paused_ticks": 14,
    "speculation_enabled_final": true,
    "effective_speculative_k_final": 2,
    "recent_reuse_density_final": 0.258498023715415,
    "recent_hit_rate_final": 1.0,
    "utility_bucket_0_64_observations": 63,
    "utility_bucket_0_64_full_ms_per_token": 1.6259664962889748,
    "utility_bucket_0_64_reuse_overhead_ms": 1.532495540865894e-05,
    "utility_bucket_0_64_admitted": 0,
    "utility_bucket_0_64_negative_bypass": 0,
    "utility_bucket_65_128_observations": 5,
    "utility_bucket_65_128_full_ms_per_token": 0.8999231914205162,
    "utility_bucket_65_128_reuse_overhead_ms": 8.0,
    "utility_bucket_65_128_admitted": 0,
    "utility_bucket_65_128_negative_bypass": 0,
    "speedup_vs_no_cache_mean": 1.1621178348650942,
    "speedup_vs_no_cache_p95": 0.988160507004889
  },
  "shadow_kv_plus": {
    "mean_latency_ms": 90.1212620314027,
    "p50_latency_ms": 91.31881350003823,
    "p95_latency_ms": 108.36448279951573,
    "p99_latency_ms": 126.95303909244095,
    "p999_latency_ms": 144.0983576074033,
    "throughput_rps": 6.73499671899862,
    "service_throughput_rps": 11.096160633564482,
    "hit_rate": 0.9661016949152542,
    "speculative_hits": 42,
    "speculative_hit_rate": 0.7368421052631579,
    "speculative_precomputes": 3,
    "speculative_cost_ms": 292.8677819982113,
    "wasted_precomputes": 0,
    "wasted_compute_ms": 0.0,
    "wasted_compute_ratio": 0.0,
    "utility_proxy_ms": 4137.724819971481,
    "gpu_utilization_pct_mean": 61.6328125,
    "promotions": 4,
    "demotions": 0,
    "reuse_attempts": 57,
    "reuse_successes": 62,
    "reuse_failures": 0,
    "reuse_backend_fallbacks": 0,
    "store_attempts": 2,
    "store_successes": 1,
    "store_skips": 1,
    "bypassed_matches": 0,
    "requests_seen": 64,
    "reused_prefix_tokens_total": 1680,
    "recompute_tokens_total": 4908,
    "estimated_tokens_saved_total": 1553,
    "saved_latency_estimate_ms": 3121.2930662095696,
    "store_latency_total_ms": 0.0,
    "full_prefill_latency_total_ms": 257.0203839968599,
    "avg_reused_prefix_tokens": 27.096774193548388,
    "reuse_success_rate": 1.0,
    "cache_active_final": true,
    "auto_disabled_reason": null,
    "speculative_overlap_ms": 210.16946300005657,
    "speculative_overlap_events": 2,
    "bootstrap_store_deferrals": 1,
    "speculative_useful_savings_ms": 4137.724819971481,
    "bypass_regret_ms_total": 0.0,
    "transfer_regret_ms_total": 0.0,
    "cache_disable_check_every": 8,
    "cache_disable_min_attempts": 8,
    "cache_disable_min_requests": 10,
    "cache_lookup_calls": 0,
    "cache_lookup_latency_total_ms": 0.0,
    "policy_planning_calls": 64,
    "policy_planning_latency_total_ms": 18.90209799967124,
    "semantic_query_calls": 64,
    "semantic_query_latency_total_ms": 14.900280992151238,
    "kv_materialization_calls": 4,
    "kv_materialization_latency_total_ms": 0.0,
    "backend_reuse_calls": 57,
    "backend_reuse_latency_total_ms": 5104.1842000049655,
    "small_prefix_bypass_total": 0,
    "net_latency_saved_estimate_ms_total": 3093.2907725607392,
    "utility_admission_enabled": false,
    "utility_admission_checks_total": 0,
    "utility_admission_admit_total": 0,
    "negative_utility_bypass_total": 0,
    "utility_expected_saved_ms_total": 0.0,
    "utility_expected_cost_ms_total": 0.0,
    "utility_net_ms_total": 0.0,
    "speculation_cooldown_events": 0,
    "speculation_paused_ticks": 110,
    "speculation_enabled_final": true,
    "effective_speculative_k_final": 2,
    "recent_reuse_density_final": 0.258498023715415,
    "recent_hit_rate_final": 1.0,
    "semantic_ablation_mode": "safe",
    "policy_plans_total": 64,
    "policy_bypass_total": 1,
    "policy_exact_total": 57,
    "policy_semantic_partial_total": 6,
    "semantic_index_entries_final": 4,
    "semantic_queries_total": 64,
    "semantic_matches_total": 250,
    "semantic_partial_hits": 5,
    "semantic_partial_reused_tokens_total": 127,
    "semantic_opportunity_plans_total": 6,
    "semantic_opportunity_reused_tokens_total": 151,
    "semantic_opportunity_estimated_savings_ms": 106.74195661422269,
    "semantic_blocked_by_backend_total": 0,
    "fast_raw_bypass_total": 0,
    "raw_strategy": "strict_utility_gate",
    "raw_conservative_bypass_total": 0,
    "raw_observer_bypass_total": 0,
    "raw_reuse_evidence_strong_total": 0,
    "raw_reuse_evidence_weak_total": 0,
    "raw_graduated_total": 0,
    "raw_graduate_min_observations": 8,
    "raw_graduate_min_frequency": 0.35,
    "raw_graduate_min_prefix_len": 48,
    "semantic_queries_skipped_total": 0,
    "scaffold_bypass_store_successes": 1,
    "semantic_scaffold_store_successes": 0,
    "scaffold_only_attempts": 0,
    "scaffold_only_hits": 0,
    "early_layer_attempts": 0,
    "early_layer_hits": 0,
    "early_layer_reuse_ratio_sum": 0.0,
    "logit_guard_checks": 0,
    "logit_guard_passes": 0,
    "logit_guard_failures": 0,
    "logit_guard_distance_sum": 0.0,
    "logit_guard_threshold": 0.08,
    "semantic_guarded_hits": 0,
    "semantic_sandbox_checks": 0,
    "semantic_sandbox_passes": 0,
    "semantic_sandbox_failures": 0,
    "semantic_sandbox_divergence_sum": 0.0,
    "semantic_quality_divergence_sum": 0.11839001222208112,
    "semantic_quality_divergence_events": 5,
    "layer_reuse_ratio_sum": 58.747254248109556,
    "layer_reuse_events": 63,
    "policy_expected_benefit_ms": 160.61461550330966,
    "policy_expected_cost_ms": 53.87265888908699,
    "policy_expected_waste_ms": 6.113389000765277,
    "policy_net_utility_ms": 5776.030089360027,
    "opportunistic_prefill_store_successes": 1,
    "fast_exact_path_hits": 57,
    "utility_bucket_0_64_observations": 65,
    "utility_bucket_0_64_full_ms_per_token": 2.089642265376614,
    "utility_bucket_0_64_reuse_overhead_ms": 1.3494796120682165e-05,
    "utility_bucket_0_64_admitted": 0,
    "utility_bucket_0_64_negative_bypass": 0,
    "utility_bucket_65_128_observations": 2,
    "utility_bucket_65_128_full_ms_per_token": 0.8180738014231483,
    "utility_bucket_65_128_reuse_overhead_ms": 8.0,
    "utility_bucket_65_128_admitted": 0,
    "utility_bucket_65_128_negative_bypass": 0,
    "speedup_vs_no_cache_mean": 1.1626955784756303,
    "speedup_vs_no_cache_p95": 1.0304623236530746
  },
  "config": {
    "backend": "hf",
    "model": "google/gemma-2b-it",
    "device": "cuda",
    "dtype": "float16",
    "tensor_parallel_size": 1,
    "trust_remote_code": false,
    "disable_native_prefix_caching": false,
    "include_experimental": false,
    "engines": [
      "no_cache",
      "shadow_kv",
      "shadow_kv_plus"
    ],
    "include_runtime_baselines": false,
    "include_semantic_ablations": false,
    "policy_preset": "balanced",
    "enable_policy_tuning": false,
    "policy_tuning_requests": 24,
    "policy_tuning_presets": [
      "balanced",
      "aggressive_prefix",
      "aggressive_gpu"
    ],
    "policy_tuning_metric": "utility_adjusted_latency",
    "enable_policy_trace": false,
    "enable_decision_log": false,
    "config_path": "/home/kushalkhemani/research/shadowkv_p100/config/config.yaml",
    "semantic_index_diagnostics": false,
    "allow_unsafe_semantic_kv_reuse": true,
    "early_layer_reuse_ratio": 0.35,
    "logit_guard_threshold": 0.08,
    "min_reuse_prefix_tokens": null,
    "disable_utility_admission": false,
    "utility_min_net_saved_ms": null,
    "measure_energy": false,
    "gpu_index": 0,
    "idle_baseline_seconds": 0.0,
    "energy_output_csv": null,
    "workload": "public_dataset",
    "variant": "high_skew",
    "dataset": "ag_news",
    "prompt_mode": "semantic",
    "dataset_split": null,
    "n_requests": 64,
    "simulate_arrivals": true,
    "mean_inter_arrival_ms": 50.0,
    "max_arrival_sleep_ms": 500.0,
    "max_memory_mb": 64,
    "speculative_k": 2,
    "idle_threshold_ms": 30.0,
    "seed": 456,
    "output_dir": "/home/kushalkhemani/research/shadowkv_p100/results_p100_n64_3seed/google_gemma-2b-it/semantic/seed_456/ag_news",
    "resolved_prompt_mode": "semantic",
    "shadowkv_policy_calibration": {
      "profile_lengths": [
        8,
        16,
        32,
        48,
        64,
        96
      ],
      "profile_latencies_ms": [
        77.45668350071355,
        79.04493550086045,
        54.525627001567045,
        65.85361349971208,
        66.29671850168961,
        87.81643850124965
      ],
      "profile_ms_per_token": [
        9.682085437589194,
        4.940308468803778,
        1.7039258437989702,
        1.3719502812440016,
        1.0358862265889002,
        0.9147545677213506
      ],
      "token_benefit_ms": 0.9996597406389658,
      "speculation_penalty_ms": 10.905125400313409,
      "prefill_ms_per_token": 0.9996597406389658,
      "fixed_prefill_overhead_ms": 10.905125400313409,
      "kv_mb_per_token": 0.017578125,
      "policy_preset": "balanced"
    },
    "shadowkv_policy_kwargs": {
      "min_frequency": 0.08,
      "prefill_ms_per_token": 0.9996597406389658,
      "fixed_prefill_overhead_ms": 10.905125400313409,
      "memory_penalty_per_mb": 0.75,
      "kv_mb_per_token": 0.017578125,
      "idle_cost_fraction": 0.55,
      "gpu_idle_cost_fraction": 0.3,
      "benefit_cost_ratio": 0.85,
      "max_admissions_per_idle": 4,
      "min_prefix_len": 16,
      "preferred_prefix_len": 80,
      "max_prefix_len": 224,
      "min_observations": 1,
      "min_expected_net_ms": 2.4991493515974144,
      "min_recent_support": 0.01,
      "recent_support_weight": 0.6,
      "recent_streak_weight": 0.22,
      "observation_weight": 0.18,
      "global_frequency_weight": 0.22,
      "reuse_discount": 0.95,
      "min_utility_score": 0.02,
      "reuse_horizon_s": 1.5,
      "bootstrap_horizon_requests": 1.2,
      "branching_weight": 0.14
    },
    "policy_tuning_report": null,
    "resolved_model": "google/gemma-2b-it",
    "config_version": "shadowkv-policy-v1",
    "config_hash_sha256": "22ef8f32dd8dd01f08e85becac910d9c66eafb9b01b52aecca99949b2b3529df",
    "run_manifest_file": "/home/kushalkhemani/research/shadowkv_p100/results_p100_n64_3seed/google_gemma-2b-it/semantic/seed_456/ag_news/run_manifest.json",
    "policy_trace_file": null,
    "policy_trace_rows": 0,
    "decision_log_file": null
  },
  "capabilities": {
    "supports_external_kv": true,
    "supports_native_prefix_caching": false
  }
}
Saved to /home/kushalkhemani/research/shadowkv_p100/results_p100_n64_3seed/google_gemma-2b-it/semantic/seed_456/ag_news/benchmark_hf_google_gemma-2b-it_public_dataset_ag_news_semantic_cuda.json
Policy trace disabled. Re-run with --enable_policy_trace to emit policy_trace.jsonl.
