[32;20m[2026-07-18 16:41:23,301] LMCache INFO:[0m  torch_dev=<module 'torch.cuda' from '/opt/venv/lib/python3.12/site-packages/torch/cuda/__init__.py'>, torch_device_type=cuda [3m(__init__.py:63:lmcache)[0m
[32;20m[2026-07-18 16:41:23,315] LMCache INFO:[0m CudaPinMemoryBackend: using torch cudart [3m(pin_memory.py:89:lmcache.v1.platform.cuda.pin_memory)[0m
[32;20m[2026-07-18 16:41:23,852] LMCache INFO:[0m Skipping backend lmcache.v1.platform.musa.ops: predicate returned False [3m(__init__.py:114:lmcache)[0m
[32;20m[2026-07-18 16:41:23,852] LMCache INFO:[0m Skipping backend lmcache.xpu_ops: predicate returned False [3m(__init__.py:114:lmcache)[0m
[32;20m[2026-07-18 16:41:23,856] LMCache INFO:[0m Using backend: lmcache.c_ops [3m(__init__.py:132:lmcache)[0m

 _     __  __    ____           _          
| |   |  \/  |  / ___|__ _  ___| |__   ___      LMCache v0.5.1 (g979719d7)
| |   | |\/| | | |   / _` |/ __| '_ \ / _ \     Website:  https://lmcache.ai/
| |___| |  | | | |__| (_| | (__| | | |  __/     Recipes:  https://docs.lmcache.ai/recipes
|_____|_|  |_|  \____\__,_|\___|_| |_|\___|     LinkedIn: https://www.linkedin.com/company/lmcache-lab
Set LMCACHE_DISABLE_BANNER=1 to hide this banner.

[32;20m[2026-07-18 16:41:25,152] LMCache INFO:[0m multi_layer_block_kv_transfer mode: ptr [3m(base.py:94:lmcache.v1.multiprocess.transfer_context.base)[0m
[32;20m[2026-07-18 16:41:27,186] LMCache INFO:[0m Discovered API module: cache_api [3m(router_discovery.py:53:lmcache.v1.utils.router_discovery)[0m
[32;20m[2026-07-18 16:41:27,190] LMCache INFO:[0m Discovered API module: env_api [3m(router_discovery.py:53:lmcache.v1.utils.router_discovery)[0m
[32;20m[2026-07-18 16:41:27,191] LMCache INFO:[0m Discovered API module: loglevel_api [3m(router_discovery.py:53:lmcache.v1.utils.router_discovery)[0m
[32;20m[2026-07-18 16:41:27,192] LMCache INFO:[0m Discovered API module: metrics_api [3m(router_discovery.py:53:lmcache.v1.utils.router_discovery)[0m
[32;20m[2026-07-18 16:41:27,193] LMCache INFO:[0m Discovered API module: periodic_thread_api [3m(router_discovery.py:53:lmcache.v1.utils.router_discovery)[0m
[32;20m[2026-07-18 16:41:27,194] LMCache INFO:[0m Discovered API module: run_script_api [3m(router_discovery.py:53:lmcache.v1.utils.router_discovery)[0m
[32;20m[2026-07-18 16:41:27,195] LMCache INFO:[0m Discovered API module: thread_api [3m(router_discovery.py:53:lmcache.v1.utils.router_discovery)[0m
[32;20m[2026-07-18 16:41:27,197] LMCache INFO:[0m Discovered API module: common_api [3m(router_discovery.py:53:lmcache.v1.utils.router_discovery)[0m
[32;20m[2026-07-18 16:41:27,198] LMCache INFO:[0m Discovered API module: config_api [3m(router_discovery.py:53:lmcache.v1.utils.router_discovery)[0m
[32;20m[2026-07-18 16:41:27,201] LMCache INFO:[0m Discovered API module: info_api [3m(router_discovery.py:53:lmcache.v1.utils.router_discovery)[0m
[32;20m[2026-07-18 16:41:27,203] LMCache INFO:[0m Discovered API module: quota_api [3m(router_discovery.py:53:lmcache.v1.utils.router_discovery)[0m
[32;20m[2026-07-18 16:41:27,206] LMCache INFO:[0m Discovered API module: reconfigure_api [3m(router_discovery.py:53:lmcache.v1.utils.router_discovery)[0m
[32;20m[2026-07-18 16:41:27,217] LMCache INFO:[0m Starting LMCache HTTP server on http://127.0.0.1:18080 [3m(http_server.py:258:lmcache.v1.multiprocess.http_server)[0m
INFO:     Started server process [1]
INFO:     Waiting for application startup.
[32;20m[2026-07-18 16:41:27,267] LMCache INFO:[0m Starting LMCache HTTP server... (accelerator available: True) [3m(http_server.py:73:lmcache.v1.multiprocess.http_server)[0m
[32;20m[2026-07-18 16:41:27,304] LMCache INFO:[0m OTel MeterProvider initialised with Prometheus fallback (standalone metrics HTTP server disabled; /metrics must be exposed by the caller), resource={'telemetry.sdk.language': 'python', 'telemetry.sdk.name': 'opentelemetry', 'telemetry.sdk.version': '1.40.0', 'service.instance.id': 'b0a48cdd-faf9-42e7-8797-f46833931af4', 'service.name': 'unknown_service'} [3m(otel_init.py:114:lmcache.v1.mp_observability.otel_init)[0m
[32;20m[2026-07-18 16:41:27,305] LMCache INFO:[0m Checking if shm capacity is larger than L1 request [3m(server.py:329:lmcache.v1.multiprocess.server)[0m
[32;20m[2026-07-18 16:41:29,683] LMCache INFO:[0m Starting L1EvictionController... [3m(eviction_controller.py:53:lmcache.v1.distributed.storage_controllers.eviction_controller)[0m
[32;20m[2026-07-18 16:41:29,684] LMCache INFO:[0m Starting L2EvictionController... [3m(eviction_controller.py:233:lmcache.v1.distributed.storage_controllers.eviction_controller)[0m
[32;20m[2026-07-18 16:41:29,684] LMCache INFO:[0m Starting StoreController... [3m(store_controller.py:305:lmcache.v1.distributed.storage_controllers.store_controller)[0m
[32;20m[2026-07-18 16:41:29,684] LMCache INFO:[0m Starting PrefetchController... [3m(prefetch_controller.py:555:lmcache.v1.distributed.storage_controllers.prefetch_controller)[0m
[32;20m[2026-07-18 16:41:29,684] LMCache INFO:[0m Using blake3 hash function [3m(token_hasher.py:79:lmcache.v1.multiprocess.token_hasher)[0m
[32;20m[2026-07-18 16:41:29,688] LMCache INFO:[0m Computed NONE_HASH=b"~>\xff\x9e\xf7a:P4\x0e\xb1&w\xee\x03\xb8:\xc7Y\xfc\xba\x9b\xb3'\x05\xf0rH\xd5mG;" using hash function [3m(token_hasher.py:180:lmcache.v1.multiprocess.token_hasher)[0m
[32;20m[2026-07-18 16:41:29,688] LMCache INFO:[0m TokenHasher initialized: chunk_size=256, hash_algorithm=blake3 [3m(token_hasher.py:67:lmcache.v1.multiprocess.token_hasher)[0m
[32;20m[2026-07-18 16:41:29,688] LMCache INFO:[0m PeriodicThread SessionManager-cleanup-thread-7f214f7e2900 entering main loop (interval=60.0s) [3m(periodic_thread.py:284:lmcache.v1.periodic_thread)[0m
[32;20m[2026-07-18 16:41:29,688] LMCache INFO:[0m Started PeriodicThread: SessionManager-cleanup-thread-7f214f7e2900 (level=medium, interval=60.0s, init_wait=0.0s) [3m(periodic_thread.py:244:lmcache.v1.periodic_thread)[0m
[32;20m[2026-07-18 16:41:29,688] LMCache INFO:[0m Supported transfer mode: auto [3m(server.py:206:lmcache.v1.multiprocess.server)[0m
[32;20m[2026-07-18 16:41:29,689] LMCache INFO:[0m PeriodicThread lmcache-mp-worker-reaper entering main loop (interval=30.0s) [3m(periodic_thread.py:284:lmcache.v1.periodic_thread)[0m
[32;20m[2026-07-18 16:41:29,689] LMCache INFO:[0m Started PeriodicThread: lmcache-mp-worker-reaper (level=medium, interval=30.0s, init_wait=0.0s) [3m(periodic_thread.py:244:lmcache.v1.periodic_thread)[0m
[32;20m[2026-07-18 16:41:29,691] LMCache INFO:[0m Created AffinityThreadPool 'affinity-pool-0' with 1 worker slots: up to 1 distinct affinity keys each bind to their own thread before slots are shared. Compare this against the number of clients expected to connect to confirm routing. [3m(affinity_pool.py:60:lmcache.v1.multiprocess.affinity_pool)[0m
[32;20m[2026-07-18 16:41:29,691] LMCache INFO:[0m LMCache ZMQ cache server is running on tcp://127.0.0.1:5557 [3m(server.py:385:lmcache.v1.multiprocess.server)[0m
[32;20m[2026-07-18 16:41:29,691] LMCache INFO:[0m LMCache cache server is running... [3m(server.py:400:lmcache.v1.multiprocess.server)[0m
[32;20m[2026-07-18 16:41:29,691] LMCache INFO:[0m LMCache HTTP server initialized [3m(http_server.py:166:lmcache.v1.multiprocess.http_server)[0m
INFO:     Application startup complete.
INFO:     Uvicorn running on http://127.0.0.1:18080 (Press CTRL+C to quit)
INFO:     127.0.0.1:40564 - "GET /healthcheck HTTP/1.1" 200 OK
[32;20m[2026-07-18 16:43:43,991] LMCache INFO:[0m Engine KV Format: EngineKVFormat.NL_X_NB_TWO_BS_NH_HS NL x [NB, 2, BS, NH, HS] [3m(detection.py:44:lmcache.v1.gpu_connector.kv_format.detection)[0m
[32;20m[2026-07-18 16:43:43,991] LMCache INFO:[0m Engine KV Format: EngineKVFormat.NL_X_NB_TWO_BS_NH_HS NL x [NB, 2, BS, NH, HS] [3m(detection.py:44:lmcache.v1.gpu_connector.kv_format.detection)[0m
[32;20m[2026-07-18 16:43:43,991] LMCache INFO:[0m Engine KV Format: EngineKVFormat.NL_X_NB_TWO_BS_NH_HS NL x [NB, 2, BS, NH, HS] [3m(detection.py:44:lmcache.v1.gpu_connector.kv_format.detection)[0m
[32;20m[2026-07-18 16:43:43,991] LMCache INFO:[0m Engine KV Format: EngineKVFormat.NL_X_NB_TWO_BS_NH_HS NL x [NB, 2, BS, NH, HS] [3m(detection.py:44:lmcache.v1.gpu_connector.kv_format.detection)[0m
[32;20m[2026-07-18 16:43:43,991] LMCache INFO:[0m Engine KV Format: EngineKVFormat.NL_X_NB_TWO_BS_NH_HS NL x [NB, 2, BS, NH, HS] [3m(detection.py:44:lmcache.v1.gpu_connector.kv_format.detection)[0m
[32;20m[2026-07-18 16:43:43,991] LMCache INFO:[0m Engine KV Format: EngineKVFormat.NL_X_NB_TWO_BS_NH_HS NL x [NB, 2, BS, NH, HS] [3m(detection.py:44:lmcache.v1.gpu_connector.kv_format.detection)[0m
[32;20m[2026-07-18 16:43:43,991] LMCache INFO:[0m Engine KV Format: EngineKVFormat.NL_X_NB_TWO_BS_NH_HS NL x [NB, 2, BS, NH, HS] [3m(detection.py:44:lmcache.v1.gpu_connector.kv_format.detection)[0m
[32;20m[2026-07-18 16:43:43,992] LMCache INFO:[0m Group 0 first-layer tensor: layer_idx=0 shape=(39544, 2, 16, 8, 256) stride=(65536, 32768, 2048, 256, 1) is_contiguous=True dtype=torch.float16 device=cuda:0 storage_offset=0 numel=2591555584 storage_nbytes=5183111168 padding_per_block=0 [3m(utils.py:581:lmcache.v1.gpu_connector.utils)[0m
[32;20m[2026-07-18 16:43:43,992] LMCache INFO:[0m Group 1 first-layer tensor: layer_idx=5 shape=(39544, 2, 16, 8, 256) stride=(65536, 32768, 2048, 256, 1) is_contiguous=True dtype=torch.float16 device=cuda:0 storage_offset=0 numel=2591555584 storage_nbytes=5183111168 padding_per_block=0 [3m(utils.py:581:lmcache.v1.gpu_connector.utils)[0m
[32;20m[2026-07-18 16:43:43,992] LMCache INFO:[0m Group 2 first-layer tensor: layer_idx=10 shape=(39544, 2, 16, 8, 256) stride=(65536, 32768, 2048, 256, 1) is_contiguous=True dtype=torch.float16 device=cuda:0 storage_offset=0 numel=2591555584 storage_nbytes=5183111168 padding_per_block=0 [3m(utils.py:581:lmcache.v1.gpu_connector.utils)[0m
[32;20m[2026-07-18 16:43:43,992] LMCache INFO:[0m Group 3 first-layer tensor: layer_idx=15 shape=(39544, 2, 16, 8, 256) stride=(65536, 32768, 2048, 256, 1) is_contiguous=True dtype=torch.float16 device=cuda:0 storage_offset=0 numel=2591555584 storage_nbytes=5183111168 padding_per_block=0 [3m(utils.py:581:lmcache.v1.gpu_connector.utils)[0m
[32;20m[2026-07-18 16:43:43,992] LMCache INFO:[0m Group 4 first-layer tensor: layer_idx=20 shape=(39544, 2, 16, 8, 256) stride=(65536, 32768, 2048, 256, 1) is_contiguous=True dtype=torch.float16 device=cuda:0 storage_offset=0 numel=2591555584 storage_nbytes=5183111168 padding_per_block=0 [3m(utils.py:581:lmcache.v1.gpu_connector.utils)[0m
[32;20m[2026-07-18 16:43:43,992] LMCache INFO:[0m Group 5 first-layer tensor: layer_idx=25 shape=(39544, 2, 32, 2, 512) stride=(65536, 32768, 1024, 512, 1) is_contiguous=True dtype=torch.float16 device=cuda:0 storage_offset=0 numel=2591555584 storage_nbytes=5183111168 padding_per_block=0 [3m(utils.py:581:lmcache.v1.gpu_connector.utils)[0m
[32;20m[2026-07-18 16:43:43,992] LMCache INFO:[0m KV layer groups: ---
KernelGroupInfo(layers=5, indices=0-4, shape_desc=(kv=2, nl=5, nb=39544, bs=16, nh=8, hs=256, element_size=2, block_stride_elems=0), dtype=torch.float16, tokens_per_block=16, slots_per_block=16, engine_group_idx=0, sw_size_tokens=1024)
KernelGroupInfo(layers=5, indices=5-9, shape_desc=(kv=2, nl=5, nb=39544, bs=16, nh=8, hs=256, element_size=2, block_stride_elems=0), dtype=torch.float16, tokens_per_block=16, slots_per_block=16, engine_group_idx=1, sw_size_tokens=1024)
KernelGroupInfo(layers=5, indices=10-14, shape_desc=(kv=2, nl=5, nb=39544, bs=16, nh=8, hs=256, element_size=2, block_stride_elems=0), dtype=torch.float16, tokens_per_block=16, slots_per_block=16, engine_group_idx=2, sw_size_tokens=1024)
KernelGroupInfo(layers=5, indices=15-19, shape_desc=(kv=2, nl=5, nb=39544, bs=16, nh=8, hs=256, element_size=2, block_stride_elems=0), dtype=torch.float16, tokens_per_block=16, slots_per_block=16, engine_group_idx=3, sw_size_tokens=1024)
KernelGroupInfo(layers=5, indices=20-24, shape_desc=(kv=2, nl=5, nb=39544, bs=16, nh=8, hs=256, element_size=2, block_stride_elems=0), dtype=torch.float16, tokens_per_block=16, slots_per_block=16, engine_group_idx=4, sw_size_tokens=1024)
KernelGroupInfo(layers=5, indices=25-29, shape_desc=(kv=2, nl=5, nb=39544, bs=32, nh=2, hs=512, element_size=2, block_stride_elems=0), dtype=torch.float16, tokens_per_block=32, slots_per_block=32, engine_group_idx=5, sw_size_tokens=-1)
--- [3m(kv_layer_groups.py:433:lmcache.v1.kv_layer_groups)[0m
[33;20m[2026-07-18 16:43:43,992] LMCache WARNING:[0m KVLayerGroupsManager.kv_layer_groups is deprecated: `kv_layer_groups` is an outdated alias for `kernel_groups` [3m(utils.py:733:lmcache.utils)[0m
[32;20m[2026-07-18 16:43:44,210] LMCache INFO:[0m Registered KV cache for GPU ID 778458468598877620 with 30 layers [3m(lmcache_driven_transfer.py:883:lmcache.v1.multiprocess.modules.lmcache_driven_transfer)[0m
[32;20m[2026-07-18 16:43:44,211] LMCache INFO:[0m Initialized cuda stream on device cuda:0 [3m(cache_context.py:425:lmcache.v1.platform.cuda.cache_context)[0m
[33;20m[2026-07-18 16:44:35,621] LMCache WARNING:[0m Session cmpl-b0c7a1896f301261-0-9af8d100 not found, skipping touch [3m(lookup.py:524:lmcache.v1.multiprocess.modules.lookup)[0m
[32;20m[2026-07-18 16:44:35,632] LMCache INFO:[0m AffinityThreadPool: affinity_key=258880817784541324 assigned to worker slot 0 of 1 (thread affinity-pool-0-0); 1 distinct key(s) now bound [3m(affinity_pool.py:108:lmcache.v1.multiprocess.affinity_pool)[0m
[32;20m[2026-07-18 16:44:35,665] LMCache INFO:[0m Stored 256 tokens in 0.033 seconds [3m(lmcache_driven_transfer.py:1109:lmcache.v1.multiprocess.modules.lmcache_driven_transfer)[0m
[33;20m[2026-07-18 16:44:45,754] LMCache WARNING:[0m Session cmpl-b8b8d80c051888c7-0-b4be6a62 not found, skipping touch [3m(lookup.py:524:lmcache.v1.multiprocess.modules.lookup)[0m
[32;20m[2026-07-18 16:44:45,758] LMCache INFO:[0m Prefetch request completed (L1+L2): 2/2 retained keys (2 L1, 0 L2) in 0.2 ms (external_request_id=cmpl-b6357fc6db0a7843-0-b1e6fcf4, prefetch_request_id=-1) [3m(storage_manager.py:709:lmcache.v1.distributed.storage_manager)[0m
[32;20m[2026-07-18 16:44:45,759] LMCache INFO:[0m Retrieved 256 tokens in 0.001 seconds [3m(lmcache_driven_transfer.py:1281:lmcache.v1.multiprocess.modules.lmcache_driven_transfer)[0m
[33;20m[2026-07-18 16:44:45,828] LMCache WARNING:[0m Session cmpl-996f3ed8debef13d-0-af00fff5 not found, skipping touch [3m(lookup.py:524:lmcache.v1.multiprocess.modules.lookup)[0m
[32;20m[2026-07-18 16:44:45,837] LMCache INFO:[0m Stored 256 tokens in 0.001 seconds [3m(lmcache_driven_transfer.py:1109:lmcache.v1.multiprocess.modules.lmcache_driven_transfer)[0m
[33;20m[2026-07-18 16:44:45,901] LMCache WARNING:[0m Session cmpl-a957f76bd2e8443d-0-9a9f7363 not found, skipping touch [3m(lookup.py:524:lmcache.v1.multiprocess.modules.lookup)[0m
[32;20m[2026-07-18 16:44:45,910] LMCache INFO:[0m Stored 256 tokens in 0.001 seconds [3m(lmcache_driven_transfer.py:1109:lmcache.v1.multiprocess.modules.lmcache_driven_transfer)[0m
[33;20m[2026-07-18 16:44:45,974] LMCache WARNING:[0m Session cmpl-a7ea65785c2b0a68-0-bcb882ab not found, skipping touch [3m(lookup.py:524:lmcache.v1.multiprocess.modules.lookup)[0m
[33;20m[2026-07-18 16:44:46,007] LMCache WARNING:[0m Session cmpl-95116cfe34e10394-0-892825ad not found, skipping touch [3m(lookup.py:524:lmcache.v1.multiprocess.modules.lookup)[0m
[33;20m[2026-07-18 16:44:46,039] LMCache WARNING:[0m Session cmpl-a83a3699b559c6c6-0-936eff44 not found, skipping touch [3m(lookup.py:524:lmcache.v1.multiprocess.modules.lookup)[0m
[32;20m[2026-07-18 16:44:46,048] LMCache INFO:[0m Stored 256 tokens in 0.002 seconds [3m(lmcache_driven_transfer.py:1109:lmcache.v1.multiprocess.modules.lmcache_driven_transfer)[0m
[33;20m[2026-07-18 16:44:46,111] LMCache WARNING:[0m Session cmpl-a7b9578165b64e81-0-a3173fbe not found, skipping touch [3m(lookup.py:524:lmcache.v1.multiprocess.modules.lookup)[0m
[33;20m[2026-07-18 16:44:46,144] LMCache WARNING:[0m Session cmpl-b803de57bfdf6b78-0-98b0be06 not found, skipping touch [3m(lookup.py:524:lmcache.v1.multiprocess.modules.lookup)[0m
[33;20m[2026-07-18 16:44:46,177] LMCache WARNING:[0m Session cmpl-9c5c50b4dc9929fd-0-8f27b954 not found, skipping touch [3m(lookup.py:524:lmcache.v1.multiprocess.modules.lookup)[0m
[32;20m[2026-07-18 16:44:46,186] LMCache INFO:[0m Stored 256 tokens in 0.001 seconds [3m(lmcache_driven_transfer.py:1109:lmcache.v1.multiprocess.modules.lmcache_driven_transfer)[0m
[33;20m[2026-07-18 16:44:46,253] LMCache WARNING:[0m Session cmpl-bfc542739b970e34-0-8b136f2b not found, skipping touch [3m(lookup.py:524:lmcache.v1.multiprocess.modules.lookup)[0m
[32;20m[2026-07-18 16:44:46,263] LMCache INFO:[0m Stored 256 tokens in 0.001 seconds [3m(lmcache_driven_transfer.py:1109:lmcache.v1.multiprocess.modules.lmcache_driven_transfer)[0m
