[32;20m[2026-07-18 16:57:09,911] LMCache INFO:[0m  torch_dev=<module 'torch.cuda' from '/opt/venv/lib/python3.12/site-packages/torch/cuda/__init__.py'>, torch_device_type=cuda [3m(__init__.py:63:lmcache)[0m
[32;20m[2026-07-18 16:57:09,923] LMCache INFO:[0m CudaPinMemoryBackend: using torch cudart [3m(pin_memory.py:89:lmcache.v1.platform.cuda.pin_memory)[0m
[32;20m[2026-07-18 16:57:10,438] LMCache INFO:[0m Skipping backend lmcache.v1.platform.musa.ops: predicate returned False [3m(__init__.py:114:lmcache)[0m
[32;20m[2026-07-18 16:57:10,438] LMCache INFO:[0m Skipping backend lmcache.xpu_ops: predicate returned False [3m(__init__.py:114:lmcache)[0m
[32;20m[2026-07-18 16:57:10,441] LMCache INFO:[0m Using backend: lmcache.c_ops [3m(__init__.py:132:lmcache)[0m

 _     __  __    ____           _          
| |   |  \/  |  / ___|__ _  ___| |__   ___      LMCache v0.5.1 (g979719d7)
| |   | |\/| | | |   / _` |/ __| '_ \ / _ \     Website:  https://lmcache.ai/
| |___| |  | | | |__| (_| | (__| | | |  __/     Recipes:  https://docs.lmcache.ai/recipes
|_____|_|  |_|  \____\__,_|\___|_| |_|\___|     LinkedIn: https://www.linkedin.com/company/lmcache-lab
Set LMCACHE_DISABLE_BANNER=1 to hide this banner.

[32;20m[2026-07-18 16:57:11,705] LMCache INFO:[0m multi_layer_block_kv_transfer mode: ptr [3m(base.py:94:lmcache.v1.multiprocess.transfer_context.base)[0m
[32;20m[2026-07-18 16:57:13,543] LMCache INFO:[0m Discovered API module: cache_api [3m(router_discovery.py:53:lmcache.v1.utils.router_discovery)[0m
[32;20m[2026-07-18 16:57:13,548] LMCache INFO:[0m Discovered API module: env_api [3m(router_discovery.py:53:lmcache.v1.utils.router_discovery)[0m
[32;20m[2026-07-18 16:57:13,549] LMCache INFO:[0m Discovered API module: loglevel_api [3m(router_discovery.py:53:lmcache.v1.utils.router_discovery)[0m
[32;20m[2026-07-18 16:57:13,549] LMCache INFO:[0m Discovered API module: metrics_api [3m(router_discovery.py:53:lmcache.v1.utils.router_discovery)[0m
[32;20m[2026-07-18 16:57:13,551] LMCache INFO:[0m Discovered API module: periodic_thread_api [3m(router_discovery.py:53:lmcache.v1.utils.router_discovery)[0m
[32;20m[2026-07-18 16:57:13,552] LMCache INFO:[0m Discovered API module: run_script_api [3m(router_discovery.py:53:lmcache.v1.utils.router_discovery)[0m
[32;20m[2026-07-18 16:57:13,553] LMCache INFO:[0m Discovered API module: thread_api [3m(router_discovery.py:53:lmcache.v1.utils.router_discovery)[0m
[32;20m[2026-07-18 16:57:13,555] LMCache INFO:[0m Discovered API module: common_api [3m(router_discovery.py:53:lmcache.v1.utils.router_discovery)[0m
[32;20m[2026-07-18 16:57:13,556] LMCache INFO:[0m Discovered API module: config_api [3m(router_discovery.py:53:lmcache.v1.utils.router_discovery)[0m
[32;20m[2026-07-18 16:57:13,559] LMCache INFO:[0m Discovered API module: info_api [3m(router_discovery.py:53:lmcache.v1.utils.router_discovery)[0m
[32;20m[2026-07-18 16:57:13,561] LMCache INFO:[0m Discovered API module: quota_api [3m(router_discovery.py:53:lmcache.v1.utils.router_discovery)[0m
[32;20m[2026-07-18 16:57:13,564] LMCache INFO:[0m Discovered API module: reconfigure_api [3m(router_discovery.py:53:lmcache.v1.utils.router_discovery)[0m
[32;20m[2026-07-18 16:57:13,577] LMCache INFO:[0m Starting LMCache HTTP server on http://127.0.0.1:18080 [3m(http_server.py:258:lmcache.v1.multiprocess.http_server)[0m
INFO:     Started server process [1]
INFO:     Waiting for application startup.
[32;20m[2026-07-18 16:57:13,628] LMCache INFO:[0m Starting LMCache HTTP server... (accelerator available: True) [3m(http_server.py:73:lmcache.v1.multiprocess.http_server)[0m
[32;20m[2026-07-18 16:57:13,665] LMCache INFO:[0m OTel MeterProvider initialised with Prometheus fallback (standalone metrics HTTP server disabled; /metrics must be exposed by the caller), resource={'telemetry.sdk.language': 'python', 'telemetry.sdk.name': 'opentelemetry', 'telemetry.sdk.version': '1.40.0', 'service.instance.id': '532ac613-1571-4201-8f54-876ba4bbeef6', 'service.name': 'unknown_service'} [3m(otel_init.py:114:lmcache.v1.mp_observability.otel_init)[0m
[32;20m[2026-07-18 16:57:13,666] LMCache INFO:[0m Checking if shm capacity is larger than L1 request [3m(server.py:329:lmcache.v1.multiprocess.server)[0m
[32;20m[2026-07-18 16:57:16,580] LMCache INFO:[0m Starting L1EvictionController... [3m(eviction_controller.py:53:lmcache.v1.distributed.storage_controllers.eviction_controller)[0m
[32;20m[2026-07-18 16:57:16,581] LMCache INFO:[0m Starting L2EvictionController... [3m(eviction_controller.py:233:lmcache.v1.distributed.storage_controllers.eviction_controller)[0m
[32;20m[2026-07-18 16:57:16,581] LMCache INFO:[0m Starting StoreController... [3m(store_controller.py:305:lmcache.v1.distributed.storage_controllers.store_controller)[0m
[32;20m[2026-07-18 16:57:16,581] LMCache INFO:[0m Starting PrefetchController... [3m(prefetch_controller.py:555:lmcache.v1.distributed.storage_controllers.prefetch_controller)[0m
[32;20m[2026-07-18 16:57:16,581] LMCache INFO:[0m Using blake3 hash function [3m(token_hasher.py:79:lmcache.v1.multiprocess.token_hasher)[0m
[32;20m[2026-07-18 16:57:16,585] LMCache INFO:[0m Computed NONE_HASH=b"~>\xff\x9e\xf7a:P4\x0e\xb1&w\xee\x03\xb8:\xc7Y\xfc\xba\x9b\xb3'\x05\xf0rH\xd5mG;" using hash function [3m(token_hasher.py:180:lmcache.v1.multiprocess.token_hasher)[0m
[32;20m[2026-07-18 16:57:16,585] LMCache INFO:[0m TokenHasher initialized: chunk_size=256, hash_algorithm=blake3 [3m(token_hasher.py:67:lmcache.v1.multiprocess.token_hasher)[0m
[32;20m[2026-07-18 16:57:16,585] LMCache INFO:[0m PeriodicThread SessionManager-cleanup-thread-7ff36923dcd0 entering main loop (interval=60.0s) [3m(periodic_thread.py:284:lmcache.v1.periodic_thread)[0m
[32;20m[2026-07-18 16:57:16,585] LMCache INFO:[0m Started PeriodicThread: SessionManager-cleanup-thread-7ff36923dcd0 (level=medium, interval=60.0s, init_wait=0.0s) [3m(periodic_thread.py:244:lmcache.v1.periodic_thread)[0m
[32;20m[2026-07-18 16:57:16,586] LMCache INFO:[0m Supported transfer mode: auto [3m(server.py:206:lmcache.v1.multiprocess.server)[0m
[32;20m[2026-07-18 16:57:16,586] LMCache INFO:[0m PeriodicThread lmcache-mp-worker-reaper entering main loop (interval=30.0s) [3m(periodic_thread.py:284:lmcache.v1.periodic_thread)[0m
[32;20m[2026-07-18 16:57:16,586] LMCache INFO:[0m Started PeriodicThread: lmcache-mp-worker-reaper (level=medium, interval=30.0s, init_wait=0.0s) [3m(periodic_thread.py:244:lmcache.v1.periodic_thread)[0m
[32;20m[2026-07-18 16:57:16,589] LMCache INFO:[0m Created AffinityThreadPool 'affinity-pool-0' with 1 worker slots: up to 1 distinct affinity keys each bind to their own thread before slots are shared. Compare this against the number of clients expected to connect to confirm routing. [3m(affinity_pool.py:60:lmcache.v1.multiprocess.affinity_pool)[0m
[32;20m[2026-07-18 16:57:16,589] LMCache INFO:[0m LMCache ZMQ cache server is running on tcp://127.0.0.1:5557 [3m(server.py:385:lmcache.v1.multiprocess.server)[0m
[32;20m[2026-07-18 16:57:16,589] LMCache INFO:[0m LMCache cache server is running... [3m(server.py:400:lmcache.v1.multiprocess.server)[0m
[32;20m[2026-07-18 16:57:16,589] LMCache INFO:[0m LMCache HTTP server initialized [3m(http_server.py:166:lmcache.v1.multiprocess.http_server)[0m
INFO:     Application startup complete.
INFO:     Uvicorn running on http://127.0.0.1:18080 (Press CTRL+C to quit)
INFO:     127.0.0.1:49994 - "GET /healthcheck HTTP/1.1" 200 OK
[32;20m[2026-07-18 16:59:36,725] LMCache INFO:[0m Engine KV Format: EngineKVFormat.NL_X_NB_TWO_BS_NH_HS NL x [NB, 2, BS, NH, HS] [3m(detection.py:44:lmcache.v1.gpu_connector.kv_format.detection)[0m
[32;20m[2026-07-18 16:59:36,726] LMCache INFO:[0m Engine KV Format: EngineKVFormat.NL_X_NB_TWO_BS_NH_HS NL x [NB, 2, BS, NH, HS] [3m(detection.py:44:lmcache.v1.gpu_connector.kv_format.detection)[0m
[32;20m[2026-07-18 16:59:36,726] LMCache INFO:[0m Engine KV Format: EngineKVFormat.NL_X_NB_TWO_BS_NH_HS NL x [NB, 2, BS, NH, HS] [3m(detection.py:44:lmcache.v1.gpu_connector.kv_format.detection)[0m
[32;20m[2026-07-18 16:59:36,726] LMCache INFO:[0m Engine KV Format: EngineKVFormat.NL_X_NB_TWO_BS_NH_HS NL x [NB, 2, BS, NH, HS] [3m(detection.py:44:lmcache.v1.gpu_connector.kv_format.detection)[0m
[32;20m[2026-07-18 16:59:36,726] LMCache INFO:[0m Engine KV Format: EngineKVFormat.NL_X_NB_TWO_BS_NH_HS NL x [NB, 2, BS, NH, HS] [3m(detection.py:44:lmcache.v1.gpu_connector.kv_format.detection)[0m
[32;20m[2026-07-18 16:59:36,726] LMCache INFO:[0m Engine KV Format: EngineKVFormat.NL_X_NB_TWO_BS_NH_HS NL x [NB, 2, BS, NH, HS] [3m(detection.py:44:lmcache.v1.gpu_connector.kv_format.detection)[0m
[32;20m[2026-07-18 16:59:36,726] LMCache INFO:[0m Engine KV Format: EngineKVFormat.NL_X_NB_TWO_BS_NH_HS NL x [NB, 2, BS, NH, HS] [3m(detection.py:44:lmcache.v1.gpu_connector.kv_format.detection)[0m
[32;20m[2026-07-18 16:59:36,726] LMCache INFO:[0m Group 0 first-layer tensor: layer_idx=0 shape=(237187, 2, 32, 2, 256) stride=(32768, 16384, 512, 256, 1) is_contiguous=True dtype=torch.float16 device=cuda:0 storage_offset=0 numel=7772143616 storage_nbytes=15544287232 padding_per_block=0 [3m(utils.py:581:lmcache.v1.gpu_connector.utils)[0m
[32;20m[2026-07-18 16:59:36,726] LMCache INFO:[0m Group 1 first-layer tensor: layer_idx=4 shape=(237187, 2, 32, 2, 256) stride=(32768, 16384, 512, 256, 1) is_contiguous=True dtype=torch.float16 device=cuda:0 storage_offset=0 numel=7772143616 storage_nbytes=15544287232 padding_per_block=0 [3m(utils.py:581:lmcache.v1.gpu_connector.utils)[0m
[32;20m[2026-07-18 16:59:36,726] LMCache INFO:[0m Group 2 first-layer tensor: layer_idx=8 shape=(237187, 2, 32, 2, 256) stride=(32768, 16384, 512, 256, 1) is_contiguous=True dtype=torch.float16 device=cuda:0 storage_offset=0 numel=7772143616 storage_nbytes=15544287232 padding_per_block=0 [3m(utils.py:581:lmcache.v1.gpu_connector.utils)[0m
[32;20m[2026-07-18 16:59:36,726] LMCache INFO:[0m Group 3 first-layer tensor: layer_idx=12 shape=(237187, 2, 32, 2, 256) stride=(32768, 16384, 512, 256, 1) is_contiguous=True dtype=torch.float16 device=cuda:0 storage_offset=0 numel=7772143616 storage_nbytes=15544287232 padding_per_block=0 [3m(utils.py:581:lmcache.v1.gpu_connector.utils)[0m
[32;20m[2026-07-18 16:59:36,726] LMCache INFO:[0m Group 4 first-layer tensor: layer_idx=16 shape=(237187, 2, 32, 2, 256) stride=(32768, 16384, 512, 256, 1) is_contiguous=True dtype=torch.float16 device=cuda:0 storage_offset=0 numel=7772143616 storage_nbytes=15544287232 padding_per_block=0 [3m(utils.py:581:lmcache.v1.gpu_connector.utils)[0m
[32;20m[2026-07-18 16:59:36,726] LMCache INFO:[0m Group 5 first-layer tensor: layer_idx=20 shape=(237187, 2, 16, 2, 512) stride=(32768, 16384, 1024, 512, 1) is_contiguous=True dtype=torch.float16 device=cuda:0 storage_offset=0 numel=7772143616 storage_nbytes=15544287232 padding_per_block=0 [3m(utils.py:581:lmcache.v1.gpu_connector.utils)[0m
[32;20m[2026-07-18 16:59:36,727] LMCache INFO:[0m KV layer groups: ---
KernelGroupInfo(layers=4, indices=0-3, shape_desc=(kv=2, nl=4, nb=237187, bs=32, nh=2, hs=256, element_size=2, block_stride_elems=0), dtype=torch.float16, tokens_per_block=32, slots_per_block=32, engine_group_idx=0, sw_size_tokens=512)
KernelGroupInfo(layers=4, indices=4-7, shape_desc=(kv=2, nl=4, nb=237187, bs=32, nh=2, hs=256, element_size=2, block_stride_elems=0), dtype=torch.float16, tokens_per_block=32, slots_per_block=32, engine_group_idx=1, sw_size_tokens=512)
KernelGroupInfo(layers=4, indices=8-11, shape_desc=(kv=2, nl=4, nb=237187, bs=32, nh=2, hs=256, element_size=2, block_stride_elems=0), dtype=torch.float16, tokens_per_block=32, slots_per_block=32, engine_group_idx=2, sw_size_tokens=512)
KernelGroupInfo(layers=4, indices=12-15, shape_desc=(kv=2, nl=4, nb=237187, bs=32, nh=2, hs=256, element_size=2, block_stride_elems=0), dtype=torch.float16, tokens_per_block=32, slots_per_block=32, engine_group_idx=3, sw_size_tokens=512)
KernelGroupInfo(layers=4, indices=16-19, shape_desc=(kv=2, nl=4, nb=237187, bs=32, nh=2, hs=256, element_size=2, block_stride_elems=0), dtype=torch.float16, tokens_per_block=32, slots_per_block=32, engine_group_idx=4, sw_size_tokens=512)
KernelGroupInfo(layers=4, indices=20-23, shape_desc=(kv=2, nl=4, nb=237187, bs=16, nh=2, hs=512, element_size=2, block_stride_elems=0), dtype=torch.float16, tokens_per_block=16, slots_per_block=16, engine_group_idx=5, sw_size_tokens=-1)
--- [3m(kv_layer_groups.py:433:lmcache.v1.kv_layer_groups)[0m
[33;20m[2026-07-18 16:59:36,727] LMCache WARNING:[0m KVLayerGroupsManager.kv_layer_groups is deprecated: `kv_layer_groups` is an outdated alias for `kernel_groups` [3m(utils.py:733:lmcache.utils)[0m
[32;20m[2026-07-18 16:59:36,893] LMCache INFO:[0m Registered KV cache for GPU ID 1894305717975134719 with 42 layers [3m(lmcache_driven_transfer.py:883:lmcache.v1.multiprocess.modules.lmcache_driven_transfer)[0m
[32;20m[2026-07-18 16:59:36,893] LMCache INFO:[0m Initialized cuda stream on device cuda:0 [3m(cache_context.py:425:lmcache.v1.platform.cuda.cache_context)[0m
[33;20m[2026-07-18 17:00:12,106] LMCache WARNING:[0m Session cmpl-ba36fdfef1d1fa93-0-b239ce21 not found, skipping touch [3m(lookup.py:524:lmcache.v1.multiprocess.modules.lookup)[0m
[32;20m[2026-07-18 17:00:12,117] LMCache INFO:[0m AffinityThreadPool: affinity_key=-5984425967894984481 assigned to worker slot 0 of 1 (thread affinity-pool-0-0); 1 distinct key(s) now bound [3m(affinity_pool.py:108:lmcache.v1.multiprocess.affinity_pool)[0m
[32;20m[2026-07-18 17:00:12,130] LMCache INFO:[0m Stored 256 tokens in 0.013 seconds [3m(lmcache_driven_transfer.py:1109:lmcache.v1.multiprocess.modules.lmcache_driven_transfer)[0m
[33;20m[2026-07-18 17:00:22,189] LMCache WARNING:[0m Session cmpl-8eff2d31883fd491-0-a6184480 not found, skipping touch [3m(lookup.py:524:lmcache.v1.multiprocess.modules.lookup)[0m
[32;20m[2026-07-18 17:00:22,194] LMCache INFO:[0m Prefetch request completed (L1+L2): 2/2 retained keys (2 L1, 0 L2) in 0.2 ms (external_request_id=cmpl-be86aa1da76c0469-0-9144f7b5, prefetch_request_id=-1) [3m(storage_manager.py:709:lmcache.v1.distributed.storage_manager)[0m
[32;20m[2026-07-18 17:00:22,195] LMCache INFO:[0m Retrieved 256 tokens in 0.001 seconds [3m(lmcache_driven_transfer.py:1281:lmcache.v1.multiprocess.modules.lmcache_driven_transfer)[0m
[33;20m[2026-07-18 17:00:22,228] LMCache WARNING:[0m Session cmpl-83c6b9491cbedffe-0-9958d67d not found, skipping touch [3m(lookup.py:524:lmcache.v1.multiprocess.modules.lookup)[0m
[32;20m[2026-07-18 17:00:22,240] LMCache INFO:[0m Stored 256 tokens in 0.001 seconds [3m(lmcache_driven_transfer.py:1109:lmcache.v1.multiprocess.modules.lmcache_driven_transfer)[0m
[33;20m[2026-07-18 17:00:22,266] LMCache WARNING:[0m Session cmpl-8ffd506dfa521517-0-b682e95c not found, skipping touch [3m(lookup.py:524:lmcache.v1.multiprocess.modules.lookup)[0m
[32;20m[2026-07-18 17:00:22,277] LMCache INFO:[0m Stored 256 tokens in 0.001 seconds [3m(lmcache_driven_transfer.py:1109:lmcache.v1.multiprocess.modules.lmcache_driven_transfer)[0m
[33;20m[2026-07-18 17:00:22,305] LMCache WARNING:[0m Session cmpl-b2ea7c845a68923e-0-95a4a80d not found, skipping touch [3m(lookup.py:524:lmcache.v1.multiprocess.modules.lookup)[0m
[33;20m[2026-07-18 17:00:22,322] LMCache WARNING:[0m Session cmpl-8a9a825b95e41a87-0-b31b0f08 not found, skipping touch [3m(lookup.py:524:lmcache.v1.multiprocess.modules.lookup)[0m
[33;20m[2026-07-18 17:00:22,337] LMCache WARNING:[0m Session cmpl-b13697a4e79a5963-0-9d92a1c0 not found, skipping touch [3m(lookup.py:524:lmcache.v1.multiprocess.modules.lookup)[0m
[32;20m[2026-07-18 17:00:22,347] LMCache INFO:[0m Stored 256 tokens in 0.001 seconds [3m(lmcache_driven_transfer.py:1109:lmcache.v1.multiprocess.modules.lmcache_driven_transfer)[0m
[33;20m[2026-07-18 17:00:22,374] LMCache WARNING:[0m Session cmpl-8da0cdc51b262ef9-0-8c786755 not found, skipping touch [3m(lookup.py:524:lmcache.v1.multiprocess.modules.lookup)[0m
[33;20m[2026-07-18 17:00:22,388] LMCache WARNING:[0m Session cmpl-aa8bf587bdbae2fc-0-8124684f not found, skipping touch [3m(lookup.py:524:lmcache.v1.multiprocess.modules.lookup)[0m
[33;20m[2026-07-18 17:00:22,404] LMCache WARNING:[0m Session cmpl-b7a4cf64c477e150-0-b50cb4d9 not found, skipping touch [3m(lookup.py:524:lmcache.v1.multiprocess.modules.lookup)[0m
[32;20m[2026-07-18 17:00:22,417] LMCache INFO:[0m Stored 256 tokens in 0.001 seconds [3m(lmcache_driven_transfer.py:1109:lmcache.v1.multiprocess.modules.lmcache_driven_transfer)[0m
[33;20m[2026-07-18 17:00:22,448] LMCache WARNING:[0m Session cmpl-85ed21cb1e622896-0-8b0ed916 not found, skipping touch [3m(lookup.py:524:lmcache.v1.multiprocess.modules.lookup)[0m
[32;20m[2026-07-18 17:00:22,460] LMCache INFO:[0m Stored 256 tokens in 0.001 seconds [3m(lmcache_driven_transfer.py:1109:lmcache.v1.multiprocess.modules.lmcache_driven_transfer)[0m
