[32;20m[2026-07-18 17:00:37,953] LMCache INFO:[0m  torch_dev=<module 'torch.cuda' from '/opt/venv/lib/python3.12/site-packages/torch/cuda/__init__.py'>, torch_device_type=cuda [3m(__init__.py:63:lmcache)[0m
[32;20m[2026-07-18 17:00:37,963] LMCache INFO:[0m CudaPinMemoryBackend: using torch cudart [3m(pin_memory.py:89:lmcache.v1.platform.cuda.pin_memory)[0m
[32;20m[2026-07-18 17:00:38,358] LMCache INFO:[0m Skipping backend lmcache.v1.platform.musa.ops: predicate returned False [3m(__init__.py:114:lmcache)[0m
[32;20m[2026-07-18 17:00:38,358] LMCache INFO:[0m Skipping backend lmcache.xpu_ops: predicate returned False [3m(__init__.py:114:lmcache)[0m
[32;20m[2026-07-18 17:00:38,360] LMCache INFO:[0m Using backend: lmcache.c_ops [3m(__init__.py:132:lmcache)[0m

 _     __  __    ____           _          
| |   |  \/  |  / ___|__ _  ___| |__   ___      LMCache v0.5.1 (g979719d7)
| |   | |\/| | | |   / _` |/ __| '_ \ / _ \     Website:  https://lmcache.ai/
| |___| |  | | | |__| (_| | (__| | | |  __/     Recipes:  https://docs.lmcache.ai/recipes
|_____|_|  |_|  \____\__,_|\___|_| |_|\___|     LinkedIn: https://www.linkedin.com/company/lmcache-lab
Set LMCACHE_DISABLE_BANNER=1 to hide this banner.

[32;20m[2026-07-18 17:00:39,521] LMCache INFO:[0m multi_layer_block_kv_transfer mode: ptr [3m(base.py:94:lmcache.v1.multiprocess.transfer_context.base)[0m
[32;20m[2026-07-18 17:00:41,035] LMCache INFO:[0m Discovered API module: cache_api [3m(router_discovery.py:53:lmcache.v1.utils.router_discovery)[0m
[32;20m[2026-07-18 17:00:41,040] LMCache INFO:[0m Discovered API module: env_api [3m(router_discovery.py:53:lmcache.v1.utils.router_discovery)[0m
[32;20m[2026-07-18 17:00:41,041] LMCache INFO:[0m Discovered API module: loglevel_api [3m(router_discovery.py:53:lmcache.v1.utils.router_discovery)[0m
[32;20m[2026-07-18 17:00:41,041] LMCache INFO:[0m Discovered API module: metrics_api [3m(router_discovery.py:53:lmcache.v1.utils.router_discovery)[0m
[32;20m[2026-07-18 17:00:41,043] LMCache INFO:[0m Discovered API module: periodic_thread_api [3m(router_discovery.py:53:lmcache.v1.utils.router_discovery)[0m
[32;20m[2026-07-18 17:00:41,043] LMCache INFO:[0m Discovered API module: run_script_api [3m(router_discovery.py:53:lmcache.v1.utils.router_discovery)[0m
[32;20m[2026-07-18 17:00:41,045] LMCache INFO:[0m Discovered API module: thread_api [3m(router_discovery.py:53:lmcache.v1.utils.router_discovery)[0m
[32;20m[2026-07-18 17:00:41,046] LMCache INFO:[0m Discovered API module: common_api [3m(router_discovery.py:53:lmcache.v1.utils.router_discovery)[0m
[32;20m[2026-07-18 17:00:41,047] LMCache INFO:[0m Discovered API module: config_api [3m(router_discovery.py:53:lmcache.v1.utils.router_discovery)[0m
[32;20m[2026-07-18 17:00:41,050] LMCache INFO:[0m Discovered API module: info_api [3m(router_discovery.py:53:lmcache.v1.utils.router_discovery)[0m
[32;20m[2026-07-18 17:00:41,051] LMCache INFO:[0m Discovered API module: quota_api [3m(router_discovery.py:53:lmcache.v1.utils.router_discovery)[0m
[32;20m[2026-07-18 17:00:41,054] LMCache INFO:[0m Discovered API module: reconfigure_api [3m(router_discovery.py:53:lmcache.v1.utils.router_discovery)[0m
[32;20m[2026-07-18 17:00:41,065] LMCache INFO:[0m Starting LMCache HTTP server on http://127.0.0.1:18080 [3m(http_server.py:258:lmcache.v1.multiprocess.http_server)[0m
INFO:     Started server process [1]
INFO:     Waiting for application startup.
[32;20m[2026-07-18 17:00:41,107] LMCache INFO:[0m Starting LMCache HTTP server... (accelerator available: True) [3m(http_server.py:73:lmcache.v1.multiprocess.http_server)[0m
[32;20m[2026-07-18 17:00:41,140] LMCache INFO:[0m OTel MeterProvider initialised with Prometheus fallback (standalone metrics HTTP server disabled; /metrics must be exposed by the caller), resource={'telemetry.sdk.language': 'python', 'telemetry.sdk.name': 'opentelemetry', 'telemetry.sdk.version': '1.40.0', 'service.instance.id': 'c6dd16d9-3d83-4408-84be-f2698a0adb7d', 'service.name': 'unknown_service'} [3m(otel_init.py:114:lmcache.v1.mp_observability.otel_init)[0m
[32;20m[2026-07-18 17:00:41,141] LMCache INFO:[0m Checking if shm capacity is larger than L1 request [3m(server.py:329:lmcache.v1.multiprocess.server)[0m
[32;20m[2026-07-18 17:00:43,816] LMCache INFO:[0m Starting L1EvictionController... [3m(eviction_controller.py:53:lmcache.v1.distributed.storage_controllers.eviction_controller)[0m
[32;20m[2026-07-18 17:00:43,816] LMCache INFO:[0m Starting L2EvictionController... [3m(eviction_controller.py:233:lmcache.v1.distributed.storage_controllers.eviction_controller)[0m
[32;20m[2026-07-18 17:00:43,817] LMCache INFO:[0m Starting StoreController... [3m(store_controller.py:305:lmcache.v1.distributed.storage_controllers.store_controller)[0m
[32;20m[2026-07-18 17:00:43,817] LMCache INFO:[0m Starting PrefetchController... [3m(prefetch_controller.py:555:lmcache.v1.distributed.storage_controllers.prefetch_controller)[0m
[32;20m[2026-07-18 17:00:43,817] LMCache INFO:[0m Using blake3 hash function [3m(token_hasher.py:79:lmcache.v1.multiprocess.token_hasher)[0m
[32;20m[2026-07-18 17:00:43,819] LMCache INFO:[0m Computed NONE_HASH=b"~>\xff\x9e\xf7a:P4\x0e\xb1&w\xee\x03\xb8:\xc7Y\xfc\xba\x9b\xb3'\x05\xf0rH\xd5mG;" using hash function [3m(token_hasher.py:180:lmcache.v1.multiprocess.token_hasher)[0m
[32;20m[2026-07-18 17:00:43,820] LMCache INFO:[0m TokenHasher initialized: chunk_size=256, hash_algorithm=blake3 [3m(token_hasher.py:67:lmcache.v1.multiprocess.token_hasher)[0m
[32;20m[2026-07-18 17:00:43,820] LMCache INFO:[0m PeriodicThread SessionManager-cleanup-thread-7fc18d207d40 entering main loop (interval=60.0s) [3m(periodic_thread.py:284:lmcache.v1.periodic_thread)[0m
[32;20m[2026-07-18 17:00:43,820] LMCache INFO:[0m Started PeriodicThread: SessionManager-cleanup-thread-7fc18d207d40 (level=medium, interval=60.0s, init_wait=0.0s) [3m(periodic_thread.py:244:lmcache.v1.periodic_thread)[0m
[32;20m[2026-07-18 17:00:43,820] LMCache INFO:[0m Supported transfer mode: auto [3m(server.py:206:lmcache.v1.multiprocess.server)[0m
[32;20m[2026-07-18 17:00:43,820] LMCache INFO:[0m PeriodicThread lmcache-mp-worker-reaper entering main loop (interval=30.0s) [3m(periodic_thread.py:284:lmcache.v1.periodic_thread)[0m
[32;20m[2026-07-18 17:00:43,820] LMCache INFO:[0m Started PeriodicThread: lmcache-mp-worker-reaper (level=medium, interval=30.0s, init_wait=0.0s) [3m(periodic_thread.py:244:lmcache.v1.periodic_thread)[0m
[32;20m[2026-07-18 17:00:43,822] LMCache INFO:[0m Created AffinityThreadPool 'affinity-pool-0' with 1 worker slots: up to 1 distinct affinity keys each bind to their own thread before slots are shared. Compare this against the number of clients expected to connect to confirm routing. [3m(affinity_pool.py:60:lmcache.v1.multiprocess.affinity_pool)[0m
[32;20m[2026-07-18 17:00:43,822] LMCache INFO:[0m LMCache ZMQ cache server is running on tcp://127.0.0.1:5557 [3m(server.py:385:lmcache.v1.multiprocess.server)[0m
[32;20m[2026-07-18 17:00:43,822] LMCache INFO:[0m LMCache cache server is running... [3m(server.py:400:lmcache.v1.multiprocess.server)[0m
[32;20m[2026-07-18 17:00:43,822] LMCache INFO:[0m LMCache HTTP server initialized [3m(http_server.py:166:lmcache.v1.multiprocess.http_server)[0m
INFO:     Application startup complete.
INFO:     Uvicorn running on http://127.0.0.1:18080 (Press CTRL+C to quit)
INFO:     127.0.0.1:45806 - "GET /healthcheck HTTP/1.1" 200 OK
[32;20m[2026-07-18 17:02:57,903] LMCache INFO:[0m Engine KV Format: EngineKVFormat.NL_X_NB_TWO_BS_NH_HS NL x [NB, 2, BS, NH, HS] [3m(detection.py:44:lmcache.v1.gpu_connector.kv_format.detection)[0m
[32;20m[2026-07-18 17:02:57,903] LMCache INFO:[0m Engine KV Format: EngineKVFormat.NL_X_NB_TWO_BS_NH_HS NL x [NB, 2, BS, NH, HS] [3m(detection.py:44:lmcache.v1.gpu_connector.kv_format.detection)[0m
[32;20m[2026-07-18 17:02:57,904] LMCache INFO:[0m Engine KV Format: EngineKVFormat.NL_X_NB_TWO_BS_NH_HS NL x [NB, 2, BS, NH, HS] [3m(detection.py:44:lmcache.v1.gpu_connector.kv_format.detection)[0m
[32;20m[2026-07-18 17:02:57,904] LMCache INFO:[0m Engine KV Format: EngineKVFormat.NL_X_NB_TWO_BS_NH_HS NL x [NB, 2, BS, NH, HS] [3m(detection.py:44:lmcache.v1.gpu_connector.kv_format.detection)[0m
[32;20m[2026-07-18 17:02:57,904] LMCache INFO:[0m Engine KV Format: EngineKVFormat.NL_X_NB_TWO_BS_NH_HS NL x [NB, 2, BS, NH, HS] [3m(detection.py:44:lmcache.v1.gpu_connector.kv_format.detection)[0m
[32;20m[2026-07-18 17:02:57,904] LMCache INFO:[0m Engine KV Format: EngineKVFormat.NL_X_NB_TWO_BS_NH_HS NL x [NB, 2, BS, NH, HS] [3m(detection.py:44:lmcache.v1.gpu_connector.kv_format.detection)[0m
[32;20m[2026-07-18 17:02:57,904] LMCache INFO:[0m Group 0 first-layer tensor: layer_idx=0 shape=(694319, 2, 32, 1, 256) stride=(16384, 8192, 256, 256, 1) is_contiguous=True dtype=torch.float16 device=cuda:0 storage_offset=0 numel=11375722496 storage_nbytes=22751444992 padding_per_block=0 [3m(utils.py:581:lmcache.v1.gpu_connector.utils)[0m
[32;20m[2026-07-18 17:02:57,904] LMCache INFO:[0m Group 1 first-layer tensor: layer_idx=3 shape=(694319, 2, 32, 1, 256) stride=(16384, 8192, 256, 256, 1) is_contiguous=True dtype=torch.float16 device=cuda:0 storage_offset=0 numel=11375722496 storage_nbytes=22751444992 padding_per_block=0 [3m(utils.py:581:lmcache.v1.gpu_connector.utils)[0m
[32;20m[2026-07-18 17:02:57,904] LMCache INFO:[0m Group 2 first-layer tensor: layer_idx=6 shape=(694319, 2, 32, 1, 256) stride=(16384, 8192, 256, 256, 1) is_contiguous=True dtype=torch.float16 device=cuda:0 storage_offset=0 numel=11375722496 storage_nbytes=22751444992 padding_per_block=0 [3m(utils.py:581:lmcache.v1.gpu_connector.utils)[0m
[32;20m[2026-07-18 17:02:57,904] LMCache INFO:[0m Group 3 first-layer tensor: layer_idx=9 shape=(694319, 2, 32, 1, 256) stride=(16384, 8192, 256, 256, 1) is_contiguous=True dtype=torch.float16 device=cuda:0 storage_offset=0 numel=11375722496 storage_nbytes=22751444992 padding_per_block=0 [3m(utils.py:581:lmcache.v1.gpu_connector.utils)[0m
[32;20m[2026-07-18 17:02:57,904] LMCache INFO:[0m Group 4 first-layer tensor: layer_idx=12 shape=(694319, 2, 16, 1, 512) stride=(16384, 8192, 512, 512, 1) is_contiguous=True dtype=torch.float16 device=cuda:0 storage_offset=0 numel=11375722496 storage_nbytes=22751444992 padding_per_block=0 [3m(utils.py:581:lmcache.v1.gpu_connector.utils)[0m
[32;20m[2026-07-18 17:02:57,904] LMCache INFO:[0m KV layer groups: ---
KernelGroupInfo(layers=3, indices=0-2, shape_desc=(kv=2, nl=3, nb=694319, bs=32, nh=1, hs=256, element_size=2, block_stride_elems=0), dtype=torch.float16, tokens_per_block=32, slots_per_block=32, engine_group_idx=0, sw_size_tokens=512)
KernelGroupInfo(layers=3, indices=3-5, shape_desc=(kv=2, nl=3, nb=694319, bs=32, nh=1, hs=256, element_size=2, block_stride_elems=0), dtype=torch.float16, tokens_per_block=32, slots_per_block=32, engine_group_idx=1, sw_size_tokens=512)
KernelGroupInfo(layers=3, indices=6-8, shape_desc=(kv=2, nl=3, nb=694319, bs=32, nh=1, hs=256, element_size=2, block_stride_elems=0), dtype=torch.float16, tokens_per_block=32, slots_per_block=32, engine_group_idx=2, sw_size_tokens=512)
KernelGroupInfo(layers=3, indices=9-11, shape_desc=(kv=2, nl=3, nb=694319, bs=32, nh=1, hs=256, element_size=2, block_stride_elems=0), dtype=torch.float16, tokens_per_block=32, slots_per_block=32, engine_group_idx=3, sw_size_tokens=512)
KernelGroupInfo(layers=3, indices=12-14, shape_desc=(kv=2, nl=3, nb=694319, bs=16, nh=1, hs=512, element_size=2, block_stride_elems=0), dtype=torch.float16, tokens_per_block=16, slots_per_block=16, engine_group_idx=4, sw_size_tokens=-1)
--- [3m(kv_layer_groups.py:433:lmcache.v1.kv_layer_groups)[0m
[33;20m[2026-07-18 17:02:57,904] LMCache WARNING:[0m KVLayerGroupsManager.kv_layer_groups is deprecated: `kv_layer_groups` is an outdated alias for `kernel_groups` [3m(utils.py:733:lmcache.utils)[0m
[32;20m[2026-07-18 17:02:58,088] LMCache INFO:[0m Registered KV cache for GPU ID 3859895055618186554 with 35 layers [3m(lmcache_driven_transfer.py:883:lmcache.v1.multiprocess.modules.lmcache_driven_transfer)[0m
[32;20m[2026-07-18 17:02:58,089] LMCache INFO:[0m Initialized cuda stream on device cuda:0 [3m(cache_context.py:425:lmcache.v1.platform.cuda.cache_context)[0m
[33;20m[2026-07-18 17:03:28,318] LMCache WARNING:[0m Session cmpl-97236d26e318df70-0-b78a3bea not found, skipping touch [3m(lookup.py:524:lmcache.v1.multiprocess.modules.lookup)[0m
[32;20m[2026-07-18 17:03:28,327] LMCache INFO:[0m AffinityThreadPool: affinity_key=-961322652694752045 assigned to worker slot 0 of 1 (thread affinity-pool-0-0); 1 distinct key(s) now bound [3m(affinity_pool.py:108:lmcache.v1.multiprocess.affinity_pool)[0m
[32;20m[2026-07-18 17:03:28,335] LMCache INFO:[0m Stored 256 tokens in 0.007 seconds [3m(lmcache_driven_transfer.py:1109:lmcache.v1.multiprocess.modules.lmcache_driven_transfer)[0m
[33;20m[2026-07-18 17:03:38,393] LMCache WARNING:[0m Session cmpl-a2c2045634d98b83-0-990e245f not found, skipping touch [3m(lookup.py:524:lmcache.v1.multiprocess.modules.lookup)[0m
[32;20m[2026-07-18 17:03:38,397] LMCache INFO:[0m Prefetch request completed (L1+L2): 2/2 retained keys (2 L1, 0 L2) in 0.2 ms (external_request_id=cmpl-b3feb9f488d9cea4-0-bc8f53d9, prefetch_request_id=-1) [3m(storage_manager.py:709:lmcache.v1.distributed.storage_manager)[0m
[32;20m[2026-07-18 17:03:38,398] LMCache INFO:[0m Retrieved 256 tokens in 0.001 seconds [3m(lmcache_driven_transfer.py:1281:lmcache.v1.multiprocess.modules.lmcache_driven_transfer)[0m
[33;20m[2026-07-18 17:03:38,420] LMCache WARNING:[0m Session cmpl-8414cc72eb009433-0-9108d1e5 not found, skipping touch [3m(lookup.py:524:lmcache.v1.multiprocess.modules.lookup)[0m
[32;20m[2026-07-18 17:03:38,427] LMCache INFO:[0m Stored 256 tokens in 0.001 seconds [3m(lmcache_driven_transfer.py:1109:lmcache.v1.multiprocess.modules.lmcache_driven_transfer)[0m
[33;20m[2026-07-18 17:03:38,442] LMCache WARNING:[0m Session cmpl-9bbe459d6df58f5a-0-a8e98fa0 not found, skipping touch [3m(lookup.py:524:lmcache.v1.multiprocess.modules.lookup)[0m
[32;20m[2026-07-18 17:03:38,448] LMCache INFO:[0m Stored 256 tokens in 0.001 seconds [3m(lmcache_driven_transfer.py:1109:lmcache.v1.multiprocess.modules.lmcache_driven_transfer)[0m
[33;20m[2026-07-18 17:03:38,463] LMCache WARNING:[0m Session cmpl-8011ef2fd8799619-0-be21bdbe not found, skipping touch [3m(lookup.py:524:lmcache.v1.multiprocess.modules.lookup)[0m
[33;20m[2026-07-18 17:03:38,473] LMCache WARNING:[0m Session cmpl-95f6d0753d1d8de9-0-80d9911e not found, skipping touch [3m(lookup.py:524:lmcache.v1.multiprocess.modules.lookup)[0m
[33;20m[2026-07-18 17:03:38,483] LMCache WARNING:[0m Session cmpl-a282e5e8cc0ffb6d-0-9004976e not found, skipping touch [3m(lookup.py:524:lmcache.v1.multiprocess.modules.lookup)[0m
[32;20m[2026-07-18 17:03:38,490] LMCache INFO:[0m Stored 256 tokens in 0.001 seconds [3m(lmcache_driven_transfer.py:1109:lmcache.v1.multiprocess.modules.lmcache_driven_transfer)[0m
[33;20m[2026-07-18 17:03:38,505] LMCache WARNING:[0m Session cmpl-841e77101acf3e8d-0-9dadfd8d not found, skipping touch [3m(lookup.py:524:lmcache.v1.multiprocess.modules.lookup)[0m
[33;20m[2026-07-18 17:03:38,514] LMCache WARNING:[0m Session cmpl-935bab9ae2beab0b-0-9b1aea6b not found, skipping touch [3m(lookup.py:524:lmcache.v1.multiprocess.modules.lookup)[0m
[33;20m[2026-07-18 17:03:38,524] LMCache WARNING:[0m Session cmpl-bbd06be25019ecac-0-b7d9e1a5 not found, skipping touch [3m(lookup.py:524:lmcache.v1.multiprocess.modules.lookup)[0m
[32;20m[2026-07-18 17:03:38,531] LMCache INFO:[0m Stored 256 tokens in 0.001 seconds [3m(lmcache_driven_transfer.py:1109:lmcache.v1.multiprocess.modules.lmcache_driven_transfer)[0m
[33;20m[2026-07-18 17:03:38,547] LMCache WARNING:[0m Session cmpl-b35db68b9053e9a2-0-bd464c7d not found, skipping touch [3m(lookup.py:524:lmcache.v1.multiprocess.modules.lookup)[0m
[32;20m[2026-07-18 17:03:38,553] LMCache INFO:[0m Stored 256 tokens in 0.001 seconds [3m(lmcache_driven_transfer.py:1109:lmcache.v1.multiprocess.modules.lmcache_driven_transfer)[0m
