/home/kushalkhemani/research/myenv/lib/python3.12/site-packages/torch/cuda/__init__.py:58: FutureWarning: The pynvml package is deprecated. Please install nvidia-ml-py instead. If you did not install pynvml directly, please report this to the maintainers of the package that installed pynvml for you.
  import pynvml  # type: ignore[import]
Using the latest cached version of the dataset since OpenAssistant/oasst1 couldn't be found on the Hugging Face Hub (offline mode is enabled).
Found the latest cached dataset configuration 'default' at /home/kushalkhemani/.cache/huggingface/datasets/OpenAssistant___oasst1/default/0.0.0/fdf72ae0827c1cda404aff25b6603abec9e3399b (last modified on Thu Apr 30 10:10:20 2026).
`torch_dtype` is deprecated! Use `dtype` instead!
{
  "no_cache": {
    "mean_latency_ms": 69.75847684373093,
    "p50_latency_ms": 52.05702250032118,
    "p95_latency_ms": 127.76870884963495,
    "p99_latency_ms": 226.89068739966325,
    "p999_latency_ms": 363.09935104027613,
    "throughput_rps": 7.998386350549134,
    "service_throughput_rps": 14.335175382916466,
    "hit_rate": 0.0,
    "speculative_hits": 0,
    "speculative_hit_rate": 0.0,
    "speculative_precomputes": 0,
    "speculative_cost_ms": 0.0,
    "wasted_precomputes": 0,
    "wasted_compute_ms": 0.0,
    "wasted_compute_ratio": 0.0,
    "utility_proxy_ms": 0.0,
    "gpu_utilization_pct_mean": 59.8671875,
    "promotions": 0,
    "demotions": 0,
    "reuse_attempts": 0,
    "reuse_successes": 0,
    "reuse_failures": 0,
    "reuse_backend_fallbacks": 0,
    "store_attempts": 0,
    "store_successes": 0,
    "store_skips": 0,
    "bypassed_matches": 0,
    "requests_seen": 64,
    "reused_prefix_tokens_total": 0,
    "recompute_tokens_total": 10728,
    "estimated_tokens_saved_total": 0,
    "saved_latency_estimate_ms": 0.0,
    "store_latency_total_ms": 0.0,
    "full_prefill_latency_total_ms": 4464.54251799878,
    "avg_reused_prefix_tokens": 0.0,
    "reuse_success_rate": 0.0,
    "cache_active_final": false,
    "auto_disabled_reason": null,
    "speculative_overlap_ms": 0.0,
    "speculative_overlap_events": 0,
    "bootstrap_store_deferrals": 0,
    "speculative_useful_savings_ms": 0.0,
    "bypass_regret_ms_total": 0.0,
    "transfer_regret_ms_total": 0.0,
    "cache_disable_check_every": 8,
    "cache_disable_min_attempts": 8,
    "cache_disable_min_requests": 10,
    "cache_lookup_calls": 0,
    "cache_lookup_latency_total_ms": 0.0,
    "policy_planning_calls": 0,
    "policy_planning_latency_total_ms": 0.0,
    "semantic_query_calls": 0,
    "semantic_query_latency_total_ms": 0.0,
    "kv_materialization_calls": 0,
    "kv_materialization_latency_total_ms": 0.0,
    "backend_reuse_calls": 0,
    "backend_reuse_latency_total_ms": 0.0,
    "small_prefix_bypass_total": 0,
    "net_latency_saved_estimate_ms_total": 0.0,
    "utility_admission_enabled": false,
    "utility_admission_checks_total": 0,
    "utility_admission_admit_total": 0,
    "negative_utility_bypass_total": 0,
    "utility_expected_saved_ms_total": 0.0,
    "utility_expected_cost_ms_total": 0.0,
    "utility_net_ms_total": 0.0,
    "utility_bucket_0_64_observations": 13,
    "utility_bucket_0_64_full_ms_per_token": 0.6052490505588543,
    "utility_bucket_0_64_reuse_overhead_ms": 8.0,
    "utility_bucket_0_64_admitted": 0,
    "utility_bucket_0_64_negative_bypass": 0,
    "utility_bucket_1025_2048_observations": 1,
    "utility_bucket_1025_2048_full_ms_per_token": 0.5483348955736843,
    "utility_bucket_1025_2048_reuse_overhead_ms": 8.0,
    "utility_bucket_1025_2048_admitted": 0,
    "utility_bucket_1025_2048_negative_bypass": 0,
    "utility_bucket_129_256_observations": 15,
    "utility_bucket_129_256_full_ms_per_token": 0.3982763796653213,
    "utility_bucket_129_256_reuse_overhead_ms": 8.0,
    "utility_bucket_129_256_admitted": 0,
    "utility_bucket_129_256_negative_bypass": 0,
    "utility_bucket_257_512_observations": 13,
    "utility_bucket_257_512_full_ms_per_token": 0.37680047073467243,
    "utility_bucket_257_512_reuse_overhead_ms": 8.0,
    "utility_bucket_257_512_admitted": 0,
    "utility_bucket_257_512_negative_bypass": 0,
    "utility_bucket_65_128_observations": 22,
    "utility_bucket_65_128_full_ms_per_token": 0.5813576906443119,
    "utility_bucket_65_128_reuse_overhead_ms": 8.0,
    "utility_bucket_65_128_admitted": 0,
    "utility_bucket_65_128_negative_bypass": 0,
    "speedup_vs_no_cache_mean": 1.0,
    "speedup_vs_no_cache_p95": 1.0
  },
  "shadow_kv": {
    "mean_latency_ms": 70.74805179682642,
    "p50_latency_ms": 52.085052999700565,
    "p95_latency_ms": 128.85153445022297,
    "p99_latency_ms": 226.88694592060466,
    "p999_latency_ms": 362.57481779278373,
    "throughput_rps": 7.998201560388633,
    "service_throughput_rps": 14.134664836733462,
    "hit_rate": 0.171875,
    "speculative_hits": 0,
    "speculative_hit_rate": 0.0,
    "speculative_precomputes": 1,
    "speculative_cost_ms": 105.45505199934269,
    "wasted_precomputes": 1,
    "wasted_compute_ms": 105.45505199934269,
    "wasted_compute_ratio": 1.0,
    "utility_proxy_ms": -105.45505199934269,
    "gpu_utilization_pct_mean": 61.4296875,
    "promotions": 3,
    "demotions": 0,
    "reuse_attempts": 62,
    "reuse_successes": 11,
    "reuse_failures": 0,
    "reuse_backend_fallbacks": 0,
    "store_attempts": 2,
    "store_successes": 2,
    "store_skips": 0,
    "bypassed_matches": 51,
    "requests_seen": 64,
    "reused_prefix_tokens_total": 312,
    "recompute_tokens_total": 10416,
    "estimated_tokens_saved_total": 312,
    "saved_latency_estimate_ms": 98.65903612139604,
    "store_latency_total_ms": 66.40222499936499,
    "full_prefill_latency_total_ms": 4002.3127469976316,
    "avg_reused_prefix_tokens": 28.363636363636363,
    "reuse_success_rate": 1.0,
    "cache_active_final": true,
    "auto_disabled_reason": null,
    "speculative_overlap_ms": 96.50924099969416,
    "speculative_overlap_events": 1,
    "bootstrap_store_deferrals": 0,
    "speculative_useful_savings_ms": 0.0,
    "bypass_regret_ms_total": 124.26264931076193,
    "transfer_regret_ms_total": 0.0,
    "cache_disable_check_every": 8,
    "cache_disable_min_attempts": 8,
    "cache_disable_min_requests": 10,
    "cache_lookup_calls": 0,
    "cache_lookup_latency_total_ms": 0.0,
    "policy_planning_calls": 0,
    "policy_planning_latency_total_ms": 0.0,
    "semantic_query_calls": 0,
    "semantic_query_latency_total_ms": 0.0,
    "kv_materialization_calls": 3,
    "kv_materialization_latency_total_ms": 2.412146000096982,
    "backend_reuse_calls": 11,
    "backend_reuse_latency_total_ms": 461.41564800109336,
    "small_prefix_bypass_total": 0,
    "net_latency_saved_estimate_ms_total": 16.225836422926875,
    "utility_admission_enabled": false,
    "utility_admission_checks_total": 0,
    "utility_admission_admit_total": 0,
    "negative_utility_bypass_total": 0,
    "utility_expected_saved_ms_total": 0.0,
    "utility_expected_cost_ms_total": 0.0,
    "utility_net_ms_total": 0.0,
    "speculation_cooldown_events": 0,
    "speculation_paused_ticks": 518,
    "speculation_enabled_final": false,
    "effective_speculative_k_final": 0,
    "recent_reuse_density_final": 0.0,
    "recent_hit_rate_final": 0.0,
    "utility_bucket_0_64_observations": 23,
    "utility_bucket_0_64_full_ms_per_token": 0.7525358072468241,
    "utility_bucket_0_64_reuse_overhead_ms": 12.428671528778539,
    "utility_bucket_0_64_admitted": 0,
    "utility_bucket_0_64_negative_bypass": 0,
    "utility_bucket_1025_2048_observations": 1,
    "utility_bucket_1025_2048_full_ms_per_token": 0.5482296744355559,
    "utility_bucket_1025_2048_reuse_overhead_ms": 8.0,
    "utility_bucket_1025_2048_admitted": 0,
    "utility_bucket_1025_2048_negative_bypass": 0,
    "utility_bucket_129_256_observations": 13,
    "utility_bucket_129_256_full_ms_per_token": 0.4018826781039854,
    "utility_bucket_129_256_reuse_overhead_ms": 8.0,
    "utility_bucket_129_256_admitted": 0,
    "utility_bucket_129_256_negative_bypass": 0,
    "utility_bucket_257_512_observations": 13,
    "utility_bucket_257_512_full_ms_per_token": 0.3773430328613541,
    "utility_bucket_257_512_reuse_overhead_ms": 8.0,
    "utility_bucket_257_512_admitted": 0,
    "utility_bucket_257_512_negative_bypass": 0,
    "utility_bucket_65_128_observations": 17,
    "utility_bucket_65_128_full_ms_per_token": 0.5822402321939262,
    "utility_bucket_65_128_reuse_overhead_ms": 8.0,
    "utility_bucket_65_128_admitted": 0,
    "utility_bucket_65_128_negative_bypass": 0,
    "speedup_vs_no_cache_mean": 0.986012689707169,
    "speedup_vs_no_cache_p95": 0.9915963313498115
  },
  "shadow_kv_plus": {
    "mean_latency_ms": 69.74969629689554,
    "p50_latency_ms": 51.87883350026823,
    "p95_latency_ms": 127.71742199943213,
    "p99_latency_ms": 226.59535815023384,
    "p999_latency_ms": 362.6172378142894,
    "throughput_rps": 8.531486125533297,
    "service_throughput_rps": 14.33697998832016,
    "hit_rate": 0.0,
    "speculative_hits": 0,
    "speculative_hit_rate": 0.0,
    "speculative_precomputes": 0,
    "speculative_cost_ms": 0.0,
    "wasted_precomputes": 0,
    "wasted_compute_ms": 0.0,
    "wasted_compute_ratio": 0.0,
    "utility_proxy_ms": 0.0,
    "gpu_utilization_pct_mean": 59.59375,
    "promotions": 0,
    "demotions": 0,
    "reuse_attempts": 0,
    "reuse_successes": 0,
    "reuse_failures": 0,
    "reuse_backend_fallbacks": 0,
    "store_attempts": 0,
    "store_successes": 0,
    "store_skips": 0,
    "bypassed_matches": 0,
    "requests_seen": 64,
    "reused_prefix_tokens_total": 0,
    "recompute_tokens_total": 10728,
    "estimated_tokens_saved_total": 0,
    "saved_latency_estimate_ms": 0.0,
    "store_latency_total_ms": 0.0,
    "full_prefill_latency_total_ms": 4463.980563001314,
    "avg_reused_prefix_tokens": 0.0,
    "reuse_success_rate": 0.0,
    "cache_active_final": true,
    "auto_disabled_reason": null,
    "speculative_overlap_ms": 0.0,
    "speculative_overlap_events": 0,
    "bootstrap_store_deferrals": 0,
    "speculative_useful_savings_ms": 0.0,
    "bypass_regret_ms_total": 0.0,
    "transfer_regret_ms_total": 0.0,
    "cache_disable_check_every": 8,
    "cache_disable_min_attempts": 8,
    "cache_disable_min_requests": 10,
    "cache_lookup_calls": 0,
    "cache_lookup_latency_total_ms": 0.0,
    "policy_planning_calls": 0,
    "policy_planning_latency_total_ms": 0.0,
    "semantic_query_calls": 0,
    "semantic_query_latency_total_ms": 0.0,
    "kv_materialization_calls": 0,
    "kv_materialization_latency_total_ms": 0.0,
    "backend_reuse_calls": 0,
    "backend_reuse_latency_total_ms": 0.0,
    "small_prefix_bypass_total": 0,
    "net_latency_saved_estimate_ms_total": 0.0,
    "utility_admission_enabled": false,
    "utility_admission_checks_total": 0,
    "utility_admission_admit_total": 0,
    "negative_utility_bypass_total": 0,
    "utility_expected_saved_ms_total": 0.0,
    "utility_expected_cost_ms_total": 0.0,
    "utility_net_ms_total": 0.0,
    "speculation_cooldown_events": 0,
    "speculation_paused_ticks": 524,
    "speculation_enabled_final": false,
    "effective_speculative_k_final": 0,
    "recent_reuse_density_final": 0.0,
    "recent_hit_rate_final": 0.0,
    "semantic_ablation_mode": "safe",
    "policy_plans_total": 0,
    "policy_bypass_total": 0,
    "policy_exact_total": 0,
    "policy_semantic_partial_total": 0,
    "semantic_index_entries_final": 0,
    "semantic_queries_total": 0,
    "semantic_matches_total": 0,
    "semantic_partial_hits": 0,
    "semantic_partial_reused_tokens_total": 0,
    "semantic_opportunity_plans_total": 0,
    "semantic_opportunity_reused_tokens_total": 0,
    "semantic_opportunity_estimated_savings_ms": 0.0,
    "semantic_blocked_by_backend_total": 0,
    "fast_raw_bypass_total": 64,
    "raw_strategy": "strict_utility_gate",
    "raw_conservative_bypass_total": 64,
    "raw_observer_bypass_total": 0,
    "raw_reuse_evidence_strong_total": 0,
    "raw_reuse_evidence_weak_total": 64,
    "raw_graduated_total": 0,
    "raw_graduate_min_observations": 8,
    "raw_graduate_min_frequency": 0.35,
    "raw_graduate_min_prefix_len": 48,
    "semantic_queries_skipped_total": 0,
    "scaffold_bypass_store_successes": 0,
    "semantic_scaffold_store_successes": 0,
    "scaffold_only_attempts": 0,
    "scaffold_only_hits": 0,
    "early_layer_attempts": 0,
    "early_layer_hits": 0,
    "early_layer_reuse_ratio_sum": 0.0,
    "logit_guard_checks": 0,
    "logit_guard_passes": 0,
    "logit_guard_failures": 0,
    "logit_guard_distance_sum": 0.0,
    "logit_guard_threshold": 0.08,
    "semantic_guarded_hits": 0,
    "semantic_sandbox_checks": 0,
    "semantic_sandbox_passes": 0,
    "semantic_sandbox_failures": 0,
    "semantic_sandbox_divergence_sum": 0.0,
    "semantic_quality_divergence_sum": 0.0,
    "semantic_quality_divergence_events": 0,
    "layer_reuse_ratio_sum": 0.0,
    "layer_reuse_events": 0,
    "policy_expected_benefit_ms": 0.0,
    "policy_expected_cost_ms": 0.0,
    "policy_expected_waste_ms": 0.0,
    "policy_net_utility_ms": 0.0,
    "opportunistic_prefill_store_successes": 0,
    "fast_exact_path_hits": 0,
    "utility_bucket_0_64_observations": 13,
    "utility_bucket_0_64_full_ms_per_token": 0.610503377756237,
    "utility_bucket_0_64_reuse_overhead_ms": 8.0,
    "utility_bucket_0_64_admitted": 0,
    "utility_bucket_0_64_negative_bypass": 0,
    "utility_bucket_1025_2048_observations": 1,
    "utility_bucket_1025_2048_full_ms_per_token": 0.548244043360286,
    "utility_bucket_1025_2048_reuse_overhead_ms": 8.0,
    "utility_bucket_1025_2048_admitted": 0,
    "utility_bucket_1025_2048_negative_bypass": 0,
    "utility_bucket_129_256_observations": 15,
    "utility_bucket_129_256_full_ms_per_token": 0.3984583565647723,
    "utility_bucket_129_256_reuse_overhead_ms": 8.0,
    "utility_bucket_129_256_admitted": 0,
    "utility_bucket_129_256_negative_bypass": 0,
    "utility_bucket_257_512_observations": 13,
    "utility_bucket_257_512_full_ms_per_token": 0.3766423744259684,
    "utility_bucket_257_512_reuse_overhead_ms": 8.0,
    "utility_bucket_257_512_admitted": 0,
    "utility_bucket_257_512_negative_bypass": 0,
    "utility_bucket_65_128_observations": 22,
    "utility_bucket_65_128_full_ms_per_token": 0.5821021939300739,
    "utility_bucket_65_128_reuse_overhead_ms": 8.0,
    "utility_bucket_65_128_admitted": 0,
    "utility_bucket_65_128_negative_bypass": 0,
    "speedup_vs_no_cache_mean": 1.0001258865242655,
    "speedup_vs_no_cache_p95": 1.0004015650284817
  },
  "config": {
    "backend": "hf",
    "model": "TinyLlama/TinyLlama-1.1B-Chat-v1.0",
    "device": "cuda",
    "dtype": "float16",
    "tensor_parallel_size": 1,
    "trust_remote_code": false,
    "disable_native_prefix_caching": false,
    "include_experimental": false,
    "engines": [
      "no_cache",
      "shadow_kv",
      "shadow_kv_plus"
    ],
    "include_runtime_baselines": false,
    "include_semantic_ablations": false,
    "policy_preset": "balanced",
    "enable_policy_tuning": false,
    "policy_tuning_requests": 24,
    "policy_tuning_presets": [
      "balanced",
      "aggressive_prefix",
      "aggressive_gpu"
    ],
    "policy_tuning_metric": "utility_adjusted_latency",
    "enable_policy_trace": false,
    "enable_decision_log": false,
    "config_path": "/home/kushalkhemani/research/shadowkv_p100/config/config.yaml",
    "semantic_index_diagnostics": false,
    "allow_unsafe_semantic_kv_reuse": false,
    "early_layer_reuse_ratio": 0.35,
    "logit_guard_threshold": 0.08,
    "min_reuse_prefix_tokens": null,
    "disable_utility_admission": false,
    "utility_min_net_saved_ms": null,
    "measure_energy": false,
    "gpu_index": 0,
    "idle_baseline_seconds": 0.0,
    "energy_output_csv": null,
    "workload": "public_dataset",
    "variant": "high_skew",
    "dataset": "oasst1",
    "prompt_mode": "raw",
    "dataset_split": null,
    "n_requests": 64,
    "simulate_arrivals": true,
    "mean_inter_arrival_ms": 50.0,
    "max_arrival_sleep_ms": 500.0,
    "max_memory_mb": 64,
    "speculative_k": 2,
    "idle_threshold_ms": 30.0,
    "seed": 123,
    "output_dir": "/home/kushalkhemani/research/shadowkv_p100/results_p100_n64_3seed/TinyLlama_TinyLlama-1_1B-Chat-v1_0/raw/seed_123/oasst1",
    "resolved_prompt_mode": "raw",
    "shadowkv_policy_calibration": {
      "profile_lengths": [
        8,
        16,
        32,
        48,
        64,
        96
      ],
      "profile_latencies_ms": [
        37.59627650015318,
        38.53626499994789,
        31.75362900037726,
        33.28311100040082,
        33.08379100053571,
        45.3172875004384
      ],
      "profile_ms_per_token": [
        4.699534562519148,
        2.408516562496743,
        0.9923009062617894,
        0.6933981458416838,
        0.5169342343833705,
        0.47205507812956665
      ],
      "token_benefit_ms": 0.6,
      "speculation_penalty_ms": 6.350725800075452,
      "prefill_ms_per_token": 0.6,
      "fixed_prefill_overhead_ms": 6.350725800075452,
      "kv_mb_per_token": 0.021484375,
      "policy_preset": "balanced"
    },
    "shadowkv_policy_kwargs": {
      "min_frequency": 0.16,
      "prefill_ms_per_token": 0.6,
      "fixed_prefill_overhead_ms": 6.350725800075452,
      "memory_penalty_per_mb": 0.75,
      "kv_mb_per_token": 0.021484375,
      "idle_cost_fraction": 0.55,
      "gpu_idle_cost_fraction": 0.3,
      "benefit_cost_ratio": 0.92,
      "max_admissions_per_idle": 2,
      "min_prefix_len": 16,
      "preferred_prefix_len": 64,
      "max_prefix_len": 192,
      "min_observations": 3,
      "min_expected_net_ms": 3.5999999999999996,
      "min_recent_support": 0.04,
      "recent_support_weight": 0.6,
      "recent_streak_weight": 0.22,
      "observation_weight": 0.18,
      "global_frequency_weight": 0.22,
      "reuse_discount": 0.95,
      "min_utility_score": 0.02,
      "reuse_horizon_s": 0.75,
      "bootstrap_horizon_requests": 0.45,
      "branching_weight": 0.1
    },
    "policy_tuning_report": null,
    "resolved_model": "TinyLlama/TinyLlama-1.1B-Chat-v1.0",
    "config_version": "shadowkv-policy-v1",
    "config_hash_sha256": "22ef8f32dd8dd01f08e85becac910d9c66eafb9b01b52aecca99949b2b3529df",
    "run_manifest_file": "/home/kushalkhemani/research/shadowkv_p100/results_p100_n64_3seed/TinyLlama_TinyLlama-1_1B-Chat-v1_0/raw/seed_123/oasst1/run_manifest.json",
    "policy_trace_file": null,
    "policy_trace_rows": 0,
    "decision_log_file": null
  },
  "capabilities": {
    "supports_external_kv": true,
    "supports_native_prefix_caching": false
  }
}
Saved to /home/kushalkhemani/research/shadowkv_p100/results_p100_n64_3seed/TinyLlama_TinyLlama-1_1B-Chat-v1_0/raw/seed_123/oasst1/benchmark_hf_TinyLlama_TinyLlama-1.1B-Chat-v1.0_public_dataset_oasst1_raw_cuda.json
Policy trace disabled. Re-run with --enable_policy_trace to emit policy_trace.jsonl.
