/usr/local/lib/python3.12/dist-packages/torch/cuda/__init__.py:61: FutureWarning: The pynvml package is deprecated. Please install nvidia-ml-py instead. If you did not install pynvml directly, please report this to the maintainers of the package that installed pynvml for you.
  import pynvml  # type: ignore[import]
[32;20m[2026-06-17 03:00:13,077] LMCache INFO:[0m  torch_dev=<module 'torch.cuda' from '/usr/local/lib/python3.12/dist-packages/torch/cuda/__init__.py'>, torch_device_type=cuda [3m(__init__.py:62:lmcache)[0m
[32;20m[2026-06-17 03:00:13,399] LMCache INFO:[0m Skipping backend lmcache.xpu_ops: predicate returned False [3m(__init__.py:94:lmcache)[0m
[32;20m[2026-06-17 03:00:13,401] LMCache INFO:[0m Using backend: lmcache.c_ops [3m(__init__.py:112:lmcache)[0m
[32;20m[2026-06-17 03:00:13,863] LMCache INFO:[0m multi_layer_block_kv_transfer mode: ptr [3m(base.py:94:lmcache.v1.multiprocess.transfer_context.base)[0m
[32;20m[2026-06-17 03:00:15,107] LMCache INFO:[0m Discovered API module: cache_api [3m(router_discovery.py:53:lmcache.v1.utils.router_discovery)[0m
[32;20m[2026-06-17 03:00:15,107] LMCache INFO:[0m Discovered API module: env_api [3m(router_discovery.py:53:lmcache.v1.utils.router_discovery)[0m
[32;20m[2026-06-17 03:00:15,108] LMCache INFO:[0m Discovered API module: loglevel_api [3m(router_discovery.py:53:lmcache.v1.utils.router_discovery)[0m
[32;20m[2026-06-17 03:00:15,108] LMCache INFO:[0m Discovered API module: metrics_api [3m(router_discovery.py:53:lmcache.v1.utils.router_discovery)[0m
[32;20m[2026-06-17 03:00:15,109] LMCache INFO:[0m Discovered API module: periodic_thread_api [3m(router_discovery.py:53:lmcache.v1.utils.router_discovery)[0m
[32;20m[2026-06-17 03:00:15,110] LMCache INFO:[0m Discovered API module: run_script_api [3m(router_discovery.py:53:lmcache.v1.utils.router_discovery)[0m
[32;20m[2026-06-17 03:00:15,110] LMCache INFO:[0m Discovered API module: thread_api [3m(router_discovery.py:53:lmcache.v1.utils.router_discovery)[0m
[32;20m[2026-06-17 03:00:15,111] LMCache INFO:[0m Discovered API module: common_api [3m(router_discovery.py:53:lmcache.v1.utils.router_discovery)[0m
[32;20m[2026-06-17 03:00:15,112] LMCache INFO:[0m Discovered API module: conf_api [3m(router_discovery.py:53:lmcache.v1.utils.router_discovery)[0m
[32;20m[2026-06-17 03:00:15,112] LMCache INFO:[0m Discovered API module: healthcheck_api [3m(router_discovery.py:53:lmcache.v1.utils.router_discovery)[0m
[32;20m[2026-06-17 03:00:15,113] LMCache INFO:[0m Discovered API module: quota_api [3m(router_discovery.py:53:lmcache.v1.utils.router_discovery)[0m
[32;20m[2026-06-17 03:00:15,115] LMCache INFO:[0m Discovered API module: reconfigure_api [3m(router_discovery.py:53:lmcache.v1.utils.router_discovery)[0m
[32;20m[2026-06-17 03:00:15,115] LMCache INFO:[0m Discovered API module: root_api [3m(router_discovery.py:53:lmcache.v1.utils.router_discovery)[0m
[32;20m[2026-06-17 03:00:15,115] LMCache INFO:[0m Discovered API module: status_api [3m(router_discovery.py:53:lmcache.v1.utils.router_discovery)[0m
[32;20m[2026-06-17 03:00:15,116] LMCache INFO:[0m Discovered API module: version_api [3m(router_discovery.py:53:lmcache.v1.utils.router_discovery)[0m
[32;20m[2026-06-17 03:00:15,123] LMCache INFO:[0m Starting LMCache HTTP server on http://127.0.0.1:8088 [3m(http_server.py:230:lmcache.v1.multiprocess.http_server)[0m
INFO:     Started server process [69]
INFO:     Waiting for application startup.
[32;20m[2026-06-17 03:00:15,298] LMCache INFO:[0m Starting LMCache HTTP server... (accelerator available: True) [3m(http_server.py:68:lmcache.v1.multiprocess.http_server)[0m
[32;20m[2026-06-17 03:00:15,307] LMCache INFO:[0m OTel MeterProvider initialised with Prometheus fallback (standalone metrics HTTP server disabled; /metrics must be exposed by the caller), resource={'telemetry.sdk.language': 'python', 'telemetry.sdk.name': 'opentelemetry', 'telemetry.sdk.version': '1.40.0', 'service.instance.id': '05ff38a9-0a57-4ca7-9737-47a05598f759', 'service.name': 'unknown_service'} [3m(otel_init.py:114:lmcache.v1.mp_observability.otel_init)[0m
[32;20m[2026-06-17 03:00:15,307] LMCache INFO:[0m LookupHashLoggingSubscriber started: output_dir=/workspace/shadowkv/results_sglang_lmcache_shadowkv_3models_identical_blocks_3reps_2026-06-16/qwen25_7b/rep_3/xsum/rag/lmcache_no_native_radix/lmcache_lookup_hash, rotation_interval=21600s, rotation_max_size=104857600, max_files=100, existing_files=0 [3m(lookup_hash.py:113:lmcache.v1.mp_observability.subscribers.logging.lookup_hash)[0m
[32;20m[2026-06-17 03:00:15,307] LMCache INFO:[0m Checking if shm capacity is larger than L1 request [3m(server.py:265:lmcache.v1.multiprocess.server)[0m
[32;20m[2026-06-17 03:00:15,570] LMCache INFO:[0m Starting L1EvictionController... [3m(eviction_controller.py:53:lmcache.v1.distributed.storage_controllers.eviction_controller)[0m
[32;20m[2026-06-17 03:00:15,579] LMCache INFO:[0m Starting L2EvictionController... [3m(eviction_controller.py:229:lmcache.v1.distributed.storage_controllers.eviction_controller)[0m
[32;20m[2026-06-17 03:00:15,580] LMCache INFO:[0m Starting StoreController... [3m(store_controller.py:274:lmcache.v1.distributed.storage_controllers.store_controller)[0m
[32;20m[2026-06-17 03:00:15,580] LMCache INFO:[0m Starting PrefetchController... [3m(prefetch_controller.py:457:lmcache.v1.distributed.storage_controllers.prefetch_controller)[0m
[32;20m[2026-06-17 03:00:15,580] LMCache INFO:[0m Using blake3 hash function [3m(token_hasher.py:79:lmcache.v1.multiprocess.token_hasher)[0m
[32;20m[2026-06-17 03:00:15,589] LMCache INFO:[0m Computed NONE_HASH=b"~>\xff\x9e\xf7a:P4\x0e\xb1&w\xee\x03\xb8:\xc7Y\xfc\xba\x9b\xb3'\x05\xf0rH\xd5mG;" using hash function [3m(token_hasher.py:180:lmcache.v1.multiprocess.token_hasher)[0m
[32;20m[2026-06-17 03:00:15,590] LMCache INFO:[0m TokenHasher initialized: chunk_size=256, hash_algorithm=blake3 [3m(token_hasher.py:67:lmcache.v1.multiprocess.token_hasher)[0m
[32;20m[2026-06-17 03:00:15,590] LMCache INFO:[0m Supported transfer mode: auto [3m(server.py:184:lmcache.v1.multiprocess.server)[0m
[32;20m[2026-06-17 03:00:15,591] LMCache INFO:[0m LMCache ZMQ cache server is running on tcp://127.0.0.1:5555 [3m(server.py:320:lmcache.v1.multiprocess.server)[0m
[32;20m[2026-06-17 03:00:15,600] LMCache INFO:[0m LMCache cache server is running... [3m(server.py:335:lmcache.v1.multiprocess.server)[0m
[32;20m[2026-06-17 03:00:15,600] LMCache INFO:[0m LMCache HTTP server initialized [3m(http_server.py:159:lmcache.v1.multiprocess.http_server)[0m
INFO:     Application startup complete.
INFO:     Uvicorn running on http://127.0.0.1:8088 (Press CTRL+C to quit)
[32;20m[2026-06-17 03:00:16,348] LMCache INFO:[0m Checking memory allocator consistency [3m(memory_management.py:1738:lmcache.v1.memory_management)[0m
[32;20m[2026-06-17 03:00:16,349] LMCache INFO:[0m  - Total active allocations: 0 [3m(memory_management.py:1739:lmcache.v1.memory_management)[0m
[32;20m[2026-06-17 03:00:16,349] LMCache INFO:[0m  - Total allocated size: 0.0 MB [3m(memory_management.py:1740:lmcache.v1.memory_management)[0m
[32;20m[2026-06-17 03:00:16,349] LMCache INFO:[0m  - Total free size: 7168.0 MB [3m(memory_management.py:1747:lmcache.v1.memory_management)[0m
INFO:     127.0.0.1:51426 - "GET /status HTTP/1.1" 200 OK
[32;20m[2026-06-17 03:00:16,791] LMCache INFO:[0m LazyMemoryAllocator: Expanded 10240 MB pinned memory, now total is 11264 MB / 20480 MB (55.0%) [3m(lazy_memory_allocator.py:259:lmcache.v1.lazy_memory_allocator)[0m
[32;20m[2026-06-17 03:00:17,756] LMCache INFO:[0m LazyMemoryAllocator: Expanded 9216 MB pinned memory, now total is 20480 MB / 20480 MB (100.0%) [3m(lazy_memory_allocator.py:259:lmcache.v1.lazy_memory_allocator)[0m
[32;20m[2026-06-17 03:00:38,823] LMCache INFO:[0m list_depth: 2, tensor_dim: 4 [3m(utils.py:636:lmcache.v1.gpu_connector.utils)[0m
[32;20m[2026-06-17 03:00:38,823] LMCache INFO:[0m GPU KV Cache Dimensions: [2][28][1126202, 1, 4, 128] [3m(utils.py:647:lmcache.v1.gpu_connector.utils)[0m
[32;20m[2026-06-17 03:00:38,823] LMCache INFO:[0m GPU KV Format: 2 x NL x [NB, BS, NH, HS] [3m(utils.py:498:lmcache.v1.gpu_connector.utils)[0m
[32;20m[2026-06-17 03:00:38,823] LMCache INFO:[0m Currently used by:
  - SGLang MHA via MP daemon (4-D inner) [3m(utils.py:499:lmcache.v1.gpu_connector.utils)[0m
[32;20m[2026-06-17 03:00:38,825] LMCache INFO:[0m Group 0 first-layer tensor: layer_idx=0 shape=(1126202, 1, 4, 128) stride=(512, 512, 128, 1) is_contiguous=True dtype=torch.float16 device=cuda:0 storage_offset=0 numel=576615424 storage_nbytes=1153230848 padding_per_block=0 [3m(utils.py:1415:lmcache.v1.gpu_connector.utils)[0m
[32;20m[2026-06-17 03:00:38,825] LMCache INFO:[0m KV layer groups: ---
KernelGroupInfo(layers=28, indices=0-27, shape_desc=(kv=2, nl=28, nb=1126202, bs=1, nh=4, hs=128, element_size=2, block_stride_elems=0), dtype=torch.float16, tokens_per_block=1, slots_per_block=1, engine_group_idx=0, sw_size_tokens=-1)
--- [3m(kv_layer_groups.py:403:lmcache.v1.kv_layer_groups)[0m
[33;20m[2026-06-17 03:00:38,825] LMCache WARNING:[0m KVLayerGroupsManager.kv_layer_groups is deprecated: `kv_layer_groups` is an outdated alias for `kernel_groups` [3m(utils.py:733:lmcache.utils)[0m
/usr/local/lib/python3.12/dist-packages/cupy/_environment.py:670: UserWarning: 
--------------------------------------------------------------------------------

  CuPy may not function correctly because multiple CuPy packages are installed
  in your environment:

    cupy-cuda12x, cupy-cuda13x

  Follow these steps to resolve this issue:

    1. For all packages listed above, run the following command to remove all
       existing CuPy installations:

         $ pip uninstall <package_name>

      If you previously installed CuPy via conda, also run the following:

         $ conda uninstall cupy

    2. Install the appropriate CuPy package.
       Refer to the Installation Guide for detailed instructions.

         https://docs.cupy.dev/en/stable/install.html

--------------------------------------------------------------------------------

  warnings.warn(f'''
[32;20m[2026-06-17 03:00:38,864] LMCache INFO:[0m Registered KV cache for GPU ID 205 with 28 layers [3m(gpu_transfer.py:563:lmcache.v1.multiprocess.modules.gpu_transfer)[0m
[32;20m[2026-06-17 03:00:38,865] LMCache INFO:[0m Initialized cuda stream on device cuda:0 [3m(gpu_context.py:424:lmcache.v1.multiprocess.gpu_context)[0m
[32;20m[2026-06-17 03:00:52,064] LMCache INFO:[0m Stored 512 tokens in 0.004 seconds [3m(gpu_transfer.py:790:lmcache.v1.multiprocess.modules.gpu_transfer)[0m
[32;20m[2026-06-17 03:00:55,789] LMCache INFO:[0m Stored 256 tokens in 0.001 seconds [3m(gpu_transfer.py:790:lmcache.v1.multiprocess.modules.gpu_transfer)[0m
[32;20m[2026-06-17 03:00:55,830] LMCache INFO:[0m Stored 256 tokens in 0.001 seconds [3m(gpu_transfer.py:790:lmcache.v1.multiprocess.modules.gpu_transfer)[0m
[32;20m[2026-06-17 03:00:55,870] LMCache INFO:[0m Stored 256 tokens in 0.001 seconds [3m(gpu_transfer.py:790:lmcache.v1.multiprocess.modules.gpu_transfer)[0m
[32;20m[2026-06-17 03:00:55,908] LMCache INFO:[0m Stored 256 tokens in 0.001 seconds [3m(gpu_transfer.py:790:lmcache.v1.multiprocess.modules.gpu_transfer)[0m
[32;20m[2026-06-17 03:00:55,946] LMCache INFO:[0m Stored 256 tokens in 0.000 seconds [3m(gpu_transfer.py:790:lmcache.v1.multiprocess.modules.gpu_transfer)[0m
[32;20m[2026-06-17 03:00:55,984] LMCache INFO:[0m Stored 256 tokens in 0.000 seconds [3m(gpu_transfer.py:790:lmcache.v1.multiprocess.modules.gpu_transfer)[0m
[32;20m[2026-06-17 03:00:56,018] LMCache INFO:[0m Stored 256 tokens in 0.000 seconds [3m(gpu_transfer.py:790:lmcache.v1.multiprocess.modules.gpu_transfer)[0m
[32;20m[2026-06-17 03:01:01,048] LMCache INFO:[0m Prefetch request completed (L1+L2): 2/2 retained keys (2 L1, 0 L2) in 0.3 ms (external_request_id=b3a6359f037045548a002ef57e67ec59, prefetch_request_id=-1) [3m(storage_manager.py:636:lmcache.v1.distributed.storage_manager)[0m
[32;20m[2026-06-17 03:01:01,050] LMCache INFO:[0m Retrieved 512 tokens in 0.001 seconds [3m(gpu_transfer.py:962:lmcache.v1.multiprocess.modules.gpu_transfer)[0m
[32;20m[2026-06-17 03:01:01,076] LMCache INFO:[0m Prefetch request completed (L1+L2): 1/1 retained keys (1 L1, 0 L2) in 0.2 ms (external_request_id=86f2bc8042b04d578654e786cd94a335, prefetch_request_id=-1) [3m(storage_manager.py:636:lmcache.v1.distributed.storage_manager)[0m
[32;20m[2026-06-17 03:01:01,077] LMCache INFO:[0m Retrieved 256 tokens in 0.000 seconds [3m(gpu_transfer.py:962:lmcache.v1.multiprocess.modules.gpu_transfer)[0m
[32;20m[2026-06-17 03:01:01,103] LMCache INFO:[0m Prefetch request completed (L1+L2): 1/1 retained keys (1 L1, 0 L2) in 0.2 ms (external_request_id=70fc9da2761e4e1584322f8dc49df1a0, prefetch_request_id=-1) [3m(storage_manager.py:636:lmcache.v1.distributed.storage_manager)[0m
[32;20m[2026-06-17 03:01:01,104] LMCache INFO:[0m Retrieved 256 tokens in 0.000 seconds [3m(gpu_transfer.py:962:lmcache.v1.multiprocess.modules.gpu_transfer)[0m
[32;20m[2026-06-17 03:01:01,132] LMCache INFO:[0m Prefetch request completed (L1+L2): 1/1 retained keys (1 L1, 0 L2) in 0.2 ms (external_request_id=20cfa4a07bc14ee8ab86fa7644619c20, prefetch_request_id=-1) [3m(storage_manager.py:636:lmcache.v1.distributed.storage_manager)[0m
[32;20m[2026-06-17 03:01:01,132] LMCache INFO:[0m Retrieved 256 tokens in 0.000 seconds [3m(gpu_transfer.py:962:lmcache.v1.multiprocess.modules.gpu_transfer)[0m
[32;20m[2026-06-17 03:01:01,157] LMCache INFO:[0m Prefetch request completed (L1+L2): 1/1 retained keys (1 L1, 0 L2) in 0.2 ms (external_request_id=6928c0f150fd4d8d9d0d8d1a7ed033da, prefetch_request_id=-1) [3m(storage_manager.py:636:lmcache.v1.distributed.storage_manager)[0m
[32;20m[2026-06-17 03:01:01,158] LMCache INFO:[0m Retrieved 256 tokens in 0.000 seconds [3m(gpu_transfer.py:962:lmcache.v1.multiprocess.modules.gpu_transfer)[0m
[32;20m[2026-06-17 03:01:01,182] LMCache INFO:[0m Prefetch request completed (L1+L2): 1/1 retained keys (1 L1, 0 L2) in 0.2 ms (external_request_id=c615d4d7ce494ac885b418975bacf24b, prefetch_request_id=-1) [3m(storage_manager.py:636:lmcache.v1.distributed.storage_manager)[0m
[32;20m[2026-06-17 03:01:01,183] LMCache INFO:[0m Retrieved 256 tokens in 0.000 seconds [3m(gpu_transfer.py:962:lmcache.v1.multiprocess.modules.gpu_transfer)[0m
[32;20m[2026-06-17 03:01:01,209] LMCache INFO:[0m Prefetch request completed (L1+L2): 1/1 retained keys (1 L1, 0 L2) in 0.1 ms (external_request_id=9aae858ce2bb4240a0e70e94b8960679, prefetch_request_id=-1) [3m(storage_manager.py:636:lmcache.v1.distributed.storage_manager)[0m
[32;20m[2026-06-17 03:01:01,210] LMCache INFO:[0m Retrieved 256 tokens in 0.000 seconds [3m(gpu_transfer.py:962:lmcache.v1.multiprocess.modules.gpu_transfer)[0m
[32;20m[2026-06-17 03:01:01,237] LMCache INFO:[0m Prefetch request completed (L1+L2): 1/1 retained keys (1 L1, 0 L2) in 0.1 ms (external_request_id=0e82ab4678f049d8ba70cd28e4237ab8, prefetch_request_id=-1) [3m(storage_manager.py:636:lmcache.v1.distributed.storage_manager)[0m
[32;20m[2026-06-17 03:01:01,238] LMCache INFO:[0m Retrieved 256 tokens in 0.000 seconds [3m(gpu_transfer.py:962:lmcache.v1.multiprocess.modules.gpu_transfer)[0m
[32;20m[2026-06-17 03:01:01,296] LMCache INFO:[0m Stored 256 tokens in 0.001 seconds [3m(gpu_transfer.py:790:lmcache.v1.multiprocess.modules.gpu_transfer)[0m
[32;20m[2026-06-17 03:01:01,332] LMCache INFO:[0m Stored 256 tokens in 0.001 seconds [3m(gpu_transfer.py:790:lmcache.v1.multiprocess.modules.gpu_transfer)[0m
[32;20m[2026-06-17 03:01:01,372] LMCache INFO:[0m Stored 512 tokens in 0.001 seconds [3m(gpu_transfer.py:790:lmcache.v1.multiprocess.modules.gpu_transfer)[0m
[32;20m[2026-06-17 03:01:01,411] LMCache INFO:[0m Stored 256 tokens in 0.001 seconds [3m(gpu_transfer.py:790:lmcache.v1.multiprocess.modules.gpu_transfer)[0m
[32;20m[2026-06-17 03:01:01,471] LMCache INFO:[0m Stored 256 tokens in 0.001 seconds [3m(gpu_transfer.py:790:lmcache.v1.multiprocess.modules.gpu_transfer)[0m
[32;20m[2026-06-17 03:01:01,503] LMCache INFO:[0m Stored 256 tokens in 0.001 seconds [3m(gpu_transfer.py:790:lmcache.v1.multiprocess.modules.gpu_transfer)[0m
[32;20m[2026-06-17 03:01:01,558] LMCache INFO:[0m Stored 256 tokens in 0.001 seconds [3m(gpu_transfer.py:790:lmcache.v1.multiprocess.modules.gpu_transfer)[0m
[32;20m[2026-06-17 03:01:01,600] LMCache INFO:[0m Stored 512 tokens in 0.001 seconds [3m(gpu_transfer.py:790:lmcache.v1.multiprocess.modules.gpu_transfer)[0m
[32;20m[2026-06-17 03:01:01,667] LMCache INFO:[0m Stored 512 tokens in 0.001 seconds [3m(gpu_transfer.py:790:lmcache.v1.multiprocess.modules.gpu_transfer)[0m
[32;20m[2026-06-17 03:01:01,724] LMCache INFO:[0m Stored 256 tokens in 0.001 seconds [3m(gpu_transfer.py:790:lmcache.v1.multiprocess.modules.gpu_transfer)[0m
[32;20m[2026-06-17 03:01:01,759] LMCache INFO:[0m Stored 256 tokens in 0.001 seconds [3m(gpu_transfer.py:790:lmcache.v1.multiprocess.modules.gpu_transfer)[0m
[32;20m[2026-06-17 03:01:01,794] LMCache INFO:[0m Stored 256 tokens in 0.000 seconds [3m(gpu_transfer.py:790:lmcache.v1.multiprocess.modules.gpu_transfer)[0m
[32;20m[2026-06-17 03:01:01,824] LMCache INFO:[0m Stored 256 tokens in 0.001 seconds [3m(gpu_transfer.py:790:lmcache.v1.multiprocess.modules.gpu_transfer)[0m
[32;20m[2026-06-17 03:01:01,860] LMCache INFO:[0m Stored 256 tokens in 0.001 seconds [3m(gpu_transfer.py:790:lmcache.v1.multiprocess.modules.gpu_transfer)[0m
[32;20m[2026-06-17 03:01:01,895] LMCache INFO:[0m Stored 256 tokens in 0.001 seconds [3m(gpu_transfer.py:790:lmcache.v1.multiprocess.modules.gpu_transfer)[0m
[32;20m[2026-06-17 03:01:01,926] LMCache INFO:[0m Stored 256 tokens in 0.001 seconds [3m(gpu_transfer.py:790:lmcache.v1.multiprocess.modules.gpu_transfer)[0m
[32;20m[2026-06-17 03:01:01,962] LMCache INFO:[0m Stored 256 tokens in 0.001 seconds [3m(gpu_transfer.py:790:lmcache.v1.multiprocess.modules.gpu_transfer)[0m
[32;20m[2026-06-17 03:01:01,993] LMCache INFO:[0m Stored 256 tokens in 0.001 seconds [3m(gpu_transfer.py:790:lmcache.v1.multiprocess.modules.gpu_transfer)[0m
[32;20m[2026-06-17 03:01:02,030] LMCache INFO:[0m Stored 256 tokens in 0.001 seconds [3m(gpu_transfer.py:790:lmcache.v1.multiprocess.modules.gpu_transfer)[0m
[32;20m[2026-06-17 03:01:02,068] LMCache INFO:[0m Stored 256 tokens in 0.001 seconds [3m(gpu_transfer.py:790:lmcache.v1.multiprocess.modules.gpu_transfer)[0m
[32;20m[2026-06-17 03:01:02,105] LMCache INFO:[0m Stored 256 tokens in 0.001 seconds [3m(gpu_transfer.py:790:lmcache.v1.multiprocess.modules.gpu_transfer)[0m
[32;20m[2026-06-17 03:01:02,142] LMCache INFO:[0m Stored 256 tokens in 0.000 seconds [3m(gpu_transfer.py:790:lmcache.v1.multiprocess.modules.gpu_transfer)[0m
[32;20m[2026-06-17 03:01:02,195] LMCache INFO:[0m Stored 768 tokens in 0.000 seconds [3m(gpu_transfer.py:790:lmcache.v1.multiprocess.modules.gpu_transfer)[0m
[32;20m[2026-06-17 03:01:02,233] LMCache INFO:[0m Stored 256 tokens in 0.000 seconds [3m(gpu_transfer.py:790:lmcache.v1.multiprocess.modules.gpu_transfer)[0m
[32;20m[2026-06-17 03:01:02,264] LMCache INFO:[0m Stored 256 tokens in 0.000 seconds [3m(gpu_transfer.py:790:lmcache.v1.multiprocess.modules.gpu_transfer)[0m
[32;20m[2026-06-17 03:01:02,299] LMCache INFO:[0m Stored 256 tokens in 0.000 seconds [3m(gpu_transfer.py:790:lmcache.v1.multiprocess.modules.gpu_transfer)[0m
[32;20m[2026-06-17 03:01:02,337] LMCache INFO:[0m Stored 256 tokens in 0.001 seconds [3m(gpu_transfer.py:790:lmcache.v1.multiprocess.modules.gpu_transfer)[0m
[32;20m[2026-06-17 03:01:02,377] LMCache INFO:[0m Stored 512 tokens in 0.001 seconds [3m(gpu_transfer.py:790:lmcache.v1.multiprocess.modules.gpu_transfer)[0m
[32;20m[2026-06-17 03:01:02,416] LMCache INFO:[0m Stored 512 tokens in 0.001 seconds [3m(gpu_transfer.py:790:lmcache.v1.multiprocess.modules.gpu_transfer)[0m
[32;20m[2026-06-17 03:01:02,449] LMCache INFO:[0m Stored 256 tokens in 0.001 seconds [3m(gpu_transfer.py:790:lmcache.v1.multiprocess.modules.gpu_transfer)[0m
[32;20m[2026-06-17 03:01:02,489] LMCache INFO:[0m Stored 512 tokens in 0.001 seconds [3m(gpu_transfer.py:790:lmcache.v1.multiprocess.modules.gpu_transfer)[0m
[32;20m[2026-06-17 03:01:02,557] LMCache INFO:[0m Stored 512 tokens in 0.001 seconds [3m(gpu_transfer.py:790:lmcache.v1.multiprocess.modules.gpu_transfer)[0m
[32;20m[2026-06-17 03:01:02,589] LMCache INFO:[0m Stored 256 tokens in 0.001 seconds [3m(gpu_transfer.py:790:lmcache.v1.multiprocess.modules.gpu_transfer)[0m
[32;20m[2026-06-17 03:01:02,630] LMCache INFO:[0m Stored 512 tokens in 0.000 seconds [3m(gpu_transfer.py:790:lmcache.v1.multiprocess.modules.gpu_transfer)[0m
[32;20m[2026-06-17 03:01:02,674] LMCache INFO:[0m Stored 512 tokens in 0.000 seconds [3m(gpu_transfer.py:790:lmcache.v1.multiprocess.modules.gpu_transfer)[0m
[32;20m[2026-06-17 03:01:02,707] LMCache INFO:[0m Stored 256 tokens in 0.001 seconds [3m(gpu_transfer.py:790:lmcache.v1.multiprocess.modules.gpu_transfer)[0m
[32;20m[2026-06-17 03:01:02,745] LMCache INFO:[0m Stored 256 tokens in 0.001 seconds [3m(gpu_transfer.py:790:lmcache.v1.multiprocess.modules.gpu_transfer)[0m
[32;20m[2026-06-17 03:01:02,776] LMCache INFO:[0m Stored 256 tokens in 0.001 seconds [3m(gpu_transfer.py:790:lmcache.v1.multiprocess.modules.gpu_transfer)[0m
[32;20m[2026-06-17 03:01:02,838] LMCache INFO:[0m Stored 256 tokens in 0.001 seconds [3m(gpu_transfer.py:790:lmcache.v1.multiprocess.modules.gpu_transfer)[0m
[32;20m[2026-06-17 03:01:02,869] LMCache INFO:[0m Stored 256 tokens in 0.000 seconds [3m(gpu_transfer.py:790:lmcache.v1.multiprocess.modules.gpu_transfer)[0m
[32;20m[2026-06-17 03:01:02,905] LMCache INFO:[0m Stored 256 tokens in 0.001 seconds [3m(gpu_transfer.py:790:lmcache.v1.multiprocess.modules.gpu_transfer)[0m
[32;20m[2026-06-17 03:01:02,943] LMCache INFO:[0m Stored 256 tokens in 0.001 seconds [3m(gpu_transfer.py:790:lmcache.v1.multiprocess.modules.gpu_transfer)[0m
[32;20m[2026-06-17 03:01:02,981] LMCache INFO:[0m Stored 256 tokens in 0.000 seconds [3m(gpu_transfer.py:790:lmcache.v1.multiprocess.modules.gpu_transfer)[0m
[32;20m[2026-06-17 03:01:03,017] LMCache INFO:[0m Stored 256 tokens in 0.001 seconds [3m(gpu_transfer.py:790:lmcache.v1.multiprocess.modules.gpu_transfer)[0m
[32;20m[2026-06-17 03:01:03,057] LMCache INFO:[0m Stored 512 tokens in 0.001 seconds [3m(gpu_transfer.py:790:lmcache.v1.multiprocess.modules.gpu_transfer)[0m
[32;20m[2026-06-17 03:01:03,097] LMCache INFO:[0m Stored 256 tokens in 0.001 seconds [3m(gpu_transfer.py:790:lmcache.v1.multiprocess.modules.gpu_transfer)[0m
[32;20m[2026-06-17 03:01:03,127] LMCache INFO:[0m Stored 256 tokens in 0.000 seconds [3m(gpu_transfer.py:790:lmcache.v1.multiprocess.modules.gpu_transfer)[0m
[32;20m[2026-06-17 03:01:03,159] LMCache INFO:[0m Stored 256 tokens in 0.000 seconds [3m(gpu_transfer.py:790:lmcache.v1.multiprocess.modules.gpu_transfer)[0m
[32;20m[2026-06-17 03:01:03,192] LMCache INFO:[0m Stored 256 tokens in 0.000 seconds [3m(gpu_transfer.py:790:lmcache.v1.multiprocess.modules.gpu_transfer)[0m
[32;20m[2026-06-17 03:01:03,229] LMCache INFO:[0m Stored 256 tokens in 0.000 seconds [3m(gpu_transfer.py:790:lmcache.v1.multiprocess.modules.gpu_transfer)[0m
[32;20m[2026-06-17 03:01:03,265] LMCache INFO:[0m Stored 256 tokens in 0.000 seconds [3m(gpu_transfer.py:790:lmcache.v1.multiprocess.modules.gpu_transfer)[0m
[32;20m[2026-06-17 03:01:03,305] LMCache INFO:[0m Stored 512 tokens in 0.000 seconds [3m(gpu_transfer.py:790:lmcache.v1.multiprocess.modules.gpu_transfer)[0m
[32;20m[2026-06-17 03:01:03,343] LMCache INFO:[0m Stored 256 tokens in 0.001 seconds [3m(gpu_transfer.py:790:lmcache.v1.multiprocess.modules.gpu_transfer)[0m
[32;20m[2026-06-17 03:01:03,380] LMCache INFO:[0m Stored 256 tokens in 0.001 seconds [3m(gpu_transfer.py:790:lmcache.v1.multiprocess.modules.gpu_transfer)[0m
[32;20m[2026-06-17 03:01:03,416] LMCache INFO:[0m Stored 256 tokens in 0.000 seconds [3m(gpu_transfer.py:790:lmcache.v1.multiprocess.modules.gpu_transfer)[0m
[32;20m[2026-06-17 03:01:03,453] LMCache INFO:[0m Stored 256 tokens in 0.000 seconds [3m(gpu_transfer.py:790:lmcache.v1.multiprocess.modules.gpu_transfer)[0m
[32;20m[2026-06-17 03:01:03,495] LMCache INFO:[0m Stored 512 tokens in 0.000 seconds [3m(gpu_transfer.py:790:lmcache.v1.multiprocess.modules.gpu_transfer)[0m
[32;20m[2026-06-17 03:01:03,529] LMCache INFO:[0m Stored 256 tokens in 0.001 seconds [3m(gpu_transfer.py:790:lmcache.v1.multiprocess.modules.gpu_transfer)[0m
[32;20m[2026-06-17 03:01:03,567] LMCache INFO:[0m Stored 256 tokens in 0.001 seconds [3m(gpu_transfer.py:790:lmcache.v1.multiprocess.modules.gpu_transfer)[0m
[32;20m[2026-06-17 03:01:03,605] LMCache INFO:[0m Stored 256 tokens in 0.001 seconds [3m(gpu_transfer.py:790:lmcache.v1.multiprocess.modules.gpu_transfer)[0m
[32;20m[2026-06-17 03:01:03,641] LMCache INFO:[0m Stored 256 tokens in 0.001 seconds [3m(gpu_transfer.py:790:lmcache.v1.multiprocess.modules.gpu_transfer)[0m
[32;20m[2026-06-17 03:01:03,702] LMCache INFO:[0m Stored 256 tokens in 0.001 seconds [3m(gpu_transfer.py:790:lmcache.v1.multiprocess.modules.gpu_transfer)[0m
[32;20m[2026-06-17 03:01:03,734] LMCache INFO:[0m Stored 256 tokens in 0.001 seconds [3m(gpu_transfer.py:790:lmcache.v1.multiprocess.modules.gpu_transfer)[0m
[32;20m[2026-06-17 03:01:03,771] LMCache INFO:[0m Stored 256 tokens in 0.000 seconds [3m(gpu_transfer.py:790:lmcache.v1.multiprocess.modules.gpu_transfer)[0m
[32;20m[2026-06-17 03:01:03,802] LMCache INFO:[0m Stored 256 tokens in 0.000 seconds [3m(gpu_transfer.py:790:lmcache.v1.multiprocess.modules.gpu_transfer)[0m
[32;20m[2026-06-17 03:01:03,839] LMCache INFO:[0m Stored 256 tokens in 0.000 seconds [3m(gpu_transfer.py:790:lmcache.v1.multiprocess.modules.gpu_transfer)[0m
[32;20m[2026-06-17 03:01:03,875] LMCache INFO:[0m Stored 256 tokens in 0.000 seconds [3m(gpu_transfer.py:790:lmcache.v1.multiprocess.modules.gpu_transfer)[0m
[32;20m[2026-06-17 03:01:03,910] LMCache INFO:[0m Stored 256 tokens in 0.000 seconds [3m(gpu_transfer.py:790:lmcache.v1.multiprocess.modules.gpu_transfer)[0m
[32;20m[2026-06-17 03:01:03,945] LMCache INFO:[0m Stored 256 tokens in 0.000 seconds [3m(gpu_transfer.py:790:lmcache.v1.multiprocess.modules.gpu_transfer)[0m
[32;20m[2026-06-17 03:01:03,982] LMCache INFO:[0m Stored 256 tokens in 0.001 seconds [3m(gpu_transfer.py:790:lmcache.v1.multiprocess.modules.gpu_transfer)[0m
[32;20m[2026-06-17 03:01:04,017] LMCache INFO:[0m Stored 256 tokens in 0.001 seconds [3m(gpu_transfer.py:790:lmcache.v1.multiprocess.modules.gpu_transfer)[0m
[32;20m[2026-06-17 03:01:04,047] LMCache INFO:[0m Stored 256 tokens in 0.001 seconds [3m(gpu_transfer.py:790:lmcache.v1.multiprocess.modules.gpu_transfer)[0m
[32;20m[2026-06-17 03:01:04,082] LMCache INFO:[0m Stored 256 tokens in 0.001 seconds [3m(gpu_transfer.py:790:lmcache.v1.multiprocess.modules.gpu_transfer)[0m
[32;20m[2026-06-17 03:01:04,122] LMCache INFO:[0m Stored 512 tokens in 0.001 seconds [3m(gpu_transfer.py:790:lmcache.v1.multiprocess.modules.gpu_transfer)[0m
[32;20m[2026-06-17 03:01:04,161] LMCache INFO:[0m Stored 512 tokens in 0.001 seconds [3m(gpu_transfer.py:790:lmcache.v1.multiprocess.modules.gpu_transfer)[0m
[32;20m[2026-06-17 03:01:04,201] LMCache INFO:[0m Stored 256 tokens in 0.001 seconds [3m(gpu_transfer.py:790:lmcache.v1.multiprocess.modules.gpu_transfer)[0m
[32;20m[2026-06-17 03:01:04,238] LMCache INFO:[0m Stored 256 tokens in 0.001 seconds [3m(gpu_transfer.py:790:lmcache.v1.multiprocess.modules.gpu_transfer)[0m
[32;20m[2026-06-17 03:01:04,274] LMCache INFO:[0m Stored 256 tokens in 0.001 seconds [3m(gpu_transfer.py:790:lmcache.v1.multiprocess.modules.gpu_transfer)[0m
[32;20m[2026-06-17 03:01:04,310] LMCache INFO:[0m Stored 256 tokens in 0.001 seconds [3m(gpu_transfer.py:790:lmcache.v1.multiprocess.modules.gpu_transfer)[0m
[32;20m[2026-06-17 03:01:04,348] LMCache INFO:[0m Stored 256 tokens in 0.001 seconds [3m(gpu_transfer.py:790:lmcache.v1.multiprocess.modules.gpu_transfer)[0m
[32;20m[2026-06-17 03:01:04,378] LMCache INFO:[0m Stored 256 tokens in 0.001 seconds [3m(gpu_transfer.py:790:lmcache.v1.multiprocess.modules.gpu_transfer)[0m
[32;20m[2026-06-17 03:01:04,415] LMCache INFO:[0m Stored 256 tokens in 0.001 seconds [3m(gpu_transfer.py:790:lmcache.v1.multiprocess.modules.gpu_transfer)[0m
[32;20m[2026-06-17 03:01:04,451] LMCache INFO:[0m Stored 256 tokens in 0.001 seconds [3m(gpu_transfer.py:790:lmcache.v1.multiprocess.modules.gpu_transfer)[0m
[32;20m[2026-06-17 03:01:04,482] LMCache INFO:[0m Stored 256 tokens in 0.000 seconds [3m(gpu_transfer.py:790:lmcache.v1.multiprocess.modules.gpu_transfer)[0m
[32;20m[2026-06-17 03:01:04,521] LMCache INFO:[0m Stored 512 tokens in 0.001 seconds [3m(gpu_transfer.py:790:lmcache.v1.multiprocess.modules.gpu_transfer)[0m
[32;20m[2026-06-17 03:01:04,562] LMCache INFO:[0m Stored 256 tokens in 0.001 seconds [3m(gpu_transfer.py:790:lmcache.v1.multiprocess.modules.gpu_transfer)[0m
[32;20m[2026-06-17 03:01:04,599] LMCache INFO:[0m Stored 256 tokens in 0.001 seconds [3m(gpu_transfer.py:790:lmcache.v1.multiprocess.modules.gpu_transfer)[0m
[32;20m[2026-06-17 03:01:04,636] LMCache INFO:[0m Stored 256 tokens in 0.000 seconds [3m(gpu_transfer.py:790:lmcache.v1.multiprocess.modules.gpu_transfer)[0m
[32;20m[2026-06-17 03:01:04,673] LMCache INFO:[0m Stored 256 tokens in 0.000 seconds [3m(gpu_transfer.py:790:lmcache.v1.multiprocess.modules.gpu_transfer)[0m
[32;20m[2026-06-17 03:01:04,710] LMCache INFO:[0m Stored 256 tokens in 0.000 seconds [3m(gpu_transfer.py:790:lmcache.v1.multiprocess.modules.gpu_transfer)[0m
[32;20m[2026-06-17 03:01:04,747] LMCache INFO:[0m Stored 512 tokens in 0.001 seconds [3m(gpu_transfer.py:790:lmcache.v1.multiprocess.modules.gpu_transfer)[0m
[32;20m[2026-06-17 03:01:04,785] LMCache INFO:[0m Stored 256 tokens in 0.001 seconds [3m(gpu_transfer.py:790:lmcache.v1.multiprocess.modules.gpu_transfer)[0m
[32;20m[2026-06-17 03:01:04,825] LMCache INFO:[0m Stored 512 tokens in 0.001 seconds [3m(gpu_transfer.py:790:lmcache.v1.multiprocess.modules.gpu_transfer)[0m
[32;20m[2026-06-17 03:01:04,865] LMCache INFO:[0m Stored 256 tokens in 0.000 seconds [3m(gpu_transfer.py:790:lmcache.v1.multiprocess.modules.gpu_transfer)[0m
[32;20m[2026-06-17 03:01:04,905] LMCache INFO:[0m Stored 512 tokens in 0.000 seconds [3m(gpu_transfer.py:790:lmcache.v1.multiprocess.modules.gpu_transfer)[0m
[32;20m[2026-06-17 03:01:04,948] LMCache INFO:[0m Stored 512 tokens in 0.001 seconds [3m(gpu_transfer.py:790:lmcache.v1.multiprocess.modules.gpu_transfer)[0m
[32;20m[2026-06-17 03:01:05,011] LMCache INFO:[0m Stored 256 tokens in 0.001 seconds [3m(gpu_transfer.py:790:lmcache.v1.multiprocess.modules.gpu_transfer)[0m
[32;20m[2026-06-17 03:01:05,047] LMCache INFO:[0m Stored 256 tokens in 0.000 seconds [3m(gpu_transfer.py:790:lmcache.v1.multiprocess.modules.gpu_transfer)[0m
[32;20m[2026-06-17 03:01:05,077] LMCache INFO:[0m Stored 256 tokens in 0.000 seconds [3m(gpu_transfer.py:790:lmcache.v1.multiprocess.modules.gpu_transfer)[0m
[32;20m[2026-06-17 03:01:05,107] LMCache INFO:[0m Stored 256 tokens in 0.001 seconds [3m(gpu_transfer.py:790:lmcache.v1.multiprocess.modules.gpu_transfer)[0m
[32;20m[2026-06-17 03:01:05,146] LMCache INFO:[0m Stored 512 tokens in 0.000 seconds [3m(gpu_transfer.py:790:lmcache.v1.multiprocess.modules.gpu_transfer)[0m
[32;20m[2026-06-17 03:01:05,183] LMCache INFO:[0m Stored 256 tokens in 0.001 seconds [3m(gpu_transfer.py:790:lmcache.v1.multiprocess.modules.gpu_transfer)[0m
[32;20m[2026-06-17 03:01:05,218] LMCache INFO:[0m Stored 256 tokens in 0.000 seconds [3m(gpu_transfer.py:790:lmcache.v1.multiprocess.modules.gpu_transfer)[0m
[32;20m[2026-06-17 03:01:05,249] LMCache INFO:[0m Stored 256 tokens in 0.000 seconds [3m(gpu_transfer.py:790:lmcache.v1.multiprocess.modules.gpu_transfer)[0m
[32;20m[2026-06-17 03:01:05,280] LMCache INFO:[0m Stored 256 tokens in 0.000 seconds [3m(gpu_transfer.py:790:lmcache.v1.multiprocess.modules.gpu_transfer)[0m
[32;20m[2026-06-17 03:01:05,315] LMCache INFO:[0m Stored 256 tokens in 0.001 seconds [3m(gpu_transfer.py:790:lmcache.v1.multiprocess.modules.gpu_transfer)[0m
[32;20m[2026-06-17 03:01:05,356] LMCache INFO:[0m Stored 512 tokens in 0.001 seconds [3m(gpu_transfer.py:790:lmcache.v1.multiprocess.modules.gpu_transfer)[0m
[32;20m[2026-06-17 03:01:05,393] LMCache INFO:[0m Stored 256 tokens in 0.001 seconds [3m(gpu_transfer.py:790:lmcache.v1.multiprocess.modules.gpu_transfer)[0m
[32;20m[2026-06-17 03:01:05,428] LMCache INFO:[0m Stored 256 tokens in 0.001 seconds [3m(gpu_transfer.py:790:lmcache.v1.multiprocess.modules.gpu_transfer)[0m
[32;20m[2026-06-17 03:01:05,487] LMCache INFO:[0m Stored 256 tokens in 0.001 seconds [3m(gpu_transfer.py:790:lmcache.v1.multiprocess.modules.gpu_transfer)[0m
[32;20m[2026-06-17 03:01:05,523] LMCache INFO:[0m Stored 256 tokens in 0.001 seconds [3m(gpu_transfer.py:790:lmcache.v1.multiprocess.modules.gpu_transfer)[0m
[32;20m[2026-06-17 03:01:05,558] LMCache INFO:[0m Stored 256 tokens in 0.001 seconds [3m(gpu_transfer.py:790:lmcache.v1.multiprocess.modules.gpu_transfer)[0m
[32;20m[2026-06-17 03:01:05,596] LMCache INFO:[0m Stored 256 tokens in 0.001 seconds [3m(gpu_transfer.py:790:lmcache.v1.multiprocess.modules.gpu_transfer)[0m
[32;20m[2026-06-17 03:01:05,635] LMCache INFO:[0m Stored 256 tokens in 0.001 seconds [3m(gpu_transfer.py:790:lmcache.v1.multiprocess.modules.gpu_transfer)[0m
[32;20m[2026-06-17 03:01:05,676] LMCache INFO:[0m Stored 512 tokens in 0.001 seconds [3m(gpu_transfer.py:790:lmcache.v1.multiprocess.modules.gpu_transfer)[0m
[32;20m[2026-06-17 03:01:05,714] LMCache INFO:[0m Stored 256 tokens in 0.001 seconds [3m(gpu_transfer.py:790:lmcache.v1.multiprocess.modules.gpu_transfer)[0m
[32;20m[2026-06-17 03:01:05,752] LMCache INFO:[0m Stored 256 tokens in 0.001 seconds [3m(gpu_transfer.py:790:lmcache.v1.multiprocess.modules.gpu_transfer)[0m
[32;20m[2026-06-17 03:01:05,788] LMCache INFO:[0m Stored 256 tokens in 0.000 seconds [3m(gpu_transfer.py:790:lmcache.v1.multiprocess.modules.gpu_transfer)[0m
[32;20m[2026-06-17 03:01:05,825] LMCache INFO:[0m Stored 256 tokens in 0.001 seconds [3m(gpu_transfer.py:790:lmcache.v1.multiprocess.modules.gpu_transfer)[0m
[32;20m[2026-06-17 03:01:05,857] LMCache INFO:[0m Stored 256 tokens in 0.001 seconds [3m(gpu_transfer.py:790:lmcache.v1.multiprocess.modules.gpu_transfer)[0m
[32;20m[2026-06-17 03:01:05,894] LMCache INFO:[0m Stored 256 tokens in 0.000 seconds [3m(gpu_transfer.py:790:lmcache.v1.multiprocess.modules.gpu_transfer)[0m
[32;20m[2026-06-17 03:01:05,929] LMCache INFO:[0m Stored 256 tokens in 0.000 seconds [3m(gpu_transfer.py:790:lmcache.v1.multiprocess.modules.gpu_transfer)[0m
[32;20m[2026-06-17 03:01:05,967] LMCache INFO:[0m Stored 512 tokens in 0.001 seconds [3m(gpu_transfer.py:790:lmcache.v1.multiprocess.modules.gpu_transfer)[0m
[32;20m[2026-06-17 03:01:06,006] LMCache INFO:[0m Stored 256 tokens in 0.000 seconds [3m(gpu_transfer.py:790:lmcache.v1.multiprocess.modules.gpu_transfer)[0m
[32;20m[2026-06-17 03:01:06,042] LMCache INFO:[0m Stored 256 tokens in 0.000 seconds [3m(gpu_transfer.py:790:lmcache.v1.multiprocess.modules.gpu_transfer)[0m
[32;20m[2026-06-17 03:01:06,077] LMCache INFO:[0m Stored 256 tokens in 0.001 seconds [3m(gpu_transfer.py:790:lmcache.v1.multiprocess.modules.gpu_transfer)[0m
[32;20m[2026-06-17 03:01:06,113] LMCache INFO:[0m Stored 256 tokens in 0.000 seconds [3m(gpu_transfer.py:790:lmcache.v1.multiprocess.modules.gpu_transfer)[0m
[32;20m[2026-06-17 03:01:06,151] LMCache INFO:[0m Stored 512 tokens in 0.000 seconds [3m(gpu_transfer.py:790:lmcache.v1.multiprocess.modules.gpu_transfer)[0m
[32;20m[2026-06-17 03:01:06,188] LMCache INFO:[0m Stored 256 tokens in 0.000 seconds [3m(gpu_transfer.py:790:lmcache.v1.multiprocess.modules.gpu_transfer)[0m
[32;20m[2026-06-17 03:01:06,251] LMCache INFO:[0m Stored 512 tokens in 0.000 seconds [3m(gpu_transfer.py:790:lmcache.v1.multiprocess.modules.gpu_transfer)[0m
[32;20m[2026-06-17 03:01:06,283] LMCache INFO:[0m Stored 256 tokens in 0.000 seconds [3m(gpu_transfer.py:790:lmcache.v1.multiprocess.modules.gpu_transfer)[0m
[32;20m[2026-06-17 03:01:06,320] LMCache INFO:[0m Stored 256 tokens in 0.000 seconds [3m(gpu_transfer.py:790:lmcache.v1.multiprocess.modules.gpu_transfer)[0m
[32;20m[2026-06-17 03:01:06,356] LMCache INFO:[0m Stored 256 tokens in 0.001 seconds [3m(gpu_transfer.py:790:lmcache.v1.multiprocess.modules.gpu_transfer)[0m
[32;20m[2026-06-17 03:01:06,389] LMCache INFO:[0m Stored 256 tokens in 0.001 seconds [3m(gpu_transfer.py:790:lmcache.v1.multiprocess.modules.gpu_transfer)[0m
[32;20m[2026-06-17 03:01:06,452] LMCache INFO:[0m Stored 512 tokens in 0.001 seconds [3m(gpu_transfer.py:790:lmcache.v1.multiprocess.modules.gpu_transfer)[0m
[32;20m[2026-06-17 03:01:06,496] LMCache INFO:[0m Stored 512 tokens in 0.000 seconds [3m(gpu_transfer.py:790:lmcache.v1.multiprocess.modules.gpu_transfer)[0m
[32;20m[2026-06-17 03:01:06,535] LMCache INFO:[0m Stored 256 tokens in 0.000 seconds [3m(gpu_transfer.py:790:lmcache.v1.multiprocess.modules.gpu_transfer)[0m
[32;20m[2026-06-17 03:01:06,576] LMCache INFO:[0m Stored 512 tokens in 0.001 seconds [3m(gpu_transfer.py:790:lmcache.v1.multiprocess.modules.gpu_transfer)[0m
[32;20m[2026-06-17 03:01:06,615] LMCache INFO:[0m Stored 256 tokens in 0.001 seconds [3m(gpu_transfer.py:790:lmcache.v1.multiprocess.modules.gpu_transfer)[0m
[32;20m[2026-06-17 03:01:06,650] LMCache INFO:[0m Stored 256 tokens in 0.001 seconds [3m(gpu_transfer.py:790:lmcache.v1.multiprocess.modules.gpu_transfer)[0m
[32;20m[2026-06-17 03:01:06,688] LMCache INFO:[0m Stored 256 tokens in 0.001 seconds [3m(gpu_transfer.py:790:lmcache.v1.multiprocess.modules.gpu_transfer)[0m
[32;20m[2026-06-17 03:01:06,725] LMCache INFO:[0m Stored 256 tokens in 0.001 seconds [3m(gpu_transfer.py:790:lmcache.v1.multiprocess.modules.gpu_transfer)[0m
[32;20m[2026-06-17 03:01:06,757] LMCache INFO:[0m Stored 256 tokens in 0.000 seconds [3m(gpu_transfer.py:790:lmcache.v1.multiprocess.modules.gpu_transfer)[0m
[32;20m[2026-06-17 03:01:06,793] LMCache INFO:[0m Stored 256 tokens in 0.000 seconds [3m(gpu_transfer.py:790:lmcache.v1.multiprocess.modules.gpu_transfer)[0m
[32;20m[2026-06-17 03:01:06,829] LMCache INFO:[0m Stored 256 tokens in 0.000 seconds [3m(gpu_transfer.py:790:lmcache.v1.multiprocess.modules.gpu_transfer)[0m
[32;20m[2026-06-17 03:01:06,866] LMCache INFO:[0m Stored 256 tokens in 0.000 seconds [3m(gpu_transfer.py:790:lmcache.v1.multiprocess.modules.gpu_transfer)[0m
[32;20m[2026-06-17 03:01:06,930] LMCache INFO:[0m Stored 512 tokens in 0.001 seconds [3m(gpu_transfer.py:790:lmcache.v1.multiprocess.modules.gpu_transfer)[0m
[32;20m[2026-06-17 03:01:06,969] LMCache INFO:[0m Stored 256 tokens in 0.001 seconds [3m(gpu_transfer.py:790:lmcache.v1.multiprocess.modules.gpu_transfer)[0m
[32;20m[2026-06-17 03:01:07,001] LMCache INFO:[0m Stored 256 tokens in 0.001 seconds [3m(gpu_transfer.py:790:lmcache.v1.multiprocess.modules.gpu_transfer)[0m
[32;20m[2026-06-17 03:01:07,038] LMCache INFO:[0m Stored 256 tokens in 0.001 seconds [3m(gpu_transfer.py:790:lmcache.v1.multiprocess.modules.gpu_transfer)[0m
[32;20m[2026-06-17 03:01:07,074] LMCache INFO:[0m Stored 256 tokens in 0.001 seconds [3m(gpu_transfer.py:790:lmcache.v1.multiprocess.modules.gpu_transfer)[0m
[32;20m[2026-06-17 03:01:07,111] LMCache INFO:[0m Stored 256 tokens in 0.001 seconds [3m(gpu_transfer.py:790:lmcache.v1.multiprocess.modules.gpu_transfer)[0m
[32;20m[2026-06-17 03:01:07,151] LMCache INFO:[0m Stored 512 tokens in 0.001 seconds [3m(gpu_transfer.py:790:lmcache.v1.multiprocess.modules.gpu_transfer)[0m
[32;20m[2026-06-17 03:01:07,191] LMCache INFO:[0m Stored 256 tokens in 0.001 seconds [3m(gpu_transfer.py:790:lmcache.v1.multiprocess.modules.gpu_transfer)[0m
[32;20m[2026-06-17 03:01:07,227] LMCache INFO:[0m Stored 256 tokens in 0.001 seconds [3m(gpu_transfer.py:790:lmcache.v1.multiprocess.modules.gpu_transfer)[0m
[32;20m[2026-06-17 03:01:07,264] LMCache INFO:[0m Stored 256 tokens in 0.001 seconds [3m(gpu_transfer.py:790:lmcache.v1.multiprocess.modules.gpu_transfer)[0m
[32;20m[2026-06-17 03:01:07,298] LMCache INFO:[0m Stored 256 tokens in 0.001 seconds [3m(gpu_transfer.py:790:lmcache.v1.multiprocess.modules.gpu_transfer)[0m
[32;20m[2026-06-17 03:01:07,337] LMCache INFO:[0m Stored 256 tokens in 0.001 seconds [3m(gpu_transfer.py:790:lmcache.v1.multiprocess.modules.gpu_transfer)[0m
[32;20m[2026-06-17 03:01:07,376] LMCache INFO:[0m Stored 256 tokens in 0.001 seconds [3m(gpu_transfer.py:790:lmcache.v1.multiprocess.modules.gpu_transfer)[0m
[32;20m[2026-06-17 03:01:07,407] LMCache INFO:[0m Stored 256 tokens in 0.001 seconds [3m(gpu_transfer.py:790:lmcache.v1.multiprocess.modules.gpu_transfer)[0m
[32;20m[2026-06-17 03:01:07,445] LMCache INFO:[0m Stored 256 tokens in 0.001 seconds [3m(gpu_transfer.py:790:lmcache.v1.multiprocess.modules.gpu_transfer)[0m
[32;20m[2026-06-17 03:01:07,486] LMCache INFO:[0m Stored 512 tokens in 0.001 seconds [3m(gpu_transfer.py:790:lmcache.v1.multiprocess.modules.gpu_transfer)[0m
[32;20m[2026-06-17 03:01:07,529] LMCache INFO:[0m Stored 256 tokens in 0.001 seconds [3m(gpu_transfer.py:790:lmcache.v1.multiprocess.modules.gpu_transfer)[0m
[32;20m[2026-06-17 03:01:07,567] LMCache INFO:[0m Stored 256 tokens in 0.001 seconds [3m(gpu_transfer.py:790:lmcache.v1.multiprocess.modules.gpu_transfer)[0m
[32;20m[2026-06-17 03:01:07,604] LMCache INFO:[0m Stored 256 tokens in 0.001 seconds [3m(gpu_transfer.py:790:lmcache.v1.multiprocess.modules.gpu_transfer)[0m
[32;20m[2026-06-17 03:01:07,641] LMCache INFO:[0m Stored 256 tokens in 0.001 seconds [3m(gpu_transfer.py:790:lmcache.v1.multiprocess.modules.gpu_transfer)[0m
[32;20m[2026-06-17 03:01:07,679] LMCache INFO:[0m Stored 256 tokens in 0.001 seconds [3m(gpu_transfer.py:790:lmcache.v1.multiprocess.modules.gpu_transfer)[0m
[32;20m[2026-06-17 03:01:07,716] LMCache INFO:[0m Stored 256 tokens in 0.001 seconds [3m(gpu_transfer.py:790:lmcache.v1.multiprocess.modules.gpu_transfer)[0m
[32;20m[2026-06-17 03:01:07,753] LMCache INFO:[0m Stored 256 tokens in 0.001 seconds [3m(gpu_transfer.py:790:lmcache.v1.multiprocess.modules.gpu_transfer)[0m
[32;20m[2026-06-17 03:01:07,790] LMCache INFO:[0m Stored 256 tokens in 0.001 seconds [3m(gpu_transfer.py:790:lmcache.v1.multiprocess.modules.gpu_transfer)[0m
[32;20m[2026-06-17 03:01:07,827] LMCache INFO:[0m Stored 256 tokens in 0.001 seconds [3m(gpu_transfer.py:790:lmcache.v1.multiprocess.modules.gpu_transfer)[0m
[32;20m[2026-06-17 03:01:07,863] LMCache INFO:[0m Stored 256 tokens in 0.001 seconds [3m(gpu_transfer.py:790:lmcache.v1.multiprocess.modules.gpu_transfer)[0m
[32;20m[2026-06-17 03:01:07,900] LMCache INFO:[0m Stored 256 tokens in 0.001 seconds [3m(gpu_transfer.py:790:lmcache.v1.multiprocess.modules.gpu_transfer)[0m
[32;20m[2026-06-17 03:01:07,941] LMCache INFO:[0m Stored 512 tokens in 0.001 seconds [3m(gpu_transfer.py:790:lmcache.v1.multiprocess.modules.gpu_transfer)[0m
[32;20m[2026-06-17 03:01:08,029] LMCache INFO:[0m Stored 256 tokens in 0.001 seconds [3m(gpu_transfer.py:790:lmcache.v1.multiprocess.modules.gpu_transfer)[0m
[32;20m[2026-06-17 03:01:08,065] LMCache INFO:[0m Stored 256 tokens in 0.001 seconds [3m(gpu_transfer.py:790:lmcache.v1.multiprocess.modules.gpu_transfer)[0m
[32;20m[2026-06-17 03:01:08,103] LMCache INFO:[0m Stored 256 tokens in 0.001 seconds [3m(gpu_transfer.py:790:lmcache.v1.multiprocess.modules.gpu_transfer)[0m
[32;20m[2026-06-17 03:01:08,166] LMCache INFO:[0m Stored 256 tokens in 0.001 seconds [3m(gpu_transfer.py:790:lmcache.v1.multiprocess.modules.gpu_transfer)[0m
[32;20m[2026-06-17 03:01:08,198] LMCache INFO:[0m Stored 256 tokens in 0.001 seconds [3m(gpu_transfer.py:790:lmcache.v1.multiprocess.modules.gpu_transfer)[0m
[32;20m[2026-06-17 03:01:08,229] LMCache INFO:[0m Stored 256 tokens in 0.001 seconds [3m(gpu_transfer.py:790:lmcache.v1.multiprocess.modules.gpu_transfer)[0m
[32;20m[2026-06-17 03:01:08,266] LMCache INFO:[0m Stored 256 tokens in 0.001 seconds [3m(gpu_transfer.py:790:lmcache.v1.multiprocess.modules.gpu_transfer)[0m
[32;20m[2026-06-17 03:01:08,298] LMCache INFO:[0m Stored 256 tokens in 0.001 seconds [3m(gpu_transfer.py:790:lmcache.v1.multiprocess.modules.gpu_transfer)[0m
[32;20m[2026-06-17 03:01:08,337] LMCache INFO:[0m Stored 512 tokens in 0.001 seconds [3m(gpu_transfer.py:790:lmcache.v1.multiprocess.modules.gpu_transfer)[0m
[32;20m[2026-06-17 03:01:08,375] LMCache INFO:[0m Stored 256 tokens in 0.001 seconds [3m(gpu_transfer.py:790:lmcache.v1.multiprocess.modules.gpu_transfer)[0m
[32;20m[2026-06-17 03:01:08,436] LMCache INFO:[0m Stored 256 tokens in 0.001 seconds [3m(gpu_transfer.py:790:lmcache.v1.multiprocess.modules.gpu_transfer)[0m
[32;20m[2026-06-17 03:01:08,474] LMCache INFO:[0m Stored 256 tokens in 0.001 seconds [3m(gpu_transfer.py:790:lmcache.v1.multiprocess.modules.gpu_transfer)[0m
[32;20m[2026-06-17 03:01:08,512] LMCache INFO:[0m Stored 256 tokens in 0.001 seconds [3m(gpu_transfer.py:790:lmcache.v1.multiprocess.modules.gpu_transfer)[0m
[32;20m[2026-06-17 03:01:08,549] LMCache INFO:[0m Stored 256 tokens in 0.001 seconds [3m(gpu_transfer.py:790:lmcache.v1.multiprocess.modules.gpu_transfer)[0m
[32;20m[2026-06-17 03:01:08,587] LMCache INFO:[0m Stored 256 tokens in 0.001 seconds [3m(gpu_transfer.py:790:lmcache.v1.multiprocess.modules.gpu_transfer)[0m
[32;20m[2026-06-17 03:01:08,627] LMCache INFO:[0m Stored 512 tokens in 0.001 seconds [3m(gpu_transfer.py:790:lmcache.v1.multiprocess.modules.gpu_transfer)[0m
[32;20m[2026-06-17 03:01:08,667] LMCache INFO:[0m Stored 256 tokens in 0.001 seconds [3m(gpu_transfer.py:790:lmcache.v1.multiprocess.modules.gpu_transfer)[0m
[32;20m[2026-06-17 03:01:08,703] LMCache INFO:[0m Stored 256 tokens in 0.000 seconds [3m(gpu_transfer.py:790:lmcache.v1.multiprocess.modules.gpu_transfer)[0m
[32;20m[2026-06-17 03:01:08,742] LMCache INFO:[0m Stored 256 tokens in 0.001 seconds [3m(gpu_transfer.py:790:lmcache.v1.multiprocess.modules.gpu_transfer)[0m
[32;20m[2026-06-17 03:01:08,781] LMCache INFO:[0m Stored 256 tokens in 0.000 seconds [3m(gpu_transfer.py:790:lmcache.v1.multiprocess.modules.gpu_transfer)[0m
[32;20m[2026-06-17 03:01:08,813] LMCache INFO:[0m Stored 256 tokens in 0.000 seconds [3m(gpu_transfer.py:790:lmcache.v1.multiprocess.modules.gpu_transfer)[0m
[32;20m[2026-06-17 03:01:08,856] LMCache INFO:[0m Stored 256 tokens in 0.000 seconds [3m(gpu_transfer.py:790:lmcache.v1.multiprocess.modules.gpu_transfer)[0m
[32;20m[2026-06-17 03:01:08,891] LMCache INFO:[0m Stored 256 tokens in 0.000 seconds [3m(gpu_transfer.py:790:lmcache.v1.multiprocess.modules.gpu_transfer)[0m
[32;20m[2026-06-17 03:01:08,931] LMCache INFO:[0m Stored 512 tokens in 0.000 seconds [3m(gpu_transfer.py:790:lmcache.v1.multiprocess.modules.gpu_transfer)[0m
[32;20m[2026-06-17 03:01:08,964] LMCache INFO:[0m Stored 256 tokens in 0.000 seconds [3m(gpu_transfer.py:790:lmcache.v1.multiprocess.modules.gpu_transfer)[0m
[32;20m[2026-06-17 03:01:09,025] LMCache INFO:[0m Stored 256 tokens in 0.001 seconds [3m(gpu_transfer.py:790:lmcache.v1.multiprocess.modules.gpu_transfer)[0m
[32;20m[2026-06-17 03:01:09,062] LMCache INFO:[0m Stored 256 tokens in 0.001 seconds [3m(gpu_transfer.py:790:lmcache.v1.multiprocess.modules.gpu_transfer)[0m
[32;20m[2026-06-17 03:01:09,099] LMCache INFO:[0m Stored 256 tokens in 0.001 seconds [3m(gpu_transfer.py:790:lmcache.v1.multiprocess.modules.gpu_transfer)[0m
[32;20m[2026-06-17 03:01:09,138] LMCache INFO:[0m Stored 256 tokens in 0.001 seconds [3m(gpu_transfer.py:790:lmcache.v1.multiprocess.modules.gpu_transfer)[0m
[32;20m[2026-06-17 03:01:09,204] LMCache INFO:[0m Stored 512 tokens in 0.001 seconds [3m(gpu_transfer.py:790:lmcache.v1.multiprocess.modules.gpu_transfer)[0m
[32;20m[2026-06-17 03:01:09,242] LMCache INFO:[0m Stored 256 tokens in 0.001 seconds [3m(gpu_transfer.py:790:lmcache.v1.multiprocess.modules.gpu_transfer)[0m
[32;20m[2026-06-17 03:01:09,273] LMCache INFO:[0m Stored 256 tokens in 0.001 seconds [3m(gpu_transfer.py:790:lmcache.v1.multiprocess.modules.gpu_transfer)[0m
[32;20m[2026-06-17 03:01:09,310] LMCache INFO:[0m Stored 256 tokens in 0.001 seconds [3m(gpu_transfer.py:790:lmcache.v1.multiprocess.modules.gpu_transfer)[0m
[32;20m[2026-06-17 03:01:09,347] LMCache INFO:[0m Stored 256 tokens in 0.001 seconds [3m(gpu_transfer.py:790:lmcache.v1.multiprocess.modules.gpu_transfer)[0m
[32;20m[2026-06-17 03:01:09,384] LMCache INFO:[0m Stored 256 tokens in 0.001 seconds [3m(gpu_transfer.py:790:lmcache.v1.multiprocess.modules.gpu_transfer)[0m
[32;20m[2026-06-17 03:01:09,421] LMCache INFO:[0m Stored 256 tokens in 0.000 seconds [3m(gpu_transfer.py:790:lmcache.v1.multiprocess.modules.gpu_transfer)[0m
[32;20m[2026-06-17 03:01:09,483] LMCache INFO:[0m Stored 256 tokens in 0.000 seconds [3m(gpu_transfer.py:790:lmcache.v1.multiprocess.modules.gpu_transfer)[0m
[32;20m[2026-06-17 03:01:09,522] LMCache INFO:[0m Stored 256 tokens in 0.001 seconds [3m(gpu_transfer.py:790:lmcache.v1.multiprocess.modules.gpu_transfer)[0m
[32;20m[2026-06-17 03:01:09,563] LMCache INFO:[0m Stored 512 tokens in 0.001 seconds [3m(gpu_transfer.py:790:lmcache.v1.multiprocess.modules.gpu_transfer)[0m
[32;20m[2026-06-17 03:01:09,633] LMCache INFO:[0m Stored 512 tokens in 0.001 seconds [3m(gpu_transfer.py:790:lmcache.v1.multiprocess.modules.gpu_transfer)[0m
[32;20m[2026-06-17 03:01:09,671] LMCache INFO:[0m Stored 256 tokens in 0.001 seconds [3m(gpu_transfer.py:790:lmcache.v1.multiprocess.modules.gpu_transfer)[0m
[32;20m[2026-06-17 03:01:09,713] LMCache INFO:[0m Stored 512 tokens in 0.001 seconds [3m(gpu_transfer.py:790:lmcache.v1.multiprocess.modules.gpu_transfer)[0m
[32;20m[2026-06-17 03:01:09,750] LMCache INFO:[0m Stored 256 tokens in 0.001 seconds [3m(gpu_transfer.py:790:lmcache.v1.multiprocess.modules.gpu_transfer)[0m
[32;20m[2026-06-17 03:01:09,787] LMCache INFO:[0m Stored 256 tokens in 0.001 seconds [3m(gpu_transfer.py:790:lmcache.v1.multiprocess.modules.gpu_transfer)[0m
[32;20m[2026-06-17 03:01:09,818] LMCache INFO:[0m Stored 256 tokens in 0.000 seconds [3m(gpu_transfer.py:790:lmcache.v1.multiprocess.modules.gpu_transfer)[0m
[32;20m[2026-06-17 03:01:09,858] LMCache INFO:[0m Stored 512 tokens in 0.001 seconds [3m(gpu_transfer.py:790:lmcache.v1.multiprocess.modules.gpu_transfer)[0m
[32;20m[2026-06-17 03:01:09,899] LMCache INFO:[0m Stored 256 tokens in 0.001 seconds [3m(gpu_transfer.py:790:lmcache.v1.multiprocess.modules.gpu_transfer)[0m
[32;20m[2026-06-17 03:01:09,937] LMCache INFO:[0m Stored 256 tokens in 0.001 seconds [3m(gpu_transfer.py:790:lmcache.v1.multiprocess.modules.gpu_transfer)[0m
[32;20m[2026-06-17 03:01:09,976] LMCache INFO:[0m Stored 256 tokens in 0.001 seconds [3m(gpu_transfer.py:790:lmcache.v1.multiprocess.modules.gpu_transfer)[0m
[32;20m[2026-06-17 03:01:10,008] LMCache INFO:[0m Stored 256 tokens in 0.000 seconds [3m(gpu_transfer.py:790:lmcache.v1.multiprocess.modules.gpu_transfer)[0m
[32;20m[2026-06-17 03:01:10,049] LMCache INFO:[0m Stored 512 tokens in 0.000 seconds [3m(gpu_transfer.py:790:lmcache.v1.multiprocess.modules.gpu_transfer)[0m
[32;20m[2026-06-17 03:01:10,087] LMCache INFO:[0m Stored 256 tokens in 0.000 seconds [3m(gpu_transfer.py:790:lmcache.v1.multiprocess.modules.gpu_transfer)[0m
[32;20m[2026-06-17 03:01:10,125] LMCache INFO:[0m Stored 256 tokens in 0.001 seconds [3m(gpu_transfer.py:790:lmcache.v1.multiprocess.modules.gpu_transfer)[0m
[32;20m[2026-06-17 03:01:10,156] LMCache INFO:[0m Stored 256 tokens in 0.000 seconds [3m(gpu_transfer.py:790:lmcache.v1.multiprocess.modules.gpu_transfer)[0m
INFO:     Shutting down
INFO:     Waiting for application shutdown.
[32;20m[2026-06-17 03:01:10,290] LMCache INFO:[0m Shutting down LMCache HTTP server... [3m(http_server.py:164:lmcache.v1.multiprocess.http_server)[0m
[32;20m[2026-06-17 03:01:10,290] LMCache INFO:[0m LookupHashLoggingSubscriber closed [3m(lookup_hash.py:137:lmcache.v1.mp_observability.subscribers.logging.lookup_hash)[0m
[32;20m[2026-06-17 03:01:11,160] LMCache INFO:[0m LMCache HTTP server stopped [3m(http_server.py:186:lmcache.v1.multiprocess.http_server)[0m
INFO:     Application shutdown complete.
INFO:     Finished server process [69]
