2026-07-05 18:51:47 [1/600] gpt2               raw        seed=42 ag_news      shadow_kv_plus
2026-07-05 18:52:01 [2/600] gpt2               raw        seed=123 ag_news      shadow_kv_plus
2026-07-05 18:52:14 [3/600] gpt2               raw        seed=456 ag_news      shadow_kv_plus
2026-07-05 18:52:27 [4/600] gpt2               raw        seed=789 ag_news      shadow_kv_plus
2026-07-05 18:52:41 [5/600] gpt2               raw        seed=999 ag_news      shadow_kv_plus
2026-07-05 18:52:55 [6/600] gpt2               templated  seed=42 ag_news      shadow_kv_plus
2026-07-05 18:53:08 [7/600] gpt2               templated  seed=123 ag_news      shadow_kv_plus
2026-07-05 18:53:22 [8/600] gpt2               templated  seed=456 ag_news      shadow_kv_plus
2026-07-05 18:53:35 [9/600] gpt2               templated  seed=789 ag_news      shadow_kv_plus
2026-07-05 18:53:49 [10/600] gpt2               templated  seed=999 ag_news      shadow_kv_plus
2026-07-05 18:54:03 [11/600] gpt2               semantic   seed=42 ag_news      shadow_kv_plus
2026-07-05 18:54:16 [12/600] gpt2               semantic   seed=123 ag_news      shadow_kv_plus
2026-07-05 18:54:29 [13/600] gpt2               semantic   seed=456 ag_news      shadow_kv_plus
2026-07-05 18:54:43 [14/600] gpt2               semantic   seed=789 ag_news      shadow_kv_plus
2026-07-05 18:54:57 [15/600] gpt2               semantic   seed=999 ag_news      shadow_kv_plus
2026-07-05 18:55:11 [16/600] gpt2               raw        seed=42 alpaca_eval  shadow_kv_plus
2026-07-05 18:55:24 [17/600] gpt2               raw        seed=123 alpaca_eval  shadow_kv_plus
2026-07-05 18:55:37 [18/600] gpt2               raw        seed=456 alpaca_eval  shadow_kv_plus
2026-07-05 18:55:50 [19/600] gpt2               raw        seed=789 alpaca_eval  shadow_kv_plus
2026-07-05 18:56:04 [20/600] gpt2               raw        seed=999 alpaca_eval  shadow_kv_plus
2026-07-05 18:56:18 [21/600] gpt2               templated  seed=42 alpaca_eval  shadow_kv_plus
2026-07-05 18:56:30 [22/600] gpt2               templated  seed=123 alpaca_eval  shadow_kv_plus
2026-07-05 18:56:43 [23/600] gpt2               templated  seed=456 alpaca_eval  shadow_kv_plus
2026-07-05 18:56:57 [24/600] gpt2               templated  seed=789 alpaca_eval  shadow_kv_plus
2026-07-05 18:57:10 [25/600] gpt2               templated  seed=999 alpaca_eval  shadow_kv_plus
2026-07-05 18:57:25 [26/600] gpt2               semantic   seed=42 alpaca_eval  shadow_kv_plus
2026-07-05 18:57:38 [27/600] gpt2               semantic   seed=123 alpaca_eval  shadow_kv_plus
2026-07-05 18:57:50 [28/600] gpt2               semantic   seed=456 alpaca_eval  shadow_kv_plus
2026-07-05 18:58:04 [29/600] gpt2               semantic   seed=789 alpaca_eval  shadow_kv_plus
2026-07-05 18:58:17 [30/600] gpt2               semantic   seed=999 alpaca_eval  shadow_kv_plus
2026-07-05 18:58:31 [31/600] gpt2               raw        seed=42 banking77    shadow_kv_plus
2026-07-05 18:58:44 [32/600] gpt2               raw        seed=123 banking77    shadow_kv_plus
2026-07-05 18:58:56 [33/600] gpt2               raw        seed=456 banking77    shadow_kv_plus
2026-07-05 18:59:10 [34/600] gpt2               raw        seed=789 banking77    shadow_kv_plus
2026-07-05 18:59:23 [35/600] gpt2               raw        seed=999 banking77    shadow_kv_plus
2026-07-05 18:59:37 [36/600] gpt2               templated  seed=42 banking77    shadow_kv_plus
2026-07-05 18:59:50 [37/600] gpt2               templated  seed=123 banking77    shadow_kv_plus
2026-07-05 19:00:04 [38/600] gpt2               templated  seed=456 banking77    shadow_kv_plus
2026-07-05 19:00:17 [39/600] gpt2               templated  seed=789 banking77    shadow_kv_plus
2026-07-05 19:00:31 [40/600] gpt2               templated  seed=999 banking77    shadow_kv_plus
2026-07-05 19:00:45 [41/600] gpt2               semantic   seed=42 banking77    shadow_kv_plus
2026-07-05 19:00:58 [42/600] gpt2               semantic   seed=123 banking77    shadow_kv_plus
2026-07-05 19:01:11 [43/600] gpt2               semantic   seed=456 banking77    shadow_kv_plus
2026-07-05 19:01:24 [44/600] gpt2               semantic   seed=789 banking77    shadow_kv_plus
2026-07-05 19:01:38 [45/600] gpt2               semantic   seed=999 banking77    shadow_kv_plus
2026-07-05 19:01:52 [46/600] gpt2               raw        seed=42 cnn_dailymail shadow_kv_plus
2026-07-05 19:02:05 [47/600] gpt2               raw        seed=123 cnn_dailymail shadow_kv_plus
2026-07-05 19:02:18 [48/600] gpt2               raw        seed=456 cnn_dailymail shadow_kv_plus
2026-07-05 19:02:32 [49/600] gpt2               raw        seed=789 cnn_dailymail shadow_kv_plus
2026-07-05 19:02:46 [50/600] gpt2               raw        seed=999 cnn_dailymail shadow_kv_plus
2026-07-05 19:03:00 [51/600] gpt2               templated  seed=42 cnn_dailymail shadow_kv_plus
2026-07-05 19:03:13 [52/600] gpt2               templated  seed=123 cnn_dailymail shadow_kv_plus
2026-07-05 19:03:26 [53/600] gpt2               templated  seed=456 cnn_dailymail shadow_kv_plus
2026-07-05 19:03:40 [54/600] gpt2               templated  seed=789 cnn_dailymail shadow_kv_plus
2026-07-05 19:03:54 [55/600] gpt2               templated  seed=999 cnn_dailymail shadow_kv_plus
2026-07-05 19:04:09 [56/600] gpt2               semantic   seed=42 cnn_dailymail shadow_kv_plus
2026-07-05 19:04:22 [57/600] gpt2               semantic   seed=123 cnn_dailymail shadow_kv_plus
2026-07-05 19:04:35 [58/600] gpt2               semantic   seed=456 cnn_dailymail shadow_kv_plus
2026-07-05 19:04:49 [59/600] gpt2               semantic   seed=789 cnn_dailymail shadow_kv_plus
2026-07-05 19:05:02 [60/600] gpt2               semantic   seed=999 cnn_dailymail shadow_kv_plus
2026-07-05 19:05:16 [61/600] gpt2               raw        seed=42 daily_dialog shadow_kv_plus
2026-07-05 19:05:29 [62/600] gpt2               raw        seed=123 daily_dialog shadow_kv_plus
2026-07-05 19:05:42 [63/600] gpt2               raw        seed=456 daily_dialog shadow_kv_plus
2026-07-05 19:05:56 [64/600] gpt2               raw        seed=789 daily_dialog shadow_kv_plus
2026-07-05 19:06:10 [65/600] gpt2               raw        seed=999 daily_dialog shadow_kv_plus
2026-07-05 19:06:24 [66/600] gpt2               templated  seed=42 daily_dialog shadow_kv_plus
2026-07-05 19:06:37 [67/600] gpt2               templated  seed=123 daily_dialog shadow_kv_plus
2026-07-05 19:06:50 [68/600] gpt2               templated  seed=456 daily_dialog shadow_kv_plus
2026-07-05 19:07:04 [69/600] gpt2               templated  seed=789 daily_dialog shadow_kv_plus
2026-07-05 19:07:17 [70/600] gpt2               templated  seed=999 daily_dialog shadow_kv_plus
2026-07-05 19:07:31 [71/600] gpt2               semantic   seed=42 daily_dialog shadow_kv_plus
2026-07-05 19:07:44 [72/600] gpt2               semantic   seed=123 daily_dialog shadow_kv_plus
2026-07-05 19:07:57 [73/600] gpt2               semantic   seed=456 daily_dialog shadow_kv_plus
2026-07-05 19:08:11 [74/600] gpt2               semantic   seed=789 daily_dialog shadow_kv_plus
2026-07-05 19:08:25 [75/600] gpt2               semantic   seed=999 daily_dialog shadow_kv_plus
2026-07-05 19:08:39 [76/600] gpt2               raw        seed=42 dolly        shadow_kv_plus
2026-07-05 19:08:52 [77/600] gpt2               raw        seed=123 dolly        shadow_kv_plus
2026-07-05 19:09:04 [78/600] gpt2               raw        seed=456 dolly        shadow_kv_plus
2026-07-05 19:09:18 [79/600] gpt2               raw        seed=789 dolly        shadow_kv_plus
2026-07-05 19:09:31 [80/600] gpt2               raw        seed=999 dolly        shadow_kv_plus
2026-07-05 19:09:44 [81/600] gpt2               templated  seed=42 dolly        shadow_kv_plus
2026-07-05 19:09:57 [82/600] gpt2               templated  seed=123 dolly        shadow_kv_plus
2026-07-05 19:10:10 [83/600] gpt2               templated  seed=456 dolly        shadow_kv_plus
2026-07-05 19:10:24 [84/600] gpt2               templated  seed=789 dolly        shadow_kv_plus
2026-07-05 19:10:37 [85/600] gpt2               templated  seed=999 dolly        shadow_kv_plus
2026-07-05 19:10:51 [86/600] gpt2               semantic   seed=42 dolly        shadow_kv_plus
2026-07-05 19:11:04 [87/600] gpt2               semantic   seed=123 dolly        shadow_kv_plus
2026-07-05 19:11:17 [88/600] gpt2               semantic   seed=456 dolly        shadow_kv_plus
2026-07-05 19:11:31 [89/600] gpt2               semantic   seed=789 dolly        shadow_kv_plus
2026-07-05 19:11:44 [90/600] gpt2               semantic   seed=999 dolly        shadow_kv_plus
2026-07-05 19:11:58 [91/600] gpt2               raw        seed=42 oasst1       shadow_kv_plus
2026-07-05 19:12:12 [92/600] gpt2               raw        seed=123 oasst1       shadow_kv_plus
2026-07-05 19:12:25 [93/600] gpt2               raw        seed=456 oasst1       shadow_kv_plus
2026-07-05 19:12:39 [94/600] gpt2               raw        seed=789 oasst1       shadow_kv_plus
2026-07-05 19:12:52 [95/600] gpt2               raw        seed=999 oasst1       shadow_kv_plus
2026-07-05 19:13:06 [96/600] gpt2               templated  seed=42 oasst1       shadow_kv_plus
2026-07-05 19:13:19 [97/600] gpt2               templated  seed=123 oasst1       shadow_kv_plus
2026-07-05 19:13:33 [98/600] gpt2               templated  seed=456 oasst1       shadow_kv_plus
2026-07-05 19:13:47 [99/600] gpt2               templated  seed=789 oasst1       shadow_kv_plus
2026-07-05 19:14:00 [100/600] gpt2               templated  seed=999 oasst1       shadow_kv_plus
2026-07-05 19:14:14 [101/600] gpt2               semantic   seed=42 oasst1       shadow_kv_plus
2026-07-05 19:14:27 [102/600] gpt2               semantic   seed=123 oasst1       shadow_kv_plus
2026-07-05 19:14:41 [103/600] gpt2               semantic   seed=456 oasst1       shadow_kv_plus
2026-07-05 19:14:54 [104/600] gpt2               semantic   seed=789 oasst1       shadow_kv_plus
2026-07-05 19:15:08 [105/600] gpt2               semantic   seed=999 oasst1       shadow_kv_plus
2026-07-05 19:15:22 [106/600] gpt2               raw        seed=42 samsum       shadow_kv_plus
2026-07-05 19:15:35 [107/600] gpt2               raw        seed=123 samsum       shadow_kv_plus
2026-07-05 19:15:48 [108/600] gpt2               raw        seed=456 samsum       shadow_kv_plus
2026-07-05 19:16:02 [109/600] gpt2               raw        seed=789 samsum       shadow_kv_plus
2026-07-05 19:16:15 [110/600] gpt2               raw        seed=999 samsum       shadow_kv_plus
2026-07-05 19:16:30 [111/600] gpt2               templated  seed=42 samsum       shadow_kv_plus
2026-07-05 19:16:43 [112/600] gpt2               templated  seed=123 samsum       shadow_kv_plus
2026-07-05 19:16:56 [113/600] gpt2               templated  seed=456 samsum       shadow_kv_plus
2026-07-05 19:17:10 [114/600] gpt2               templated  seed=789 samsum       shadow_kv_plus
2026-07-05 19:17:23 [115/600] gpt2               templated  seed=999 samsum       shadow_kv_plus
2026-07-05 19:17:38 [116/600] gpt2               semantic   seed=42 samsum       shadow_kv_plus
2026-07-05 19:17:51 [117/600] gpt2               semantic   seed=123 samsum       shadow_kv_plus
2026-07-05 19:18:04 [118/600] gpt2               semantic   seed=456 samsum       shadow_kv_plus
2026-07-05 19:18:17 [119/600] gpt2               semantic   seed=789 samsum       shadow_kv_plus
2026-07-05 19:18:31 [120/600] gpt2               semantic   seed=999 samsum       shadow_kv_plus
2026-07-05 19:18:45 [121/600] gpt2               raw        seed=42 ultrachat    shadow_kv_plus
2026-07-05 19:18:58 [122/600] gpt2               raw        seed=123 ultrachat    shadow_kv_plus
2026-07-05 19:19:11 [123/600] gpt2               raw        seed=456 ultrachat    shadow_kv_plus
2026-07-05 19:19:24 [124/600] gpt2               raw        seed=789 ultrachat    shadow_kv_plus
2026-07-05 19:19:38 [125/600] gpt2               raw        seed=999 ultrachat    shadow_kv_plus
2026-07-05 19:19:53 [126/600] gpt2               templated  seed=42 ultrachat    shadow_kv_plus
2026-07-05 19:20:06 [127/600] gpt2               templated  seed=123 ultrachat    shadow_kv_plus
2026-07-05 19:20:19 [128/600] gpt2               templated  seed=456 ultrachat    shadow_kv_plus
2026-07-05 19:20:32 [129/600] gpt2               templated  seed=789 ultrachat    shadow_kv_plus
2026-07-05 19:20:46 [130/600] gpt2               templated  seed=999 ultrachat    shadow_kv_plus
2026-07-05 19:21:00 [131/600] gpt2               semantic   seed=42 ultrachat    shadow_kv_plus
2026-07-05 19:21:13 [132/600] gpt2               semantic   seed=123 ultrachat    shadow_kv_plus
2026-07-05 19:21:27 [133/600] gpt2               semantic   seed=456 ultrachat    shadow_kv_plus
2026-07-05 19:21:40 [134/600] gpt2               semantic   seed=789 ultrachat    shadow_kv_plus
2026-07-05 19:21:54 [135/600] gpt2               semantic   seed=999 ultrachat    shadow_kv_plus
2026-07-05 19:22:08 [136/600] gpt2               raw        seed=42 xsum         shadow_kv_plus
2026-07-05 19:22:21 [137/600] gpt2               raw        seed=123 xsum         shadow_kv_plus
2026-07-05 19:22:34 [138/600] gpt2               raw        seed=456 xsum         shadow_kv_plus
2026-07-05 19:22:48 [139/600] gpt2               raw        seed=789 xsum         shadow_kv_plus
2026-07-05 19:23:02 [140/600] gpt2               raw        seed=999 xsum         shadow_kv_plus
2026-07-05 19:23:16 [141/600] gpt2               templated  seed=42 xsum         shadow_kv_plus
2026-07-05 19:23:29 [142/600] gpt2               templated  seed=123 xsum         shadow_kv_plus
2026-07-05 19:23:42 [143/600] gpt2               templated  seed=456 xsum         shadow_kv_plus
2026-07-05 19:23:56 [144/600] gpt2               templated  seed=789 xsum         shadow_kv_plus
2026-07-05 19:24:10 [145/600] gpt2               templated  seed=999 xsum         shadow_kv_plus
2026-07-05 19:24:24 [146/600] gpt2               semantic   seed=42 xsum         shadow_kv_plus
2026-07-05 19:24:38 [147/600] gpt2               semantic   seed=123 xsum         shadow_kv_plus
2026-07-05 19:24:51 [148/600] gpt2               semantic   seed=456 xsum         shadow_kv_plus
2026-07-05 19:25:04 [149/600] gpt2               semantic   seed=789 xsum         shadow_kv_plus
2026-07-05 19:25:18 [150/600] gpt2               semantic   seed=999 xsum         shadow_kv_plus
2026-07-05 19:25:32 [151/600] TinyLlama-1_1B-Cha raw        seed=42 ag_news      shadow_kv_plus
2026-07-05 19:25:49 [152/600] TinyLlama-1_1B-Cha raw        seed=123 ag_news      shadow_kv_plus
2026-07-05 19:26:06 [153/600] TinyLlama-1_1B-Cha raw        seed=456 ag_news      shadow_kv_plus
2026-07-05 19:26:23 [154/600] TinyLlama-1_1B-Cha raw        seed=789 ag_news      shadow_kv_plus
2026-07-05 19:26:41 [155/600] TinyLlama-1_1B-Cha raw        seed=999 ag_news      shadow_kv_plus
2026-07-05 19:26:58 [156/600] TinyLlama-1_1B-Cha templated  seed=42 ag_news      shadow_kv_plus
2026-07-05 19:27:15 [157/600] TinyLlama-1_1B-Cha templated  seed=123 ag_news      shadow_kv_plus
2026-07-05 19:27:32 [158/600] TinyLlama-1_1B-Cha templated  seed=456 ag_news      shadow_kv_plus
2026-07-05 19:27:50 [159/600] TinyLlama-1_1B-Cha templated  seed=789 ag_news      shadow_kv_plus
2026-07-05 19:28:07 [160/600] TinyLlama-1_1B-Cha templated  seed=999 ag_news      shadow_kv_plus
2026-07-05 19:28:25 [161/600] TinyLlama-1_1B-Cha semantic   seed=42 ag_news      shadow_kv_plus
2026-07-05 19:28:42 [162/600] TinyLlama-1_1B-Cha semantic   seed=123 ag_news      shadow_kv_plus
2026-07-05 19:28:59 [163/600] TinyLlama-1_1B-Cha semantic   seed=456 ag_news      shadow_kv_plus
2026-07-05 19:29:17 [164/600] TinyLlama-1_1B-Cha semantic   seed=789 ag_news      shadow_kv_plus
2026-07-05 19:29:34 [165/600] TinyLlama-1_1B-Cha semantic   seed=999 ag_news      shadow_kv_plus
2026-07-05 19:29:52 [166/600] TinyLlama-1_1B-Cha raw        seed=42 alpaca_eval  shadow_kv_plus
2026-07-05 19:30:08 [167/600] TinyLlama-1_1B-Cha raw        seed=123 alpaca_eval  shadow_kv_plus
2026-07-05 19:30:24 [168/600] TinyLlama-1_1B-Cha raw        seed=456 alpaca_eval  shadow_kv_plus
2026-07-05 19:30:40 [169/600] TinyLlama-1_1B-Cha raw        seed=789 alpaca_eval  shadow_kv_plus
2026-07-05 19:30:57 [170/600] TinyLlama-1_1B-Cha raw        seed=999 alpaca_eval  shadow_kv_plus
2026-07-05 19:31:14 [171/600] TinyLlama-1_1B-Cha templated  seed=42 alpaca_eval  shadow_kv_plus
2026-07-05 19:31:29 [172/600] TinyLlama-1_1B-Cha templated  seed=123 alpaca_eval  shadow_kv_plus
2026-07-05 19:31:47 [173/600] TinyLlama-1_1B-Cha templated  seed=456 alpaca_eval  shadow_kv_plus
2026-07-05 19:32:05 [174/600] TinyLlama-1_1B-Cha templated  seed=789 alpaca_eval  shadow_kv_plus
2026-07-05 19:32:21 [175/600] TinyLlama-1_1B-Cha templated  seed=999 alpaca_eval  shadow_kv_plus
2026-07-05 19:32:39 [176/600] TinyLlama-1_1B-Cha semantic   seed=42 alpaca_eval  shadow_kv_plus
2026-07-05 19:32:55 [177/600] TinyLlama-1_1B-Cha semantic   seed=123 alpaca_eval  shadow_kv_plus
2026-07-05 19:33:11 [178/600] TinyLlama-1_1B-Cha semantic   seed=456 alpaca_eval  shadow_kv_plus
2026-07-05 19:33:29 [179/600] TinyLlama-1_1B-Cha semantic   seed=789 alpaca_eval  shadow_kv_plus
2026-07-05 19:33:46 [180/600] TinyLlama-1_1B-Cha semantic   seed=999 alpaca_eval  shadow_kv_plus
2026-07-05 19:34:03 [181/600] TinyLlama-1_1B-Cha raw        seed=42 banking77    shadow_kv_plus
2026-07-05 19:34:19 [182/600] TinyLlama-1_1B-Cha raw        seed=123 banking77    shadow_kv_plus
2026-07-05 19:34:34 [183/600] TinyLlama-1_1B-Cha raw        seed=456 banking77    shadow_kv_plus
2026-07-05 19:34:51 [184/600] TinyLlama-1_1B-Cha raw        seed=789 banking77    shadow_kv_plus
2026-07-05 19:35:08 [185/600] TinyLlama-1_1B-Cha raw        seed=999 banking77    shadow_kv_plus
2026-07-05 19:35:25 [186/600] TinyLlama-1_1B-Cha templated  seed=42 banking77    shadow_kv_plus
2026-07-05 19:35:40 [187/600] TinyLlama-1_1B-Cha templated  seed=123 banking77    shadow_kv_plus
2026-07-05 19:35:57 [188/600] TinyLlama-1_1B-Cha templated  seed=456 banking77    shadow_kv_plus
2026-07-05 19:36:15 [189/600] TinyLlama-1_1B-Cha templated  seed=789 banking77    shadow_kv_plus
2026-07-05 19:36:31 [190/600] TinyLlama-1_1B-Cha templated  seed=999 banking77    shadow_kv_plus
2026-07-05 19:36:48 [191/600] TinyLlama-1_1B-Cha semantic   seed=42 banking77    shadow_kv_plus
2026-07-05 19:37:05 [192/600] TinyLlama-1_1B-Cha semantic   seed=123 banking77    shadow_kv_plus
2026-07-05 19:37:20 [193/600] TinyLlama-1_1B-Cha semantic   seed=456 banking77    shadow_kv_plus
2026-07-05 19:37:37 [194/600] TinyLlama-1_1B-Cha semantic   seed=789 banking77    shadow_kv_plus
2026-07-05 19:37:53 [195/600] TinyLlama-1_1B-Cha semantic   seed=999 banking77    shadow_kv_plus
2026-07-05 19:38:11 [196/600] TinyLlama-1_1B-Cha raw        seed=42 cnn_dailymail shadow_kv_plus
2026-07-05 19:38:35 [197/600] TinyLlama-1_1B-Cha raw        seed=123 cnn_dailymail shadow_kv_plus
2026-07-05 19:38:58 [198/600] TinyLlama-1_1B-Cha raw        seed=456 cnn_dailymail shadow_kv_plus
2026-07-05 19:39:22 [199/600] TinyLlama-1_1B-Cha raw        seed=789 cnn_dailymail shadow_kv_plus
2026-07-05 19:39:46 [200/600] TinyLlama-1_1B-Cha raw        seed=999 cnn_dailymail shadow_kv_plus
2026-07-05 19:40:11 [201/600] TinyLlama-1_1B-Cha templated  seed=42 cnn_dailymail shadow_kv_plus
2026-07-05 19:40:35 [202/600] TinyLlama-1_1B-Cha templated  seed=123 cnn_dailymail shadow_kv_plus
2026-07-05 19:40:59 [203/600] TinyLlama-1_1B-Cha templated  seed=456 cnn_dailymail shadow_kv_plus
2026-07-05 19:41:23 [204/600] TinyLlama-1_1B-Cha templated  seed=789 cnn_dailymail shadow_kv_plus
2026-07-05 19:41:48 [205/600] TinyLlama-1_1B-Cha templated  seed=999 cnn_dailymail shadow_kv_plus
2026-07-05 19:42:13 [206/600] TinyLlama-1_1B-Cha semantic   seed=42 cnn_dailymail shadow_kv_plus
2026-07-05 19:42:37 [207/600] TinyLlama-1_1B-Cha semantic   seed=123 cnn_dailymail shadow_kv_plus
2026-07-05 19:43:02 [208/600] TinyLlama-1_1B-Cha semantic   seed=456 cnn_dailymail shadow_kv_plus
2026-07-05 19:43:27 [209/600] TinyLlama-1_1B-Cha semantic   seed=789 cnn_dailymail shadow_kv_plus
2026-07-05 19:43:52 [210/600] TinyLlama-1_1B-Cha semantic   seed=999 cnn_dailymail shadow_kv_plus
2026-07-05 19:44:17 [211/600] TinyLlama-1_1B-Cha raw        seed=42 daily_dialog shadow_kv_plus
2026-07-05 19:44:34 [212/600] TinyLlama-1_1B-Cha raw        seed=123 daily_dialog shadow_kv_plus
2026-07-05 19:44:51 [213/600] TinyLlama-1_1B-Cha raw        seed=456 daily_dialog shadow_kv_plus
2026-07-05 19:45:08 [214/600] TinyLlama-1_1B-Cha raw        seed=789 daily_dialog shadow_kv_plus
2026-07-05 19:45:26 [215/600] TinyLlama-1_1B-Cha raw        seed=999 daily_dialog shadow_kv_plus
2026-07-05 19:45:44 [216/600] TinyLlama-1_1B-Cha templated  seed=42 daily_dialog shadow_kv_plus
2026-07-05 19:46:01 [217/600] TinyLlama-1_1B-Cha templated  seed=123 daily_dialog shadow_kv_plus
2026-07-05 19:46:19 [218/600] TinyLlama-1_1B-Cha templated  seed=456 daily_dialog shadow_kv_plus
2026-07-05 19:46:37 [219/600] TinyLlama-1_1B-Cha templated  seed=789 daily_dialog shadow_kv_plus
2026-07-05 19:46:55 [220/600] TinyLlama-1_1B-Cha templated  seed=999 daily_dialog shadow_kv_plus
2026-07-05 19:47:13 [221/600] TinyLlama-1_1B-Cha semantic   seed=42 daily_dialog shadow_kv_plus
2026-07-05 19:47:31 [222/600] TinyLlama-1_1B-Cha semantic   seed=123 daily_dialog shadow_kv_plus
2026-07-05 19:47:48 [223/600] TinyLlama-1_1B-Cha semantic   seed=456 daily_dialog shadow_kv_plus
2026-07-05 19:48:06 [224/600] TinyLlama-1_1B-Cha semantic   seed=789 daily_dialog shadow_kv_plus
2026-07-05 19:48:24 [225/600] TinyLlama-1_1B-Cha semantic   seed=999 daily_dialog shadow_kv_plus
2026-07-05 19:48:42 [226/600] TinyLlama-1_1B-Cha raw        seed=42 dolly        shadow_kv_plus
2026-07-05 19:48:59 [227/600] TinyLlama-1_1B-Cha raw        seed=123 dolly        shadow_kv_plus
2026-07-05 19:49:16 [228/600] TinyLlama-1_1B-Cha raw        seed=456 dolly        shadow_kv_plus
2026-07-05 19:49:32 [229/600] TinyLlama-1_1B-Cha raw        seed=789 dolly        shadow_kv_plus
2026-07-05 19:49:50 [230/600] TinyLlama-1_1B-Cha raw        seed=999 dolly        shadow_kv_plus
2026-07-05 19:50:08 [231/600] TinyLlama-1_1B-Cha templated  seed=42 dolly        shadow_kv_plus
2026-07-05 19:50:26 [232/600] TinyLlama-1_1B-Cha templated  seed=123 dolly        shadow_kv_plus
2026-07-05 19:50:43 [233/600] TinyLlama-1_1B-Cha templated  seed=456 dolly        shadow_kv_plus
2026-07-05 19:51:01 [234/600] TinyLlama-1_1B-Cha templated  seed=789 dolly        shadow_kv_plus
2026-07-05 19:51:19 [235/600] TinyLlama-1_1B-Cha templated  seed=999 dolly        shadow_kv_plus
2026-07-05 19:51:38 [236/600] TinyLlama-1_1B-Cha semantic   seed=42 dolly        shadow_kv_plus
2026-07-05 19:51:55 [237/600] TinyLlama-1_1B-Cha semantic   seed=123 dolly        shadow_kv_plus
2026-07-05 19:52:14 [238/600] TinyLlama-1_1B-Cha semantic   seed=456 dolly        shadow_kv_plus
2026-07-05 19:52:31 [239/600] TinyLlama-1_1B-Cha semantic   seed=789 dolly        shadow_kv_plus
2026-07-05 19:52:49 [240/600] TinyLlama-1_1B-Cha semantic   seed=999 dolly        shadow_kv_plus
2026-07-05 19:53:07 [241/600] TinyLlama-1_1B-Cha raw        seed=42 oasst1       shadow_kv_plus
2026-07-05 19:53:25 [242/600] TinyLlama-1_1B-Cha raw        seed=123 oasst1       shadow_kv_plus
2026-07-05 19:53:43 [243/600] TinyLlama-1_1B-Cha raw        seed=456 oasst1       shadow_kv_plus
2026-07-05 19:54:02 [244/600] TinyLlama-1_1B-Cha raw        seed=789 oasst1       shadow_kv_plus
2026-07-05 19:54:20 [245/600] TinyLlama-1_1B-Cha raw        seed=999 oasst1       shadow_kv_plus
2026-07-05 19:54:38 [246/600] TinyLlama-1_1B-Cha templated  seed=42 oasst1       shadow_kv_plus
2026-07-05 19:54:56 [247/600] TinyLlama-1_1B-Cha templated  seed=123 oasst1       shadow_kv_plus
2026-07-05 19:55:15 [248/600] TinyLlama-1_1B-Cha templated  seed=456 oasst1       shadow_kv_plus
2026-07-05 19:55:34 [249/600] TinyLlama-1_1B-Cha templated  seed=789 oasst1       shadow_kv_plus
2026-07-05 19:55:52 [250/600] TinyLlama-1_1B-Cha templated  seed=999 oasst1       shadow_kv_plus
2026-07-05 19:56:11 [251/600] TinyLlama-1_1B-Cha semantic   seed=42 oasst1       shadow_kv_plus
2026-07-05 19:56:28 [252/600] TinyLlama-1_1B-Cha semantic   seed=123 oasst1       shadow_kv_plus
2026-07-05 19:56:47 [253/600] TinyLlama-1_1B-Cha semantic   seed=456 oasst1       shadow_kv_plus
2026-07-05 19:57:06 [254/600] TinyLlama-1_1B-Cha semantic   seed=789 oasst1       shadow_kv_plus
2026-07-05 19:57:24 [255/600] TinyLlama-1_1B-Cha semantic   seed=999 oasst1       shadow_kv_plus
2026-07-05 19:57:43 [256/600] TinyLlama-1_1B-Cha raw        seed=42 samsum       shadow_kv_plus
2026-07-05 19:58:02 [257/600] TinyLlama-1_1B-Cha raw        seed=123 samsum       shadow_kv_plus
2026-07-05 19:58:20 [258/600] TinyLlama-1_1B-Cha raw        seed=456 samsum       shadow_kv_plus
2026-07-05 19:58:39 [259/600] TinyLlama-1_1B-Cha raw        seed=789 samsum       shadow_kv_plus
2026-07-05 19:58:58 [260/600] TinyLlama-1_1B-Cha raw        seed=999 samsum       shadow_kv_plus
2026-07-05 19:59:18 [261/600] TinyLlama-1_1B-Cha templated  seed=42 samsum       shadow_kv_plus
2026-07-05 19:59:37 [262/600] TinyLlama-1_1B-Cha templated  seed=123 samsum       shadow_kv_plus
2026-07-05 19:59:56 [263/600] TinyLlama-1_1B-Cha templated  seed=456 samsum       shadow_kv_plus
2026-07-05 20:00:15 [264/600] TinyLlama-1_1B-Cha templated  seed=789 samsum       shadow_kv_plus
2026-07-05 20:00:34 [265/600] TinyLlama-1_1B-Cha templated  seed=999 samsum       shadow_kv_plus
2026-07-05 20:00:54 [266/600] TinyLlama-1_1B-Cha semantic   seed=42 samsum       shadow_kv_plus
2026-07-05 20:01:14 [267/600] TinyLlama-1_1B-Cha semantic   seed=123 samsum       shadow_kv_plus
2026-07-05 20:01:33 [268/600] TinyLlama-1_1B-Cha semantic   seed=456 samsum       shadow_kv_plus
2026-07-05 20:01:52 [269/600] TinyLlama-1_1B-Cha semantic   seed=789 samsum       shadow_kv_plus
2026-07-05 20:02:12 [270/600] TinyLlama-1_1B-Cha semantic   seed=999 samsum       shadow_kv_plus
2026-07-05 20:02:32 [271/600] TinyLlama-1_1B-Cha raw        seed=42 ultrachat    shadow_kv_plus
2026-07-05 20:02:54 [272/600] TinyLlama-1_1B-Cha raw        seed=123 ultrachat    shadow_kv_plus
2026-07-05 20:03:16 [273/600] TinyLlama-1_1B-Cha raw        seed=456 ultrachat    shadow_kv_plus
2026-07-05 20:03:39 [274/600] TinyLlama-1_1B-Cha raw        seed=789 ultrachat    shadow_kv_plus
2026-07-05 20:04:02 [275/600] TinyLlama-1_1B-Cha raw        seed=999 ultrachat    shadow_kv_plus
2026-07-05 20:04:25 [276/600] TinyLlama-1_1B-Cha templated  seed=42 ultrachat    shadow_kv_plus
2026-07-05 20:04:47 [277/600] TinyLlama-1_1B-Cha templated  seed=123 ultrachat    shadow_kv_plus
2026-07-05 20:05:09 [278/600] TinyLlama-1_1B-Cha templated  seed=456 ultrachat    shadow_kv_plus
2026-07-05 20:05:32 [279/600] TinyLlama-1_1B-Cha templated  seed=789 ultrachat    shadow_kv_plus
2026-07-05 20:05:56 [280/600] TinyLlama-1_1B-Cha templated  seed=999 ultrachat    shadow_kv_plus
2026-07-05 20:06:19 [281/600] TinyLlama-1_1B-Cha semantic   seed=42 ultrachat    shadow_kv_plus
2026-07-05 20:06:42 [282/600] TinyLlama-1_1B-Cha semantic   seed=123 ultrachat    shadow_kv_plus
2026-07-05 20:07:04 [283/600] TinyLlama-1_1B-Cha semantic   seed=456 ultrachat    shadow_kv_plus
2026-07-05 20:07:27 [284/600] TinyLlama-1_1B-Cha semantic   seed=789 ultrachat    shadow_kv_plus
2026-07-05 20:07:51 [285/600] TinyLlama-1_1B-Cha semantic   seed=999 ultrachat    shadow_kv_plus
2026-07-05 20:08:14 [286/600] TinyLlama-1_1B-Cha raw        seed=42 xsum         shadow_kv_plus
2026-07-05 20:08:36 [287/600] TinyLlama-1_1B-Cha raw        seed=123 xsum         shadow_kv_plus
2026-07-05 20:08:58 [288/600] TinyLlama-1_1B-Cha raw        seed=456 xsum         shadow_kv_plus
2026-07-05 20:09:20 [289/600] TinyLlama-1_1B-Cha raw        seed=789 xsum         shadow_kv_plus
2026-07-05 20:09:42 [290/600] TinyLlama-1_1B-Cha raw        seed=999 xsum         shadow_kv_plus
2026-07-05 20:10:06 [291/600] TinyLlama-1_1B-Cha templated  seed=42 xsum         shadow_kv_plus
2026-07-05 20:10:28 [292/600] TinyLlama-1_1B-Cha templated  seed=123 xsum         shadow_kv_plus
2026-07-05 20:10:50 [293/600] TinyLlama-1_1B-Cha templated  seed=456 xsum         shadow_kv_plus
2026-07-05 20:11:13 [294/600] TinyLlama-1_1B-Cha templated  seed=789 xsum         shadow_kv_plus
2026-07-05 20:11:36 [295/600] TinyLlama-1_1B-Cha templated  seed=999 xsum         shadow_kv_plus
2026-07-05 20:11:59 [296/600] TinyLlama-1_1B-Cha semantic   seed=42 xsum         shadow_kv_plus
2026-07-05 20:12:22 [297/600] TinyLlama-1_1B-Cha semantic   seed=123 xsum         shadow_kv_plus
2026-07-05 20:12:45 [298/600] TinyLlama-1_1B-Cha semantic   seed=456 xsum         shadow_kv_plus
2026-07-05 20:13:07 [299/600] TinyLlama-1_1B-Cha semantic   seed=789 xsum         shadow_kv_plus
2026-07-05 20:13:31 [300/600] TinyLlama-1_1B-Cha semantic   seed=999 xsum         shadow_kv_plus
2026-07-05 20:13:54 [301/600] Qwen2_5-1_5B-Instr raw        seed=42 ag_news      shadow_kv_plus
2026-07-05 20:14:13 [302/600] Qwen2_5-1_5B-Instr raw        seed=123 ag_news      shadow_kv_plus
2026-07-05 20:14:33 [303/600] Qwen2_5-1_5B-Instr raw        seed=456 ag_news      shadow_kv_plus
2026-07-05 20:14:53 [304/600] Qwen2_5-1_5B-Instr raw        seed=789 ag_news      shadow_kv_plus
2026-07-05 20:15:13 [305/600] Qwen2_5-1_5B-Instr raw        seed=999 ag_news      shadow_kv_plus
2026-07-05 20:15:33 [306/600] Qwen2_5-1_5B-Instr templated  seed=42 ag_news      shadow_kv_plus
2026-07-05 20:15:52 [307/600] Qwen2_5-1_5B-Instr templated  seed=123 ag_news      shadow_kv_plus
2026-07-05 20:16:12 [308/600] Qwen2_5-1_5B-Instr templated  seed=456 ag_news      shadow_kv_plus
2026-07-05 20:16:32 [309/600] Qwen2_5-1_5B-Instr templated  seed=789 ag_news      shadow_kv_plus
2026-07-05 20:16:52 [310/600] Qwen2_5-1_5B-Instr templated  seed=999 ag_news      shadow_kv_plus
2026-07-05 20:17:12 [311/600] Qwen2_5-1_5B-Instr semantic   seed=42 ag_news      shadow_kv_plus
2026-07-05 20:17:32 [312/600] Qwen2_5-1_5B-Instr semantic   seed=123 ag_news      shadow_kv_plus
2026-07-05 20:17:52 [313/600] Qwen2_5-1_5B-Instr semantic   seed=456 ag_news      shadow_kv_plus
2026-07-05 20:18:11 [314/600] Qwen2_5-1_5B-Instr semantic   seed=789 ag_news      shadow_kv_plus
2026-07-05 20:18:31 [315/600] Qwen2_5-1_5B-Instr semantic   seed=999 ag_news      shadow_kv_plus
2026-07-05 20:18:52 [316/600] Qwen2_5-1_5B-Instr raw        seed=42 alpaca_eval  shadow_kv_plus
2026-07-05 20:19:10 [317/600] Qwen2_5-1_5B-Instr raw        seed=123 alpaca_eval  shadow_kv_plus
2026-07-05 20:19:29 [318/600] Qwen2_5-1_5B-Instr raw        seed=456 alpaca_eval  shadow_kv_plus
2026-07-05 20:19:48 [319/600] Qwen2_5-1_5B-Instr raw        seed=789 alpaca_eval  shadow_kv_plus
2026-07-05 20:20:07 [320/600] Qwen2_5-1_5B-Instr raw        seed=999 alpaca_eval  shadow_kv_plus
2026-07-05 20:20:27 [321/600] Qwen2_5-1_5B-Instr templated  seed=42 alpaca_eval  shadow_kv_plus
2026-07-05 20:20:45 [322/600] Qwen2_5-1_5B-Instr templated  seed=123 alpaca_eval  shadow_kv_plus
2026-07-05 20:21:04 [323/600] Qwen2_5-1_5B-Instr templated  seed=456 alpaca_eval  shadow_kv_plus
2026-07-05 20:21:24 [324/600] Qwen2_5-1_5B-Instr templated  seed=789 alpaca_eval  shadow_kv_plus
2026-07-05 20:21:43 [325/600] Qwen2_5-1_5B-Instr templated  seed=999 alpaca_eval  shadow_kv_plus
2026-07-05 20:22:03 [326/600] Qwen2_5-1_5B-Instr semantic   seed=42 alpaca_eval  shadow_kv_plus
2026-07-05 20:22:21 [327/600] Qwen2_5-1_5B-Instr semantic   seed=123 alpaca_eval  shadow_kv_plus
2026-07-05 20:22:42 [328/600] Qwen2_5-1_5B-Instr semantic   seed=456 alpaca_eval  shadow_kv_plus
2026-07-05 20:23:01 [329/600] Qwen2_5-1_5B-Instr semantic   seed=789 alpaca_eval  shadow_kv_plus
2026-07-05 20:23:20 [330/600] Qwen2_5-1_5B-Instr semantic   seed=999 alpaca_eval  shadow_kv_plus
2026-07-05 20:23:40 [331/600] Qwen2_5-1_5B-Instr raw        seed=42 banking77    shadow_kv_plus
2026-07-05 20:23:58 [332/600] Qwen2_5-1_5B-Instr raw        seed=123 banking77    shadow_kv_plus
2026-07-05 20:24:16 [333/600] Qwen2_5-1_5B-Instr raw        seed=456 banking77    shadow_kv_plus
2026-07-05 20:24:35 [334/600] Qwen2_5-1_5B-Instr raw        seed=789 banking77    shadow_kv_plus
2026-07-05 20:24:54 [335/600] Qwen2_5-1_5B-Instr raw        seed=999 banking77    shadow_kv_plus
2026-07-05 20:25:14 [336/600] Qwen2_5-1_5B-Instr templated  seed=42 banking77    shadow_kv_plus
2026-07-05 20:25:33 [337/600] Qwen2_5-1_5B-Instr templated  seed=123 banking77    shadow_kv_plus
2026-07-05 20:25:52 [338/600] Qwen2_5-1_5B-Instr templated  seed=456 banking77    shadow_kv_plus
2026-07-05 20:26:11 [339/600] Qwen2_5-1_5B-Instr templated  seed=789 banking77    shadow_kv_plus
2026-07-05 20:26:31 [340/600] Qwen2_5-1_5B-Instr templated  seed=999 banking77    shadow_kv_plus
2026-07-05 20:26:51 [341/600] Qwen2_5-1_5B-Instr semantic   seed=42 banking77    shadow_kv_plus
2026-07-05 20:27:11 [342/600] Qwen2_5-1_5B-Instr semantic   seed=123 banking77    shadow_kv_plus
2026-07-05 20:27:30 [343/600] Qwen2_5-1_5B-Instr semantic   seed=456 banking77    shadow_kv_plus
2026-07-05 20:27:49 [344/600] Qwen2_5-1_5B-Instr semantic   seed=789 banking77    shadow_kv_plus
2026-07-05 20:28:08 [345/600] Qwen2_5-1_5B-Instr semantic   seed=999 banking77    shadow_kv_plus
2026-07-05 20:28:27 [346/600] Qwen2_5-1_5B-Instr raw        seed=42 cnn_dailymail shadow_kv_plus
2026-07-05 20:28:57 [347/600] Qwen2_5-1_5B-Instr raw        seed=123 cnn_dailymail shadow_kv_plus
2026-07-05 20:29:27 [348/600] Qwen2_5-1_5B-Instr raw        seed=456 cnn_dailymail shadow_kv_plus
2026-07-05 20:29:58 [349/600] Qwen2_5-1_5B-Instr raw        seed=789 cnn_dailymail shadow_kv_plus
2026-07-05 20:30:29 [350/600] Qwen2_5-1_5B-Instr raw        seed=999 cnn_dailymail shadow_kv_plus
2026-07-05 20:31:00 [351/600] Qwen2_5-1_5B-Instr templated  seed=42 cnn_dailymail shadow_kv_plus
2026-07-05 20:31:31 [352/600] Qwen2_5-1_5B-Instr templated  seed=123 cnn_dailymail shadow_kv_plus
2026-07-05 20:32:01 [353/600] Qwen2_5-1_5B-Instr templated  seed=456 cnn_dailymail shadow_kv_plus
2026-07-05 20:32:33 [354/600] Qwen2_5-1_5B-Instr templated  seed=789 cnn_dailymail shadow_kv_plus
2026-07-05 20:33:04 [355/600] Qwen2_5-1_5B-Instr templated  seed=999 cnn_dailymail shadow_kv_plus
2026-07-05 20:33:35 [356/600] Qwen2_5-1_5B-Instr semantic   seed=42 cnn_dailymail shadow_kv_plus
2026-07-05 20:34:07 [357/600] Qwen2_5-1_5B-Instr semantic   seed=123 cnn_dailymail shadow_kv_plus
2026-07-05 20:34:39 [358/600] Qwen2_5-1_5B-Instr semantic   seed=456 cnn_dailymail shadow_kv_plus
2026-07-05 20:35:10 [359/600] Qwen2_5-1_5B-Instr semantic   seed=789 cnn_dailymail shadow_kv_plus
2026-07-05 20:35:42 [360/600] Qwen2_5-1_5B-Instr semantic   seed=999 cnn_dailymail shadow_kv_plus
2026-07-05 20:36:15 [361/600] Qwen2_5-1_5B-Instr raw        seed=42 daily_dialog shadow_kv_plus
2026-07-05 20:36:36 [362/600] Qwen2_5-1_5B-Instr raw        seed=123 daily_dialog shadow_kv_plus
2026-07-05 20:36:55 [363/600] Qwen2_5-1_5B-Instr raw        seed=456 daily_dialog shadow_kv_plus
2026-07-05 20:37:16 [364/600] Qwen2_5-1_5B-Instr raw        seed=789 daily_dialog shadow_kv_plus
2026-07-05 20:37:36 [365/600] Qwen2_5-1_5B-Instr raw        seed=999 daily_dialog shadow_kv_plus
2026-07-05 20:37:57 [366/600] Qwen2_5-1_5B-Instr templated  seed=42 daily_dialog shadow_kv_plus
2026-07-05 20:38:17 [367/600] Qwen2_5-1_5B-Instr templated  seed=123 daily_dialog shadow_kv_plus
2026-07-05 20:38:37 [368/600] Qwen2_5-1_5B-Instr templated  seed=456 daily_dialog shadow_kv_plus
2026-07-05 20:38:58 [369/600] Qwen2_5-1_5B-Instr templated  seed=789 daily_dialog shadow_kv_plus
2026-07-05 20:39:19 [370/600] Qwen2_5-1_5B-Instr templated  seed=999 daily_dialog shadow_kv_plus
2026-07-05 20:39:40 [371/600] Qwen2_5-1_5B-Instr semantic   seed=42 daily_dialog shadow_kv_plus
2026-07-05 20:40:00 [372/600] Qwen2_5-1_5B-Instr semantic   seed=123 daily_dialog shadow_kv_plus
2026-07-05 20:40:20 [373/600] Qwen2_5-1_5B-Instr semantic   seed=456 daily_dialog shadow_kv_plus
2026-07-05 20:40:41 [374/600] Qwen2_5-1_5B-Instr semantic   seed=789 daily_dialog shadow_kv_plus
2026-07-05 20:41:02 [375/600] Qwen2_5-1_5B-Instr semantic   seed=999 daily_dialog shadow_kv_plus
2026-07-05 20:41:23 [376/600] Qwen2_5-1_5B-Instr raw        seed=42 dolly        shadow_kv_plus
2026-07-05 20:41:44 [377/600] Qwen2_5-1_5B-Instr raw        seed=123 dolly        shadow_kv_plus
2026-07-05 20:42:05 [378/600] Qwen2_5-1_5B-Instr raw        seed=456 dolly        shadow_kv_plus
2026-07-05 20:42:25 [379/600] Qwen2_5-1_5B-Instr raw        seed=789 dolly        shadow_kv_plus
2026-07-05 20:42:46 [380/600] Qwen2_5-1_5B-Instr raw        seed=999 dolly        shadow_kv_plus
2026-07-05 20:43:07 [381/600] Qwen2_5-1_5B-Instr templated  seed=42 dolly        shadow_kv_plus
2026-07-05 20:43:28 [382/600] Qwen2_5-1_5B-Instr templated  seed=123 dolly        shadow_kv_plus
2026-07-05 20:43:49 [383/600] Qwen2_5-1_5B-Instr templated  seed=456 dolly        shadow_kv_plus
2026-07-05 20:44:09 [384/600] Qwen2_5-1_5B-Instr templated  seed=789 dolly        shadow_kv_plus
2026-07-05 20:44:30 [385/600] Qwen2_5-1_5B-Instr templated  seed=999 dolly        shadow_kv_plus
2026-07-05 20:44:52 [386/600] Qwen2_5-1_5B-Instr semantic   seed=42 dolly        shadow_kv_plus
2026-07-05 20:45:12 [387/600] Qwen2_5-1_5B-Instr semantic   seed=123 dolly        shadow_kv_plus
2026-07-05 20:45:32 [388/600] Qwen2_5-1_5B-Instr semantic   seed=456 dolly        shadow_kv_plus
2026-07-05 20:45:53 [389/600] Qwen2_5-1_5B-Instr semantic   seed=789 dolly        shadow_kv_plus
2026-07-05 20:46:14 [390/600] Qwen2_5-1_5B-Instr semantic   seed=999 dolly        shadow_kv_plus
2026-07-05 20:46:36 [391/600] Qwen2_5-1_5B-Instr raw        seed=42 oasst1       shadow_kv_plus
2026-07-05 20:46:56 [392/600] Qwen2_5-1_5B-Instr raw        seed=123 oasst1       shadow_kv_plus
2026-07-05 20:47:18 [393/600] Qwen2_5-1_5B-Instr raw        seed=456 oasst1       shadow_kv_plus
2026-07-05 20:47:39 [394/600] Qwen2_5-1_5B-Instr raw        seed=789 oasst1       shadow_kv_plus
2026-07-05 20:47:59 [395/600] Qwen2_5-1_5B-Instr raw        seed=999 oasst1       shadow_kv_plus
2026-07-05 20:48:21 [396/600] Qwen2_5-1_5B-Instr templated  seed=42 oasst1       shadow_kv_plus
2026-07-05 20:48:42 [397/600] Qwen2_5-1_5B-Instr templated  seed=123 oasst1       shadow_kv_plus
2026-07-05 20:49:03 [398/600] Qwen2_5-1_5B-Instr templated  seed=456 oasst1       shadow_kv_plus
2026-07-05 20:49:26 [399/600] Qwen2_5-1_5B-Instr templated  seed=789 oasst1       shadow_kv_plus
2026-07-05 20:49:47 [400/600] Qwen2_5-1_5B-Instr templated  seed=999 oasst1       shadow_kv_plus
2026-07-05 20:50:09 [401/600] Qwen2_5-1_5B-Instr semantic   seed=42 oasst1       shadow_kv_plus
2026-07-05 20:50:29 [402/600] Qwen2_5-1_5B-Instr semantic   seed=123 oasst1       shadow_kv_plus
2026-07-05 20:50:51 [403/600] Qwen2_5-1_5B-Instr semantic   seed=456 oasst1       shadow_kv_plus
2026-07-05 20:51:13 [404/600] Qwen2_5-1_5B-Instr semantic   seed=789 oasst1       shadow_kv_plus
2026-07-05 20:51:34 [405/600] Qwen2_5-1_5B-Instr semantic   seed=999 oasst1       shadow_kv_plus
2026-07-05 20:51:56 [406/600] Qwen2_5-1_5B-Instr raw        seed=42 samsum       shadow_kv_plus
2026-07-05 20:52:18 [407/600] Qwen2_5-1_5B-Instr raw        seed=123 samsum       shadow_kv_plus
2026-07-05 20:52:40 [408/600] Qwen2_5-1_5B-Instr raw        seed=456 samsum       shadow_kv_plus
2026-07-05 20:53:02 [409/600] Qwen2_5-1_5B-Instr raw        seed=789 samsum       shadow_kv_plus
2026-07-05 20:53:25 [410/600] Qwen2_5-1_5B-Instr raw        seed=999 samsum       shadow_kv_plus
2026-07-05 20:53:48 [411/600] Qwen2_5-1_5B-Instr templated  seed=42 samsum       shadow_kv_plus
2026-07-05 20:54:11 [412/600] Qwen2_5-1_5B-Instr templated  seed=123 samsum       shadow_kv_plus
2026-07-05 20:54:33 [413/600] Qwen2_5-1_5B-Instr templated  seed=456 samsum       shadow_kv_plus
2026-07-05 20:54:55 [414/600] Qwen2_5-1_5B-Instr templated  seed=789 samsum       shadow_kv_plus
2026-07-05 20:55:18 [415/600] Qwen2_5-1_5B-Instr templated  seed=999 samsum       shadow_kv_plus
2026-07-05 20:55:41 [416/600] Qwen2_5-1_5B-Instr semantic   seed=42 samsum       shadow_kv_plus
2026-07-05 20:56:04 [417/600] Qwen2_5-1_5B-Instr semantic   seed=123 samsum       shadow_kv_plus
2026-07-05 20:56:27 [418/600] Qwen2_5-1_5B-Instr semantic   seed=456 samsum       shadow_kv_plus
2026-07-05 20:56:49 [419/600] Qwen2_5-1_5B-Instr semantic   seed=789 samsum       shadow_kv_plus
2026-07-05 20:57:12 [420/600] Qwen2_5-1_5B-Instr semantic   seed=999 samsum       shadow_kv_plus
2026-07-05 20:57:36 [421/600] Qwen2_5-1_5B-Instr raw        seed=42 ultrachat    shadow_kv_plus
2026-07-05 20:58:03 [422/600] Qwen2_5-1_5B-Instr raw        seed=123 ultrachat    shadow_kv_plus
2026-07-05 20:58:30 [423/600] Qwen2_5-1_5B-Instr raw        seed=456 ultrachat    shadow_kv_plus
2026-07-05 20:58:58 [424/600] Qwen2_5-1_5B-Instr raw        seed=789 ultrachat    shadow_kv_plus
2026-07-05 20:59:26 [425/600] Qwen2_5-1_5B-Instr raw        seed=999 ultrachat    shadow_kv_plus
2026-07-05 20:59:55 [426/600] Qwen2_5-1_5B-Instr templated  seed=42 ultrachat    shadow_kv_plus
2026-07-05 21:00:23 [427/600] Qwen2_5-1_5B-Instr templated  seed=123 ultrachat    shadow_kv_plus
2026-07-05 21:00:50 [428/600] Qwen2_5-1_5B-Instr templated  seed=456 ultrachat    shadow_kv_plus
2026-07-05 21:01:19 [429/600] Qwen2_5-1_5B-Instr templated  seed=789 ultrachat    shadow_kv_plus
2026-07-05 21:01:48 [430/600] Qwen2_5-1_5B-Instr templated  seed=999 ultrachat    shadow_kv_plus
2026-07-05 21:02:17 [431/600] Qwen2_5-1_5B-Instr semantic   seed=42 ultrachat    shadow_kv_plus
2026-07-05 21:02:45 [432/600] Qwen2_5-1_5B-Instr semantic   seed=123 ultrachat    shadow_kv_plus
2026-07-05 21:03:13 [433/600] Qwen2_5-1_5B-Instr semantic   seed=456 ultrachat    shadow_kv_plus
2026-07-05 21:03:42 [434/600] Qwen2_5-1_5B-Instr semantic   seed=789 ultrachat    shadow_kv_plus
2026-07-05 21:04:12 [435/600] Qwen2_5-1_5B-Instr semantic   seed=999 ultrachat    shadow_kv_plus
2026-07-05 21:04:42 [436/600] Qwen2_5-1_5B-Instr raw        seed=42 xsum         shadow_kv_plus
2026-07-05 21:05:09 [437/600] Qwen2_5-1_5B-Instr raw        seed=123 xsum         shadow_kv_plus
2026-07-05 21:05:37 [438/600] Qwen2_5-1_5B-Instr raw        seed=456 xsum         shadow_kv_plus
2026-07-05 21:06:04 [439/600] Qwen2_5-1_5B-Instr raw        seed=789 xsum         shadow_kv_plus
2026-07-05 21:06:32 [440/600] Qwen2_5-1_5B-Instr raw        seed=999 xsum         shadow_kv_plus
2026-07-05 21:07:01 [441/600] Qwen2_5-1_5B-Instr templated  seed=42 xsum         shadow_kv_plus
2026-07-05 21:07:29 [442/600] Qwen2_5-1_5B-Instr templated  seed=123 xsum         shadow_kv_plus
2026-07-05 21:07:58 [443/600] Qwen2_5-1_5B-Instr templated  seed=456 xsum         shadow_kv_plus
2026-07-05 21:08:27 [444/600] Qwen2_5-1_5B-Instr templated  seed=789 xsum         shadow_kv_plus
2026-07-05 21:08:56 [445/600] Qwen2_5-1_5B-Instr templated  seed=999 xsum         shadow_kv_plus
2026-07-05 21:09:25 [446/600] Qwen2_5-1_5B-Instr semantic   seed=42 xsum         shadow_kv_plus
2026-07-05 21:09:54 [447/600] Qwen2_5-1_5B-Instr semantic   seed=123 xsum         shadow_kv_plus
2026-07-05 21:10:24 [448/600] Qwen2_5-1_5B-Instr semantic   seed=456 xsum         shadow_kv_plus
2026-07-05 21:10:52 [449/600] Qwen2_5-1_5B-Instr semantic   seed=789 xsum         shadow_kv_plus
2026-07-05 21:11:22 [450/600] Qwen2_5-1_5B-Instr semantic   seed=999 xsum         shadow_kv_plus
2026-07-05 21:11:51 [451/600] Phi-3-mini-4k-inst raw        seed=42 ag_news      shadow_kv_plus
2026-07-05 21:12:04 [452/600] Phi-3-mini-4k-inst raw        seed=123 ag_news      shadow_kv_plus
2026-07-05 21:12:16 [453/600] Phi-3-mini-4k-inst raw        seed=456 ag_news      shadow_kv_plus
2026-07-05 21:12:28 [454/600] Phi-3-mini-4k-inst raw        seed=789 ag_news      shadow_kv_plus
2026-07-05 21:12:41 [455/600] Phi-3-mini-4k-inst raw        seed=999 ag_news      shadow_kv_plus
2026-07-05 21:12:53 [456/600] Phi-3-mini-4k-inst templated  seed=42 ag_news      shadow_kv_plus
2026-07-05 21:13:06 [457/600] Phi-3-mini-4k-inst templated  seed=123 ag_news      shadow_kv_plus
2026-07-05 21:13:18 [458/600] Phi-3-mini-4k-inst templated  seed=456 ag_news      shadow_kv_plus
2026-07-05 21:13:31 [459/600] Phi-3-mini-4k-inst templated  seed=789 ag_news      shadow_kv_plus
2026-07-05 21:13:43 [460/600] Phi-3-mini-4k-inst templated  seed=999 ag_news      shadow_kv_plus
2026-07-05 21:13:55 [461/600] Phi-3-mini-4k-inst semantic   seed=42 ag_news      shadow_kv_plus
2026-07-05 21:14:08 [462/600] Phi-3-mini-4k-inst semantic   seed=123 ag_news      shadow_kv_plus
2026-07-05 21:14:20 [463/600] Phi-3-mini-4k-inst semantic   seed=456 ag_news      shadow_kv_plus
2026-07-05 21:14:33 [464/600] Phi-3-mini-4k-inst semantic   seed=789 ag_news      shadow_kv_plus
2026-07-05 21:14:45 [465/600] Phi-3-mini-4k-inst semantic   seed=999 ag_news      shadow_kv_plus
2026-07-05 21:14:58 [466/600] Phi-3-mini-4k-inst raw        seed=42 alpaca_eval  shadow_kv_plus
2026-07-05 21:15:10 [467/600] Phi-3-mini-4k-inst raw        seed=123 alpaca_eval  shadow_kv_plus
2026-07-05 21:15:22 [468/600] Phi-3-mini-4k-inst raw        seed=456 alpaca_eval  shadow_kv_plus
2026-07-05 21:15:35 [469/600] Phi-3-mini-4k-inst raw        seed=789 alpaca_eval  shadow_kv_plus
2026-07-05 21:15:47 [470/600] Phi-3-mini-4k-inst raw        seed=999 alpaca_eval  shadow_kv_plus
2026-07-05 21:16:00 [471/600] Phi-3-mini-4k-inst templated  seed=42 alpaca_eval  shadow_kv_plus
2026-07-05 21:16:12 [472/600] Phi-3-mini-4k-inst templated  seed=123 alpaca_eval  shadow_kv_plus
2026-07-05 21:16:24 [473/600] Phi-3-mini-4k-inst templated  seed=456 alpaca_eval  shadow_kv_plus
2026-07-05 21:16:37 [474/600] Phi-3-mini-4k-inst templated  seed=789 alpaca_eval  shadow_kv_plus
2026-07-05 21:16:49 [475/600] Phi-3-mini-4k-inst templated  seed=999 alpaca_eval  shadow_kv_plus
2026-07-05 21:17:02 [476/600] Phi-3-mini-4k-inst semantic   seed=42 alpaca_eval  shadow_kv_plus
2026-07-05 21:17:14 [477/600] Phi-3-mini-4k-inst semantic   seed=123 alpaca_eval  shadow_kv_plus
2026-07-05 21:17:27 [478/600] Phi-3-mini-4k-inst semantic   seed=456 alpaca_eval  shadow_kv_plus
2026-07-05 21:17:39 [479/600] Phi-3-mini-4k-inst semantic   seed=789 alpaca_eval  shadow_kv_plus
2026-07-05 21:17:51 [480/600] Phi-3-mini-4k-inst semantic   seed=999 alpaca_eval  shadow_kv_plus
2026-07-05 21:18:04 [481/600] Phi-3-mini-4k-inst raw        seed=42 banking77    shadow_kv_plus
2026-07-05 21:18:16 [482/600] Phi-3-mini-4k-inst raw        seed=123 banking77    shadow_kv_plus
2026-07-05 21:18:29 [483/600] Phi-3-mini-4k-inst raw        seed=456 banking77    shadow_kv_plus
2026-07-05 21:18:41 [484/600] Phi-3-mini-4k-inst raw        seed=789 banking77    shadow_kv_plus
2026-07-05 21:18:53 [485/600] Phi-3-mini-4k-inst raw        seed=999 banking77    shadow_kv_plus
2026-07-05 21:19:06 [486/600] Phi-3-mini-4k-inst templated  seed=42 banking77    shadow_kv_plus
2026-07-05 21:19:18 [487/600] Phi-3-mini-4k-inst templated  seed=123 banking77    shadow_kv_plus
2026-07-05 21:19:31 [488/600] Phi-3-mini-4k-inst templated  seed=456 banking77    shadow_kv_plus
2026-07-05 21:19:43 [489/600] Phi-3-mini-4k-inst templated  seed=789 banking77    shadow_kv_plus
2026-07-05 21:19:56 [490/600] Phi-3-mini-4k-inst templated  seed=999 banking77    shadow_kv_plus
2026-07-05 21:20:08 [491/600] Phi-3-mini-4k-inst semantic   seed=42 banking77    shadow_kv_plus
2026-07-05 21:20:20 [492/600] Phi-3-mini-4k-inst semantic   seed=123 banking77    shadow_kv_plus
2026-07-05 21:20:33 [493/600] Phi-3-mini-4k-inst semantic   seed=456 banking77    shadow_kv_plus
2026-07-05 21:20:45 [494/600] Phi-3-mini-4k-inst semantic   seed=789 banking77    shadow_kv_plus
2026-07-05 21:20:58 [495/600] Phi-3-mini-4k-inst semantic   seed=999 banking77    shadow_kv_plus
2026-07-05 21:21:10 [496/600] Phi-3-mini-4k-inst raw        seed=42 cnn_dailymail shadow_kv_plus
2026-07-05 21:21:23 [497/600] Phi-3-mini-4k-inst raw        seed=123 cnn_dailymail shadow_kv_plus
2026-07-05 21:21:36 [498/600] Phi-3-mini-4k-inst raw        seed=456 cnn_dailymail shadow_kv_plus
2026-07-05 21:21:48 [499/600] Phi-3-mini-4k-inst raw        seed=789 cnn_dailymail shadow_kv_plus
2026-07-05 21:22:01 [500/600] Phi-3-mini-4k-inst raw        seed=999 cnn_dailymail shadow_kv_plus
2026-07-05 21:22:13 [501/600] Phi-3-mini-4k-inst templated  seed=42 cnn_dailymail shadow_kv_plus
2026-07-05 21:22:26 [502/600] Phi-3-mini-4k-inst templated  seed=123 cnn_dailymail shadow_kv_plus
2026-07-05 21:22:38 [503/600] Phi-3-mini-4k-inst templated  seed=456 cnn_dailymail shadow_kv_plus
2026-07-05 21:22:50 [504/600] Phi-3-mini-4k-inst templated  seed=789 cnn_dailymail shadow_kv_plus
2026-07-05 21:23:03 [505/600] Phi-3-mini-4k-inst templated  seed=999 cnn_dailymail shadow_kv_plus
2026-07-05 21:23:15 [506/600] Phi-3-mini-4k-inst semantic   seed=42 cnn_dailymail shadow_kv_plus
2026-07-05 21:23:28 [507/600] Phi-3-mini-4k-inst semantic   seed=123 cnn_dailymail shadow_kv_plus
2026-07-05 21:23:40 [508/600] Phi-3-mini-4k-inst semantic   seed=456 cnn_dailymail shadow_kv_plus
2026-07-05 21:23:53 [509/600] Phi-3-mini-4k-inst semantic   seed=789 cnn_dailymail shadow_kv_plus
2026-07-05 21:24:05 [510/600] Phi-3-mini-4k-inst semantic   seed=999 cnn_dailymail shadow_kv_plus
2026-07-05 21:24:17 [511/600] Phi-3-mini-4k-inst raw        seed=42 daily_dialog shadow_kv_plus
2026-07-05 21:24:30 [512/600] Phi-3-mini-4k-inst raw        seed=123 daily_dialog shadow_kv_plus
2026-07-05 21:24:42 [513/600] Phi-3-mini-4k-inst raw        seed=456 daily_dialog shadow_kv_plus
2026-07-05 21:24:55 [514/600] Phi-3-mini-4k-inst raw        seed=789 daily_dialog shadow_kv_plus
2026-07-05 21:25:07 [515/600] Phi-3-mini-4k-inst raw        seed=999 daily_dialog shadow_kv_plus
2026-07-05 21:25:20 [516/600] Phi-3-mini-4k-inst templated  seed=42 daily_dialog shadow_kv_plus
2026-07-05 21:25:32 [517/600] Phi-3-mini-4k-inst templated  seed=123 daily_dialog shadow_kv_plus
2026-07-05 21:25:45 [518/600] Phi-3-mini-4k-inst templated  seed=456 daily_dialog shadow_kv_plus
2026-07-05 21:25:57 [519/600] Phi-3-mini-4k-inst templated  seed=789 daily_dialog shadow_kv_plus
2026-07-05 21:26:10 [520/600] Phi-3-mini-4k-inst templated  seed=999 daily_dialog shadow_kv_plus
2026-07-05 21:26:22 [521/600] Phi-3-mini-4k-inst semantic   seed=42 daily_dialog shadow_kv_plus
2026-07-05 21:26:34 [522/600] Phi-3-mini-4k-inst semantic   seed=123 daily_dialog shadow_kv_plus
2026-07-05 21:26:47 [523/600] Phi-3-mini-4k-inst semantic   seed=456 daily_dialog shadow_kv_plus
2026-07-05 21:26:59 [524/600] Phi-3-mini-4k-inst semantic   seed=789 daily_dialog shadow_kv_plus
2026-07-05 21:27:12 [525/600] Phi-3-mini-4k-inst semantic   seed=999 daily_dialog shadow_kv_plus
2026-07-05 21:27:24 [526/600] Phi-3-mini-4k-inst raw        seed=42 dolly        shadow_kv_plus
2026-07-05 21:27:36 [527/600] Phi-3-mini-4k-inst raw        seed=123 dolly        shadow_kv_plus
2026-07-05 21:27:49 [528/600] Phi-3-mini-4k-inst raw        seed=456 dolly        shadow_kv_plus
2026-07-05 21:28:01 [529/600] Phi-3-mini-4k-inst raw        seed=789 dolly        shadow_kv_plus
2026-07-05 21:28:14 [530/600] Phi-3-mini-4k-inst raw        seed=999 dolly        shadow_kv_plus
2026-07-05 21:28:26 [531/600] Phi-3-mini-4k-inst templated  seed=42 dolly        shadow_kv_plus
2026-07-05 21:28:39 [532/600] Phi-3-mini-4k-inst templated  seed=123 dolly        shadow_kv_plus
2026-07-05 21:28:51 [533/600] Phi-3-mini-4k-inst templated  seed=456 dolly        shadow_kv_plus
2026-07-05 21:29:04 [534/600] Phi-3-mini-4k-inst templated  seed=789 dolly        shadow_kv_plus
2026-07-05 21:29:16 [535/600] Phi-3-mini-4k-inst templated  seed=999 dolly        shadow_kv_plus
2026-07-05 21:29:29 [536/600] Phi-3-mini-4k-inst semantic   seed=42 dolly        shadow_kv_plus
2026-07-05 21:29:41 [537/600] Phi-3-mini-4k-inst semantic   seed=123 dolly        shadow_kv_plus
2026-07-05 21:29:54 [538/600] Phi-3-mini-4k-inst semantic   seed=456 dolly        shadow_kv_plus
2026-07-05 21:30:06 [539/600] Phi-3-mini-4k-inst semantic   seed=789 dolly        shadow_kv_plus
2026-07-05 21:30:19 [540/600] Phi-3-mini-4k-inst semantic   seed=999 dolly        shadow_kv_plus
2026-07-05 21:30:31 [541/600] Phi-3-mini-4k-inst raw        seed=42 oasst1       shadow_kv_plus
2026-07-05 21:30:44 [542/600] Phi-3-mini-4k-inst raw        seed=123 oasst1       shadow_kv_plus
2026-07-05 21:30:56 [543/600] Phi-3-mini-4k-inst raw        seed=456 oasst1       shadow_kv_plus
2026-07-05 21:31:09 [544/600] Phi-3-mini-4k-inst raw        seed=789 oasst1       shadow_kv_plus
2026-07-05 21:31:21 [545/600] Phi-3-mini-4k-inst raw        seed=999 oasst1       shadow_kv_plus
2026-07-05 21:31:34 [546/600] Phi-3-mini-4k-inst templated  seed=42 oasst1       shadow_kv_plus
2026-07-05 21:31:46 [547/600] Phi-3-mini-4k-inst templated  seed=123 oasst1       shadow_kv_plus
2026-07-05 21:31:59 [548/600] Phi-3-mini-4k-inst templated  seed=456 oasst1       shadow_kv_plus
2026-07-05 21:32:11 [549/600] Phi-3-mini-4k-inst templated  seed=789 oasst1       shadow_kv_plus
2026-07-05 21:32:23 [550/600] Phi-3-mini-4k-inst templated  seed=999 oasst1       shadow_kv_plus
2026-07-05 21:32:36 [551/600] Phi-3-mini-4k-inst semantic   seed=42 oasst1       shadow_kv_plus
2026-07-05 21:32:49 [552/600] Phi-3-mini-4k-inst semantic   seed=123 oasst1       shadow_kv_plus
2026-07-05 21:33:01 [553/600] Phi-3-mini-4k-inst semantic   seed=456 oasst1       shadow_kv_plus
2026-07-05 21:33:14 [554/600] Phi-3-mini-4k-inst semantic   seed=789 oasst1       shadow_kv_plus
2026-07-05 21:33:26 [555/600] Phi-3-mini-4k-inst semantic   seed=999 oasst1       shadow_kv_plus
2026-07-05 21:33:39 [556/600] Phi-3-mini-4k-inst raw        seed=42 samsum       shadow_kv_plus
2026-07-05 21:33:51 [557/600] Phi-3-mini-4k-inst raw        seed=123 samsum       shadow_kv_plus
2026-07-05 21:34:04 [558/600] Phi-3-mini-4k-inst raw        seed=456 samsum       shadow_kv_plus
2026-07-05 21:34:16 [559/600] Phi-3-mini-4k-inst raw        seed=789 samsum       shadow_kv_plus
2026-07-05 21:34:29 [560/600] Phi-3-mini-4k-inst raw        seed=999 samsum       shadow_kv_plus
2026-07-05 21:34:41 [561/600] Phi-3-mini-4k-inst templated  seed=42 samsum       shadow_kv_plus
2026-07-05 21:34:54 [562/600] Phi-3-mini-4k-inst templated  seed=123 samsum       shadow_kv_plus
2026-07-05 21:35:06 [563/600] Phi-3-mini-4k-inst templated  seed=456 samsum       shadow_kv_plus
2026-07-05 21:35:18 [564/600] Phi-3-mini-4k-inst templated  seed=789 samsum       shadow_kv_plus
2026-07-05 21:35:31 [565/600] Phi-3-mini-4k-inst templated  seed=999 samsum       shadow_kv_plus
2026-07-05 21:35:43 [566/600] Phi-3-mini-4k-inst semantic   seed=42 samsum       shadow_kv_plus
2026-07-05 21:35:56 [567/600] Phi-3-mini-4k-inst semantic   seed=123 samsum       shadow_kv_plus
2026-07-05 21:36:08 [568/600] Phi-3-mini-4k-inst semantic   seed=456 samsum       shadow_kv_plus
2026-07-05 21:36:21 [569/600] Phi-3-mini-4k-inst semantic   seed=789 samsum       shadow_kv_plus
2026-07-05 21:36:33 [570/600] Phi-3-mini-4k-inst semantic   seed=999 samsum       shadow_kv_plus
2026-07-05 21:36:45 [571/600] Phi-3-mini-4k-inst raw        seed=42 ultrachat    shadow_kv_plus
2026-07-05 21:36:58 [572/600] Phi-3-mini-4k-inst raw        seed=123 ultrachat    shadow_kv_plus
2026-07-05 21:37:10 [573/600] Phi-3-mini-4k-inst raw        seed=456 ultrachat    shadow_kv_plus
2026-07-05 21:37:23 [574/600] Phi-3-mini-4k-inst raw        seed=789 ultrachat    shadow_kv_plus
2026-07-05 21:37:35 [575/600] Phi-3-mini-4k-inst raw        seed=999 ultrachat    shadow_kv_plus
2026-07-05 21:37:47 [576/600] Phi-3-mini-4k-inst templated  seed=42 ultrachat    shadow_kv_plus
2026-07-05 21:38:00 [577/600] Phi-3-mini-4k-inst templated  seed=123 ultrachat    shadow_kv_plus
2026-07-05 21:38:12 [578/600] Phi-3-mini-4k-inst templated  seed=456 ultrachat    shadow_kv_plus
2026-07-05 21:38:25 [579/600] Phi-3-mini-4k-inst templated  seed=789 ultrachat    shadow_kv_plus
2026-07-05 21:38:38 [580/600] Phi-3-mini-4k-inst templated  seed=999 ultrachat    shadow_kv_plus
2026-07-05 21:38:50 [581/600] Phi-3-mini-4k-inst semantic   seed=42 ultrachat    shadow_kv_plus
2026-07-05 21:39:03 [582/600] Phi-3-mini-4k-inst semantic   seed=123 ultrachat    shadow_kv_plus
2026-07-05 21:39:16 [583/600] Phi-3-mini-4k-inst semantic   seed=456 ultrachat    shadow_kv_plus
2026-07-05 21:39:28 [584/600] Phi-3-mini-4k-inst semantic   seed=789 ultrachat    shadow_kv_plus
2026-07-05 21:39:41 [585/600] Phi-3-mini-4k-inst semantic   seed=999 ultrachat    shadow_kv_plus
