/usr/local/lib/python3.12/dist-packages/torch/cuda/__init__.py:61: FutureWarning: The pynvml package is deprecated. Please install nvidia-ml-py instead. If you did not install pynvml directly, please report this to the maintainers of the package that installed pynvml for you.
  import pynvml  # type: ignore[import]
(APIServer pid=751) Warning: You are sending unauthenticated requests to the HF Hub. Please set a HF_TOKEN to enable higher rate limits and faster downloads.
/usr/local/lib/python3.12/dist-packages/torch/cuda/__init__.py:61: FutureWarning: The pynvml package is deprecated. Please install nvidia-ml-py instead. If you did not install pynvml directly, please report this to the maintainers of the package that installed pynvml for you.
  import pynvml  # type: ignore[import]
(EngineCore pid=825) Warning: You are sending unauthenticated requests to the HF Hub. Please set a HF_TOKEN to enable higher rate limits and faster downloads.
(EngineCore pid=825) Loading safetensors checkpoint shards:   0% Completed | 0/1 [00:00<?, ?it/s]
(EngineCore pid=825) Loading safetensors checkpoint shards: 100% Completed | 1/1 [00:00<00:00,  2.97it/s]
(EngineCore pid=825) Loading safetensors checkpoint shards: 100% Completed | 1/1 [00:00<00:00,  2.97it/s]
(EngineCore pid=825) 
(EngineCore pid=825) 2026-07-04 03:22:36,870 - INFO - autotuner.py:457 - flashinfer.jit: [Autotuner]: Autotuning process starts ...
(EngineCore pid=825) 2026-07-04 03:22:36,875 - INFO - autotuner.py:466 - flashinfer.jit: [Autotuner]: Autotuning process ends
(EngineCore pid=825) Capturing CUDA graphs (mixed prefill-decode, PIECEWISE):   0%|          | 0/51 [00:00<?, ?it/s]Capturing CUDA graphs (mixed prefill-decode, PIECEWISE):  16%|█▌        | 8/51 [00:00<00:00, 79.40it/s]Capturing CUDA graphs (mixed prefill-decode, PIECEWISE):  35%|███▌      | 18/51 [00:00<00:00, 84.94it/s]Capturing CUDA graphs (mixed prefill-decode, PIECEWISE):  53%|█████▎    | 27/51 [00:00<00:00, 86.43it/s]Capturing CUDA graphs (mixed prefill-decode, PIECEWISE):  73%|███████▎  | 37/51 [00:00<00:00, 90.62it/s]Capturing CUDA graphs (mixed prefill-decode, PIECEWISE):  92%|█████████▏| 47/51 [00:00<00:00, 93.69it/s]Capturing CUDA graphs (mixed prefill-decode, PIECEWISE): 100%|██████████| 51/51 [00:00<00:00, 87.41it/s]
(EngineCore pid=825) Capturing CUDA graphs (decode, FULL):   0%|          | 0/51 [00:00<?, ?it/s]Capturing CUDA graphs (decode, FULL):  18%|█▊        | 9/51 [00:00<00:00, 89.28it/s]Capturing CUDA graphs (decode, FULL):  39%|███▉      | 20/51 [00:00<00:00, 97.75it/s]Capturing CUDA graphs (decode, FULL):  63%|██████▎   | 32/51 [00:00<00:00, 103.62it/s]Capturing CUDA graphs (decode, FULL):  84%|████████▍ | 43/51 [00:00<00:00, 103.44it/s]Capturing CUDA graphs (decode, FULL): 100%|██████████| 51/51 [00:00<00:00, 102.31it/s]
(APIServer pid=751) INFO:     Started server process [751]
(APIServer pid=751) INFO:     Waiting for application startup.
(APIServer pid=751) INFO:     Application startup complete.
(APIServer pid=751) INFO:     Shutting down
[rank0]:[W704 03:22:48.054229947 ProcessGroupNCCL.cpp:1575] Warning: WARNING: destroy_process_group() was not called before program exit, which can leak resources. For more info, please see https://pytorch.org/docs/stable/distributed.html#shutdown (function operator())
(APIServer pid=751) INFO:     Waiting for application shutdown.
(APIServer pid=751) INFO:     Application shutdown complete.
(APIServer pid=751) INFO:     Finished server process [751]
