[2026-08-23T22:40:34.586140-04:00] PREFLIGHT PASS inputs, model, image, independent action mapping, and lazy eviction metrics
[2026-08-23T22:41:45.663760-04:00] PREFLIGHT PASS inputs, model, image, independent action mapping, and lazy eviction metrics
[2026-08-23T22:49:40.834390-04:00] PREFLIGHT PASS inputs, model, image, independent action mapping, and lazy eviction metrics
[2026-08-23T23:30:00.971027-04:00] PREFLIGHT PASS inputs, model, image, independent action mapping, and lazy eviction metrics
[2026-08-23T23:30:04.280546-04:00] PRODUCTION SNAPSHOT id=bd8f88b634ee5a038abf245115372ca6c1927230a1f69d9a50bc905b70d53b8a image=sha256:dfd8d4ab6001e8b5f9fa4be18baa26eefb20005579b24c7bc6141e3340717cd4 compose=2634aa9cd6d8e68929efd28ac1cff791366bce5132f6782e62c3e60889fbc137 config=b2f4f24ff9d81207ea55eeaf0b5cd8e5a196430e21c9307eebad5233b3a99adf
[2026-08-23T23:33:05.702461-04:00] IDLE GATE PASS 120 continuous seconds
[2026-08-23T23:33:06.060983-04:00] RECOVERY ARMED state=/datapool/experiments/meritkv/qwen25_capacity_pressure_20260824/control/recovery_state.json run_id=meritkv-capacity-1787542386
[2026-08-23T23:33:12.072617-04:00] OUTAGE STARTED GPU released
[2026-08-23T23:34:57.215866-04:00] EVICTION METRIC PRIMER PASS requests=8 evicted_delta=2168.0 receipt=control/eviction_metric_primers/lfu_feasibility_preflight_1787542497213253645.json
[2026-08-23T23:34:57.227554-04:00] SERVER READY retention=lfu label=lfu_feasibility_preflight config=b8d0e024d7ed97912fe628b0ae7c3cd6e1073c0d9f7f2443b8c8b4b5ebdade6a cache=RadixCache hybrid_swa=False canary=pass
[2026-08-23T23:34:57.229290-04:00] LFU FEASIBILITY PASS excluded launch/canary/real-eviction gate config=b8d0e024d7ed97912fe628b0ae7c3cd6e1073c0d9f7f2443b8c8b4b5ebdade6a
[2026-08-23T23:36:03.199292-04:00] EVICTION METRIC PRIMER PASS requests=8 evicted_delta=2168.0 receipt=control/eviction_metric_primers/calibration_lru_1787542563196616339.json
[2026-08-23T23:36:03.211433-04:00] SERVER READY retention=lru label=calibration_lru config=ccaea8b1edf3cabf32beaf7a4922910cef4e4f893091195594d38527c6cc81fc cache=RadixCache hybrid_swa=False canary=pass
[2026-08-23T23:36:03.255574-04:00] CELL START phase=calibration seed=32000 arm=native_admit_all_lru requests=64
[2026-08-23T23:36:32.238678-04:00] CELL PASS phase=calibration seed=32000 arm=native_admit_all_lru
[2026-08-23T23:36:32.421884-04:00] CELL START phase=smoke seed=32010 arm=native_admit_all_lru requests=36
[2026-08-23T23:36:51.231084-04:00] CELL PASS phase=smoke seed=32010 arm=native_admit_all_lru
[2026-08-23T23:36:51.315807-04:00] CELL START phase=smoke seed=32010 arm=meritkv_write_through_lru requests=36
[2026-08-23T23:37:13.926013-04:00] CELL PASS phase=smoke seed=32010 arm=meritkv_write_through_lru
[2026-08-23T23:37:14.010508-04:00] CELL START phase=smoke seed=32010 arm=meritkv_skip_write_only_lru requests=36
[2026-08-23T23:37:36.004282-04:00] CELL PASS phase=smoke seed=32010 arm=meritkv_skip_write_only_lru
[2026-08-23T23:37:36.089179-04:00] CELL START phase=smoke seed=32010 arm=meritkv_joint_skip_write_skip_lookup_lru requests=36
[2026-08-23T23:37:58.221243-04:00] CELL PASS phase=smoke seed=32010 arm=meritkv_joint_skip_write_skip_lookup_lru
[2026-08-23T23:39:03.700327-04:00] EVICTION METRIC PRIMER PASS requests=8 evicted_delta=2168.0 receipt=control/eviction_metric_primers/smoke_position_5_lfu_1787542743697670787.json
[2026-08-23T23:39:03.718068-04:00] SERVER READY retention=lfu label=smoke_position_5_lfu config=b8d0e024d7ed97912fe628b0ae7c3cd6e1073c0d9f7f2443b8c8b4b5ebdade6a cache=RadixCache hybrid_swa=False canary=pass
[2026-08-23T23:39:03.767243-04:00] CELL START phase=smoke seed=32010 arm=native_admit_all_lfu requests=36
[2026-08-23T23:39:21.387016-04:00] CELL PASS phase=smoke seed=32010 arm=native_admit_all_lfu
[2026-08-23T23:40:26.998950-04:00] EVICTION METRIC PRIMER PASS requests=8 evicted_delta=2168.0 receipt=control/eviction_metric_primers/evaluation_position_1_lru_1787542826996848233.json
[2026-08-23T23:40:27.011755-04:00] SERVER READY retention=lru label=evaluation_position_1_lru config=ccaea8b1edf3cabf32beaf7a4922910cef4e4f893091195594d38527c6cc81fc cache=RadixCache hybrid_swa=False canary=pass
[2026-08-23T23:40:27.054982-04:00] CELL START phase=evaluation seed=32001 arm=native_admit_all_lru requests=124
[2026-08-23T23:41:16.852453-04:00] CELL PASS phase=evaluation seed=32001 arm=native_admit_all_lru
[2026-08-23T23:41:16.937854-04:00] CELL START phase=evaluation seed=32001 arm=meritkv_write_through_lru requests=124
[2026-08-23T23:42:10.975840-04:00] CELL PASS phase=evaluation seed=32001 arm=meritkv_write_through_lru
[2026-08-23T23:42:11.052341-04:00] CELL START phase=evaluation seed=32001 arm=meritkv_skip_write_only_lru requests=124
[2026-08-23T23:43:01.890117-04:00] CELL PASS phase=evaluation seed=32001 arm=meritkv_skip_write_only_lru
[2026-08-23T23:43:01.971620-04:00] CELL START phase=evaluation seed=32001 arm=meritkv_joint_skip_write_skip_lookup_lru requests=124
[2026-08-23T23:43:53.020559-04:00] CELL PASS phase=evaluation seed=32001 arm=meritkv_joint_skip_write_skip_lookup_lru
[2026-08-23T23:44:59.002406-04:00] EVICTION METRIC PRIMER PASS requests=8 evicted_delta=2168.0 receipt=control/eviction_metric_primers/evaluation_position_5_lfu_1787543099000075177.json
[2026-08-23T23:44:59.014130-04:00] SERVER READY retention=lfu label=evaluation_position_5_lfu config=b8d0e024d7ed97912fe628b0ae7c3cd6e1073c0d9f7f2443b8c8b4b5ebdade6a cache=RadixCache hybrid_swa=False canary=pass
[2026-08-23T23:44:59.058254-04:00] CELL START phase=evaluation seed=32001 arm=native_admit_all_lfu requests=124
[2026-08-23T23:45:44.562916-04:00] CELL PASS phase=evaluation seed=32001 arm=native_admit_all_lfu
[2026-08-23T23:46:50.451225-04:00] EVICTION METRIC PRIMER PASS requests=8 evicted_delta=2168.0 receipt=control/eviction_metric_primers/evaluation_position_6_lru_1787543210448508343.json
[2026-08-23T23:46:50.462964-04:00] SERVER READY retention=lru label=evaluation_position_6_lru config=ccaea8b1edf3cabf32beaf7a4922910cef4e4f893091195594d38527c6cc81fc cache=RadixCache hybrid_swa=False canary=pass
[2026-08-23T23:46:50.504176-04:00] CELL START phase=evaluation seed=32002 arm=meritkv_write_through_lru requests=124
[2026-08-23T23:47:43.971577-04:00] CELL PASS phase=evaluation seed=32002 arm=meritkv_write_through_lru
[2026-08-23T23:47:44.059926-04:00] CELL START phase=evaluation seed=32002 arm=meritkv_skip_write_only_lru requests=124
[2026-08-23T23:48:34.440352-04:00] CELL PASS phase=evaluation seed=32002 arm=meritkv_skip_write_only_lru
[2026-08-23T23:48:34.522736-04:00] CELL START phase=evaluation seed=32002 arm=meritkv_joint_skip_write_skip_lookup_lru requests=124
[2026-08-23T23:49:25.440754-04:00] CELL PASS phase=evaluation seed=32002 arm=meritkv_joint_skip_write_skip_lookup_lru
[2026-08-23T23:50:33.689052-04:00] EVICTION METRIC PRIMER PASS requests=8 evicted_delta=2168.0 receipt=control/eviction_metric_primers/evaluation_position_9_lfu_1787543433686952868.json
[2026-08-23T23:50:33.701770-04:00] SERVER READY retention=lfu label=evaluation_position_9_lfu config=b8d0e024d7ed97912fe628b0ae7c3cd6e1073c0d9f7f2443b8c8b4b5ebdade6a cache=RadixCache hybrid_swa=False canary=pass
[2026-08-23T23:50:33.744597-04:00] CELL START phase=evaluation seed=32002 arm=native_admit_all_lfu requests=124
[2026-08-23T23:51:19.071282-04:00] CELL PASS phase=evaluation seed=32002 arm=native_admit_all_lfu
[2026-08-23T23:52:25.025619-04:00] EVICTION METRIC PRIMER PASS requests=8 evicted_delta=2168.0 receipt=control/eviction_metric_primers/evaluation_position_10_lru_1787543545023082181.json
[2026-08-23T23:52:25.037826-04:00] SERVER READY retention=lru label=evaluation_position_10_lru config=ccaea8b1edf3cabf32beaf7a4922910cef4e4f893091195594d38527c6cc81fc cache=RadixCache hybrid_swa=False canary=pass
[2026-08-23T23:52:25.080661-04:00] CELL START phase=evaluation seed=32002 arm=native_admit_all_lru requests=124
[2026-08-23T23:53:14.944575-04:00] CELL PASS phase=evaluation seed=32002 arm=native_admit_all_lru
[2026-08-23T23:53:15.019380-04:00] CELL START phase=evaluation seed=32003 arm=meritkv_skip_write_only_lru requests=124
[2026-08-23T23:54:05.446278-04:00] CELL PASS phase=evaluation seed=32003 arm=meritkv_skip_write_only_lru
[2026-08-23T23:54:05.533223-04:00] CELL START phase=evaluation seed=32003 arm=meritkv_joint_skip_write_skip_lookup_lru requests=124
[2026-08-23T23:54:56.431984-04:00] CELL PASS phase=evaluation seed=32003 arm=meritkv_joint_skip_write_skip_lookup_lru
[2026-08-23T23:56:02.362485-04:00] EVICTION METRIC PRIMER PASS requests=8 evicted_delta=2168.0 receipt=control/eviction_metric_primers/evaluation_position_13_lfu_1787543762359836742.json
[2026-08-23T23:56:02.374479-04:00] SERVER READY retention=lfu label=evaluation_position_13_lfu config=b8d0e024d7ed97912fe628b0ae7c3cd6e1073c0d9f7f2443b8c8b4b5ebdade6a cache=RadixCache hybrid_swa=False canary=pass
[2026-08-23T23:56:02.416050-04:00] CELL START phase=evaluation seed=32003 arm=native_admit_all_lfu requests=124
[2026-08-23T23:56:47.829293-04:00] CELL PASS phase=evaluation seed=32003 arm=native_admit_all_lfu
[2026-08-23T23:57:53.826419-04:00] EVICTION METRIC PRIMER PASS requests=8 evicted_delta=2168.0 receipt=control/eviction_metric_primers/evaluation_position_14_lru_1787543873824357184.json
[2026-08-23T23:57:53.839700-04:00] SERVER READY retention=lru label=evaluation_position_14_lru config=ccaea8b1edf3cabf32beaf7a4922910cef4e4f893091195594d38527c6cc81fc cache=RadixCache hybrid_swa=False canary=pass
[2026-08-23T23:57:53.881373-04:00] CELL START phase=evaluation seed=32003 arm=native_admit_all_lru requests=124
[2026-08-23T23:58:43.747899-04:00] CELL PASS phase=evaluation seed=32003 arm=native_admit_all_lru
[2026-08-23T23:58:43.832234-04:00] CELL START phase=evaluation seed=32003 arm=meritkv_write_through_lru requests=124
[2026-08-23T23:59:38.230560-04:00] CELL PASS phase=evaluation seed=32003 arm=meritkv_write_through_lru
[2026-08-23T23:59:38.315093-04:00] CELL START phase=evaluation seed=32004 arm=meritkv_joint_skip_write_skip_lookup_lru requests=124
[2026-08-24T00:00:28.916037-04:00] CELL PASS phase=evaluation seed=32004 arm=meritkv_joint_skip_write_skip_lookup_lru
[2026-08-24T00:01:52.815301-04:00] EVICTION METRIC PRIMER PASS requests=8 evicted_delta=2168.0 receipt=control/eviction_metric_primers/evaluation_position_17_lfu_1787544112812967839.json
[2026-08-24T00:01:52.827589-04:00] SERVER READY retention=lfu label=evaluation_position_17_lfu config=b8d0e024d7ed97912fe628b0ae7c3cd6e1073c0d9f7f2443b8c8b4b5ebdade6a cache=RadixCache hybrid_swa=False canary=pass
[2026-08-24T00:01:52.872263-04:00] CELL START phase=evaluation seed=32004 arm=native_admit_all_lfu requests=124
[2026-08-24T00:02:37.787828-04:00] CELL PASS phase=evaluation seed=32004 arm=native_admit_all_lfu
[2026-08-24T00:03:57.651343-04:00] EVICTION METRIC PRIMER PASS requests=8 evicted_delta=2168.0 receipt=control/eviction_metric_primers/evaluation_position_18_lru_1787544237644002325.json
[2026-08-24T00:03:57.662949-04:00] SERVER READY retention=lru label=evaluation_position_18_lru config=ccaea8b1edf3cabf32beaf7a4922910cef4e4f893091195594d38527c6cc81fc cache=RadixCache hybrid_swa=False canary=pass
[2026-08-24T00:03:57.704109-04:00] CELL START phase=evaluation seed=32004 arm=native_admit_all_lru requests=124
[2026-08-24T00:04:47.167919-04:00] CELL PASS phase=evaluation seed=32004 arm=native_admit_all_lru
[2026-08-24T00:04:47.251715-04:00] CELL START phase=evaluation seed=32004 arm=meritkv_write_through_lru requests=124
[2026-08-24T00:05:41.016901-04:00] CELL PASS phase=evaluation seed=32004 arm=meritkv_write_through_lru
[2026-08-24T00:05:41.102672-04:00] CELL START phase=evaluation seed=32004 arm=meritkv_skip_write_only_lru requests=124
[2026-08-24T00:06:31.329728-04:00] CELL PASS phase=evaluation seed=32004 arm=meritkv_skip_write_only_lru
[2026-08-24T00:07:37.294863-04:00] EVICTION METRIC PRIMER PASS requests=8 evicted_delta=2168.0 receipt=control/eviction_metric_primers/evaluation_position_21_lfu_1787544457291912679.json
[2026-08-24T00:07:37.308479-04:00] SERVER READY retention=lfu label=evaluation_position_21_lfu config=b8d0e024d7ed97912fe628b0ae7c3cd6e1073c0d9f7f2443b8c8b4b5ebdade6a cache=RadixCache hybrid_swa=False canary=pass
[2026-08-24T00:07:37.351512-04:00] CELL START phase=evaluation seed=32005 arm=native_admit_all_lfu requests=124
[2026-08-24T00:08:22.986813-04:00] CELL PASS phase=evaluation seed=32005 arm=native_admit_all_lfu
[2026-08-24T00:09:28.703618-04:00] EVICTION METRIC PRIMER PASS requests=8 evicted_delta=2168.0 receipt=control/eviction_metric_primers/evaluation_position_22_lru_1787544568701695872.json
[2026-08-24T00:09:28.715107-04:00] SERVER READY retention=lru label=evaluation_position_22_lru config=ccaea8b1edf3cabf32beaf7a4922910cef4e4f893091195594d38527c6cc81fc cache=RadixCache hybrid_swa=False canary=pass
[2026-08-24T00:09:28.754685-04:00] CELL START phase=evaluation seed=32005 arm=native_admit_all_lru requests=124
[2026-08-24T00:10:18.936232-04:00] CELL PASS phase=evaluation seed=32005 arm=native_admit_all_lru
[2026-08-24T00:10:19.017103-04:00] CELL START phase=evaluation seed=32005 arm=meritkv_write_through_lru requests=124
[2026-08-24T00:11:13.431204-04:00] CELL PASS phase=evaluation seed=32005 arm=meritkv_write_through_lru
[2026-08-24T00:11:13.516278-04:00] CELL START phase=evaluation seed=32005 arm=meritkv_skip_write_only_lru requests=124
[2026-08-24T00:12:04.346668-04:00] CELL PASS phase=evaluation seed=32005 arm=meritkv_skip_write_only_lru
[2026-08-24T00:12:04.430841-04:00] CELL START phase=evaluation seed=32005 arm=meritkv_joint_skip_write_skip_lookup_lru requests=124
[2026-08-24T00:12:55.751941-04:00] CELL PASS phase=evaluation seed=32005 arm=meritkv_joint_skip_write_skip_lookup_lru
[2026-08-24T00:13:50.736585-04:00] PRODUCTION RESTORED exact_container=bd8f88b634ee5a038abf245115372ca6c1927230a1f69d9a50bc905b70d53b8a image=sha256:dfd8d4ab6001e8b5f9fa4be18baa26eefb20005579b24c7bc6141e3340717cd4
[2026-08-24T00:13:50.817395-04:00] RESTORE-ONLY recovery already verified; no action required
