/usr/local/lib/python3.12/dist-packages/torch/cuda/__init__.py:61: FutureWarning: The pynvml package is deprecated. Please install nvidia-ml-py instead. If you did not install pynvml directly, please report this to the maintainers of the package that installed pynvml for you.
  import pynvml  # type: ignore[import]
(APIServer pid=69) Warning: You are sending unauthenticated requests to the HF Hub. Please set a HF_TOKEN to enable higher rate limits and faster downloads.
/usr/local/lib/python3.12/dist-packages/torch/cuda/__init__.py:61: FutureWarning: The pynvml package is deprecated. Please install nvidia-ml-py instead. If you did not install pynvml directly, please report this to the maintainers of the package that installed pynvml for you.
  import pynvml  # type: ignore[import]
(EngineCore pid=209) Warning: You are sending unauthenticated requests to the HF Hub. Please set a HF_TOKEN to enable higher rate limits and faster downloads.
(EngineCore pid=209) Loading safetensors checkpoint shards:   0% Completed | 0/1 [00:00<?, ?it/s]
(EngineCore pid=209) Loading safetensors checkpoint shards: 100% Completed | 1/1 [00:00<00:00,  2.09it/s]
(EngineCore pid=209) Loading safetensors checkpoint shards: 100% Completed | 1/1 [00:00<00:00,  2.09it/s]
(EngineCore pid=209) 
(EngineCore pid=209) 2026-07-04 03:21:20,861 - INFO - autotuner.py:457 - flashinfer.jit: [Autotuner]: Autotuning process starts ...
(EngineCore pid=209) 2026-07-04 03:21:20,865 - INFO - autotuner.py:466 - flashinfer.jit: [Autotuner]: Autotuning process ends
(EngineCore pid=209) Capturing CUDA graphs (mixed prefill-decode, PIECEWISE):   0%|          | 0/51 [00:00<?, ?it/s]Capturing CUDA graphs (mixed prefill-decode, PIECEWISE):  14%|█▎        | 7/51 [00:00<00:00, 67.28it/s]Capturing CUDA graphs (mixed prefill-decode, PIECEWISE):  31%|███▏      | 16/51 [00:00<00:00, 76.95it/s]Capturing CUDA graphs (mixed prefill-decode, PIECEWISE):  51%|█████     | 26/51 [00:00<00:00, 84.45it/s]Capturing CUDA graphs (mixed prefill-decode, PIECEWISE):  71%|███████   | 36/51 [00:00<00:00, 88.33it/s]Capturing CUDA graphs (mixed prefill-decode, PIECEWISE):  90%|█████████ | 46/51 [00:00<00:00, 89.87it/s]Capturing CUDA graphs (mixed prefill-decode, PIECEWISE): 100%|██████████| 51/51 [00:00<00:00, 83.89it/s]
(EngineCore pid=209) Capturing CUDA graphs (decode, FULL):   0%|          | 0/51 [00:00<?, ?it/s]Capturing CUDA graphs (decode, FULL):  16%|█▌        | 8/51 [00:00<00:00, 77.57it/s]Capturing CUDA graphs (decode, FULL):  35%|███▌      | 18/51 [00:00<00:00, 85.65it/s]Capturing CUDA graphs (decode, FULL):  57%|█████▋    | 29/51 [00:00<00:00, 94.11it/s]Capturing CUDA graphs (decode, FULL):  80%|████████  | 41/51 [00:00<00:00, 100.43it/s]Capturing CUDA graphs (decode, FULL): 100%|██████████| 51/51 [00:00<00:00, 97.42it/s] 
(APIServer pid=69) INFO:     Started server process [69]
(APIServer pid=69) INFO:     Waiting for application startup.
(APIServer pid=69) INFO:     Application startup complete.
[rank0]:[W704 03:21:52.517945614 ProcessGroupNCCL.cpp:1575] Warning: WARNING: destroy_process_group() was not called before program exit, which can leak resources. For more info, please see https://pytorch.org/docs/stable/distributed.html#shutdown (function operator())
(APIServer pid=69) INFO:     Shutting down
(APIServer pid=69) INFO:     Waiting for application shutdown.
(APIServer pid=69) INFO:     Application shutdown complete.
(APIServer pid=69) INFO:     Finished server process [69]
