/home/kushalkhemani/research/myenv/lib/python3.12/site-packages/torch/cuda/__init__.py:58: FutureWarning: The pynvml package is deprecated. Please install nvidia-ml-py instead. If you did not install pynvml directly, please report this to the maintainers of the package that installed pynvml for you.
  import pynvml  # type: ignore[import]
Using the latest cached version of the dataset since xsum couldn't be found on the Hugging Face Hub (offline mode is enabled).
Found the latest cached dataset configuration 'default' at /home/kushalkhemani/.cache/huggingface/datasets/xsum/default/0.0.0/7d4d486c2f8ef850b1a11aead99b894ff3dd7da9 (last modified on Thu Apr 30 10:12:37 2026).
`torch_dtype` is deprecated! Use `dtype` instead!
Loading checkpoint shards:   0%|          | 0/2 [00:00<?, ?it/s]Loading checkpoint shards:  50%|█████     | 1/2 [00:00<00:00,  1.54it/s]Loading checkpoint shards: 100%|██████████| 2/2 [00:00<00:00,  3.04it/s]
Loading checkpoint shards:   0%|          | 0/2 [00:00<?, ?it/s]Loading checkpoint shards:  50%|█████     | 1/2 [00:00<00:00,  1.55it/s]Loading checkpoint shards: 100%|██████████| 2/2 [00:00<00:00,  3.04it/s]
Loading checkpoint shards:   0%|          | 0/2 [00:00<?, ?it/s]Loading checkpoint shards:  50%|█████     | 1/2 [00:00<00:00,  1.57it/s]Loading checkpoint shards: 100%|██████████| 2/2 [00:00<00:00,  3.08it/s]
Loading checkpoint shards:   0%|          | 0/2 [00:00<?, ?it/s]Loading checkpoint shards:  50%|█████     | 1/2 [00:00<00:00,  1.54it/s]Loading checkpoint shards: 100%|██████████| 2/2 [00:00<00:00,  3.03it/s]
Loading checkpoint shards:   0%|          | 0/2 [00:00<?, ?it/s]Loading checkpoint shards:  50%|█████     | 1/2 [00:00<00:00,  1.52it/s]Loading checkpoint shards: 100%|██████████| 2/2 [00:00<00:00,  2.98it/s]
{
  "no_cache": {
    "mean_latency_ms": 330.9083090312299,
    "p50_latency_ms": 358.87873500087153,
    "p95_latency_ms": 416.05030235068625,
    "p99_latency_ms": 417.3731158888586,
    "p999_latency_ms": 417.5813165872478,
    "throughput_rps": 2.5595787767754548,
    "service_throughput_rps": 3.0219851623780882,
    "hit_rate": 0.0,
    "speculative_hits": 0,
    "speculative_hit_rate": 0.0,
    "speculative_precomputes": 0,
    "speculative_cost_ms": 0.0,
    "wasted_precomputes": 0,
    "wasted_compute_ms": 0.0,
    "wasted_compute_ratio": 0.0,
    "utility_proxy_ms": 0.0,
    "gpu_utilization_pct_mean": 93.3828125,
    "promotions": 0,
    "demotions": 0,
    "reuse_attempts": 0,
    "reuse_successes": 0,
    "reuse_failures": 0,
    "reuse_backend_fallbacks": 0,
    "store_attempts": 0,
    "store_successes": 0,
    "store_skips": 0,
    "bypassed_matches": 0,
    "requests_seen": 64,
    "reused_prefix_tokens_total": 0,
    "recompute_tokens_total": 22064,
    "estimated_tokens_saved_total": 0,
    "saved_latency_estimate_ms": 0.0,
    "store_latency_total_ms": 0.0,
    "full_prefill_latency_total_ms": 21178.131777998715,
    "avg_reused_prefix_tokens": 0.0,
    "reuse_success_rate": 0.0,
    "cache_active_final": false,
    "auto_disabled_reason": null,
    "speculative_overlap_ms": 0.0,
    "speculative_overlap_events": 0,
    "bootstrap_store_deferrals": 0,
    "speculative_useful_savings_ms": 0.0,
    "bypass_regret_ms_total": 0.0,
    "transfer_regret_ms_total": 0.0,
    "cache_disable_check_every": 8,
    "cache_disable_min_attempts": 8,
    "cache_disable_min_requests": 10,
    "cache_lookup_calls": 0,
    "cache_lookup_latency_total_ms": 0.0,
    "policy_planning_calls": 0,
    "policy_planning_latency_total_ms": 0.0,
    "semantic_query_calls": 0,
    "semantic_query_latency_total_ms": 0.0,
    "kv_materialization_calls": 0,
    "kv_materialization_latency_total_ms": 0.0,
    "backend_reuse_calls": 0,
    "backend_reuse_latency_total_ms": 0.0,
    "small_prefix_bypass_total": 0,
    "net_latency_saved_estimate_ms_total": 0.0,
    "utility_admission_enabled": false,
    "utility_admission_checks_total": 0,
    "utility_admission_admit_total": 0,
    "negative_utility_bypass_total": 0,
    "utility_expected_saved_ms_total": 0.0,
    "utility_expected_cost_ms_total": 0.0,
    "utility_net_ms_total": 0.0,
    "utility_bucket_129_256_observations": 10,
    "utility_bucket_129_256_full_ms_per_token": 0.8901724035361991,
    "utility_bucket_129_256_reuse_overhead_ms": 8.0,
    "utility_bucket_129_256_admitted": 0,
    "utility_bucket_129_256_negative_bypass": 0,
    "utility_bucket_257_512_observations": 52,
    "utility_bucket_257_512_full_ms_per_token": 0.9683510747505419,
    "utility_bucket_257_512_reuse_overhead_ms": 8.0,
    "utility_bucket_257_512_admitted": 0,
    "utility_bucket_257_512_negative_bypass": 0,
    "utility_bucket_65_128_observations": 2,
    "utility_bucket_65_128_full_ms_per_token": 0.7352658242108682,
    "utility_bucket_65_128_reuse_overhead_ms": 8.0,
    "utility_bucket_65_128_admitted": 0,
    "utility_bucket_65_128_negative_bypass": 0,
    "speedup_vs_no_cache_mean": 1.0,
    "speedup_vs_no_cache_p95": 1.0
  },
  "shadow_kv": {
    "mean_latency_ms": 299.0665189843469,
    "p50_latency_ms": 320.7430065012886,
    "p95_latency_ms": 405.5794582995077,
    "p99_latency_ms": 436.99979752827846,
    "p999_latency_ms": 467.17739104934503,
    "throughput_rps": 2.782093811494107,
    "service_throughput_rps": 3.3437377189398454,
    "hit_rate": 0.90625,
    "speculative_hits": 30,
    "speculative_hit_rate": 0.5172413793103449,
    "speculative_precomputes": 2,
    "speculative_cost_ms": 570.890478000365,
    "wasted_precomputes": 0,
    "wasted_compute_ms": 0.0,
    "wasted_compute_ratio": 0.0,
    "utility_proxy_ms": 8563.357170005474,
    "gpu_utilization_pct_mean": 92.609375,
    "promotions": 4,
    "demotions": 0,
    "reuse_attempts": 58,
    "reuse_successes": 58,
    "reuse_failures": 0,
    "reuse_backend_fallbacks": 0,
    "store_attempts": 6,
    "store_successes": 2,
    "store_skips": 4,
    "bypassed_matches": 0,
    "requests_seen": 64,
    "reused_prefix_tokens_total": 1536,
    "recompute_tokens_total": 20528,
    "estimated_tokens_saved_total": 1536,
    "saved_latency_estimate_ms": 2720.863125207004,
    "store_latency_total_ms": 110.88603399912245,
    "full_prefill_latency_total_ms": 1998.4642199979135,
    "avg_reused_prefix_tokens": 26.482758620689655,
    "reuse_success_rate": 1.0,
    "cache_active_final": true,
    "auto_disabled_reason": null,
    "speculative_overlap_ms": 536.4097159999801,
    "speculative_overlap_events": 2,
    "bootstrap_store_deferrals": 4,
    "speculative_useful_savings_ms": 8563.357170005474,
    "bypass_regret_ms_total": 0.0,
    "transfer_regret_ms_total": 0.0,
    "cache_disable_check_every": 8,
    "cache_disable_min_attempts": 8,
    "cache_disable_min_requests": 10,
    "cache_lookup_calls": 0,
    "cache_lookup_latency_total_ms": 0.0,
    "policy_planning_calls": 0,
    "policy_planning_latency_total_ms": 0.0,
    "semantic_query_calls": 0,
    "semantic_query_latency_total_ms": 0.0,
    "kv_materialization_calls": 4,
    "kv_materialization_latency_total_ms": 2.677628999663284,
    "backend_reuse_calls": 58,
    "backend_reuse_latency_total_ms": 17056.130168006348,
    "small_prefix_bypass_total": 0,
    "net_latency_saved_estimate_ms_total": 2680.8632209879747,
    "utility_admission_enabled": false,
    "utility_admission_checks_total": 0,
    "utility_admission_admit_total": 0,
    "negative_utility_bypass_total": 0,
    "utility_expected_saved_ms_total": 0.0,
    "utility_expected_cost_ms_total": 0.0,
    "utility_net_ms_total": 0.0,
    "speculation_cooldown_events": 0,
    "speculation_paused_ticks": 74,
    "speculation_enabled_final": true,
    "effective_speculative_k_final": 2,
    "recent_reuse_density_final": 0.07381615598885793,
    "recent_hit_rate_final": 1.0,
    "utility_bucket_0_64_observations": 62,
    "utility_bucket_0_64_full_ms_per_token": 3.680205921707354,
    "utility_bucket_0_64_reuse_overhead_ms": 1.9156194260823672e-05,
    "utility_bucket_0_64_admitted": 0,
    "utility_bucket_0_64_negative_bypass": 0,
    "utility_bucket_129_256_observations": 1,
    "utility_bucket_129_256_full_ms_per_token": 0.6632445621619479,
    "utility_bucket_129_256_reuse_overhead_ms": 8.0,
    "utility_bucket_129_256_admitted": 0,
    "utility_bucket_129_256_negative_bypass": 0,
    "utility_bucket_257_512_observations": 5,
    "utility_bucket_257_512_full_ms_per_token": 0.8290457306856106,
    "utility_bucket_257_512_reuse_overhead_ms": 8.0,
    "utility_bucket_257_512_admitted": 0,
    "utility_bucket_257_512_negative_bypass": 0,
    "speedup_vs_no_cache_mean": 1.1064705944183262,
    "speedup_vs_no_cache_p95": 1.0258169979689804
  },
  "shadow_kv_plus": {
    "mean_latency_ms": 297.19048275026694,
    "p50_latency_ms": 321.9855565002945,
    "p95_latency_ms": 406.0271220499999,
    "p99_latency_ms": 411.0135678406186,
    "p999_latency_ms": 417.84400818382534,
    "throughput_rps": 2.7821284748753006,
    "service_throughput_rps": 3.3648453030722156,
    "hit_rate": 0.9523809523809523,
    "speculative_hits": 15,
    "speculative_hit_rate": 0.25,
    "speculative_precomputes": 1,
    "speculative_cost_ms": 307.9752319990803,
    "wasted_precomputes": 0,
    "wasted_compute_ms": 0.0,
    "wasted_compute_ratio": 0.0,
    "utility_proxy_ms": 4619.628479986204,
    "gpu_utilization_pct_mean": 92.7734375,
    "promotions": 4,
    "demotions": 0,
    "reuse_attempts": 60,
    "reuse_successes": 61,
    "reuse_failures": 0,
    "reuse_backend_fallbacks": 0,
    "store_attempts": 3,
    "store_successes": 3,
    "store_skips": 0,
    "bypassed_matches": 0,
    "requests_seen": 64,
    "reused_prefix_tokens_total": 1616,
    "recompute_tokens_total": 20448,
    "estimated_tokens_saved_total": 1590,
    "saved_latency_estimate_ms": 2416.044068677323,
    "store_latency_total_ms": 0.0,
    "full_prefill_latency_total_ms": 1083.391328998914,
    "avg_reused_prefix_tokens": 26.491803278688526,
    "reuse_success_rate": 1.0,
    "cache_active_final": true,
    "auto_disabled_reason": null,
    "speculative_overlap_ms": 294.869789000586,
    "speculative_overlap_events": 1,
    "bootstrap_store_deferrals": 0,
    "speculative_useful_savings_ms": 4619.628479986204,
    "bypass_regret_ms_total": 0.0,
    "transfer_regret_ms_total": 0.0,
    "cache_disable_check_every": 8,
    "cache_disable_min_attempts": 8,
    "cache_disable_min_requests": 10,
    "cache_lookup_calls": 0,
    "cache_lookup_latency_total_ms": 0.0,
    "policy_planning_calls": 64,
    "policy_planning_latency_total_ms": 38.33419801048876,
    "semantic_query_calls": 64,
    "semantic_query_latency_total_ms": 33.98059799110342,
    "kv_materialization_calls": 4,
    "kv_materialization_latency_total_ms": 0.0,
    "backend_reuse_calls": 60,
    "backend_reuse_latency_total_ms": 17816.933246005647,
    "small_prefix_bypass_total": 0,
    "net_latency_saved_estimate_ms_total": 2384.0441177171806,
    "utility_admission_enabled": false,
    "utility_admission_checks_total": 0,
    "utility_admission_admit_total": 0,
    "negative_utility_bypass_total": 0,
    "utility_expected_saved_ms_total": 0.0,
    "utility_expected_cost_ms_total": 0.0,
    "utility_net_ms_total": 0.0,
    "speculation_cooldown_events": 0,
    "speculation_paused_ticks": 29,
    "speculation_enabled_final": true,
    "effective_speculative_k_final": 2,
    "recent_reuse_density_final": 0.07381615598885793,
    "recent_hit_rate_final": 1.0,
    "semantic_ablation_mode": "safe",
    "policy_plans_total": 64,
    "policy_bypass_total": 3,
    "policy_exact_total": 60,
    "policy_semantic_partial_total": 1,
    "semantic_index_entries_final": 4,
    "semantic_queries_total": 64,
    "semantic_matches_total": 250,
    "semantic_partial_hits": 1,
    "semantic_partial_reused_tokens_total": 26,
    "semantic_opportunity_plans_total": 1,
    "semantic_opportunity_reused_tokens_total": 26,
    "semantic_opportunity_estimated_savings_ms": 3.961845112704758,
    "semantic_blocked_by_backend_total": 0,
    "fast_raw_bypass_total": 0,
    "raw_strategy": "strict_utility_gate",
    "raw_conservative_bypass_total": 0,
    "raw_observer_bypass_total": 0,
    "raw_reuse_evidence_strong_total": 0,
    "raw_reuse_evidence_weak_total": 0,
    "raw_graduated_total": 0,
    "raw_graduate_min_observations": 8,
    "raw_graduate_min_frequency": 0.35,
    "raw_graduate_min_prefix_len": 48,
    "semantic_queries_skipped_total": 0,
    "scaffold_bypass_store_successes": 3,
    "semantic_scaffold_store_successes": 0,
    "scaffold_only_attempts": 0,
    "scaffold_only_hits": 0,
    "early_layer_attempts": 0,
    "early_layer_hits": 0,
    "early_layer_reuse_ratio_sum": 0.0,
    "logit_guard_checks": 0,
    "logit_guard_passes": 0,
    "logit_guard_failures": 0,
    "logit_guard_distance_sum": 0.0,
    "logit_guard_threshold": 0.08,
    "semantic_guarded_hits": 0,
    "semantic_sandbox_checks": 0,
    "semantic_sandbox_passes": 0,
    "semantic_sandbox_failures": 0,
    "semantic_sandbox_divergence_sum": 0.0,
    "semantic_quality_divergence_sum": 0.01869728669661491,
    "semantic_quality_divergence_events": 1,
    "layer_reuse_ratio_sum": 60.70803088576716,
    "layer_reuse_events": 63,
    "policy_expected_benefit_ms": 57.06761565250868,
    "policy_expected_cost_ms": 56.92,
    "policy_expected_waste_ms": 3.305493238270242,
    "policy_net_utility_ms": 5989.711621910723,
    "opportunistic_prefill_store_successes": 3,
    "fast_exact_path_hits": 60,
    "utility_bucket_0_64_observations": 62,
    "utility_bucket_0_64_full_ms_per_token": 2.6798230857077163,
    "utility_bucket_0_64_reuse_overhead_ms": 9.807971461541723e-06,
    "utility_bucket_0_64_admitted": 0,
    "utility_bucket_0_64_negative_bypass": 0,
    "utility_bucket_257_512_observations": 3,
    "utility_bucket_257_512_full_ms_per_token": 0.7626328737805257,
    "utility_bucket_257_512_reuse_overhead_ms": 8.0,
    "utility_bucket_257_512_admitted": 0,
    "utility_bucket_257_512_negative_bypass": 0,
    "speedup_vs_no_cache_mean": 1.1134552693913031,
    "speedup_vs_no_cache_p95": 1.0246859871086447
  },
  "config": {
    "backend": "hf",
    "model": "google/gemma-2b-it",
    "device": "cuda",
    "dtype": "float16",
    "tensor_parallel_size": 1,
    "trust_remote_code": false,
    "disable_native_prefix_caching": false,
    "include_experimental": false,
    "engines": [
      "no_cache",
      "shadow_kv",
      "shadow_kv_plus"
    ],
    "include_runtime_baselines": false,
    "include_semantic_ablations": false,
    "policy_preset": "balanced",
    "enable_policy_tuning": false,
    "policy_tuning_requests": 24,
    "policy_tuning_presets": [
      "balanced",
      "aggressive_prefix",
      "aggressive_gpu"
    ],
    "policy_tuning_metric": "utility_adjusted_latency",
    "enable_policy_trace": false,
    "enable_decision_log": false,
    "config_path": "/home/kushalkhemani/research/shadowkv_p100/config/config.yaml",
    "semantic_index_diagnostics": false,
    "allow_unsafe_semantic_kv_reuse": true,
    "early_layer_reuse_ratio": 0.35,
    "logit_guard_threshold": 0.08,
    "min_reuse_prefix_tokens": null,
    "disable_utility_admission": false,
    "utility_min_net_saved_ms": null,
    "measure_energy": false,
    "gpu_index": 0,
    "idle_baseline_seconds": 0.0,
    "energy_output_csv": null,
    "workload": "public_dataset",
    "variant": "high_skew",
    "dataset": "xsum",
    "prompt_mode": "semantic",
    "dataset_split": null,
    "n_requests": 64,
    "simulate_arrivals": true,
    "mean_inter_arrival_ms": 50.0,
    "max_arrival_sleep_ms": 500.0,
    "max_memory_mb": 64,
    "speculative_k": 2,
    "idle_threshold_ms": 30.0,
    "seed": 123,
    "output_dir": "/home/kushalkhemani/research/shadowkv_p100/results_p100_n64_3seed/google_gemma-2b-it/semantic/seed_123/xsum",
    "resolved_prompt_mode": "semantic",
    "shadowkv_policy_calibration": {
      "profile_lengths": [
        8,
        16,
        32,
        48,
        64,
        96
      ],
      "profile_latencies_ms": [
        78.05224700041435,
        79.81664500039187,
        54.88193549990683,
        66.32710800022323,
        66.78474250111321,
        88.3769289994234
      ],
      "profile_ms_per_token": [
        9.756530875051794,
        4.988540312524492,
        1.7150604843720885,
        1.3818147500046507,
        1.043511601579894,
        0.9205930104106604
      ],
      "token_benefit_ms": 1.0064844511724402,
      "speculation_penalty_ms": 10.976387099981366,
      "prefill_ms_per_token": 1.0064844511724402,
      "fixed_prefill_overhead_ms": 10.976387099981366,
      "kv_mb_per_token": 0.017578125,
      "policy_preset": "balanced"
    },
    "shadowkv_policy_kwargs": {
      "min_frequency": 0.08,
      "prefill_ms_per_token": 1.0064844511724402,
      "fixed_prefill_overhead_ms": 10.976387099981366,
      "memory_penalty_per_mb": 0.75,
      "kv_mb_per_token": 0.017578125,
      "idle_cost_fraction": 0.55,
      "gpu_idle_cost_fraction": 0.3,
      "benefit_cost_ratio": 0.85,
      "max_admissions_per_idle": 4,
      "min_prefix_len": 16,
      "preferred_prefix_len": 80,
      "max_prefix_len": 224,
      "min_observations": 1,
      "min_expected_net_ms": 2.5162111279311006,
      "min_recent_support": 0.01,
      "recent_support_weight": 0.6,
      "recent_streak_weight": 0.22,
      "observation_weight": 0.18,
      "global_frequency_weight": 0.22,
      "reuse_discount": 0.95,
      "min_utility_score": 0.02,
      "reuse_horizon_s": 1.5,
      "bootstrap_horizon_requests": 1.2,
      "branching_weight": 0.14
    },
    "policy_tuning_report": null,
    "resolved_model": "google/gemma-2b-it",
    "config_version": "shadowkv-policy-v1",
    "config_hash_sha256": "22ef8f32dd8dd01f08e85becac910d9c66eafb9b01b52aecca99949b2b3529df",
    "run_manifest_file": "/home/kushalkhemani/research/shadowkv_p100/results_p100_n64_3seed/google_gemma-2b-it/semantic/seed_123/xsum/run_manifest.json",
    "policy_trace_file": null,
    "policy_trace_rows": 0,
    "decision_log_file": null
  },
  "capabilities": {
    "supports_external_kv": true,
    "supports_native_prefix_caching": false
  }
}
Saved to /home/kushalkhemani/research/shadowkv_p100/results_p100_n64_3seed/google_gemma-2b-it/semantic/seed_123/xsum/benchmark_hf_google_gemma-2b-it_public_dataset_xsum_semantic_cuda.json
Policy trace disabled. Re-run with --enable_policy_trace to emit policy_trace.jsonl.
