/usr/local/lib/python3.12/dist-packages/torch/cuda/__init__.py:61: FutureWarning: The pynvml package is deprecated. Please install nvidia-ml-py instead. If you did not install pynvml directly, please report this to the maintainers of the package that installed pynvml for you.
  import pynvml  # type: ignore[import]
(APIServer pid=2091) Warning: You are sending unauthenticated requests to the HF Hub. Please set a HF_TOKEN to enable higher rate limits and faster downloads.
/usr/local/lib/python3.12/dist-packages/torch/cuda/__init__.py:61: FutureWarning: The pynvml package is deprecated. Please install nvidia-ml-py instead. If you did not install pynvml directly, please report this to the maintainers of the package that installed pynvml for you.
  import pynvml  # type: ignore[import]
(EngineCore pid=2165) Warning: You are sending unauthenticated requests to the HF Hub. Please set a HF_TOKEN to enable higher rate limits and faster downloads.
(EngineCore pid=2165) Loading safetensors checkpoint shards:   0% Completed | 0/1 [00:00<?, ?it/s]
(EngineCore pid=2165) Loading safetensors checkpoint shards: 100% Completed | 1/1 [00:00<00:00,  1.90it/s]
(EngineCore pid=2165) Loading safetensors checkpoint shards: 100% Completed | 1/1 [00:00<00:00,  1.90it/s]
(EngineCore pid=2165) 
(EngineCore pid=2165) 2026-07-04 03:24:49,546 - INFO - autotuner.py:457 - flashinfer.jit: [Autotuner]: Autotuning process starts ...
(EngineCore pid=2165) 2026-07-04 03:24:49,550 - INFO - autotuner.py:466 - flashinfer.jit: [Autotuner]: Autotuning process ends
(EngineCore pid=2165) Capturing CUDA graphs (mixed prefill-decode, PIECEWISE):   0%|          | 0/51 [00:00<?, ?it/s]Capturing CUDA graphs (mixed prefill-decode, PIECEWISE):  16%|█▌        | 8/51 [00:00<00:00, 79.20it/s]Capturing CUDA graphs (mixed prefill-decode, PIECEWISE):  33%|███▎      | 17/51 [00:00<00:00, 81.13it/s]Capturing CUDA graphs (mixed prefill-decode, PIECEWISE):  51%|█████     | 26/51 [00:00<00:00, 82.55it/s]Capturing CUDA graphs (mixed prefill-decode, PIECEWISE):  69%|██████▊   | 35/51 [00:00<00:00, 84.26it/s]Capturing CUDA graphs (mixed prefill-decode, PIECEWISE):  88%|████████▊ | 45/51 [00:00<00:00, 88.05it/s]Capturing CUDA graphs (mixed prefill-decode, PIECEWISE): 100%|██████████| 51/51 [00:00<00:00, 83.50it/s]
(EngineCore pid=2165) Capturing CUDA graphs (decode, FULL):   0%|          | 0/51 [00:00<?, ?it/s]Capturing CUDA graphs (decode, FULL):  18%|█▊        | 9/51 [00:00<00:00, 87.39it/s]Capturing CUDA graphs (decode, FULL):  39%|███▉      | 20/51 [00:00<00:00, 96.04it/s]Capturing CUDA graphs (decode, FULL):  63%|██████▎   | 32/51 [00:00<00:00, 103.82it/s]Capturing CUDA graphs (decode, FULL):  86%|████████▋ | 44/51 [00:00<00:00, 108.14it/s]Capturing CUDA graphs (decode, FULL): 100%|██████████| 51/51 [00:00<00:00, 105.36it/s]
(APIServer pid=2091) INFO:     Started server process [2091]
(APIServer pid=2091) INFO:     Waiting for application startup.
(APIServer pid=2091) INFO:     Application startup complete.
[rank0]:[W704 03:25:01.712238038 ProcessGroupNCCL.cpp:1575] Warning: WARNING: destroy_process_group() was not called before program exit, which can leak resources. For more info, please see https://pytorch.org/docs/stable/distributed.html#shutdown (function operator())
(APIServer pid=2091) INFO:     Shutting down
(APIServer pid=2091) INFO:     Waiting for application shutdown.
(APIServer pid=2091) INFO:     Application shutdown complete.
(APIServer pid=2091) INFO:     Finished server process [2091]
