/home/kushalkhemani/research/myenv/lib/python3.12/site-packages/torch/cuda/__init__.py:58: FutureWarning: The pynvml package is deprecated. Please install nvidia-ml-py instead. If you did not install pynvml directly, please report this to the maintainers of the package that installed pynvml for you.
  import pynvml  # type: ignore[import]
Using the latest cached version of the dataset since HuggingFaceH4/ultrachat_200k couldn't be found on the Hugging Face Hub (offline mode is enabled).
Found the latest cached dataset configuration 'default' at /home/kushalkhemani/.cache/huggingface/datasets/HuggingFaceH4___ultrachat_200k/default/0.0.0/8049631c405ae6576f93f445c6b8166f76f5505a (last modified on Thu Apr 30 10:11:47 2026).
`torch_dtype` is deprecated! Use `dtype` instead!
Loading checkpoint shards:   0%|          | 0/2 [00:00<?, ?it/s]Loading checkpoint shards:  50%|█████     | 1/2 [00:00<00:00,  1.53it/s]Loading checkpoint shards: 100%|██████████| 2/2 [00:00<00:00,  3.01it/s]
Loading checkpoint shards:   0%|          | 0/2 [00:00<?, ?it/s]Loading checkpoint shards:  50%|█████     | 1/2 [00:00<00:00,  1.56it/s]Loading checkpoint shards: 100%|██████████| 2/2 [00:00<00:00,  3.06it/s]
Loading checkpoint shards:   0%|          | 0/2 [00:00<?, ?it/s]Loading checkpoint shards:  50%|█████     | 1/2 [00:00<00:00,  1.55it/s]Loading checkpoint shards: 100%|██████████| 2/2 [00:00<00:00,  3.05it/s]
Loading checkpoint shards:   0%|          | 0/2 [00:00<?, ?it/s]Loading checkpoint shards:  50%|█████     | 1/2 [00:00<00:00,  1.54it/s]Loading checkpoint shards: 100%|██████████| 2/2 [00:00<00:00,  3.03it/s]
Loading checkpoint shards:   0%|          | 0/2 [00:00<?, ?it/s]Loading checkpoint shards:  50%|█████     | 1/2 [00:00<00:00,  1.52it/s]Loading checkpoint shards: 100%|██████████| 2/2 [00:00<00:00,  3.00it/s]
{
  "no_cache": {
    "mean_latency_ms": 364.7297043751223,
    "p50_latency_ms": 400.36732649969053,
    "p95_latency_ms": 416.20145650113045,
    "p99_latency_ms": 417.4683754108446,
    "p999_latency_ms": 417.5560863427545,
    "throughput_rps": 2.3699455155043605,
    "service_throughput_rps": 2.741756396598578,
    "hit_rate": 0.0,
    "speculative_hits": 0,
    "speculative_hit_rate": 0.0,
    "speculative_precomputes": 0,
    "speculative_cost_ms": 0.0,
    "wasted_precomputes": 0,
    "wasted_compute_ms": 0.0,
    "wasted_compute_ratio": 0.0,
    "utility_proxy_ms": 0.0,
    "gpu_utilization_pct_mean": 95.8359375,
    "promotions": 0,
    "demotions": 0,
    "reuse_attempts": 0,
    "reuse_successes": 0,
    "reuse_failures": 0,
    "reuse_backend_fallbacks": 0,
    "store_attempts": 0,
    "store_successes": 0,
    "store_skips": 0,
    "bypassed_matches": 0,
    "requests_seen": 64,
    "reused_prefix_tokens_total": 0,
    "recompute_tokens_total": 24941,
    "estimated_tokens_saved_total": 0,
    "saved_latency_estimate_ms": 0.0,
    "store_latency_total_ms": 0.0,
    "full_prefill_latency_total_ms": 23342.701080007828,
    "avg_reused_prefix_tokens": 0.0,
    "reuse_success_rate": 0.0,
    "cache_active_final": false,
    "auto_disabled_reason": null,
    "speculative_overlap_ms": 0.0,
    "speculative_overlap_events": 0,
    "bootstrap_store_deferrals": 0,
    "speculative_useful_savings_ms": 0.0,
    "bypass_regret_ms_total": 0.0,
    "transfer_regret_ms_total": 0.0,
    "cache_disable_check_every": 8,
    "cache_disable_min_attempts": 8,
    "cache_disable_min_requests": 10,
    "cache_lookup_calls": 0,
    "cache_lookup_latency_total_ms": 0.0,
    "policy_planning_calls": 0,
    "policy_planning_latency_total_ms": 0.0,
    "semantic_query_calls": 0,
    "semantic_query_latency_total_ms": 0.0,
    "kv_materialization_calls": 0,
    "kv_materialization_latency_total_ms": 0.0,
    "backend_reuse_calls": 0,
    "backend_reuse_latency_total_ms": 0.0,
    "small_prefix_bypass_total": 0,
    "net_latency_saved_estimate_ms_total": 0.0,
    "utility_admission_enabled": false,
    "utility_admission_checks_total": 0,
    "utility_admission_admit_total": 0,
    "negative_utility_bypass_total": 0,
    "utility_expected_saved_ms_total": 0.0,
    "utility_expected_cost_ms_total": 0.0,
    "utility_net_ms_total": 0.0,
    "utility_bucket_257_512_observations": 64,
    "utility_bucket_257_512_full_ms_per_token": 0.9601755052337371,
    "utility_bucket_257_512_reuse_overhead_ms": 8.0,
    "utility_bucket_257_512_admitted": 0,
    "utility_bucket_257_512_negative_bypass": 0,
    "speedup_vs_no_cache_mean": 1.0,
    "speedup_vs_no_cache_p95": 1.0
  },
  "shadow_kv": {
    "mean_latency_ms": 294.3738327345784,
    "p50_latency_ms": 295.09367300033773,
    "p95_latency_ms": 320.88608994990864,
    "p99_latency_ms": 417.9453350906624,
    "p999_latency_ms": 420.92699360863844,
    "throughput_rps": 2.843988214762233,
    "service_throughput_rps": 3.39704107090812,
    "hit_rate": 0.96875,
    "speculative_hits": 0,
    "speculative_hit_rate": 0.0,
    "speculative_precomputes": 1,
    "speculative_cost_ms": 89.51250499922025,
    "wasted_precomputes": 0,
    "wasted_compute_ms": 0.0,
    "wasted_compute_ratio": 0.0,
    "utility_proxy_ms": 0.0,
    "gpu_utilization_pct_mean": 95.953125,
    "promotions": 2,
    "demotions": 0,
    "reuse_attempts": 62,
    "reuse_successes": 62,
    "reuse_failures": 0,
    "reuse_backend_fallbacks": 0,
    "store_attempts": 2,
    "store_successes": 1,
    "store_skips": 1,
    "bypassed_matches": 0,
    "requests_seen": 64,
    "reused_prefix_tokens_total": 5394,
    "recompute_tokens_total": 19547,
    "estimated_tokens_saved_total": 5394,
    "saved_latency_estimate_ms": 4476.120078727868,
    "store_latency_total_ms": 88.84105300057854,
    "full_prefill_latency_total_ms": 748.4168680002767,
    "avg_reused_prefix_tokens": 87.0,
    "reuse_success_rate": 1.0,
    "cache_active_final": true,
    "auto_disabled_reason": null,
    "speculative_overlap_ms": 62.31313300122565,
    "speculative_overlap_events": 1,
    "bootstrap_store_deferrals": 1,
    "speculative_useful_savings_ms": 0.0,
    "bypass_regret_ms_total": 0.0,
    "transfer_regret_ms_total": 0.0,
    "cache_disable_check_every": 8,
    "cache_disable_min_attempts": 8,
    "cache_disable_min_requests": 10,
    "cache_lookup_calls": 0,
    "cache_lookup_latency_total_ms": 0.0,
    "policy_planning_calls": 0,
    "policy_planning_latency_total_ms": 0.0,
    "semantic_query_calls": 0,
    "semantic_query_latency_total_ms": 0.0,
    "kv_materialization_calls": 2,
    "kv_materialization_latency_total_ms": 1.2692250002146466,
    "backend_reuse_calls": 62,
    "backend_reuse_latency_total_ms": 18029.801115995724,
    "small_prefix_bypass_total": 0,
    "net_latency_saved_estimate_ms_total": 4230.658065697057,
    "utility_admission_enabled": false,
    "utility_admission_checks_total": 0,
    "utility_admission_admit_total": 0,
    "negative_utility_bypass_total": 0,
    "utility_expected_saved_ms_total": 0.0,
    "utility_expected_cost_ms_total": 0.0,
    "utility_net_ms_total": 0.0,
    "speculation_cooldown_events": 0,
    "speculation_paused_ticks": 0,
    "speculation_enabled_final": true,
    "effective_speculative_k_final": 2,
    "recent_reuse_density_final": 0.223267750213858,
    "recent_hit_rate_final": 1.0,
    "utility_bucket_257_512_observations": 2,
    "utility_bucket_257_512_full_ms_per_token": 0.7313000692314647,
    "utility_bucket_257_512_reuse_overhead_ms": 8.0,
    "utility_bucket_257_512_admitted": 0,
    "utility_bucket_257_512_negative_bypass": 0,
    "utility_bucket_65_128_observations": 64,
    "utility_bucket_65_128_full_ms_per_token": 0.7499352459764141,
    "utility_bucket_65_128_reuse_overhead_ms": 1.0125942703034458,
    "utility_bucket_65_128_admitted": 0,
    "utility_bucket_65_128_negative_bypass": 0,
    "speedup_vs_no_cache_mean": 1.2390017855424675,
    "speedup_vs_no_cache_p95": 1.2970380129786894
  },
  "shadow_kv_plus": {
    "mean_latency_ms": 291.8270084842334,
    "p50_latency_ms": 294.62572450029256,
    "p95_latency_ms": 317.9175260508599,
    "p99_latency_ms": 408.65997603901627,
    "p999_latency_ms": 415.14208560398043,
    "throughput_rps": 2.8440224324693175,
    "service_throughput_rps": 3.4266876297504427,
    "hit_rate": 0.984375,
    "speculative_hits": 0,
    "speculative_hit_rate": 0.0,
    "speculative_precomputes": 0,
    "speculative_cost_ms": 0.0,
    "wasted_precomputes": 0,
    "wasted_compute_ms": 0.0,
    "wasted_compute_ratio": 0.0,
    "utility_proxy_ms": 0.0,
    "gpu_utilization_pct_mean": 94.5859375,
    "promotions": 1,
    "demotions": 0,
    "reuse_attempts": 63,
    "reuse_successes": 63,
    "reuse_failures": 0,
    "reuse_backend_fallbacks": 0,
    "store_attempts": 1,
    "store_successes": 1,
    "store_skips": 0,
    "bypassed_matches": 0,
    "requests_seen": 64,
    "reused_prefix_tokens_total": 5481,
    "recompute_tokens_total": 19460,
    "estimated_tokens_saved_total": 5481,
    "saved_latency_estimate_ms": 4440.552129880107,
    "store_latency_total_ms": 0.0,
    "full_prefill_latency_total_ms": 415.8623200000875,
    "avg_reused_prefix_tokens": 87.0,
    "reuse_success_rate": 1.0,
    "cache_active_final": true,
    "auto_disabled_reason": null,
    "speculative_overlap_ms": 0.0,
    "speculative_overlap_events": 0,
    "bootstrap_store_deferrals": 0,
    "speculative_useful_savings_ms": 0.0,
    "bypass_regret_ms_total": 0.0,
    "transfer_regret_ms_total": 0.0,
    "cache_disable_check_every": 8,
    "cache_disable_min_attempts": 8,
    "cache_disable_min_requests": 10,
    "cache_lookup_calls": 0,
    "cache_lookup_latency_total_ms": 0.0,
    "policy_planning_calls": 64,
    "policy_planning_latency_total_ms": 2.039494000200648,
    "semantic_query_calls": 0,
    "semantic_query_latency_total_ms": 0.0,
    "kv_materialization_calls": 1,
    "kv_materialization_latency_total_ms": 0.0,
    "backend_reuse_calls": 63,
    "backend_reuse_latency_total_ms": 18289.824634994147,
    "small_prefix_bypass_total": 0,
    "net_latency_saved_estimate_ms_total": 4072.4319311171093,
    "utility_admission_enabled": false,
    "utility_admission_checks_total": 0,
    "utility_admission_admit_total": 0,
    "negative_utility_bypass_total": 0,
    "utility_expected_saved_ms_total": 0.0,
    "utility_expected_cost_ms_total": 0.0,
    "utility_net_ms_total": 0.0,
    "speculation_cooldown_events": 0,
    "speculation_paused_ticks": 0,
    "speculation_enabled_final": true,
    "effective_speculative_k_final": 2,
    "recent_reuse_density_final": 0.223267750213858,
    "recent_hit_rate_final": 1.0,
    "semantic_ablation_mode": "safe",
    "policy_plans_total": 64,
    "policy_bypass_total": 1,
    "policy_exact_total": 63,
    "policy_semantic_partial_total": 0,
    "semantic_index_entries_final": 1,
    "semantic_queries_total": 0,
    "semantic_matches_total": 0,
    "semantic_partial_hits": 0,
    "semantic_partial_reused_tokens_total": 0,
    "semantic_opportunity_plans_total": 0,
    "semantic_opportunity_reused_tokens_total": 0,
    "semantic_opportunity_estimated_savings_ms": 0.0,
    "semantic_blocked_by_backend_total": 0,
    "fast_raw_bypass_total": 0,
    "raw_strategy": "strict_utility_gate",
    "raw_conservative_bypass_total": 0,
    "raw_observer_bypass_total": 0,
    "raw_reuse_evidence_strong_total": 0,
    "raw_reuse_evidence_weak_total": 0,
    "raw_graduated_total": 0,
    "raw_graduate_min_observations": 8,
    "raw_graduate_min_frequency": 0.35,
    "raw_graduate_min_prefix_len": 48,
    "semantic_queries_skipped_total": 64,
    "scaffold_bypass_store_successes": 1,
    "semantic_scaffold_store_successes": 0,
    "scaffold_only_attempts": 0,
    "scaffold_only_hits": 0,
    "early_layer_attempts": 0,
    "early_layer_hits": 0,
    "early_layer_reuse_ratio_sum": 0.0,
    "logit_guard_checks": 0,
    "logit_guard_passes": 0,
    "logit_guard_failures": 0,
    "logit_guard_distance_sum": 0.0,
    "logit_guard_threshold": 0.08,
    "semantic_guarded_hits": 0,
    "semantic_sandbox_checks": 0,
    "semantic_sandbox_passes": 0,
    "semantic_sandbox_failures": 0,
    "semantic_sandbox_divergence_sum": 0.0,
    "semantic_quality_divergence_sum": 0.0,
    "semantic_quality_divergence_events": 0,
    "layer_reuse_ratio_sum": 63.0,
    "layer_reuse_events": 63,
    "policy_expected_benefit_ms": 0.0,
    "policy_expected_cost_ms": 0.0,
    "policy_expected_waste_ms": 0.0,
    "policy_net_utility_ms": 6292.0,
    "opportunistic_prefill_store_successes": 1,
    "fast_exact_path_hits": 63,
    "utility_bucket_257_512_observations": 1,
    "utility_bucket_257_512_full_ms_per_token": 0.6738752074592482,
    "utility_bucket_257_512_reuse_overhead_ms": 8.0,
    "utility_bucket_257_512_admitted": 0,
    "utility_bucket_257_512_negative_bypass": 0,
    "utility_bucket_65_128_observations": 63,
    "utility_bucket_65_128_full_ms_per_token": 0.6,
    "utility_bucket_65_128_reuse_overhead_ms": 2.4576605909639646,
    "utility_bucket_65_128_admitted": 0,
    "utility_bucket_65_128_negative_bypass": 0,
    "speedup_vs_no_cache_mean": 1.2498147661847676,
    "speedup_vs_no_cache_p95": 1.309149142141183
  },
  "config": {
    "backend": "hf",
    "model": "google/gemma-2b-it",
    "device": "cuda",
    "dtype": "float16",
    "tensor_parallel_size": 1,
    "trust_remote_code": false,
    "disable_native_prefix_caching": false,
    "include_experimental": false,
    "engines": [
      "no_cache",
      "shadow_kv",
      "shadow_kv_plus"
    ],
    "include_runtime_baselines": false,
    "include_semantic_ablations": false,
    "policy_preset": "balanced",
    "enable_policy_tuning": false,
    "policy_tuning_requests": 24,
    "policy_tuning_presets": [
      "balanced",
      "aggressive_prefix",
      "aggressive_gpu"
    ],
    "policy_tuning_metric": "utility_adjusted_latency",
    "enable_policy_trace": false,
    "enable_decision_log": false,
    "config_path": "/home/kushalkhemani/research/shadowkv_p100/config/config.yaml",
    "semantic_index_diagnostics": false,
    "allow_unsafe_semantic_kv_reuse": false,
    "early_layer_reuse_ratio": 0.35,
    "logit_guard_threshold": 0.08,
    "min_reuse_prefix_tokens": null,
    "disable_utility_admission": false,
    "utility_min_net_saved_ms": null,
    "measure_energy": false,
    "gpu_index": 0,
    "idle_baseline_seconds": 0.0,
    "energy_output_csv": null,
    "workload": "public_dataset",
    "variant": "high_skew",
    "dataset": "ultrachat",
    "prompt_mode": "templated",
    "dataset_split": null,
    "n_requests": 64,
    "simulate_arrivals": true,
    "mean_inter_arrival_ms": 50.0,
    "max_arrival_sleep_ms": 500.0,
    "max_memory_mb": 64,
    "speculative_k": 2,
    "idle_threshold_ms": 30.0,
    "seed": 123,
    "output_dir": "/home/kushalkhemani/research/shadowkv_p100/results_p100_n64_3seed/google_gemma-2b-it/templated/seed_123/ultrachat",
    "resolved_prompt_mode": "templated",
    "shadowkv_policy_calibration": {
      "profile_lengths": [
        8,
        16,
        32,
        48,
        64,
        96
      ],
      "profile_latencies_ms": [
        77.12941150020924,
        78.94744099939999,
        54.19482249999419,
        65.64308799988794,
        66.14952649943007,
        87.90000550106924
      ],
      "profile_ms_per_token": [
        9.641176437526155,
        4.934215062462499,
        1.6935882031248184,
        1.3675643333309988,
        1.0335863515535948,
        0.9156250573028046
      ],
      "token_benefit_ms": 0.9948745743481407,
      "speculation_penalty_ms": 10.838964499998838,
      "prefill_ms_per_token": 0.9948745743481407,
      "fixed_prefill_overhead_ms": 10.838964499998838,
      "kv_mb_per_token": 0.017578125,
      "policy_preset": "balanced"
    },
    "shadowkv_policy_kwargs": {
      "min_frequency": 0.08,
      "prefill_ms_per_token": 0.9948745743481407,
      "fixed_prefill_overhead_ms": 10.838964499998838,
      "memory_penalty_per_mb": 0.75,
      "kv_mb_per_token": 0.017578125,
      "idle_cost_fraction": 0.55,
      "gpu_idle_cost_fraction": 0.3,
      "benefit_cost_ratio": 0.85,
      "max_admissions_per_idle": 4,
      "min_prefix_len": 16,
      "preferred_prefix_len": 80,
      "max_prefix_len": 224,
      "min_observations": 1,
      "min_expected_net_ms": 2.4871864358703517,
      "min_recent_support": 0.01,
      "recent_support_weight": 0.6,
      "recent_streak_weight": 0.22,
      "observation_weight": 0.18,
      "global_frequency_weight": 0.22,
      "reuse_discount": 0.95,
      "min_utility_score": 0.02,
      "reuse_horizon_s": 1.4,
      "bootstrap_horizon_requests": 1.1,
      "branching_weight": 0.14
    },
    "policy_tuning_report": null,
    "resolved_model": "google/gemma-2b-it",
    "config_version": "shadowkv-policy-v1",
    "config_hash_sha256": "22ef8f32dd8dd01f08e85becac910d9c66eafb9b01b52aecca99949b2b3529df",
    "run_manifest_file": "/home/kushalkhemani/research/shadowkv_p100/results_p100_n64_3seed/google_gemma-2b-it/templated/seed_123/ultrachat/run_manifest.json",
    "policy_trace_file": null,
    "policy_trace_rows": 0,
    "decision_log_file": null
  },
  "capabilities": {
    "supports_external_kv": true,
    "supports_native_prefix_caching": false
  }
}
Saved to /home/kushalkhemani/research/shadowkv_p100/results_p100_n64_3seed/google_gemma-2b-it/templated/seed_123/ultrachat/benchmark_hf_google_gemma-2b-it_public_dataset_ultrachat_templated_cuda.json
Policy trace disabled. Re-run with --enable_policy_trace to emit policy_trace.jsonl.
