/home/kushalkhemani/research/myenv/lib/python3.12/site-packages/torch/cuda/__init__.py:58: FutureWarning: The pynvml package is deprecated. Please install nvidia-ml-py instead. If you did not install pynvml directly, please report this to the maintainers of the package that installed pynvml for you.
  import pynvml  # type: ignore[import]
Using the latest cached version of the dataset since HuggingFaceH4/ultrachat_200k couldn't be found on the Hugging Face Hub (offline mode is enabled).
Found the latest cached dataset configuration 'default' at /home/kushalkhemani/.cache/huggingface/datasets/HuggingFaceH4___ultrachat_200k/default/0.0.0/8049631c405ae6576f93f445c6b8166f76f5505a (last modified on Thu Apr 30 10:11:47 2026).
`torch_dtype` is deprecated! Use `dtype` instead!
Loading checkpoint shards:   0%|          | 0/2 [00:00<?, ?it/s]Loading checkpoint shards:  50%|█████     | 1/2 [00:00<00:00,  1.56it/s]Loading checkpoint shards: 100%|██████████| 2/2 [00:00<00:00,  3.06it/s]
Loading checkpoint shards:   0%|          | 0/2 [00:00<?, ?it/s]Loading checkpoint shards:  50%|█████     | 1/2 [00:00<00:00,  1.59it/s]Loading checkpoint shards: 100%|██████████| 2/2 [00:00<00:00,  3.12it/s]
Loading checkpoint shards:   0%|          | 0/2 [00:00<?, ?it/s]Loading checkpoint shards:  50%|█████     | 1/2 [00:00<00:00,  1.55it/s]Loading checkpoint shards: 100%|██████████| 2/2 [00:00<00:00,  3.05it/s]
Loading checkpoint shards:   0%|          | 0/2 [00:00<?, ?it/s]Loading checkpoint shards:  50%|█████     | 1/2 [00:00<00:00,  1.54it/s]Loading checkpoint shards: 100%|██████████| 2/2 [00:00<00:00,  3.03it/s]
Loading checkpoint shards:   0%|          | 0/2 [00:00<?, ?it/s]Loading checkpoint shards:  50%|█████     | 1/2 [00:00<00:00,  1.53it/s]Loading checkpoint shards: 100%|██████████| 2/2 [00:00<00:00,  3.01it/s]
{
  "no_cache": {
    "mean_latency_ms": 286.1722324531968,
    "p50_latency_ms": 290.18117699979484,
    "p95_latency_ms": 298.45481919946906,
    "p99_latency_ms": 347.89527734026683,
    "p999_latency_ms": 395.9603674333252,
    "throughput_rps": 2.9085716768244376,
    "service_throughput_rps": 3.4943991295995116,
    "hit_rate": 0.0,
    "speculative_hits": 0,
    "speculative_hit_rate": 0.0,
    "speculative_precomputes": 0,
    "speculative_cost_ms": 0.0,
    "wasted_precomputes": 0,
    "wasted_compute_ms": 0.0,
    "wasted_compute_ratio": 0.0,
    "utility_proxy_ms": 0.0,
    "gpu_utilization_pct_mean": 94.7890625,
    "promotions": 0,
    "demotions": 0,
    "reuse_attempts": 0,
    "reuse_successes": 0,
    "reuse_failures": 0,
    "reuse_backend_fallbacks": 0,
    "store_attempts": 0,
    "store_successes": 0,
    "store_skips": 0,
    "bypassed_matches": 0,
    "requests_seen": 64,
    "reused_prefix_tokens_total": 0,
    "recompute_tokens_total": 19437,
    "estimated_tokens_saved_total": 0,
    "saved_latency_estimate_ms": 0.0,
    "store_latency_total_ms": 0.0,
    "full_prefill_latency_total_ms": 18315.022877004594,
    "avg_reused_prefix_tokens": 0.0,
    "reuse_success_rate": 0.0,
    "cache_active_final": false,
    "auto_disabled_reason": null,
    "speculative_overlap_ms": 0.0,
    "speculative_overlap_events": 0,
    "bootstrap_store_deferrals": 0,
    "speculative_useful_savings_ms": 0.0,
    "bypass_regret_ms_total": 0.0,
    "transfer_regret_ms_total": 0.0,
    "cache_disable_check_every": 8,
    "cache_disable_min_attempts": 8,
    "cache_disable_min_requests": 10,
    "cache_lookup_calls": 0,
    "cache_lookup_latency_total_ms": 0.0,
    "policy_planning_calls": 0,
    "policy_planning_latency_total_ms": 0.0,
    "semantic_query_calls": 0,
    "semantic_query_latency_total_ms": 0.0,
    "kv_materialization_calls": 0,
    "kv_materialization_latency_total_ms": 0.0,
    "backend_reuse_calls": 0,
    "backend_reuse_latency_total_ms": 0.0,
    "small_prefix_bypass_total": 0,
    "net_latency_saved_estimate_ms_total": 0.0,
    "utility_admission_enabled": false,
    "utility_admission_checks_total": 0,
    "utility_admission_admit_total": 0,
    "negative_utility_bypass_total": 0,
    "utility_expected_saved_ms_total": 0.0,
    "utility_expected_cost_ms_total": 0.0,
    "utility_net_ms_total": 0.0,
    "utility_bucket_129_256_observations": 2,
    "utility_bucket_129_256_full_ms_per_token": 0.6930075501468573,
    "utility_bucket_129_256_reuse_overhead_ms": 8.0,
    "utility_bucket_129_256_admitted": 0,
    "utility_bucket_129_256_negative_bypass": 0,
    "utility_bucket_257_512_observations": 62,
    "utility_bucket_257_512_full_ms_per_token": 0.9476221029410647,
    "utility_bucket_257_512_reuse_overhead_ms": 8.0,
    "utility_bucket_257_512_admitted": 0,
    "utility_bucket_257_512_negative_bypass": 0,
    "speedup_vs_no_cache_mean": 1.0,
    "speedup_vs_no_cache_p95": 1.0
  },
  "shadow_kv": {
    "mean_latency_ms": 288.59234165634007,
    "p50_latency_ms": 290.3200110004036,
    "p95_latency_ms": 316.71891215064534,
    "p99_latency_ms": 371.7128277898154,
    "p999_latency_ms": 398.8444394792534,
    "throughput_rps": 2.908655822701569,
    "service_throughput_rps": 3.465095415424483,
    "hit_rate": 0.0,
    "speculative_hits": 0,
    "speculative_hit_rate": 0.0,
    "speculative_precomputes": 1,
    "speculative_cost_ms": 135.43668999955116,
    "wasted_precomputes": 1,
    "wasted_compute_ms": 135.43668999955116,
    "wasted_compute_ratio": 1.0,
    "utility_proxy_ms": -135.43668999955116,
    "gpu_utilization_pct_mean": 94.03125,
    "promotions": 1,
    "demotions": 0,
    "reuse_attempts": 62,
    "reuse_successes": 0,
    "reuse_failures": 0,
    "reuse_backend_fallbacks": 0,
    "store_attempts": 2,
    "store_successes": 2,
    "store_skips": 0,
    "bypassed_matches": 62,
    "requests_seen": 64,
    "reused_prefix_tokens_total": 0,
    "recompute_tokens_total": 19437,
    "estimated_tokens_saved_total": 0,
    "saved_latency_estimate_ms": 0.0,
    "store_latency_total_ms": 111.31103099796746,
    "full_prefill_latency_total_ms": 18358.598835007797,
    "avg_reused_prefix_tokens": 0.0,
    "reuse_success_rate": 0.0,
    "cache_active_final": false,
    "auto_disabled_reason": "no_usable_reuse",
    "speculative_overlap_ms": 126.83823100087466,
    "speculative_overlap_events": 1,
    "bootstrap_store_deferrals": 0,
    "speculative_useful_savings_ms": 0.0,
    "bypass_regret_ms_total": 333.1825148903744,
    "transfer_regret_ms_total": 0.0,
    "cache_disable_check_every": 8,
    "cache_disable_min_attempts": 8,
    "cache_disable_min_requests": 10,
    "cache_lookup_calls": 0,
    "cache_lookup_latency_total_ms": 0.0,
    "policy_planning_calls": 0,
    "policy_planning_latency_total_ms": 0.0,
    "semantic_query_calls": 0,
    "semantic_query_latency_total_ms": 0.0,
    "kv_materialization_calls": 3,
    "kv_materialization_latency_total_ms": 2.282704999743146,
    "backend_reuse_calls": 0,
    "backend_reuse_latency_total_ms": 0.0,
    "small_prefix_bypass_total": 0,
    "net_latency_saved_estimate_ms_total": 0.0,
    "utility_admission_enabled": false,
    "utility_admission_checks_total": 0,
    "utility_admission_admit_total": 0,
    "negative_utility_bypass_total": 0,
    "utility_expected_saved_ms_total": 0.0,
    "utility_expected_cost_ms_total": 0.0,
    "utility_net_ms_total": 0.0,
    "speculation_cooldown_events": 0,
    "speculation_paused_ticks": 85,
    "speculation_enabled_final": false,
    "effective_speculative_k_final": 0,
    "recent_reuse_density_final": 0.0,
    "recent_hit_rate_final": 0.0,
    "utility_bucket_0_64_observations": 3,
    "utility_bucket_0_64_full_ms_per_token": 2.134090858611316,
    "utility_bucket_0_64_reuse_overhead_ms": 8.0,
    "utility_bucket_0_64_admitted": 0,
    "utility_bucket_0_64_negative_bypass": 0,
    "utility_bucket_129_256_observations": 2,
    "utility_bucket_129_256_full_ms_per_token": 0.6931857975045425,
    "utility_bucket_129_256_reuse_overhead_ms": 8.0,
    "utility_bucket_129_256_admitted": 0,
    "utility_bucket_129_256_negative_bypass": 0,
    "utility_bucket_257_512_observations": 62,
    "utility_bucket_257_512_full_ms_per_token": 0.9478629904449845,
    "utility_bucket_257_512_reuse_overhead_ms": 8.0,
    "utility_bucket_257_512_admitted": 0,
    "utility_bucket_257_512_negative_bypass": 0,
    "speedup_vs_no_cache_mean": 0.9916140906953617,
    "speedup_vs_no_cache_p95": 0.9423334311577546
  },
  "shadow_kv_plus": {
    "mean_latency_ms": 287.3525561717827,
    "p50_latency_ms": 290.7749124997281,
    "p95_latency_ms": 314.25808225121716,
    "p99_latency_ms": 349.16607680032007,
    "p999_latency_ms": 396.2264757807938,
    "throughput_rps": 2.908614466274712,
    "service_throughput_rps": 3.480045604334866,
    "hit_rate": 0.0,
    "speculative_hits": 0,
    "speculative_hit_rate": 0.0,
    "speculative_precomputes": 1,
    "speculative_cost_ms": 252.26580799971998,
    "wasted_precomputes": 1,
    "wasted_compute_ms": 252.26580799971998,
    "wasted_compute_ratio": 1.0,
    "utility_proxy_ms": -252.26580799971998,
    "gpu_utilization_pct_mean": 95.84375,
    "promotions": 1,
    "demotions": 0,
    "reuse_attempts": 0,
    "reuse_successes": 0,
    "reuse_failures": 0,
    "reuse_backend_fallbacks": 0,
    "store_attempts": 0,
    "store_successes": 0,
    "store_skips": 0,
    "bypassed_matches": 0,
    "requests_seen": 64,
    "reused_prefix_tokens_total": 0,
    "recompute_tokens_total": 19437,
    "estimated_tokens_saved_total": 0,
    "saved_latency_estimate_ms": 0.0,
    "store_latency_total_ms": 0.0,
    "full_prefill_latency_total_ms": 18390.56359499409,
    "avg_reused_prefix_tokens": 0.0,
    "reuse_success_rate": 0.0,
    "cache_active_final": true,
    "auto_disabled_reason": null,
    "speculative_overlap_ms": 242.96110999966913,
    "speculative_overlap_events": 1,
    "bootstrap_store_deferrals": 0,
    "speculative_useful_savings_ms": 0.0,
    "bypass_regret_ms_total": 0.0,
    "transfer_regret_ms_total": 0.0,
    "cache_disable_check_every": 8,
    "cache_disable_min_attempts": 8,
    "cache_disable_min_requests": 10,
    "cache_lookup_calls": 0,
    "cache_lookup_latency_total_ms": 0.0,
    "policy_planning_calls": 0,
    "policy_planning_latency_total_ms": 0.0,
    "semantic_query_calls": 0,
    "semantic_query_latency_total_ms": 0.0,
    "kv_materialization_calls": 1,
    "kv_materialization_latency_total_ms": 0.0,
    "backend_reuse_calls": 0,
    "backend_reuse_latency_total_ms": 0.0,
    "small_prefix_bypass_total": 0,
    "net_latency_saved_estimate_ms_total": 0.0,
    "utility_admission_enabled": false,
    "utility_admission_checks_total": 0,
    "utility_admission_admit_total": 0,
    "negative_utility_bypass_total": 0,
    "utility_expected_saved_ms_total": 0.0,
    "utility_expected_cost_ms_total": 0.0,
    "utility_net_ms_total": 0.0,
    "speculation_cooldown_events": 0,
    "speculation_paused_ticks": 524,
    "speculation_enabled_final": false,
    "effective_speculative_k_final": 0,
    "recent_reuse_density_final": 0.0,
    "recent_hit_rate_final": 0.0,
    "semantic_ablation_mode": "safe",
    "policy_plans_total": 0,
    "policy_bypass_total": 0,
    "policy_exact_total": 0,
    "policy_semantic_partial_total": 0,
    "semantic_index_entries_final": 0,
    "semantic_queries_total": 0,
    "semantic_matches_total": 0,
    "semantic_partial_hits": 0,
    "semantic_partial_reused_tokens_total": 0,
    "semantic_opportunity_plans_total": 0,
    "semantic_opportunity_reused_tokens_total": 0,
    "semantic_opportunity_estimated_savings_ms": 0.0,
    "semantic_blocked_by_backend_total": 0,
    "fast_raw_bypass_total": 64,
    "raw_strategy": "strict_utility_gate",
    "raw_conservative_bypass_total": 64,
    "raw_observer_bypass_total": 0,
    "raw_reuse_evidence_strong_total": 0,
    "raw_reuse_evidence_weak_total": 64,
    "raw_graduated_total": 0,
    "raw_graduate_min_observations": 8,
    "raw_graduate_min_frequency": 0.35,
    "raw_graduate_min_prefix_len": 48,
    "semantic_queries_skipped_total": 0,
    "scaffold_bypass_store_successes": 0,
    "semantic_scaffold_store_successes": 0,
    "scaffold_only_attempts": 0,
    "scaffold_only_hits": 0,
    "early_layer_attempts": 0,
    "early_layer_hits": 0,
    "early_layer_reuse_ratio_sum": 0.0,
    "logit_guard_checks": 0,
    "logit_guard_passes": 0,
    "logit_guard_failures": 0,
    "logit_guard_distance_sum": 0.0,
    "logit_guard_threshold": 0.08,
    "semantic_guarded_hits": 0,
    "semantic_sandbox_checks": 0,
    "semantic_sandbox_passes": 0,
    "semantic_sandbox_failures": 0,
    "semantic_sandbox_divergence_sum": 0.0,
    "semantic_quality_divergence_sum": 0.0,
    "semantic_quality_divergence_events": 0,
    "layer_reuse_ratio_sum": 0.0,
    "layer_reuse_events": 0,
    "policy_expected_benefit_ms": 0.0,
    "policy_expected_cost_ms": 0.0,
    "policy_expected_waste_ms": 0.0,
    "policy_net_utility_ms": 0.0,
    "opportunistic_prefill_store_successes": 0,
    "fast_exact_path_hits": 0,
    "utility_bucket_0_64_observations": 1,
    "utility_bucket_0_64_full_ms_per_token": 2.6736157217366956,
    "utility_bucket_0_64_reuse_overhead_ms": 8.0,
    "utility_bucket_0_64_admitted": 0,
    "utility_bucket_0_64_negative_bypass": 0,
    "utility_bucket_129_256_observations": 2,
    "utility_bucket_129_256_full_ms_per_token": 0.6935242393470382,
    "utility_bucket_129_256_reuse_overhead_ms": 8.0,
    "utility_bucket_129_256_admitted": 0,
    "utility_bucket_129_256_negative_bypass": 0,
    "utility_bucket_257_512_observations": 62,
    "utility_bucket_257_512_full_ms_per_token": 0.9494634578257115,
    "utility_bucket_257_512_reuse_overhead_ms": 8.0,
    "utility_bucket_257_512_admitted": 0,
    "utility_bucket_257_512_negative_bypass": 0,
    "speedup_vs_no_cache_mean": 0.9958924196314429,
    "speedup_vs_no_cache_p95": 0.9497124690046476
  },
  "config": {
    "backend": "hf",
    "model": "google/gemma-2b-it",
    "device": "cuda",
    "dtype": "float16",
    "tensor_parallel_size": 1,
    "trust_remote_code": false,
    "disable_native_prefix_caching": false,
    "include_experimental": false,
    "engines": [
      "no_cache",
      "shadow_kv",
      "shadow_kv_plus"
    ],
    "include_runtime_baselines": false,
    "include_semantic_ablations": false,
    "policy_preset": "balanced",
    "enable_policy_tuning": false,
    "policy_tuning_requests": 24,
    "policy_tuning_presets": [
      "balanced",
      "aggressive_prefix",
      "aggressive_gpu"
    ],
    "policy_tuning_metric": "utility_adjusted_latency",
    "enable_policy_trace": false,
    "enable_decision_log": false,
    "config_path": "/home/kushalkhemani/research/shadowkv_p100/config/config.yaml",
    "semantic_index_diagnostics": false,
    "allow_unsafe_semantic_kv_reuse": false,
    "early_layer_reuse_ratio": 0.35,
    "logit_guard_threshold": 0.08,
    "min_reuse_prefix_tokens": null,
    "disable_utility_admission": false,
    "utility_min_net_saved_ms": null,
    "measure_energy": false,
    "gpu_index": 0,
    "idle_baseline_seconds": 0.0,
    "energy_output_csv": null,
    "workload": "public_dataset",
    "variant": "high_skew",
    "dataset": "ultrachat",
    "prompt_mode": "raw",
    "dataset_split": null,
    "n_requests": 64,
    "simulate_arrivals": true,
    "mean_inter_arrival_ms": 50.0,
    "max_arrival_sleep_ms": 500.0,
    "max_memory_mb": 64,
    "speculative_k": 2,
    "idle_threshold_ms": 30.0,
    "seed": 123,
    "output_dir": "/home/kushalkhemani/research/shadowkv_p100/results_p100_n64_3seed/google_gemma-2b-it/raw/seed_123/ultrachat",
    "resolved_prompt_mode": "raw",
    "shadowkv_policy_calibration": {
      "profile_lengths": [
        8,
        16,
        32,
        48,
        64,
        96
      ],
      "profile_latencies_ms": [
        77.97385400044732,
        79.68788549896999,
        54.86256500080344,
        66.32610650012793,
        66.84633950044372,
        88.44345199941017
      ],
      "profile_ms_per_token": [
        9.746731750055915,
        4.980492843685624,
        1.7144551562751076,
        1.381793885419332,
        1.044474054694433,
        0.9212859583271893
      ],
      "token_benefit_ms": 1.0062809385506928,
      "speculation_penalty_ms": 10.972513000160689,
      "prefill_ms_per_token": 1.0062809385506928,
      "fixed_prefill_overhead_ms": 10.972513000160689,
      "kv_mb_per_token": 0.017578125,
      "policy_preset": "balanced"
    },
    "shadowkv_policy_kwargs": {
      "min_frequency": 0.16,
      "prefill_ms_per_token": 1.0062809385506928,
      "fixed_prefill_overhead_ms": 10.972513000160689,
      "memory_penalty_per_mb": 0.75,
      "kv_mb_per_token": 0.017578125,
      "idle_cost_fraction": 0.55,
      "gpu_idle_cost_fraction": 0.3,
      "benefit_cost_ratio": 0.92,
      "max_admissions_per_idle": 2,
      "min_prefix_len": 16,
      "preferred_prefix_len": 64,
      "max_prefix_len": 192,
      "min_observations": 3,
      "min_expected_net_ms": 6.037685631304157,
      "min_recent_support": 0.04,
      "recent_support_weight": 0.6,
      "recent_streak_weight": 0.22,
      "observation_weight": 0.18,
      "global_frequency_weight": 0.22,
      "reuse_discount": 0.95,
      "min_utility_score": 0.02,
      "reuse_horizon_s": 0.75,
      "bootstrap_horizon_requests": 0.45,
      "branching_weight": 0.1
    },
    "policy_tuning_report": null,
    "resolved_model": "google/gemma-2b-it",
    "config_version": "shadowkv-policy-v1",
    "config_hash_sha256": "22ef8f32dd8dd01f08e85becac910d9c66eafb9b01b52aecca99949b2b3529df",
    "run_manifest_file": "/home/kushalkhemani/research/shadowkv_p100/results_p100_n64_3seed/google_gemma-2b-it/raw/seed_123/ultrachat/run_manifest.json",
    "policy_trace_file": null,
    "policy_trace_rows": 0,
    "decision_log_file": null
  },
  "capabilities": {
    "supports_external_kv": true,
    "supports_native_prefix_caching": false
  }
}
Saved to /home/kushalkhemani/research/shadowkv_p100/results_p100_n64_3seed/google_gemma-2b-it/raw/seed_123/ultrachat/benchmark_hf_google_gemma-2b-it_public_dataset_ultrachat_raw_cuda.json
Policy trace disabled. Re-run with --enable_policy_trace to emit policy_trace.jsonl.
