2026-07-11 05:26:00  ================================================================================
2026-07-11 05:26:00  BLACKWELL SEMANTIC N128 ISOLATED START models=2 datasets=1 modes=1 engines=3 seeds=[42] jobs=6
2026-07-11 05:26:00  ================================================================================
2026-07-11 05:26:00  JOB 1/6 model=google/gemma-4-31B-it dataset=ag_news mode=semantic engine=no_cache seed=42
2026-07-11 05:26:00  CMD  /usr/bin/python3 experiments/run_benchmark.py --backend hf --model google/gemma-4-31B-it --device cuda --dtype float16 --workload public_dataset --dataset ag_news --prompt_mode semantic --n_requests 16 --mean_inter_arrival_ms 50.0 --max_arrival_sleep_ms 500.0 --max_memory_mb 512 --speculative_k 2 --idle_threshold_ms 30.0 --seed 42 --engines no_cache --policy_preset balanced --early_layer_reuse_ratio 0.35 --logit_guard_threshold 0.08 --gpu_index 0 --idle_baseline_seconds 5.0 --output_dir results_smoke_gemma4_31b_26b_a4b_longprefix_smoke_20260711/google_gemma-4-31B-it/semantic/seed_42/ag_news/no_cache --measure_energy --simulate_arrivals --allow_unsafe_semantic_kv_reuse --enable_policy_trace
2026-07-11 05:26:49       OK elapsed=48.3s
2026-07-11 05:26:49  JOB 2/6 model=google/gemma-4-31B-it dataset=ag_news mode=semantic engine=shadow_kv seed=42
2026-07-11 05:26:49  CMD  /usr/bin/python3 experiments/run_benchmark.py --backend hf --model google/gemma-4-31B-it --device cuda --dtype float16 --workload public_dataset --dataset ag_news --prompt_mode semantic --n_requests 16 --mean_inter_arrival_ms 50.0 --max_arrival_sleep_ms 500.0 --max_memory_mb 512 --speculative_k 2 --idle_threshold_ms 30.0 --seed 42 --engines shadow_kv --policy_preset balanced --early_layer_reuse_ratio 0.35 --logit_guard_threshold 0.08 --gpu_index 0 --idle_baseline_seconds 5.0 --output_dir results_smoke_gemma4_31b_26b_a4b_longprefix_smoke_20260711/google_gemma-4-31B-it/semantic/seed_42/ag_news/shadow_kv --measure_energy --simulate_arrivals --allow_unsafe_semantic_kv_reuse --enable_policy_trace
2026-07-11 05:27:37       OK elapsed=48.9s
2026-07-11 05:27:37  JOB 3/6 model=google/gemma-4-31B-it dataset=ag_news mode=semantic engine=shadow_kv_plus seed=42
2026-07-11 05:27:37  CMD  /usr/bin/python3 experiments/run_benchmark.py --backend hf --model google/gemma-4-31B-it --device cuda --dtype float16 --workload public_dataset --dataset ag_news --prompt_mode semantic --n_requests 16 --mean_inter_arrival_ms 50.0 --max_arrival_sleep_ms 500.0 --max_memory_mb 512 --speculative_k 2 --idle_threshold_ms 30.0 --seed 42 --engines shadow_kv_plus --policy_preset balanced --early_layer_reuse_ratio 0.35 --logit_guard_threshold 0.08 --gpu_index 0 --idle_baseline_seconds 5.0 --output_dir results_smoke_gemma4_31b_26b_a4b_longprefix_smoke_20260711/google_gemma-4-31B-it/semantic/seed_42/ag_news/shadow_kv_plus --measure_energy --simulate_arrivals --allow_unsafe_semantic_kv_reuse --enable_policy_trace
2026-07-11 05:28:27       OK elapsed=49.4s
2026-07-11 05:28:27  JOB 4/6 model=google/gemma-4-26B-A4B-it dataset=ag_news mode=semantic engine=no_cache seed=42
2026-07-11 05:28:27  CMD  /usr/bin/python3 experiments/run_benchmark.py --backend hf --model google/gemma-4-26B-A4B-it --device cuda --dtype float16 --workload public_dataset --dataset ag_news --prompt_mode semantic --n_requests 16 --mean_inter_arrival_ms 50.0 --max_arrival_sleep_ms 500.0 --max_memory_mb 512 --speculative_k 2 --idle_threshold_ms 30.0 --seed 42 --engines no_cache --policy_preset balanced --early_layer_reuse_ratio 0.35 --logit_guard_threshold 0.08 --gpu_index 0 --idle_baseline_seconds 5.0 --output_dir results_smoke_gemma4_31b_26b_a4b_longprefix_smoke_20260711/google_gemma-4-26B-A4B-it/semantic/seed_42/ag_news/no_cache --measure_energy --simulate_arrivals --allow_unsafe_semantic_kv_reuse --enable_policy_trace
2026-07-11 05:29:11       OK elapsed=44.2s
2026-07-11 05:29:11  JOB 5/6 model=google/gemma-4-26B-A4B-it dataset=ag_news mode=semantic engine=shadow_kv seed=42
2026-07-11 05:29:11  CMD  /usr/bin/python3 experiments/run_benchmark.py --backend hf --model google/gemma-4-26B-A4B-it --device cuda --dtype float16 --workload public_dataset --dataset ag_news --prompt_mode semantic --n_requests 16 --mean_inter_arrival_ms 50.0 --max_arrival_sleep_ms 500.0 --max_memory_mb 512 --speculative_k 2 --idle_threshold_ms 30.0 --seed 42 --engines shadow_kv --policy_preset balanced --early_layer_reuse_ratio 0.35 --logit_guard_threshold 0.08 --gpu_index 0 --idle_baseline_seconds 5.0 --output_dir results_smoke_gemma4_31b_26b_a4b_longprefix_smoke_20260711/google_gemma-4-26B-A4B-it/semantic/seed_42/ag_news/shadow_kv --measure_energy --simulate_arrivals --allow_unsafe_semantic_kv_reuse --enable_policy_trace
2026-07-11 05:29:55       OK elapsed=43.5s
2026-07-11 05:29:55  JOB 6/6 model=google/gemma-4-26B-A4B-it dataset=ag_news mode=semantic engine=shadow_kv_plus seed=42
2026-07-11 05:29:55  CMD  /usr/bin/python3 experiments/run_benchmark.py --backend hf --model google/gemma-4-26B-A4B-it --device cuda --dtype float16 --workload public_dataset --dataset ag_news --prompt_mode semantic --n_requests 16 --mean_inter_arrival_ms 50.0 --max_arrival_sleep_ms 500.0 --max_memory_mb 512 --speculative_k 2 --idle_threshold_ms 30.0 --seed 42 --engines shadow_kv_plus --policy_preset balanced --early_layer_reuse_ratio 0.35 --logit_guard_threshold 0.08 --gpu_index 0 --idle_baseline_seconds 5.0 --output_dir results_smoke_gemma4_31b_26b_a4b_longprefix_smoke_20260711/google_gemma-4-26B-A4B-it/semantic/seed_42/ag_news/shadow_kv_plus --measure_energy --simulate_arrivals --allow_unsafe_semantic_kv_reuse --enable_policy_trace
2026-07-11 05:30:38       OK elapsed=43.6s
2026-07-11 05:30:38  ================================================================================
2026-07-11 05:30:38  DONE elapsed=277.9s failed=0/6
2026-07-11 05:30:38  Saved results_smoke_gemma4_31b_26b_a4b_longprefix_smoke_20260711/all_results.csv
2026-07-11 05:30:38  Saved results_smoke_gemma4_31b_26b_a4b_longprefix_smoke_20260711/comparisons_vs_no_cache.csv
2026-07-11 05:30:38  Saved results_smoke_gemma4_31b_26b_a4b_longprefix_smoke_20260711/reuse_path_breakdown.csv
2026-07-11 05:30:38  ================================================================================
