/usr/local/lib/python3.12/dist-packages/torch/cuda/__init__.py:61: FutureWarning: The pynvml package is deprecated. Please install nvidia-ml-py instead. If you did not install pynvml directly, please report this to the maintainers of the package that installed pynvml for you.
  import pynvml  # type: ignore[import]
(APIServer pid=438) Warning: You are sending unauthenticated requests to the HF Hub. Please set a HF_TOKEN to enable higher rate limits and faster downloads.
/usr/local/lib/python3.12/dist-packages/torch/cuda/__init__.py:61: FutureWarning: The pynvml package is deprecated. Please install nvidia-ml-py instead. If you did not install pynvml directly, please report this to the maintainers of the package that installed pynvml for you.
  import pynvml  # type: ignore[import]
(EngineCore pid=512) Loading safetensors checkpoint shards:   0% Completed | 0/1 [00:00<?, ?it/s]
(EngineCore pid=512) Loading safetensors checkpoint shards: 100% Completed | 1/1 [00:00<00:00,  1.88it/s]
(EngineCore pid=512) Loading safetensors checkpoint shards: 100% Completed | 1/1 [00:00<00:00,  1.88it/s]
(EngineCore pid=512) 
(EngineCore pid=512) 2026-07-04 03:22:11,121 - INFO - autotuner.py:457 - flashinfer.jit: [Autotuner]: Autotuning process starts ...
(EngineCore pid=512) 2026-07-04 03:22:11,125 - INFO - autotuner.py:466 - flashinfer.jit: [Autotuner]: Autotuning process ends
(EngineCore pid=512) Capturing CUDA graphs (mixed prefill-decode, PIECEWISE):   0%|          | 0/51 [00:00<?, ?it/s]Capturing CUDA graphs (mixed prefill-decode, PIECEWISE):  18%|█▊        | 9/51 [00:00<00:00, 83.25it/s]Capturing CUDA graphs (mixed prefill-decode, PIECEWISE):  35%|███▌      | 18/51 [00:00<00:00, 86.57it/s]Capturing CUDA graphs (mixed prefill-decode, PIECEWISE):  55%|█████▍    | 28/51 [00:00<00:00, 91.12it/s]Capturing CUDA graphs (mixed prefill-decode, PIECEWISE):  75%|███████▍  | 38/51 [00:00<00:00, 93.76it/s]Capturing CUDA graphs (mixed prefill-decode, PIECEWISE):  94%|█████████▍| 48/51 [00:00<00:00, 94.15it/s]Capturing CUDA graphs (mixed prefill-decode, PIECEWISE): 100%|██████████| 51/51 [00:00<00:00, 87.81it/s]
(EngineCore pid=512) Capturing CUDA graphs (decode, FULL):   0%|          | 0/51 [00:00<?, ?it/s]Capturing CUDA graphs (decode, FULL):  18%|█▊        | 9/51 [00:00<00:00, 87.80it/s]Capturing CUDA graphs (decode, FULL):  39%|███▉      | 20/51 [00:00<00:00, 96.61it/s]Capturing CUDA graphs (decode, FULL):  61%|██████    | 31/51 [00:00<00:00, 98.75it/s]Capturing CUDA graphs (decode, FULL):  82%|████████▏ | 42/51 [00:00<00:00, 102.70it/s]Capturing CUDA graphs (decode, FULL): 100%|██████████| 51/51 [00:00<00:00, 102.10it/s]
(EngineCore pid=512) Warning: You are sending unauthenticated requests to the HF Hub. Please set a HF_TOKEN to enable higher rate limits and faster downloads.
(APIServer pid=438) INFO:     Started server process [438]
(APIServer pid=438) INFO:     Waiting for application startup.
(APIServer pid=438) INFO:     Application startup complete.
[rank0]:[W704 03:22:22.617494343 ProcessGroupNCCL.cpp:1575] Warning: WARNING: destroy_process_group() was not called before program exit, which can leak resources. For more info, please see https://pytorch.org/docs/stable/distributed.html#shutdown (function operator())
(APIServer pid=438) INFO:     Shutting down
(APIServer pid=438) INFO:     Waiting for application shutdown.
(APIServer pid=438) INFO:     Application shutdown complete.
(APIServer pid=438) INFO:     Finished server process [438]
