/usr/local/lib/python3.12/dist-packages/torch/cuda/__init__.py:61: FutureWarning: The pynvml package is deprecated. Please install nvidia-ml-py instead. If you did not install pynvml directly, please report this to the maintainers of the package that installed pynvml for you.
  import pynvml  # type: ignore[import]
[32;20m[2026-06-17 04:19:59,916] LMCache INFO:[0m  torch_dev=<module 'torch.cuda' from '/usr/local/lib/python3.12/dist-packages/torch/cuda/__init__.py'>, torch_device_type=cuda [3m(__init__.py:62:lmcache)[0m
[32;20m[2026-06-17 04:20:00,235] LMCache INFO:[0m Skipping backend lmcache.xpu_ops: predicate returned False [3m(__init__.py:94:lmcache)[0m
[32;20m[2026-06-17 04:20:00,236] LMCache INFO:[0m Using backend: lmcache.c_ops [3m(__init__.py:112:lmcache)[0m
[32;20m[2026-06-17 04:20:00,693] LMCache INFO:[0m multi_layer_block_kv_transfer mode: ptr [3m(base.py:94:lmcache.v1.multiprocess.transfer_context.base)[0m
[32;20m[2026-06-17 04:20:01,904] LMCache INFO:[0m Discovered API module: cache_api [3m(router_discovery.py:53:lmcache.v1.utils.router_discovery)[0m
[32;20m[2026-06-17 04:20:01,904] LMCache INFO:[0m Discovered API module: env_api [3m(router_discovery.py:53:lmcache.v1.utils.router_discovery)[0m
[32;20m[2026-06-17 04:20:01,905] LMCache INFO:[0m Discovered API module: loglevel_api [3m(router_discovery.py:53:lmcache.v1.utils.router_discovery)[0m
[32;20m[2026-06-17 04:20:01,905] LMCache INFO:[0m Discovered API module: metrics_api [3m(router_discovery.py:53:lmcache.v1.utils.router_discovery)[0m
[32;20m[2026-06-17 04:20:01,906] LMCache INFO:[0m Discovered API module: periodic_thread_api [3m(router_discovery.py:53:lmcache.v1.utils.router_discovery)[0m
[32;20m[2026-06-17 04:20:01,906] LMCache INFO:[0m Discovered API module: run_script_api [3m(router_discovery.py:53:lmcache.v1.utils.router_discovery)[0m
[32;20m[2026-06-17 04:20:01,907] LMCache INFO:[0m Discovered API module: thread_api [3m(router_discovery.py:53:lmcache.v1.utils.router_discovery)[0m
[32;20m[2026-06-17 04:20:01,908] LMCache INFO:[0m Discovered API module: common_api [3m(router_discovery.py:53:lmcache.v1.utils.router_discovery)[0m
[32;20m[2026-06-17 04:20:01,908] LMCache INFO:[0m Discovered API module: conf_api [3m(router_discovery.py:53:lmcache.v1.utils.router_discovery)[0m
[32;20m[2026-06-17 04:20:01,909] LMCache INFO:[0m Discovered API module: healthcheck_api [3m(router_discovery.py:53:lmcache.v1.utils.router_discovery)[0m
[32;20m[2026-06-17 04:20:01,910] LMCache INFO:[0m Discovered API module: quota_api [3m(router_discovery.py:53:lmcache.v1.utils.router_discovery)[0m
[32;20m[2026-06-17 04:20:01,912] LMCache INFO:[0m Discovered API module: reconfigure_api [3m(router_discovery.py:53:lmcache.v1.utils.router_discovery)[0m
[32;20m[2026-06-17 04:20:01,912] LMCache INFO:[0m Discovered API module: root_api [3m(router_discovery.py:53:lmcache.v1.utils.router_discovery)[0m
[32;20m[2026-06-17 04:20:01,912] LMCache INFO:[0m Discovered API module: status_api [3m(router_discovery.py:53:lmcache.v1.utils.router_discovery)[0m
[32;20m[2026-06-17 04:20:01,913] LMCache INFO:[0m Discovered API module: version_api [3m(router_discovery.py:53:lmcache.v1.utils.router_discovery)[0m
[32;20m[2026-06-17 04:20:01,921] LMCache INFO:[0m Starting LMCache HTTP server on http://127.0.0.1:8088 [3m(http_server.py:230:lmcache.v1.multiprocess.http_server)[0m
INFO:     Started server process [69]
INFO:     Waiting for application startup.
[32;20m[2026-06-17 04:20:02,106] LMCache INFO:[0m Starting LMCache HTTP server... (accelerator available: True) [3m(http_server.py:68:lmcache.v1.multiprocess.http_server)[0m
[32;20m[2026-06-17 04:20:02,114] LMCache INFO:[0m OTel MeterProvider initialised with Prometheus fallback (standalone metrics HTTP server disabled; /metrics must be exposed by the caller), resource={'telemetry.sdk.language': 'python', 'telemetry.sdk.name': 'opentelemetry', 'telemetry.sdk.version': '1.40.0', 'service.instance.id': '7798056a-0e15-4dc6-8268-33ea60c68dff', 'service.name': 'unknown_service'} [3m(otel_init.py:114:lmcache.v1.mp_observability.otel_init)[0m
[32;20m[2026-06-17 04:20:02,115] LMCache INFO:[0m LookupHashLoggingSubscriber started: output_dir=/workspace/shadowkv/results_sglang_lmcache_shadowkv_3models_identical_blocks_3reps_2026-06-16/qwen25_7b/rep_1/samsum/rag/lmcache_no_native_radix/lmcache_lookup_hash, rotation_interval=21600s, rotation_max_size=104857600, max_files=100, existing_files=0 [3m(lookup_hash.py:113:lmcache.v1.mp_observability.subscribers.logging.lookup_hash)[0m
[32;20m[2026-06-17 04:20:02,115] LMCache INFO:[0m Checking if shm capacity is larger than L1 request [3m(server.py:265:lmcache.v1.multiprocess.server)[0m
[32;20m[2026-06-17 04:20:02,375] LMCache INFO:[0m Starting L1EvictionController... [3m(eviction_controller.py:53:lmcache.v1.distributed.storage_controllers.eviction_controller)[0m
[32;20m[2026-06-17 04:20:02,384] LMCache INFO:[0m Starting L2EvictionController... [3m(eviction_controller.py:229:lmcache.v1.distributed.storage_controllers.eviction_controller)[0m
[32;20m[2026-06-17 04:20:02,384] LMCache INFO:[0m Starting StoreController... [3m(store_controller.py:274:lmcache.v1.distributed.storage_controllers.store_controller)[0m
[32;20m[2026-06-17 04:20:02,384] LMCache INFO:[0m Starting PrefetchController... [3m(prefetch_controller.py:457:lmcache.v1.distributed.storage_controllers.prefetch_controller)[0m
[32;20m[2026-06-17 04:20:02,393] LMCache INFO:[0m Using blake3 hash function [3m(token_hasher.py:79:lmcache.v1.multiprocess.token_hasher)[0m
[32;20m[2026-06-17 04:20:02,402] LMCache INFO:[0m Computed NONE_HASH=b"~>\xff\x9e\xf7a:P4\x0e\xb1&w\xee\x03\xb8:\xc7Y\xfc\xba\x9b\xb3'\x05\xf0rH\xd5mG;" using hash function [3m(token_hasher.py:180:lmcache.v1.multiprocess.token_hasher)[0m
[32;20m[2026-06-17 04:20:02,403] LMCache INFO:[0m TokenHasher initialized: chunk_size=256, hash_algorithm=blake3 [3m(token_hasher.py:67:lmcache.v1.multiprocess.token_hasher)[0m
[32;20m[2026-06-17 04:20:02,411] LMCache INFO:[0m Supported transfer mode: auto [3m(server.py:184:lmcache.v1.multiprocess.server)[0m
[32;20m[2026-06-17 04:20:02,421] LMCache INFO:[0m LMCache ZMQ cache server is running on tcp://127.0.0.1:5555 [3m(server.py:320:lmcache.v1.multiprocess.server)[0m
[32;20m[2026-06-17 04:20:02,422] LMCache INFO:[0m LMCache cache server is running... [3m(server.py:335:lmcache.v1.multiprocess.server)[0m
[32;20m[2026-06-17 04:20:02,422] LMCache INFO:[0m LMCache HTTP server initialized [3m(http_server.py:159:lmcache.v1.multiprocess.http_server)[0m
INFO:     Application startup complete.
INFO:     Uvicorn running on http://127.0.0.1:8088 (Press CTRL+C to quit)
[32;20m[2026-06-17 04:20:03,208] LMCache INFO:[0m Checking memory allocator consistency [3m(memory_management.py:1738:lmcache.v1.memory_management)[0m
[32;20m[2026-06-17 04:20:03,208] LMCache INFO:[0m  - Total active allocations: 0 [3m(memory_management.py:1739:lmcache.v1.memory_management)[0m
[32;20m[2026-06-17 04:20:03,208] LMCache INFO:[0m  - Total allocated size: 0.0 MB [3m(memory_management.py:1740:lmcache.v1.memory_management)[0m
[32;20m[2026-06-17 04:20:03,208] LMCache INFO:[0m  - Total free size: 7168.0 MB [3m(memory_management.py:1747:lmcache.v1.memory_management)[0m
INFO:     127.0.0.1:39206 - "GET /status HTTP/1.1" 200 OK
[32;20m[2026-06-17 04:20:03,598] LMCache INFO:[0m LazyMemoryAllocator: Expanded 10240 MB pinned memory, now total is 11264 MB / 20480 MB (55.0%) [3m(lazy_memory_allocator.py:259:lmcache.v1.lazy_memory_allocator)[0m
[32;20m[2026-06-17 04:20:04,575] LMCache INFO:[0m LazyMemoryAllocator: Expanded 9216 MB pinned memory, now total is 20480 MB / 20480 MB (100.0%) [3m(lazy_memory_allocator.py:259:lmcache.v1.lazy_memory_allocator)[0m
[32;20m[2026-06-17 04:20:25,744] LMCache INFO:[0m list_depth: 2, tensor_dim: 4 [3m(utils.py:636:lmcache.v1.gpu_connector.utils)[0m
[32;20m[2026-06-17 04:20:25,744] LMCache INFO:[0m GPU KV Cache Dimensions: [2][28][1126202, 1, 4, 128] [3m(utils.py:647:lmcache.v1.gpu_connector.utils)[0m
[32;20m[2026-06-17 04:20:25,745] LMCache INFO:[0m GPU KV Format: 2 x NL x [NB, BS, NH, HS] [3m(utils.py:498:lmcache.v1.gpu_connector.utils)[0m
[32;20m[2026-06-17 04:20:25,745] LMCache INFO:[0m Currently used by:
  - SGLang MHA via MP daemon (4-D inner) [3m(utils.py:499:lmcache.v1.gpu_connector.utils)[0m
[32;20m[2026-06-17 04:20:25,747] LMCache INFO:[0m Group 0 first-layer tensor: layer_idx=0 shape=(1126202, 1, 4, 128) stride=(512, 512, 128, 1) is_contiguous=True dtype=torch.float16 device=cuda:0 storage_offset=0 numel=576615424 storage_nbytes=1153230848 padding_per_block=0 [3m(utils.py:1415:lmcache.v1.gpu_connector.utils)[0m
[32;20m[2026-06-17 04:20:25,747] LMCache INFO:[0m KV layer groups: ---
KernelGroupInfo(layers=28, indices=0-27, shape_desc=(kv=2, nl=28, nb=1126202, bs=1, nh=4, hs=128, element_size=2, block_stride_elems=0), dtype=torch.float16, tokens_per_block=1, slots_per_block=1, engine_group_idx=0, sw_size_tokens=-1)
--- [3m(kv_layer_groups.py:403:lmcache.v1.kv_layer_groups)[0m
[33;20m[2026-06-17 04:20:25,747] LMCache WARNING:[0m KVLayerGroupsManager.kv_layer_groups is deprecated: `kv_layer_groups` is an outdated alias for `kernel_groups` [3m(utils.py:733:lmcache.utils)[0m
/usr/local/lib/python3.12/dist-packages/cupy/_environment.py:670: UserWarning: 
--------------------------------------------------------------------------------

  CuPy may not function correctly because multiple CuPy packages are installed
  in your environment:

    cupy-cuda12x, cupy-cuda13x

  Follow these steps to resolve this issue:

    1. For all packages listed above, run the following command to remove all
       existing CuPy installations:

         $ pip uninstall <package_name>

      If you previously installed CuPy via conda, also run the following:

         $ conda uninstall cupy

    2. Install the appropriate CuPy package.
       Refer to the Installation Guide for detailed instructions.

         https://docs.cupy.dev/en/stable/install.html

--------------------------------------------------------------------------------

  warnings.warn(f'''
[32;20m[2026-06-17 04:20:25,791] LMCache INFO:[0m Registered KV cache for GPU ID 205 with 28 layers [3m(gpu_transfer.py:563:lmcache.v1.multiprocess.modules.gpu_transfer)[0m
[32;20m[2026-06-17 04:20:25,791] LMCache INFO:[0m Initialized cuda stream on device cuda:0 [3m(gpu_context.py:424:lmcache.v1.multiprocess.gpu_context)[0m
[32;20m[2026-06-17 04:20:43,812] LMCache INFO:[0m Stored 256 tokens in 0.004 seconds [3m(gpu_transfer.py:790:lmcache.v1.multiprocess.modules.gpu_transfer)[0m
[32;20m[2026-06-17 04:20:43,922] LMCache INFO:[0m Stored 256 tokens in 0.001 seconds [3m(gpu_transfer.py:790:lmcache.v1.multiprocess.modules.gpu_transfer)[0m
[32;20m[2026-06-17 04:20:43,977] LMCache INFO:[0m Stored 256 tokens in 0.001 seconds [3m(gpu_transfer.py:790:lmcache.v1.multiprocess.modules.gpu_transfer)[0m
[32;20m[2026-06-17 04:20:44,009] LMCache INFO:[0m Stored 256 tokens in 0.001 seconds [3m(gpu_transfer.py:790:lmcache.v1.multiprocess.modules.gpu_transfer)[0m
[32;20m[2026-06-17 04:20:49,140] LMCache INFO:[0m Prefetch request completed (L1+L2): 1/1 retained keys (1 L1, 0 L2) in 0.4 ms (external_request_id=82a491869c0143e69c30e63030748640, prefetch_request_id=-1) [3m(storage_manager.py:636:lmcache.v1.distributed.storage_manager)[0m
[32;20m[2026-06-17 04:20:49,141] LMCache INFO:[0m Retrieved 256 tokens in 0.001 seconds [3m(gpu_transfer.py:962:lmcache.v1.multiprocess.modules.gpu_transfer)[0m
[32;20m[2026-06-17 04:20:49,193] LMCache INFO:[0m Prefetch request completed (L1+L2): 1/1 retained keys (1 L1, 0 L2) in 0.3 ms (external_request_id=0736fcd72eb9469783b2aa2617ebaf06, prefetch_request_id=-1) [3m(storage_manager.py:636:lmcache.v1.distributed.storage_manager)[0m
[32;20m[2026-06-17 04:20:49,195] LMCache INFO:[0m Retrieved 256 tokens in 0.001 seconds [3m(gpu_transfer.py:962:lmcache.v1.multiprocess.modules.gpu_transfer)[0m
[32;20m[2026-06-17 04:20:49,221] LMCache INFO:[0m Prefetch request completed (L1+L2): 1/1 retained keys (1 L1, 0 L2) in 0.3 ms (external_request_id=72a060b33fa2452087ca6d40bae07c3a, prefetch_request_id=-1) [3m(storage_manager.py:636:lmcache.v1.distributed.storage_manager)[0m
[32;20m[2026-06-17 04:20:49,222] LMCache INFO:[0m Retrieved 256 tokens in 0.000 seconds [3m(gpu_transfer.py:962:lmcache.v1.multiprocess.modules.gpu_transfer)[0m
[32;20m[2026-06-17 04:20:49,272] LMCache INFO:[0m Stored 256 tokens in 0.001 seconds [3m(gpu_transfer.py:790:lmcache.v1.multiprocess.modules.gpu_transfer)[0m
[32;20m[2026-06-17 04:20:49,303] LMCache INFO:[0m Stored 256 tokens in 0.001 seconds [3m(gpu_transfer.py:790:lmcache.v1.multiprocess.modules.gpu_transfer)[0m
[32;20m[2026-06-17 04:20:49,332] LMCache INFO:[0m Stored 256 tokens in 0.001 seconds [3m(gpu_transfer.py:790:lmcache.v1.multiprocess.modules.gpu_transfer)[0m
[32;20m[2026-06-17 04:20:49,362] LMCache INFO:[0m Stored 256 tokens in 0.000 seconds [3m(gpu_transfer.py:790:lmcache.v1.multiprocess.modules.gpu_transfer)[0m
[32;20m[2026-06-17 04:20:49,424] LMCache INFO:[0m Stored 256 tokens in 0.001 seconds [3m(gpu_transfer.py:790:lmcache.v1.multiprocess.modules.gpu_transfer)[0m
[32;20m[2026-06-17 04:20:49,456] LMCache INFO:[0m Stored 256 tokens in 0.001 seconds [3m(gpu_transfer.py:790:lmcache.v1.multiprocess.modules.gpu_transfer)[0m
[32;20m[2026-06-17 04:20:49,486] LMCache INFO:[0m Stored 256 tokens in 0.001 seconds [3m(gpu_transfer.py:790:lmcache.v1.multiprocess.modules.gpu_transfer)[0m
[32;20m[2026-06-17 04:20:49,517] LMCache INFO:[0m Stored 256 tokens in 0.001 seconds [3m(gpu_transfer.py:790:lmcache.v1.multiprocess.modules.gpu_transfer)[0m
[32;20m[2026-06-17 04:20:49,553] LMCache INFO:[0m Stored 256 tokens in 0.001 seconds [3m(gpu_transfer.py:790:lmcache.v1.multiprocess.modules.gpu_transfer)[0m
[32;20m[2026-06-17 04:20:49,585] LMCache INFO:[0m Stored 256 tokens in 0.001 seconds [3m(gpu_transfer.py:790:lmcache.v1.multiprocess.modules.gpu_transfer)[0m
[32;20m[2026-06-17 04:20:49,718] LMCache INFO:[0m Stored 256 tokens in 0.001 seconds [3m(gpu_transfer.py:790:lmcache.v1.multiprocess.modules.gpu_transfer)[0m
[32;20m[2026-06-17 04:20:49,774] LMCache INFO:[0m Stored 256 tokens in 0.001 seconds [3m(gpu_transfer.py:790:lmcache.v1.multiprocess.modules.gpu_transfer)[0m
[32;20m[2026-06-17 04:20:49,903] LMCache INFO:[0m Stored 256 tokens in 0.001 seconds [3m(gpu_transfer.py:790:lmcache.v1.multiprocess.modules.gpu_transfer)[0m
[32;20m[2026-06-17 04:20:49,935] LMCache INFO:[0m Stored 256 tokens in 0.001 seconds [3m(gpu_transfer.py:790:lmcache.v1.multiprocess.modules.gpu_transfer)[0m
[32;20m[2026-06-17 04:20:50,018] LMCache INFO:[0m Stored 256 tokens in 0.001 seconds [3m(gpu_transfer.py:790:lmcache.v1.multiprocess.modules.gpu_transfer)[0m
[32;20m[2026-06-17 04:20:50,048] LMCache INFO:[0m Stored 256 tokens in 0.001 seconds [3m(gpu_transfer.py:790:lmcache.v1.multiprocess.modules.gpu_transfer)[0m
[32;20m[2026-06-17 04:20:50,128] LMCache INFO:[0m Stored 256 tokens in 0.001 seconds [3m(gpu_transfer.py:790:lmcache.v1.multiprocess.modules.gpu_transfer)[0m
[32;20m[2026-06-17 04:20:50,158] LMCache INFO:[0m Stored 256 tokens in 0.000 seconds [3m(gpu_transfer.py:790:lmcache.v1.multiprocess.modules.gpu_transfer)[0m
[32;20m[2026-06-17 04:20:50,217] LMCache INFO:[0m Stored 256 tokens in 0.001 seconds [3m(gpu_transfer.py:790:lmcache.v1.multiprocess.modules.gpu_transfer)[0m
[32;20m[2026-06-17 04:20:50,247] LMCache INFO:[0m Stored 256 tokens in 0.001 seconds [3m(gpu_transfer.py:790:lmcache.v1.multiprocess.modules.gpu_transfer)[0m
[32;20m[2026-06-17 04:20:50,332] LMCache INFO:[0m Stored 256 tokens in 0.001 seconds [3m(gpu_transfer.py:790:lmcache.v1.multiprocess.modules.gpu_transfer)[0m
[32;20m[2026-06-17 04:20:50,366] LMCache INFO:[0m Stored 256 tokens in 0.001 seconds [3m(gpu_transfer.py:790:lmcache.v1.multiprocess.modules.gpu_transfer)[0m
[32;20m[2026-06-17 04:20:50,597] LMCache INFO:[0m Stored 256 tokens in 0.001 seconds [3m(gpu_transfer.py:790:lmcache.v1.multiprocess.modules.gpu_transfer)[0m
[32;20m[2026-06-17 04:20:50,629] LMCache INFO:[0m Stored 256 tokens in 0.001 seconds [3m(gpu_transfer.py:790:lmcache.v1.multiprocess.modules.gpu_transfer)[0m
[32;20m[2026-06-17 04:20:50,684] LMCache INFO:[0m Stored 256 tokens in 0.000 seconds [3m(gpu_transfer.py:790:lmcache.v1.multiprocess.modules.gpu_transfer)[0m
[32;20m[2026-06-17 04:20:50,715] LMCache INFO:[0m Stored 256 tokens in 0.000 seconds [3m(gpu_transfer.py:790:lmcache.v1.multiprocess.modules.gpu_transfer)[0m
[32;20m[2026-06-17 04:20:50,773] LMCache INFO:[0m Stored 256 tokens in 0.000 seconds [3m(gpu_transfer.py:790:lmcache.v1.multiprocess.modules.gpu_transfer)[0m
[32;20m[2026-06-17 04:20:50,808] LMCache INFO:[0m Stored 256 tokens in 0.000 seconds [3m(gpu_transfer.py:790:lmcache.v1.multiprocess.modules.gpu_transfer)[0m
[32;20m[2026-06-17 04:20:50,839] LMCache INFO:[0m Stored 256 tokens in 0.000 seconds [3m(gpu_transfer.py:790:lmcache.v1.multiprocess.modules.gpu_transfer)[0m
[32;20m[2026-06-17 04:20:50,867] LMCache INFO:[0m Stored 256 tokens in 0.000 seconds [3m(gpu_transfer.py:790:lmcache.v1.multiprocess.modules.gpu_transfer)[0m
[32;20m[2026-06-17 04:20:50,926] LMCache INFO:[0m Stored 256 tokens in 0.001 seconds [3m(gpu_transfer.py:790:lmcache.v1.multiprocess.modules.gpu_transfer)[0m
[32;20m[2026-06-17 04:20:50,988] LMCache INFO:[0m Stored 256 tokens in 0.000 seconds [3m(gpu_transfer.py:790:lmcache.v1.multiprocess.modules.gpu_transfer)[0m
[32;20m[2026-06-17 04:20:51,024] LMCache INFO:[0m Stored 256 tokens in 0.000 seconds [3m(gpu_transfer.py:790:lmcache.v1.multiprocess.modules.gpu_transfer)[0m
[32;20m[2026-06-17 04:20:51,055] LMCache INFO:[0m Stored 256 tokens in 0.001 seconds [3m(gpu_transfer.py:790:lmcache.v1.multiprocess.modules.gpu_transfer)[0m
[32;20m[2026-06-17 04:20:51,106] LMCache INFO:[0m Stored 256 tokens in 0.001 seconds [3m(gpu_transfer.py:790:lmcache.v1.multiprocess.modules.gpu_transfer)[0m
[32;20m[2026-06-17 04:20:51,167] LMCache INFO:[0m Stored 256 tokens in 0.000 seconds [3m(gpu_transfer.py:790:lmcache.v1.multiprocess.modules.gpu_transfer)[0m
[32;20m[2026-06-17 04:20:51,199] LMCache INFO:[0m Stored 256 tokens in 0.000 seconds [3m(gpu_transfer.py:790:lmcache.v1.multiprocess.modules.gpu_transfer)[0m
[32;20m[2026-06-17 04:20:51,285] LMCache INFO:[0m Stored 256 tokens in 0.000 seconds [3m(gpu_transfer.py:790:lmcache.v1.multiprocess.modules.gpu_transfer)[0m
[32;20m[2026-06-17 04:20:51,315] LMCache INFO:[0m Stored 256 tokens in 0.000 seconds [3m(gpu_transfer.py:790:lmcache.v1.multiprocess.modules.gpu_transfer)[0m
[32;20m[2026-06-17 04:20:51,347] LMCache INFO:[0m Stored 256 tokens in 0.000 seconds [3m(gpu_transfer.py:790:lmcache.v1.multiprocess.modules.gpu_transfer)[0m
[32;20m[2026-06-17 04:20:51,427] LMCache INFO:[0m Stored 256 tokens in 0.000 seconds [3m(gpu_transfer.py:790:lmcache.v1.multiprocess.modules.gpu_transfer)[0m
[32;20m[2026-06-17 04:20:51,459] LMCache INFO:[0m Stored 256 tokens in 0.000 seconds [3m(gpu_transfer.py:790:lmcache.v1.multiprocess.modules.gpu_transfer)[0m
[32;20m[2026-06-17 04:20:51,521] LMCache INFO:[0m Stored 256 tokens in 0.000 seconds [3m(gpu_transfer.py:790:lmcache.v1.multiprocess.modules.gpu_transfer)[0m
[32;20m[2026-06-17 04:20:51,557] LMCache INFO:[0m Stored 256 tokens in 0.001 seconds [3m(gpu_transfer.py:790:lmcache.v1.multiprocess.modules.gpu_transfer)[0m
[32;20m[2026-06-17 04:20:51,588] LMCache INFO:[0m Stored 256 tokens in 0.000 seconds [3m(gpu_transfer.py:790:lmcache.v1.multiprocess.modules.gpu_transfer)[0m
[32;20m[2026-06-17 04:20:51,619] LMCache INFO:[0m Stored 256 tokens in 0.001 seconds [3m(gpu_transfer.py:790:lmcache.v1.multiprocess.modules.gpu_transfer)[0m
[32;20m[2026-06-17 04:20:51,677] LMCache INFO:[0m Stored 256 tokens in 0.001 seconds [3m(gpu_transfer.py:790:lmcache.v1.multiprocess.modules.gpu_transfer)[0m
[32;20m[2026-06-17 04:20:51,786] LMCache INFO:[0m Stored 256 tokens in 0.001 seconds [3m(gpu_transfer.py:790:lmcache.v1.multiprocess.modules.gpu_transfer)[0m
[32;20m[2026-06-17 04:20:51,843] LMCache INFO:[0m Stored 256 tokens in 0.001 seconds [3m(gpu_transfer.py:790:lmcache.v1.multiprocess.modules.gpu_transfer)[0m
[32;20m[2026-06-17 04:20:51,896] LMCache INFO:[0m Stored 256 tokens in 0.001 seconds [3m(gpu_transfer.py:790:lmcache.v1.multiprocess.modules.gpu_transfer)[0m
[32;20m[2026-06-17 04:20:51,931] LMCache INFO:[0m Stored 256 tokens in 0.001 seconds [3m(gpu_transfer.py:790:lmcache.v1.multiprocess.modules.gpu_transfer)[0m
[32;20m[2026-06-17 04:20:51,962] LMCache INFO:[0m Stored 256 tokens in 0.001 seconds [3m(gpu_transfer.py:790:lmcache.v1.multiprocess.modules.gpu_transfer)[0m
[32;20m[2026-06-17 04:20:51,995] LMCache INFO:[0m Stored 256 tokens in 0.001 seconds [3m(gpu_transfer.py:790:lmcache.v1.multiprocess.modules.gpu_transfer)[0m
[32;20m[2026-06-17 04:20:52,030] LMCache INFO:[0m Stored 256 tokens in 0.001 seconds [3m(gpu_transfer.py:790:lmcache.v1.multiprocess.modules.gpu_transfer)[0m
[32;20m[2026-06-17 04:20:52,062] LMCache INFO:[0m Stored 256 tokens in 0.001 seconds [3m(gpu_transfer.py:790:lmcache.v1.multiprocess.modules.gpu_transfer)[0m
[32;20m[2026-06-17 04:20:52,092] LMCache INFO:[0m Stored 256 tokens in 0.000 seconds [3m(gpu_transfer.py:790:lmcache.v1.multiprocess.modules.gpu_transfer)[0m
[32;20m[2026-06-17 04:20:52,147] LMCache INFO:[0m Stored 256 tokens in 0.001 seconds [3m(gpu_transfer.py:790:lmcache.v1.multiprocess.modules.gpu_transfer)[0m
[32;20m[2026-06-17 04:20:52,228] LMCache INFO:[0m Stored 256 tokens in 0.001 seconds [3m(gpu_transfer.py:790:lmcache.v1.multiprocess.modules.gpu_transfer)[0m
[32;20m[2026-06-17 04:20:52,265] LMCache INFO:[0m Stored 256 tokens in 0.000 seconds [3m(gpu_transfer.py:790:lmcache.v1.multiprocess.modules.gpu_transfer)[0m
[32;20m[2026-06-17 04:20:52,296] LMCache INFO:[0m Stored 256 tokens in 0.001 seconds [3m(gpu_transfer.py:790:lmcache.v1.multiprocess.modules.gpu_transfer)[0m
[32;20m[2026-06-17 04:20:52,327] LMCache INFO:[0m Stored 256 tokens in 0.001 seconds [3m(gpu_transfer.py:790:lmcache.v1.multiprocess.modules.gpu_transfer)[0m
[32;20m[2026-06-17 04:20:52,382] LMCache INFO:[0m Stored 256 tokens in 0.000 seconds [3m(gpu_transfer.py:790:lmcache.v1.multiprocess.modules.gpu_transfer)[0m
[32;20m[2026-06-17 04:20:52,419] LMCache INFO:[0m Stored 256 tokens in 0.001 seconds [3m(gpu_transfer.py:790:lmcache.v1.multiprocess.modules.gpu_transfer)[0m
[32;20m[2026-06-17 04:20:52,477] LMCache INFO:[0m Stored 256 tokens in 0.000 seconds [3m(gpu_transfer.py:790:lmcache.v1.multiprocess.modules.gpu_transfer)[0m
[32;20m[2026-06-17 04:20:52,557] LMCache INFO:[0m Stored 256 tokens in 0.000 seconds [3m(gpu_transfer.py:790:lmcache.v1.multiprocess.modules.gpu_transfer)[0m
[32;20m[2026-06-17 04:20:52,584] LMCache INFO:[0m Stored 256 tokens in 0.000 seconds [3m(gpu_transfer.py:790:lmcache.v1.multiprocess.modules.gpu_transfer)[0m
[32;20m[2026-06-17 04:20:52,617] LMCache INFO:[0m Stored 256 tokens in 0.000 seconds [3m(gpu_transfer.py:790:lmcache.v1.multiprocess.modules.gpu_transfer)[0m
[32;20m[2026-06-17 04:20:52,654] LMCache INFO:[0m Stored 256 tokens in 0.000 seconds [3m(gpu_transfer.py:790:lmcache.v1.multiprocess.modules.gpu_transfer)[0m
[32;20m[2026-06-17 04:20:52,685] LMCache INFO:[0m Stored 256 tokens in 0.000 seconds [3m(gpu_transfer.py:790:lmcache.v1.multiprocess.modules.gpu_transfer)[0m
[32;20m[2026-06-17 04:20:52,715] LMCache INFO:[0m Stored 256 tokens in 0.000 seconds [3m(gpu_transfer.py:790:lmcache.v1.multiprocess.modules.gpu_transfer)[0m
[32;20m[2026-06-17 04:20:52,771] LMCache INFO:[0m Stored 256 tokens in 0.001 seconds [3m(gpu_transfer.py:790:lmcache.v1.multiprocess.modules.gpu_transfer)[0m
[32;20m[2026-06-17 04:20:52,833] LMCache INFO:[0m Stored 256 tokens in 0.000 seconds [3m(gpu_transfer.py:790:lmcache.v1.multiprocess.modules.gpu_transfer)[0m
[32;20m[2026-06-17 04:20:52,868] LMCache INFO:[0m Stored 256 tokens in 0.000 seconds [3m(gpu_transfer.py:790:lmcache.v1.multiprocess.modules.gpu_transfer)[0m
[32;20m[2026-06-17 04:20:52,905] LMCache INFO:[0m Stored 256 tokens in 0.000 seconds [3m(gpu_transfer.py:790:lmcache.v1.multiprocess.modules.gpu_transfer)[0m
[32;20m[2026-06-17 04:20:52,936] LMCache INFO:[0m Stored 256 tokens in 0.000 seconds [3m(gpu_transfer.py:790:lmcache.v1.multiprocess.modules.gpu_transfer)[0m
[32;20m[2026-06-17 04:20:52,967] LMCache INFO:[0m Stored 256 tokens in 0.001 seconds [3m(gpu_transfer.py:790:lmcache.v1.multiprocess.modules.gpu_transfer)[0m
[32;20m[2026-06-17 04:20:53,029] LMCache INFO:[0m Stored 256 tokens in 0.001 seconds [3m(gpu_transfer.py:790:lmcache.v1.multiprocess.modules.gpu_transfer)[0m
[32;20m[2026-06-17 04:20:53,086] LMCache INFO:[0m Stored 256 tokens in 0.001 seconds [3m(gpu_transfer.py:790:lmcache.v1.multiprocess.modules.gpu_transfer)[0m
[32;20m[2026-06-17 04:20:53,123] LMCache INFO:[0m Stored 256 tokens in 0.001 seconds [3m(gpu_transfer.py:790:lmcache.v1.multiprocess.modules.gpu_transfer)[0m
[32;20m[2026-06-17 04:20:53,179] LMCache INFO:[0m Stored 256 tokens in 0.001 seconds [3m(gpu_transfer.py:790:lmcache.v1.multiprocess.modules.gpu_transfer)[0m
[32;20m[2026-06-17 04:20:53,236] LMCache INFO:[0m Stored 256 tokens in 0.001 seconds [3m(gpu_transfer.py:790:lmcache.v1.multiprocess.modules.gpu_transfer)[0m
[32;20m[2026-06-17 04:20:53,316] LMCache INFO:[0m Stored 256 tokens in 0.001 seconds [3m(gpu_transfer.py:790:lmcache.v1.multiprocess.modules.gpu_transfer)[0m
[32;20m[2026-06-17 04:20:53,371] LMCache INFO:[0m Stored 256 tokens in 0.000 seconds [3m(gpu_transfer.py:790:lmcache.v1.multiprocess.modules.gpu_transfer)[0m
[32;20m[2026-06-17 04:20:53,407] LMCache INFO:[0m Stored 256 tokens in 0.000 seconds [3m(gpu_transfer.py:790:lmcache.v1.multiprocess.modules.gpu_transfer)[0m
[32;20m[2026-06-17 04:20:53,464] LMCache INFO:[0m Stored 256 tokens in 0.000 seconds [3m(gpu_transfer.py:790:lmcache.v1.multiprocess.modules.gpu_transfer)[0m
[32;20m[2026-06-17 04:20:53,500] LMCache INFO:[0m Stored 256 tokens in 0.000 seconds [3m(gpu_transfer.py:790:lmcache.v1.multiprocess.modules.gpu_transfer)[0m
[32;20m[2026-06-17 04:20:53,560] LMCache INFO:[0m Stored 256 tokens in 0.000 seconds [3m(gpu_transfer.py:790:lmcache.v1.multiprocess.modules.gpu_transfer)[0m
[32;20m[2026-06-17 04:20:53,596] LMCache INFO:[0m Stored 256 tokens in 0.000 seconds [3m(gpu_transfer.py:790:lmcache.v1.multiprocess.modules.gpu_transfer)[0m
[32;20m[2026-06-17 04:20:53,634] LMCache INFO:[0m Stored 256 tokens in 0.001 seconds [3m(gpu_transfer.py:790:lmcache.v1.multiprocess.modules.gpu_transfer)[0m
[32;20m[2026-06-17 04:20:53,691] LMCache INFO:[0m Stored 256 tokens in 0.001 seconds [3m(gpu_transfer.py:790:lmcache.v1.multiprocess.modules.gpu_transfer)[0m
[32;20m[2026-06-17 04:20:53,797] LMCache INFO:[0m Stored 256 tokens in 0.001 seconds [3m(gpu_transfer.py:790:lmcache.v1.multiprocess.modules.gpu_transfer)[0m
[32;20m[2026-06-17 04:20:53,827] LMCache INFO:[0m Stored 256 tokens in 0.001 seconds [3m(gpu_transfer.py:790:lmcache.v1.multiprocess.modules.gpu_transfer)[0m
[32;20m[2026-06-17 04:20:53,909] LMCache INFO:[0m Stored 256 tokens in 0.001 seconds [3m(gpu_transfer.py:790:lmcache.v1.multiprocess.modules.gpu_transfer)[0m
[32;20m[2026-06-17 04:20:53,945] LMCache INFO:[0m Stored 256 tokens in 0.001 seconds [3m(gpu_transfer.py:790:lmcache.v1.multiprocess.modules.gpu_transfer)[0m
[32;20m[2026-06-17 04:20:53,975] LMCache INFO:[0m Stored 256 tokens in 0.001 seconds [3m(gpu_transfer.py:790:lmcache.v1.multiprocess.modules.gpu_transfer)[0m
[32;20m[2026-06-17 04:20:54,036] LMCache INFO:[0m Stored 256 tokens in 0.001 seconds [3m(gpu_transfer.py:790:lmcache.v1.multiprocess.modules.gpu_transfer)[0m
[32;20m[2026-06-17 04:20:54,066] LMCache INFO:[0m Stored 256 tokens in 0.001 seconds [3m(gpu_transfer.py:790:lmcache.v1.multiprocess.modules.gpu_transfer)[0m
[32;20m[2026-06-17 04:20:54,097] LMCache INFO:[0m Stored 256 tokens in 0.001 seconds [3m(gpu_transfer.py:790:lmcache.v1.multiprocess.modules.gpu_transfer)[0m
[32;20m[2026-06-17 04:20:54,132] LMCache INFO:[0m Stored 256 tokens in 0.001 seconds [3m(gpu_transfer.py:790:lmcache.v1.multiprocess.modules.gpu_transfer)[0m
[32;20m[2026-06-17 04:20:54,163] LMCache INFO:[0m Stored 256 tokens in 0.001 seconds [3m(gpu_transfer.py:790:lmcache.v1.multiprocess.modules.gpu_transfer)[0m
[32;20m[2026-06-17 04:20:54,195] LMCache INFO:[0m Stored 256 tokens in 0.000 seconds [3m(gpu_transfer.py:790:lmcache.v1.multiprocess.modules.gpu_transfer)[0m
[32;20m[2026-06-17 04:20:54,225] LMCache INFO:[0m Stored 256 tokens in 0.000 seconds [3m(gpu_transfer.py:790:lmcache.v1.multiprocess.modules.gpu_transfer)[0m
[32;20m[2026-06-17 04:20:54,258] LMCache INFO:[0m Stored 256 tokens in 0.001 seconds [3m(gpu_transfer.py:790:lmcache.v1.multiprocess.modules.gpu_transfer)[0m
[32;20m[2026-06-17 04:20:54,288] LMCache INFO:[0m Stored 256 tokens in 0.000 seconds [3m(gpu_transfer.py:790:lmcache.v1.multiprocess.modules.gpu_transfer)[0m
[32;20m[2026-06-17 04:20:54,319] LMCache INFO:[0m Stored 256 tokens in 0.000 seconds [3m(gpu_transfer.py:790:lmcache.v1.multiprocess.modules.gpu_transfer)[0m
[32;20m[2026-06-17 04:20:54,355] LMCache INFO:[0m Stored 256 tokens in 0.001 seconds [3m(gpu_transfer.py:790:lmcache.v1.multiprocess.modules.gpu_transfer)[0m
[32;20m[2026-06-17 04:20:54,410] LMCache INFO:[0m Stored 256 tokens in 0.000 seconds [3m(gpu_transfer.py:790:lmcache.v1.multiprocess.modules.gpu_transfer)[0m
[32;20m[2026-06-17 04:20:54,515] LMCache INFO:[0m Stored 256 tokens in 0.000 seconds [3m(gpu_transfer.py:790:lmcache.v1.multiprocess.modules.gpu_transfer)[0m
[32;20m[2026-06-17 04:20:54,570] LMCache INFO:[0m Stored 256 tokens in 0.000 seconds [3m(gpu_transfer.py:790:lmcache.v1.multiprocess.modules.gpu_transfer)[0m
[32;20m[2026-06-17 04:20:54,604] LMCache INFO:[0m Stored 256 tokens in 0.000 seconds [3m(gpu_transfer.py:790:lmcache.v1.multiprocess.modules.gpu_transfer)[0m
[32;20m[2026-06-17 04:20:54,661] LMCache INFO:[0m Stored 256 tokens in 0.001 seconds [3m(gpu_transfer.py:790:lmcache.v1.multiprocess.modules.gpu_transfer)[0m
[32;20m[2026-06-17 04:20:54,692] LMCache INFO:[0m Stored 256 tokens in 0.001 seconds [3m(gpu_transfer.py:790:lmcache.v1.multiprocess.modules.gpu_transfer)[0m
[32;20m[2026-06-17 04:20:54,724] LMCache INFO:[0m Stored 256 tokens in 0.001 seconds [3m(gpu_transfer.py:790:lmcache.v1.multiprocess.modules.gpu_transfer)[0m
[32;20m[2026-06-17 04:20:54,780] LMCache INFO:[0m Stored 256 tokens in 0.001 seconds [3m(gpu_transfer.py:790:lmcache.v1.multiprocess.modules.gpu_transfer)[0m
[32;20m[2026-06-17 04:20:54,883] LMCache INFO:[0m Stored 256 tokens in 0.001 seconds [3m(gpu_transfer.py:790:lmcache.v1.multiprocess.modules.gpu_transfer)[0m
[32;20m[2026-06-17 04:20:54,943] LMCache INFO:[0m Stored 256 tokens in 0.001 seconds [3m(gpu_transfer.py:790:lmcache.v1.multiprocess.modules.gpu_transfer)[0m
[32;20m[2026-06-17 04:20:54,980] LMCache INFO:[0m Stored 256 tokens in 0.001 seconds [3m(gpu_transfer.py:790:lmcache.v1.multiprocess.modules.gpu_transfer)[0m
[32;20m[2026-06-17 04:20:55,036] LMCache INFO:[0m Stored 256 tokens in 0.001 seconds [3m(gpu_transfer.py:790:lmcache.v1.multiprocess.modules.gpu_transfer)[0m
[32;20m[2026-06-17 04:20:55,069] LMCache INFO:[0m Stored 256 tokens in 0.001 seconds [3m(gpu_transfer.py:790:lmcache.v1.multiprocess.modules.gpu_transfer)[0m
[32;20m[2026-06-17 04:20:55,124] LMCache INFO:[0m Stored 256 tokens in 0.001 seconds [3m(gpu_transfer.py:790:lmcache.v1.multiprocess.modules.gpu_transfer)[0m
[32;20m[2026-06-17 04:20:55,180] LMCache INFO:[0m Stored 256 tokens in 0.001 seconds [3m(gpu_transfer.py:790:lmcache.v1.multiprocess.modules.gpu_transfer)[0m
[32;20m[2026-06-17 04:20:55,213] LMCache INFO:[0m Stored 256 tokens in 0.001 seconds [3m(gpu_transfer.py:790:lmcache.v1.multiprocess.modules.gpu_transfer)[0m
[32;20m[2026-06-17 04:20:55,249] LMCache INFO:[0m Stored 256 tokens in 0.001 seconds [3m(gpu_transfer.py:790:lmcache.v1.multiprocess.modules.gpu_transfer)[0m
[32;20m[2026-06-17 04:20:55,281] LMCache INFO:[0m Stored 256 tokens in 0.001 seconds [3m(gpu_transfer.py:790:lmcache.v1.multiprocess.modules.gpu_transfer)[0m
[32;20m[2026-06-17 04:20:55,318] LMCache INFO:[0m Stored 256 tokens in 0.001 seconds [3m(gpu_transfer.py:790:lmcache.v1.multiprocess.modules.gpu_transfer)[0m
[32;20m[2026-06-17 04:20:55,376] LMCache INFO:[0m Stored 256 tokens in 0.001 seconds [3m(gpu_transfer.py:790:lmcache.v1.multiprocess.modules.gpu_transfer)[0m
[32;20m[2026-06-17 04:20:55,410] LMCache INFO:[0m Stored 256 tokens in 0.001 seconds [3m(gpu_transfer.py:790:lmcache.v1.multiprocess.modules.gpu_transfer)[0m
[32;20m[2026-06-17 04:20:55,447] LMCache INFO:[0m Stored 256 tokens in 0.001 seconds [3m(gpu_transfer.py:790:lmcache.v1.multiprocess.modules.gpu_transfer)[0m
[32;20m[2026-06-17 04:20:55,534] LMCache INFO:[0m Stored 256 tokens in 0.001 seconds [3m(gpu_transfer.py:790:lmcache.v1.multiprocess.modules.gpu_transfer)[0m
[32;20m[2026-06-17 04:20:55,566] LMCache INFO:[0m Stored 256 tokens in 0.000 seconds [3m(gpu_transfer.py:790:lmcache.v1.multiprocess.modules.gpu_transfer)[0m
[32;20m[2026-06-17 04:20:55,654] LMCache INFO:[0m Stored 256 tokens in 0.001 seconds [3m(gpu_transfer.py:790:lmcache.v1.multiprocess.modules.gpu_transfer)[0m
[32;20m[2026-06-17 04:20:55,684] LMCache INFO:[0m Stored 256 tokens in 0.000 seconds [3m(gpu_transfer.py:790:lmcache.v1.multiprocess.modules.gpu_transfer)[0m
[32;20m[2026-06-17 04:20:55,713] LMCache INFO:[0m Stored 256 tokens in 0.000 seconds [3m(gpu_transfer.py:790:lmcache.v1.multiprocess.modules.gpu_transfer)[0m
[32;20m[2026-06-17 04:20:55,743] LMCache INFO:[0m Stored 256 tokens in 0.001 seconds [3m(gpu_transfer.py:790:lmcache.v1.multiprocess.modules.gpu_transfer)[0m
[32;20m[2026-06-17 04:20:55,781] LMCache INFO:[0m Stored 256 tokens in 0.001 seconds [3m(gpu_transfer.py:790:lmcache.v1.multiprocess.modules.gpu_transfer)[0m
[32;20m[2026-06-17 04:20:55,812] LMCache INFO:[0m Stored 256 tokens in 0.000 seconds [3m(gpu_transfer.py:790:lmcache.v1.multiprocess.modules.gpu_transfer)[0m
[32;20m[2026-06-17 04:20:55,892] LMCache INFO:[0m Stored 256 tokens in 0.001 seconds [3m(gpu_transfer.py:790:lmcache.v1.multiprocess.modules.gpu_transfer)[0m
[32;20m[2026-06-17 04:20:56,023] LMCache INFO:[0m Stored 256 tokens in 0.000 seconds [3m(gpu_transfer.py:790:lmcache.v1.multiprocess.modules.gpu_transfer)[0m
[32;20m[2026-06-17 04:20:56,079] LMCache INFO:[0m Stored 256 tokens in 0.000 seconds [3m(gpu_transfer.py:790:lmcache.v1.multiprocess.modules.gpu_transfer)[0m
[32;20m[2026-06-17 04:20:56,162] LMCache INFO:[0m Stored 256 tokens in 0.001 seconds [3m(gpu_transfer.py:790:lmcache.v1.multiprocess.modules.gpu_transfer)[0m
[32;20m[2026-06-17 04:20:56,219] LMCache INFO:[0m Stored 256 tokens in 0.001 seconds [3m(gpu_transfer.py:790:lmcache.v1.multiprocess.modules.gpu_transfer)[0m
[32;20m[2026-06-17 04:20:56,249] LMCache INFO:[0m Stored 256 tokens in 0.001 seconds [3m(gpu_transfer.py:790:lmcache.v1.multiprocess.modules.gpu_transfer)[0m
[32;20m[2026-06-17 04:20:56,353] LMCache INFO:[0m Stored 256 tokens in 0.001 seconds [3m(gpu_transfer.py:790:lmcache.v1.multiprocess.modules.gpu_transfer)[0m
[32;20m[2026-06-17 04:20:56,387] LMCache INFO:[0m Stored 256 tokens in 0.001 seconds [3m(gpu_transfer.py:790:lmcache.v1.multiprocess.modules.gpu_transfer)[0m
[32;20m[2026-06-17 04:20:56,448] LMCache INFO:[0m Stored 256 tokens in 0.001 seconds [3m(gpu_transfer.py:790:lmcache.v1.multiprocess.modules.gpu_transfer)[0m
[32;20m[2026-06-17 04:20:56,478] LMCache INFO:[0m Stored 256 tokens in 0.001 seconds [3m(gpu_transfer.py:790:lmcache.v1.multiprocess.modules.gpu_transfer)[0m
INFO:     Shutting down
INFO:     Waiting for application shutdown.
[32;20m[2026-06-17 04:20:56,645] LMCache INFO:[0m Shutting down LMCache HTTP server... [3m(http_server.py:164:lmcache.v1.multiprocess.http_server)[0m
[32;20m[2026-06-17 04:20:56,645] LMCache INFO:[0m LookupHashLoggingSubscriber closed [3m(lookup_hash.py:137:lmcache.v1.mp_observability.subscribers.logging.lookup_hash)[0m
[32;20m[2026-06-17 04:20:57,482] LMCache INFO:[0m LMCache HTTP server stopped [3m(http_server.py:186:lmcache.v1.multiprocess.http_server)[0m
INFO:     Application shutdown complete.
INFO:     Finished server process [69]
