/home/kushalkhemani/research/myenv/lib/python3.12/site-packages/torch/cuda/__init__.py:58: FutureWarning: The pynvml package is deprecated. Please install nvidia-ml-py instead. If you did not install pynvml directly, please report this to the maintainers of the package that installed pynvml for you.
  import pynvml  # type: ignore[import]
Using the latest cached version of the dataset since OpenAssistant/oasst1 couldn't be found on the Hugging Face Hub (offline mode is enabled).
Found the latest cached dataset configuration 'default' at /home/kushalkhemani/.cache/huggingface/datasets/OpenAssistant___oasst1/default/0.0.0/fdf72ae0827c1cda404aff25b6603abec9e3399b (last modified on Thu Apr 30 10:10:20 2026).
`torch_dtype` is deprecated! Use `dtype` instead!
{
  "no_cache": {
    "mean_latency_ms": 83.72953751559464,
    "p50_latency_ms": 76.87800849998894,
    "p95_latency_ms": 129.87837999978638,
    "p99_latency_ms": 172.23237206000692,
    "p999_latency_ms": 199.25340230606002,
    "throughput_rps": 7.109635427282421,
    "service_throughput_rps": 11.94321657173551,
    "hit_rate": 0.0,
    "speculative_hits": 0,
    "speculative_hit_rate": 0.0,
    "speculative_precomputes": 0,
    "speculative_cost_ms": 0.0,
    "wasted_precomputes": 0,
    "wasted_compute_ms": 0.0,
    "wasted_compute_ratio": 0.0,
    "utility_proxy_ms": 0.0,
    "gpu_utilization_pct_mean": 66.09375,
    "promotions": 0,
    "demotions": 0,
    "reuse_attempts": 0,
    "reuse_successes": 0,
    "reuse_failures": 0,
    "reuse_backend_fallbacks": 0,
    "store_attempts": 0,
    "store_successes": 0,
    "store_skips": 0,
    "bypassed_matches": 0,
    "requests_seen": 64,
    "reused_prefix_tokens_total": 0,
    "recompute_tokens_total": 14198,
    "estimated_tokens_saved_total": 0,
    "saved_latency_estimate_ms": 0.0,
    "store_latency_total_ms": 0.0,
    "full_prefill_latency_total_ms": 5358.690400998057,
    "avg_reused_prefix_tokens": 0.0,
    "reuse_success_rate": 0.0,
    "cache_active_final": false,
    "auto_disabled_reason": null,
    "speculative_overlap_ms": 0.0,
    "speculative_overlap_events": 0,
    "bootstrap_store_deferrals": 0,
    "speculative_useful_savings_ms": 0.0,
    "bypass_regret_ms_total": 0.0,
    "transfer_regret_ms_total": 0.0,
    "cache_disable_check_every": 8,
    "cache_disable_min_attempts": 8,
    "cache_disable_min_requests": 10,
    "cache_lookup_calls": 0,
    "cache_lookup_latency_total_ms": 0.0,
    "policy_planning_calls": 0,
    "policy_planning_latency_total_ms": 0.0,
    "semantic_query_calls": 0,
    "semantic_query_latency_total_ms": 0.0,
    "kv_materialization_calls": 0,
    "kv_materialization_latency_total_ms": 0.0,
    "backend_reuse_calls": 0,
    "backend_reuse_latency_total_ms": 0.0,
    "small_prefix_bypass_total": 0,
    "net_latency_saved_estimate_ms_total": 0.0,
    "utility_admission_enabled": false,
    "utility_admission_checks_total": 0,
    "utility_admission_admit_total": 0,
    "negative_utility_bypass_total": 0,
    "utility_expected_saved_ms_total": 0.0,
    "utility_expected_cost_ms_total": 0.0,
    "utility_net_ms_total": 0.0,
    "utility_bucket_129_256_observations": 48,
    "utility_bucket_129_256_full_ms_per_token": 0.38869718321088637,
    "utility_bucket_129_256_reuse_overhead_ms": 8.0,
    "utility_bucket_129_256_admitted": 0,
    "utility_bucket_129_256_negative_bypass": 0,
    "utility_bucket_257_512_observations": 15,
    "utility_bucket_257_512_full_ms_per_token": 0.36003410334372615,
    "utility_bucket_257_512_reuse_overhead_ms": 8.0,
    "utility_bucket_257_512_admitted": 0,
    "utility_bucket_257_512_negative_bypass": 0,
    "utility_bucket_513_1024_observations": 1,
    "utility_bucket_513_1024_full_ms_per_token": 0.5465314930921268,
    "utility_bucket_513_1024_reuse_overhead_ms": 8.0,
    "utility_bucket_513_1024_admitted": 0,
    "utility_bucket_513_1024_negative_bypass": 0,
    "speedup_vs_no_cache_mean": 1.0,
    "speedup_vs_no_cache_p95": 1.0
  },
  "shadow_kv": {
    "mean_latency_ms": 67.37466609380505,
    "p50_latency_ms": 57.32452200027183,
    "p95_latency_ms": 112.82357650015908,
    "p99_latency_ms": 151.53665324002742,
    "p999_latency_ms": 187.63150582419016,
    "throughput_rps": 8.531540258379778,
    "service_throughput_rps": 14.842374114444002,
    "hit_rate": 0.984375,
    "speculative_hits": 63,
    "speculative_hit_rate": 1.0,
    "speculative_precomputes": 1,
    "speculative_cost_ms": 50.02186599995184,
    "wasted_precomputes": 0,
    "wasted_compute_ms": 0.0,
    "wasted_compute_ratio": 0.0,
    "utility_proxy_ms": 3151.377557996966,
    "gpu_utilization_pct_mean": 55.65625,
    "promotions": 1,
    "demotions": 0,
    "reuse_attempts": 63,
    "reuse_successes": 63,
    "reuse_failures": 0,
    "reuse_backend_fallbacks": 0,
    "store_attempts": 1,
    "store_successes": 0,
    "store_skips": 1,
    "bypassed_matches": 0,
    "requests_seen": 64,
    "reused_prefix_tokens_total": 5670,
    "recompute_tokens_total": 8528,
    "estimated_tokens_saved_total": 5670,
    "saved_latency_estimate_ms": 2897.1192948574367,
    "store_latency_total_ms": 0.0,
    "full_prefill_latency_total_ms": 80.88923299965245,
    "avg_reused_prefix_tokens": 90.0,
    "reuse_success_rate": 1.0,
    "cache_active_final": true,
    "auto_disabled_reason": null,
    "speculative_overlap_ms": 0.0,
    "speculative_overlap_events": 0,
    "bootstrap_store_deferrals": 1,
    "speculative_useful_savings_ms": 3151.377557996966,
    "bypass_regret_ms_total": 0.0,
    "transfer_regret_ms_total": 0.0,
    "cache_disable_check_every": 8,
    "cache_disable_min_attempts": 8,
    "cache_disable_min_requests": 10,
    "cache_lookup_calls": 0,
    "cache_lookup_latency_total_ms": 0.0,
    "policy_planning_calls": 0,
    "policy_planning_latency_total_ms": 0.0,
    "semantic_query_calls": 0,
    "semantic_query_latency_total_ms": 0.0,
    "kv_materialization_calls": 1,
    "kv_materialization_latency_total_ms": 0.0,
    "backend_reuse_calls": 63,
    "backend_reuse_latency_total_ms": 4261.647611997432,
    "small_prefix_bypass_total": 0,
    "net_latency_saved_estimate_ms_total": 2120.8429944501167,
    "utility_admission_enabled": false,
    "utility_admission_checks_total": 0,
    "utility_admission_admit_total": 0,
    "negative_utility_bypass_total": 0,
    "utility_expected_saved_ms_total": 0.0,
    "utility_expected_cost_ms_total": 0.0,
    "utility_net_ms_total": 0.0,
    "speculation_cooldown_events": 0,
    "speculation_paused_ticks": 12,
    "speculation_enabled_final": true,
    "effective_speculative_k_final": 2,
    "recent_reuse_density_final": 0.451505016722408,
    "recent_hit_rate_final": 1.0,
    "utility_bucket_129_256_observations": 1,
    "utility_bucket_129_256_full_ms_per_token": 0.5608892329996524,
    "utility_bucket_129_256_reuse_overhead_ms": 8.0,
    "utility_bucket_129_256_admitted": 0,
    "utility_bucket_129_256_negative_bypass": 0,
    "utility_bucket_65_128_observations": 64,
    "utility_bucket_65_128_full_ms_per_token": 0.5911597022221152,
    "utility_bucket_65_128_reuse_overhead_ms": 9.21507721194366,
    "utility_bucket_65_128_admitted": 0,
    "utility_bucket_65_128_negative_bypass": 0,
    "speedup_vs_no_cache_mean": 1.24274512023583,
    "speedup_vs_no_cache_p95": 1.1511634715781525
  },
  "shadow_kv_plus": {
    "mean_latency_ms": 65.53768345309408,
    "p50_latency_ms": 56.303248999711286,
    "p95_latency_ms": 112.97231620017098,
    "p99_latency_ms": 151.0609218598891,
    "p999_latency_ms": 186.47289438563467,
    "throughput_rps": 8.531443737985501,
    "service_throughput_rps": 15.258397113100727,
    "hit_rate": 0.984375,
    "speculative_hits": 0,
    "speculative_hit_rate": 0.0,
    "speculative_precomputes": 0,
    "speculative_cost_ms": 0.0,
    "wasted_precomputes": 0,
    "wasted_compute_ms": 0.0,
    "wasted_compute_ratio": 0.0,
    "utility_proxy_ms": 0.0,
    "gpu_utilization_pct_mean": 56.7734375,
    "promotions": 1,
    "demotions": 0,
    "reuse_attempts": 63,
    "reuse_successes": 63,
    "reuse_failures": 0,
    "reuse_backend_fallbacks": 0,
    "store_attempts": 1,
    "store_successes": 1,
    "store_skips": 0,
    "bypassed_matches": 0,
    "requests_seen": 64,
    "reused_prefix_tokens_total": 5670,
    "recompute_tokens_total": 8528,
    "estimated_tokens_saved_total": 5670,
    "saved_latency_estimate_ms": 2888.423474644401,
    "store_latency_total_ms": 0.0,
    "full_prefill_latency_total_ms": 80.896037000457,
    "avg_reused_prefix_tokens": 90.0,
    "reuse_success_rate": 1.0,
    "cache_active_final": true,
    "auto_disabled_reason": null,
    "speculative_overlap_ms": 0.0,
    "speculative_overlap_events": 0,
    "bootstrap_store_deferrals": 0,
    "speculative_useful_savings_ms": 0.0,
    "bypass_regret_ms_total": 0.0,
    "transfer_regret_ms_total": 0.0,
    "cache_disable_check_every": 8,
    "cache_disable_min_attempts": 8,
    "cache_disable_min_requests": 10,
    "cache_lookup_calls": 0,
    "cache_lookup_latency_total_ms": 0.0,
    "policy_planning_calls": 64,
    "policy_planning_latency_total_ms": 1.9979699982286547,
    "semantic_query_calls": 0,
    "semantic_query_latency_total_ms": 0.0,
    "kv_materialization_calls": 1,
    "kv_materialization_latency_total_ms": 0.0,
    "backend_reuse_calls": 63,
    "backend_reuse_latency_total_ms": 4142.61345500563,
    "small_prefix_bypass_total": 0,
    "net_latency_saved_estimate_ms_total": 2087.301973628398,
    "utility_admission_enabled": false,
    "utility_admission_checks_total": 0,
    "utility_admission_admit_total": 0,
    "negative_utility_bypass_total": 0,
    "utility_expected_saved_ms_total": 0.0,
    "utility_expected_cost_ms_total": 0.0,
    "utility_net_ms_total": 0.0,
    "speculation_cooldown_events": 0,
    "speculation_paused_ticks": 0,
    "speculation_enabled_final": true,
    "effective_speculative_k_final": 2,
    "recent_reuse_density_final": 0.451505016722408,
    "recent_hit_rate_final": 1.0,
    "semantic_ablation_mode": "safe",
    "policy_plans_total": 64,
    "policy_bypass_total": 1,
    "policy_exact_total": 63,
    "policy_semantic_partial_total": 0,
    "semantic_index_entries_final": 1,
    "semantic_queries_total": 0,
    "semantic_matches_total": 0,
    "semantic_partial_hits": 0,
    "semantic_partial_reused_tokens_total": 0,
    "semantic_opportunity_plans_total": 0,
    "semantic_opportunity_reused_tokens_total": 0,
    "semantic_opportunity_estimated_savings_ms": 0.0,
    "semantic_blocked_by_backend_total": 0,
    "fast_raw_bypass_total": 0,
    "raw_strategy": "strict_utility_gate",
    "raw_conservative_bypass_total": 0,
    "raw_observer_bypass_total": 0,
    "raw_reuse_evidence_strong_total": 0,
    "raw_reuse_evidence_weak_total": 0,
    "raw_graduated_total": 0,
    "raw_graduate_min_observations": 8,
    "raw_graduate_min_frequency": 0.35,
    "raw_graduate_min_prefix_len": 48,
    "semantic_queries_skipped_total": 64,
    "scaffold_bypass_store_successes": 1,
    "semantic_scaffold_store_successes": 0,
    "scaffold_only_attempts": 0,
    "scaffold_only_hits": 0,
    "early_layer_attempts": 0,
    "early_layer_hits": 0,
    "early_layer_reuse_ratio_sum": 0.0,
    "logit_guard_checks": 0,
    "logit_guard_passes": 0,
    "logit_guard_failures": 0,
    "logit_guard_distance_sum": 0.0,
    "logit_guard_threshold": 0.08,
    "semantic_guarded_hits": 0,
    "semantic_sandbox_checks": 0,
    "semantic_sandbox_passes": 0,
    "semantic_sandbox_failures": 0,
    "semantic_sandbox_divergence_sum": 0.0,
    "semantic_quality_divergence_sum": 0.0,
    "semantic_quality_divergence_events": 0,
    "layer_reuse_ratio_sum": 63.0,
    "layer_reuse_events": 63,
    "policy_expected_benefit_ms": 0.0,
    "policy_expected_cost_ms": 0.0,
    "policy_expected_waste_ms": 0.0,
    "policy_net_utility_ms": 6292.0,
    "opportunistic_prefill_store_successes": 1,
    "fast_exact_path_hits": 63,
    "utility_bucket_129_256_observations": 1,
    "utility_bucket_129_256_full_ms_per_token": 0.560896037000457,
    "utility_bucket_129_256_reuse_overhead_ms": 8.0,
    "utility_bucket_129_256_admitted": 0,
    "utility_bucket_129_256_negative_bypass": 0,
    "utility_bucket_65_128_observations": 63,
    "utility_bucket_65_128_full_ms_per_token": 0.6,
    "utility_bucket_65_128_reuse_overhead_ms": 9.113219030005798,
    "utility_bucket_65_128_admitted": 0,
    "utility_bucket_65_128_negative_bypass": 0,
    "speedup_vs_no_cache_mean": 1.2775785335092085,
    "speedup_vs_no_cache_p95": 1.1496478462003048
  },
  "config": {
    "backend": "hf",
    "model": "TinyLlama/TinyLlama-1.1B-Chat-v1.0",
    "device": "cuda",
    "dtype": "float16",
    "tensor_parallel_size": 1,
    "trust_remote_code": false,
    "disable_native_prefix_caching": false,
    "include_experimental": false,
    "engines": [
      "no_cache",
      "shadow_kv",
      "shadow_kv_plus"
    ],
    "include_runtime_baselines": false,
    "include_semantic_ablations": false,
    "policy_preset": "balanced",
    "enable_policy_tuning": false,
    "policy_tuning_requests": 24,
    "policy_tuning_presets": [
      "balanced",
      "aggressive_prefix",
      "aggressive_gpu"
    ],
    "policy_tuning_metric": "utility_adjusted_latency",
    "enable_policy_trace": false,
    "enable_decision_log": false,
    "config_path": "/home/kushalkhemani/research/shadowkv_p100/config/config.yaml",
    "semantic_index_diagnostics": false,
    "allow_unsafe_semantic_kv_reuse": false,
    "early_layer_reuse_ratio": 0.35,
    "logit_guard_threshold": 0.08,
    "min_reuse_prefix_tokens": null,
    "disable_utility_admission": false,
    "utility_min_net_saved_ms": null,
    "measure_energy": false,
    "gpu_index": 0,
    "idle_baseline_seconds": 0.0,
    "energy_output_csv": null,
    "workload": "public_dataset",
    "variant": "high_skew",
    "dataset": "oasst1",
    "prompt_mode": "templated",
    "dataset_split": null,
    "n_requests": 64,
    "simulate_arrivals": true,
    "mean_inter_arrival_ms": 50.0,
    "max_arrival_sleep_ms": 500.0,
    "max_memory_mb": 64,
    "speculative_k": 2,
    "idle_threshold_ms": 30.0,
    "seed": 42,
    "output_dir": "/home/kushalkhemani/research/shadowkv_p100/results_p100_n64_3seed/TinyLlama_TinyLlama-1_1B-Chat-v1_0/templated/seed_42/oasst1",
    "resolved_prompt_mode": "templated",
    "shadowkv_policy_calibration": {
      "profile_lengths": [
        8,
        16,
        32,
        48,
        64,
        96
      ],
      "profile_latencies_ms": [
        46.44339999981639,
        46.49555599985433,
        42.44418200028122,
        44.064557500178125,
        43.18689799993081,
        45.864111000128105
      ],
      "profile_ms_per_token": [
        5.805424999977049,
        2.9059722499908958,
        1.326380687508788,
        0.9180116145870443,
        0.6747952812489189,
        0.4777511562513344
      ],
      "token_benefit_ms": 0.7294274981811455,
      "speculation_penalty_ms": 8.488836400056243,
      "prefill_ms_per_token": 0.7294274981811455,
      "fixed_prefill_overhead_ms": 8.488836400056243,
      "kv_mb_per_token": 0.021484375,
      "policy_preset": "balanced"
    },
    "shadowkv_policy_kwargs": {
      "min_frequency": 0.08,
      "prefill_ms_per_token": 0.7294274981811455,
      "fixed_prefill_overhead_ms": 8.488836400056243,
      "memory_penalty_per_mb": 0.75,
      "kv_mb_per_token": 0.021484375,
      "idle_cost_fraction": 0.55,
      "gpu_idle_cost_fraction": 0.3,
      "benefit_cost_ratio": 0.85,
      "max_admissions_per_idle": 4,
      "min_prefix_len": 16,
      "preferred_prefix_len": 80,
      "max_prefix_len": 224,
      "min_observations": 1,
      "min_expected_net_ms": 1.8235687454528637,
      "min_recent_support": 0.01,
      "recent_support_weight": 0.6,
      "recent_streak_weight": 0.22,
      "observation_weight": 0.18,
      "global_frequency_weight": 0.22,
      "reuse_discount": 0.95,
      "min_utility_score": 0.02,
      "reuse_horizon_s": 1.4,
      "bootstrap_horizon_requests": 1.1,
      "branching_weight": 0.14
    },
    "policy_tuning_report": null,
    "resolved_model": "TinyLlama/TinyLlama-1.1B-Chat-v1.0",
    "config_version": "shadowkv-policy-v1",
    "config_hash_sha256": "22ef8f32dd8dd01f08e85becac910d9c66eafb9b01b52aecca99949b2b3529df",
    "run_manifest_file": "/home/kushalkhemani/research/shadowkv_p100/results_p100_n64_3seed/TinyLlama_TinyLlama-1_1B-Chat-v1_0/templated/seed_42/oasst1/run_manifest.json",
    "policy_trace_file": null,
    "policy_trace_rows": 0,
    "decision_log_file": null
  },
  "capabilities": {
    "supports_external_kv": true,
    "supports_native_prefix_caching": false
  }
}
Saved to /home/kushalkhemani/research/shadowkv_p100/results_p100_n64_3seed/TinyLlama_TinyLlama-1_1B-Chat-v1_0/templated/seed_42/oasst1/benchmark_hf_TinyLlama_TinyLlama-1.1B-Chat-v1.0_public_dataset_oasst1_templated_cuda.json
Policy trace disabled. Re-run with --enable_policy_trace to emit policy_trace.jsonl.
