/usr/local/lib/python3.12/dist-packages/torch/cuda/__init__.py:61: FutureWarning: The pynvml package is deprecated. Please install nvidia-ml-py instead. If you did not install pynvml directly, please report this to the maintainers of the package that installed pynvml for you.
  import pynvml  # type: ignore[import]
(APIServer pid=2359) Warning: You are sending unauthenticated requests to the HF Hub. Please set a HF_TOKEN to enable higher rate limits and faster downloads.
/usr/local/lib/python3.12/dist-packages/torch/cuda/__init__.py:61: FutureWarning: The pynvml package is deprecated. Please install nvidia-ml-py instead. If you did not install pynvml directly, please report this to the maintainers of the package that installed pynvml for you.
  import pynvml  # type: ignore[import]
(EngineCore pid=2433) Loading safetensors checkpoint shards:   0% Completed | 0/1 [00:00<?, ?it/s]
(EngineCore pid=2433) Loading safetensors checkpoint shards: 100% Completed | 1/1 [00:00<00:00,  1.87it/s]
(EngineCore pid=2433) Loading safetensors checkpoint shards: 100% Completed | 1/1 [00:00<00:00,  1.87it/s]
(EngineCore pid=2433) 
(EngineCore pid=2433) 2026-07-04 03:25:16,387 - INFO - autotuner.py:457 - flashinfer.jit: [Autotuner]: Autotuning process starts ...
(EngineCore pid=2433) 2026-07-04 03:25:16,391 - INFO - autotuner.py:466 - flashinfer.jit: [Autotuner]: Autotuning process ends
(EngineCore pid=2433) Capturing CUDA graphs (mixed prefill-decode, PIECEWISE):   0%|          | 0/51 [00:00<?, ?it/s]Capturing CUDA graphs (mixed prefill-decode, PIECEWISE):  18%|█▊        | 9/51 [00:00<00:00, 83.54it/s]Capturing CUDA graphs (mixed prefill-decode, PIECEWISE):  37%|███▋      | 19/51 [00:00<00:00, 89.18it/s]Capturing CUDA graphs (mixed prefill-decode, PIECEWISE):  57%|█████▋    | 29/51 [00:00<00:00, 92.81it/s]Capturing CUDA graphs (mixed prefill-decode, PIECEWISE):  76%|███████▋  | 39/51 [00:00<00:00, 94.15it/s]Capturing CUDA graphs (mixed prefill-decode, PIECEWISE):  96%|█████████▌| 49/51 [00:00<00:00, 93.37it/s]Capturing CUDA graphs (mixed prefill-decode, PIECEWISE): 100%|██████████| 51/51 [00:00<00:00, 88.96it/s]
(EngineCore pid=2433) Capturing CUDA graphs (decode, FULL):   0%|          | 0/51 [00:00<?, ?it/s]Capturing CUDA graphs (decode, FULL):  18%|█▊        | 9/51 [00:00<00:00, 88.27it/s]Capturing CUDA graphs (decode, FULL):  37%|███▋      | 19/51 [00:00<00:00, 94.99it/s]Capturing CUDA graphs (decode, FULL):  59%|█████▉    | 30/51 [00:00<00:00, 101.55it/s]Capturing CUDA graphs (decode, FULL):  82%|████████▏ | 42/51 [00:00<00:00, 105.80it/s]Capturing CUDA graphs (decode, FULL): 100%|██████████| 51/51 [00:00<00:00, 104.66it/s]
(APIServer pid=2359) INFO:     Started server process [2359]
(APIServer pid=2359) INFO:     Waiting for application startup.
(APIServer pid=2359) INFO:     Application startup complete.
(APIServer pid=2359) INFO:     Shutting down
[rank0]:[W704 03:25:27.279629681 ProcessGroupNCCL.cpp:1575] Warning: WARNING: destroy_process_group() was not called before program exit, which can leak resources. For more info, please see https://pytorch.org/docs/stable/distributed.html#shutdown (function operator())
(APIServer pid=2359) INFO:     Waiting for application shutdown.
(APIServer pid=2359) INFO:     Application shutdown complete.
(APIServer pid=2359) INFO:     Finished server process [2359]
