/home/kushalkhemani/research/myenv/lib/python3.12/site-packages/torch/cuda/__init__.py:58: FutureWarning: The pynvml package is deprecated. Please install nvidia-ml-py instead. If you did not install pynvml directly, please report this to the maintainers of the package that installed pynvml for you.
  import pynvml  # type: ignore[import]
Using the latest cached version of the dataset since mteb/banking77 couldn't be found on the Hugging Face Hub (offline mode is enabled).
Found the latest cached dataset configuration 'default' at /home/kushalkhemani/.cache/huggingface/datasets/mteb___banking77/default/0.0.0/18072d2685ea682290f7b8924d94c62acc19c0b2 (last modified on Thu Apr 30 10:07:16 2026).
`torch_dtype` is deprecated! Use `dtype` instead!
{
  "no_cache": {
    "mean_latency_ms": 45.21304064060416,
    "p50_latency_ms": 44.715683999584144,
    "p95_latency_ms": 50.880786300285735,
    "p99_latency_ms": 52.114222769914704,
    "p999_latency_ms": 52.17422327641816,
    "throughput_rps": 10.664182191262697,
    "service_throughput_rps": 22.117512687300596,
    "hit_rate": 0.0,
    "speculative_hits": 0,
    "speculative_hit_rate": 0.0,
    "speculative_precomputes": 0,
    "speculative_cost_ms": 0.0,
    "wasted_precomputes": 0,
    "wasted_compute_ms": 0.0,
    "wasted_compute_ratio": 0.0,
    "utility_proxy_ms": 0.0,
    "gpu_utilization_pct_mean": 50.9765625,
    "promotions": 0,
    "demotions": 0,
    "reuse_attempts": 0,
    "reuse_successes": 0,
    "reuse_failures": 0,
    "reuse_backend_fallbacks": 0,
    "store_attempts": 0,
    "store_successes": 0,
    "store_skips": 0,
    "bypassed_matches": 0,
    "requests_seen": 64,
    "reused_prefix_tokens_total": 0,
    "recompute_tokens_total": 4891,
    "estimated_tokens_saved_total": 0,
    "saved_latency_estimate_ms": 0.0,
    "store_latency_total_ms": 0.0,
    "full_prefill_latency_total_ms": 2893.6346009986664,
    "avg_reused_prefix_tokens": 0.0,
    "reuse_success_rate": 0.0,
    "cache_active_final": false,
    "auto_disabled_reason": null,
    "speculative_overlap_ms": 0.0,
    "speculative_overlap_events": 0,
    "bootstrap_store_deferrals": 0,
    "speculative_useful_savings_ms": 0.0,
    "bypass_regret_ms_total": 0.0,
    "transfer_regret_ms_total": 0.0,
    "cache_disable_check_every": 8,
    "cache_disable_min_attempts": 8,
    "cache_disable_min_requests": 10,
    "cache_lookup_calls": 0,
    "cache_lookup_latency_total_ms": 0.0,
    "policy_planning_calls": 0,
    "policy_planning_latency_total_ms": 0.0,
    "semantic_query_calls": 0,
    "semantic_query_latency_total_ms": 0.0,
    "kv_materialization_calls": 0,
    "kv_materialization_latency_total_ms": 0.0,
    "backend_reuse_calls": 0,
    "backend_reuse_latency_total_ms": 0.0,
    "small_prefix_bypass_total": 0,
    "net_latency_saved_estimate_ms_total": 0.0,
    "utility_admission_enabled": false,
    "utility_admission_checks_total": 0,
    "utility_admission_admit_total": 0,
    "negative_utility_bypass_total": 0,
    "utility_expected_saved_ms_total": 0.0,
    "utility_expected_cost_ms_total": 0.0,
    "utility_net_ms_total": 0.0,
    "utility_bucket_65_128_observations": 64,
    "utility_bucket_65_128_full_ms_per_token": 0.6016592576884188,
    "utility_bucket_65_128_reuse_overhead_ms": 8.0,
    "utility_bucket_65_128_admitted": 0,
    "utility_bucket_65_128_negative_bypass": 0,
    "speedup_vs_no_cache_mean": 1.0,
    "speedup_vs_no_cache_p95": 1.0
  },
  "shadow_kv": {
    "mean_latency_ms": 40.300482109401514,
    "p50_latency_ms": 37.523449000218534,
    "p95_latency_ms": 47.9924848000337,
    "p99_latency_ms": 87.7593522604547,
    "p999_latency_ms": 100.23561912616616,
    "throughput_rps": 11.633978691882952,
    "service_throughput_rps": 24.813598936244848,
    "hit_rate": 0.90625,
    "speculative_hits": 30,
    "speculative_hit_rate": 0.5172413793103449,
    "speculative_precomputes": 2,
    "speculative_cost_ms": 134.11874700068438,
    "wasted_precomputes": 0,
    "wasted_compute_ms": 0.0,
    "wasted_compute_ratio": 0.0,
    "utility_proxy_ms": 2011.7812050102657,
    "gpu_utilization_pct_mean": 43.53125,
    "promotions": 4,
    "demotions": 0,
    "reuse_attempts": 58,
    "reuse_successes": 58,
    "reuse_failures": 0,
    "reuse_backend_fallbacks": 0,
    "store_attempts": 6,
    "store_successes": 2,
    "store_skips": 4,
    "bypassed_matches": 0,
    "requests_seen": 64,
    "reused_prefix_tokens_total": 1814,
    "recompute_tokens_total": 3077,
    "estimated_tokens_saved_total": 1814,
    "saved_latency_estimate_ms": 1739.403384940441,
    "store_latency_total_ms": 75.2125970002453,
    "full_prefill_latency_total_ms": 293.16602800008695,
    "avg_reused_prefix_tokens": 31.275862068965516,
    "reuse_success_rate": 1.0,
    "cache_active_final": true,
    "auto_disabled_reason": null,
    "speculative_overlap_ms": 79.79549599986058,
    "speculative_overlap_events": 1,
    "bootstrap_store_deferrals": 4,
    "speculative_useful_savings_ms": 2011.7812050102657,
    "bypass_regret_ms_total": 0.0,
    "transfer_regret_ms_total": 0.0,
    "cache_disable_check_every": 8,
    "cache_disable_min_attempts": 8,
    "cache_disable_min_requests": 10,
    "cache_lookup_calls": 0,
    "cache_lookup_latency_total_ms": 0.0,
    "policy_planning_calls": 0,
    "policy_planning_latency_total_ms": 0.0,
    "semantic_query_calls": 0,
    "semantic_query_latency_total_ms": 0.0,
    "kv_materialization_calls": 4,
    "kv_materialization_latency_total_ms": 2.3286320001716376,
    "backend_reuse_calls": 58,
    "backend_reuse_latency_total_ms": 2233.7963340023634,
    "small_prefix_bypass_total": 0,
    "net_latency_saved_estimate_ms_total": 1677.1945628337226,
    "utility_admission_enabled": false,
    "utility_admission_checks_total": 0,
    "utility_admission_admit_total": 0,
    "negative_utility_bypass_total": 0,
    "utility_expected_saved_ms_total": 0.0,
    "utility_expected_cost_ms_total": 0.0,
    "utility_net_ms_total": 0.0,
    "speculation_cooldown_events": 0,
    "speculation_paused_ticks": 90,
    "speculation_enabled_final": true,
    "effective_speculative_k_final": 2,
    "recent_reuse_density_final": 0.4067245119305857,
    "recent_hit_rate_final": 1.0,
    "utility_bucket_0_64_observations": 62,
    "utility_bucket_0_64_full_ms_per_token": 1.181596720658311,
    "utility_bucket_0_64_reuse_overhead_ms": 0.1073848130658513,
    "utility_bucket_0_64_admitted": 0,
    "utility_bucket_0_64_negative_bypass": 0,
    "utility_bucket_65_128_observations": 6,
    "utility_bucket_65_128_full_ms_per_token": 0.6250952148467053,
    "utility_bucket_65_128_reuse_overhead_ms": 8.0,
    "utility_bucket_65_128_admitted": 0,
    "utility_bucket_65_128_negative_bypass": 0,
    "speedup_vs_no_cache_mean": 1.1218982571440905,
    "speedup_vs_no_cache_p95": 1.0601823704750124
  },
  "shadow_kv_plus": {
    "mean_latency_ms": 39.09535631247252,
    "p50_latency_ms": 37.56905000000188,
    "p95_latency_ms": 46.29997894967345,
    "p99_latency_ms": 58.99577365906217,
    "p999_latency_ms": 76.22617676495625,
    "throughput_rps": 11.633965436111994,
    "service_throughput_rps": 25.578485383466678,
    "hit_rate": 0.9833333333333333,
    "speculative_hits": 44,
    "speculative_hit_rate": 0.7457627118644068,
    "speculative_precomputes": 3,
    "speculative_cost_ms": 187.41872200007492,
    "wasted_precomputes": 0,
    "wasted_compute_ms": 0.0,
    "wasted_compute_ratio": 0.0,
    "utility_proxy_ms": 2739.2894780014103,
    "gpu_utilization_pct_mean": 43.296875,
    "promotions": 4,
    "demotions": 0,
    "reuse_attempts": 59,
    "reuse_successes": 63,
    "reuse_failures": 0,
    "reuse_backend_fallbacks": 0,
    "store_attempts": 1,
    "store_successes": 1,
    "store_skips": 0,
    "bypassed_matches": 0,
    "requests_seen": 64,
    "reused_prefix_tokens_total": 1956,
    "recompute_tokens_total": 2935,
    "estimated_tokens_saved_total": 1841,
    "saved_latency_estimate_ms": 2151.5322860761958,
    "store_latency_total_ms": 0.0,
    "full_prefill_latency_total_ms": 45.371619999059476,
    "avg_reused_prefix_tokens": 31.047619047619047,
    "reuse_success_rate": 1.0,
    "cache_active_final": true,
    "auto_disabled_reason": null,
    "speculative_overlap_ms": 58.91957799940428,
    "speculative_overlap_events": 1,
    "bootstrap_store_deferrals": 0,
    "speculative_useful_savings_ms": 2739.2894780014103,
    "bypass_regret_ms_total": 0.0,
    "transfer_regret_ms_total": 0.0,
    "cache_disable_check_every": 8,
    "cache_disable_min_attempts": 8,
    "cache_disable_min_requests": 10,
    "cache_lookup_calls": 0,
    "cache_lookup_latency_total_ms": 0.0,
    "policy_planning_calls": 64,
    "policy_planning_latency_total_ms": 16.663990003507934,
    "semantic_query_calls": 64,
    "semantic_query_latency_total_ms": 12.892387999272614,
    "kv_materialization_calls": 4,
    "kv_materialization_latency_total_ms": 0.0,
    "backend_reuse_calls": 59,
    "backend_reuse_latency_total_ms": 2281.029912001941,
    "small_prefix_bypass_total": 0,
    "net_latency_saved_estimate_ms_total": 2102.3554726067246,
    "utility_admission_enabled": false,
    "utility_admission_checks_total": 0,
    "utility_admission_admit_total": 0,
    "negative_utility_bypass_total": 0,
    "utility_expected_saved_ms_total": 0.0,
    "utility_expected_cost_ms_total": 0.0,
    "utility_net_ms_total": 0.0,
    "speculation_cooldown_events": 0,
    "speculation_paused_ticks": 94,
    "speculation_enabled_final": true,
    "effective_speculative_k_final": 2,
    "recent_reuse_density_final": 0.4067245119305857,
    "recent_hit_rate_final": 1.0,
    "semantic_ablation_mode": "safe",
    "policy_plans_total": 64,
    "policy_bypass_total": 1,
    "policy_exact_total": 59,
    "policy_semantic_partial_total": 4,
    "semantic_index_entries_final": 4,
    "semantic_queries_total": 64,
    "semantic_matches_total": 250,
    "semantic_partial_hits": 4,
    "semantic_partial_reused_tokens_total": 115,
    "semantic_opportunity_plans_total": 4,
    "semantic_opportunity_reused_tokens_total": 115,
    "semantic_opportunity_estimated_savings_ms": 25.03843303804102,
    "semantic_blocked_by_backend_total": 0,
    "fast_raw_bypass_total": 0,
    "raw_strategy": "strict_utility_gate",
    "raw_conservative_bypass_total": 0,
    "raw_observer_bypass_total": 0,
    "raw_reuse_evidence_strong_total": 0,
    "raw_reuse_evidence_weak_total": 0,
    "raw_graduated_total": 0,
    "raw_graduate_min_observations": 8,
    "raw_graduate_min_frequency": 0.35,
    "raw_graduate_min_prefix_len": 48,
    "semantic_queries_skipped_total": 0,
    "scaffold_bypass_store_successes": 1,
    "semantic_scaffold_store_successes": 0,
    "scaffold_only_attempts": 0,
    "scaffold_only_hits": 0,
    "early_layer_attempts": 0,
    "early_layer_hits": 0,
    "early_layer_reuse_ratio_sum": 0.0,
    "logit_guard_checks": 0,
    "logit_guard_passes": 0,
    "logit_guard_failures": 0,
    "logit_guard_distance_sum": 0.0,
    "logit_guard_threshold": 0.08,
    "semantic_guarded_hits": 0,
    "semantic_sandbox_checks": 0,
    "semantic_sandbox_passes": 0,
    "semantic_sandbox_failures": 0,
    "semantic_sandbox_divergence_sum": 0.0,
    "semantic_quality_divergence_sum": 0.08934156063629542,
    "semantic_quality_divergence_events": 4,
    "layer_reuse_ratio_sum": 60.11676950795369,
    "layer_reuse_events": 63,
    "policy_expected_benefit_ms": 64.69545006891327,
    "policy_expected_cost_ms": 39.65701703087226,
    "policy_expected_waste_ms": 3.0011831128557387,
    "policy_net_utility_ms": 5910.146657001282,
    "opportunistic_prefill_store_successes": 1,
    "fast_exact_path_hits": 59,
    "utility_bucket_0_64_observations": 66,
    "utility_bucket_0_64_full_ms_per_token": 1.312028171991194,
    "utility_bucket_0_64_reuse_overhead_ms": 2.1958832417932688e-05,
    "utility_bucket_0_64_admitted": 0,
    "utility_bucket_0_64_negative_bypass": 0,
    "utility_bucket_65_128_observations": 1,
    "utility_bucket_65_128_full_ms_per_token": 0.579717846151779,
    "utility_bucket_65_128_reuse_overhead_ms": 8.0,
    "utility_bucket_65_128_admitted": 0,
    "utility_bucket_65_128_negative_bypass": 0,
    "speedup_vs_no_cache_mean": 1.1564810991677785,
    "speedup_vs_no_cache_p95": 1.0989375687533567
  },
  "config": {
    "backend": "hf",
    "model": "TinyLlama/TinyLlama-1.1B-Chat-v1.0",
    "device": "cuda",
    "dtype": "float16",
    "tensor_parallel_size": 1,
    "trust_remote_code": false,
    "disable_native_prefix_caching": false,
    "include_experimental": false,
    "engines": [
      "no_cache",
      "shadow_kv",
      "shadow_kv_plus"
    ],
    "include_runtime_baselines": false,
    "include_semantic_ablations": false,
    "policy_preset": "balanced",
    "enable_policy_tuning": false,
    "policy_tuning_requests": 24,
    "policy_tuning_presets": [
      "balanced",
      "aggressive_prefix",
      "aggressive_gpu"
    ],
    "policy_tuning_metric": "utility_adjusted_latency",
    "enable_policy_trace": false,
    "enable_decision_log": false,
    "config_path": "/home/kushalkhemani/research/shadowkv_p100/config/config.yaml",
    "semantic_index_diagnostics": false,
    "allow_unsafe_semantic_kv_reuse": true,
    "early_layer_reuse_ratio": 0.35,
    "logit_guard_threshold": 0.08,
    "min_reuse_prefix_tokens": null,
    "disable_utility_admission": false,
    "utility_min_net_saved_ms": null,
    "measure_energy": false,
    "gpu_index": 0,
    "idle_baseline_seconds": 0.0,
    "energy_output_csv": null,
    "workload": "public_dataset",
    "variant": "high_skew",
    "dataset": "banking77",
    "prompt_mode": "semantic",
    "dataset_split": null,
    "n_requests": 64,
    "simulate_arrivals": true,
    "mean_inter_arrival_ms": 50.0,
    "max_arrival_sleep_ms": 500.0,
    "max_memory_mb": 64,
    "speculative_k": 2,
    "idle_threshold_ms": 30.0,
    "seed": 42,
    "output_dir": "/home/kushalkhemani/research/shadowkv_p100/results_p100_n64_3seed/TinyLlama_TinyLlama-1_1B-Chat-v1_0/semantic/seed_42/banking77",
    "resolved_prompt_mode": "semantic",
    "shadowkv_policy_calibration": {
      "profile_lengths": [
        8,
        16,
        32,
        48,
        64,
        96
      ],
      "profile_latencies_ms": [
        37.60889999966821,
        38.54943199985428,
        33.0429999999069,
        33.77441099974021,
        33.66042450079476,
        45.51745499975368
      ],
      "profile_ms_per_token": [
        4.701112499958526,
        2.4093394999908924,
        1.0325937499970905,
        0.7036335624945877,
        0.5259441328249181,
        0.47414015624743416
      ],
      "token_benefit_ms": 0.6,
      "speculation_penalty_ms": 6.608599999981379,
      "prefill_ms_per_token": 0.6,
      "fixed_prefill_overhead_ms": 6.608599999981379,
      "kv_mb_per_token": 0.021484375,
      "policy_preset": "balanced"
    },
    "shadowkv_policy_kwargs": {
      "min_frequency": 0.08,
      "prefill_ms_per_token": 0.6,
      "fixed_prefill_overhead_ms": 6.608599999981379,
      "memory_penalty_per_mb": 0.75,
      "kv_mb_per_token": 0.021484375,
      "idle_cost_fraction": 0.55,
      "gpu_idle_cost_fraction": 0.3,
      "benefit_cost_ratio": 0.85,
      "max_admissions_per_idle": 4,
      "min_prefix_len": 16,
      "preferred_prefix_len": 80,
      "max_prefix_len": 224,
      "min_observations": 1,
      "min_expected_net_ms": 1.5,
      "min_recent_support": 0.01,
      "recent_support_weight": 0.6,
      "recent_streak_weight": 0.22,
      "observation_weight": 0.18,
      "global_frequency_weight": 0.22,
      "reuse_discount": 0.95,
      "min_utility_score": 0.02,
      "reuse_horizon_s": 1.5,
      "bootstrap_horizon_requests": 1.2,
      "branching_weight": 0.14
    },
    "policy_tuning_report": null,
    "resolved_model": "TinyLlama/TinyLlama-1.1B-Chat-v1.0",
    "config_version": "shadowkv-policy-v1",
    "config_hash_sha256": "22ef8f32dd8dd01f08e85becac910d9c66eafb9b01b52aecca99949b2b3529df",
    "run_manifest_file": "/home/kushalkhemani/research/shadowkv_p100/results_p100_n64_3seed/TinyLlama_TinyLlama-1_1B-Chat-v1_0/semantic/seed_42/banking77/run_manifest.json",
    "policy_trace_file": null,
    "policy_trace_rows": 0,
    "decision_log_file": null
  },
  "capabilities": {
    "supports_external_kv": true,
    "supports_native_prefix_caching": false
  }
}
Saved to /home/kushalkhemani/research/shadowkv_p100/results_p100_n64_3seed/TinyLlama_TinyLlama-1_1B-Chat-v1_0/semantic/seed_42/banking77/benchmark_hf_TinyLlama_TinyLlama-1.1B-Chat-v1.0_public_dataset_banking77_semantic_cuda.json
Policy trace disabled. Re-run with --enable_policy_trace to emit policy_trace.jsonl.
